Running main() from /Users/runner/work/test_mac_intel/test_mac_intel/source/build-hvf/_deps/googletest-src/googletest/src/gtest_main.cc

Repeating all tests (iteration 1) . . .

Note: Google Test filter = HvfExecutor.Native*
[==========] Running 1 test from 1 test suite.
[----------] Global test environment set-up.
[----------] 1 test from HvfExecutor
[ RUN      ] HvfExecutor.NativeIntelCancellationAndCompletionFailureAllowRetry
[       OK ] HvfExecutor.NativeIntelCancellationAndCompletionFailureAllowRetry (310 ms)
[----------] 1 test from HvfExecutor (310 ms total)

[==========] 1 test from 1 test suite ran. (311 ms total)
[  PASSED  ] 1 test.

Repeating all tests (iteration 2) . . .

Note: Google Test filter = HvfExecutor.Native*
[==========] Running 1 test from 1 test suite.
[----------] 1 test from HvfExecutor
[ RUN      ] HvfExecutor.NativeIntelCancellationAndCompletionFailureAllowRetry
[       OK ] HvfExecutor.NativeIntelCancellationAndCompletionFailureAllowRetry (274 ms)
[----------] 1 test from HvfExecutor (274 ms total)

[==========] 1 test from 1 test suite ran. (274 ms total)
[  PASSED  ] 1 test.

Repeating all tests (iteration 3) . . .

Note: Google Test filter = HvfExecutor.Native*
[==========] Running 1 test from 1 test suite.
[----------] 1 test from HvfExecutor
[ RUN      ] HvfExecutor.NativeIntelCancellationAndCompletionFailureAllowRetry
[       OK ] HvfExecutor.NativeIntelCancellationAndCompletionFailureAllowRetry (378 ms)
[----------] 1 test from HvfExecutor (378 ms total)

[==========] 1 test from 1 test suite ran. (378 ms total)
[  PASSED  ] 1 test.

Repeating all tests (iteration 4) . . .

Note: Google Test filter = HvfExecutor.Native*
[==========] Running 1 test from 1 test suite.
[----------] 1 test from HvfExecutor
[ RUN      ] HvfExecutor.NativeIntelCancellationAndCompletionFailureAllowRetry
[       OK ] HvfExecutor.NativeIntelCancellationAndCompletionFailureAllowRetry (445 ms)
[----------] 1 test from HvfExecutor (448 ms total)

[==========] 1 test from 1 test suite ran. (448 ms total)
[  PASSED  ] 1 test.

Repeating all tests (iteration 5) . . .

Note: Google Test filter = HvfExecutor.Native*
[==========] Running 1 test from 1 test suite.
[----------] 1 test from HvfExecutor
[ RUN      ] HvfExecutor.NativeIntelCancellationAndCompletionFailureAllowRetry
[       OK ] HvfExecutor.NativeIntelCancellationAndCompletionFailureAllowRetry (234 ms)
[----------] 1 test from HvfExecutor (234 ms total)

[==========] 1 test from 1 test suite ran. (234 ms total)
[  PASSED  ] 1 test.

Repeating all tests (iteration 6) . . .

Note: Google Test filter = HvfExecutor.Native*
[==========] Running 1 test from 1 test suite.
[----------] 1 test from HvfExecutor
[ RUN      ] HvfExecutor.NativeIntelCancellationAndCompletionFailureAllowRetry
[       OK ] HvfExecutor.NativeIntelCancellationAndCompletionFailureAllowRetry (322 ms)
[----------] 1 test from HvfExecutor (322 ms total)

[==========] 1 test from 1 test suite ran. (322 ms total)
[  PASSED  ] 1 test.

Repeating all tests (iteration 7) . . .

Note: Google Test filter = HvfExecutor.Native*
[==========] Running 1 test from 1 test suite.
[----------] 1 test from HvfExecutor
[ RUN      ] HvfExecutor.NativeIntelCancellationAndCompletionFailureAllowRetry
[       OK ] HvfExecutor.NativeIntelCancellationAndCompletionFailureAllowRetry (165 ms)
[----------] 1 test from HvfExecutor (165 ms total)

[==========] 1 test from 1 test suite ran. (165 ms total)
[  PASSED  ] 1 test.

Repeating all tests (iteration 8) . . .

Note: Google Test filter = HvfExecutor.Native*
[==========] Running 1 test from 1 test suite.
[----------] 1 test from HvfExecutor
[ RUN      ] HvfExecutor.NativeIntelCancellationAndCompletionFailureAllowRetry
[       OK ] HvfExecutor.NativeIntelCancellationAndCompletionFailureAllowRetry (255 ms)
[----------] 1 test from HvfExecutor (255 ms total)

[==========] 1 test from 1 test suite ran. (255 ms total)
[  PASSED  ] 1 test.

Repeating all tests (iteration 9) . . .

Note: Google Test filter = HvfExecutor.Native*
[==========] Running 1 test from 1 test suite.
[----------] 1 test from HvfExecutor
[ RUN      ] HvfExecutor.NativeIntelCancellationAndCompletionFailureAllowRetry
[       OK ] HvfExecutor.NativeIntelCancellationAndCompletionFailureAllowRetry (213 ms)
[----------] 1 test from HvfExecutor (213 ms total)

[==========] 1 test from 1 test suite ran. (213 ms total)
[  PASSED  ] 1 test.

Repeating all tests (iteration 10) . . .

Note: Google Test filter = HvfExecutor.Native*
[==========] Running 1 test from 1 test suite.
[----------] 1 test from HvfExecutor
[ RUN      ] HvfExecutor.NativeIntelCancellationAndCompletionFailureAllowRetry
[       OK ] HvfExecutor.NativeIntelCancellationAndCompletionFailureAllowRetry (189 ms)
[----------] 1 test from HvfExecutor (189 ms total)

[==========] 1 test from 1 test suite ran. (189 ms total)
[  PASSED  ] 1 test.

Repeating all tests (iteration 11) . . .

Note: Google Test filter = HvfExecutor.Native*
[==========] Running 1 test from 1 test suite.
[----------] 1 test from HvfExecutor
[ RUN      ] HvfExecutor.NativeIntelCancellationAndCompletionFailureAllowRetry
[       OK ] HvfExecutor.NativeIntelCancellationAndCompletionFailureAllowRetry (212 ms)
[----------] 1 test from HvfExecutor (212 ms total)

[==========] 1 test from 1 test suite ran. (212 ms total)
[  PASSED  ] 1 test.

Repeating all tests (iteration 12) . . .

Note: Google Test filter = HvfExecutor.Native*
[==========] Running 1 test from 1 test suite.
[----------] 1 test from HvfExecutor
[ RUN      ] HvfExecutor.NativeIntelCancellationAndCompletionFailureAllowRetry
[       OK ] HvfExecutor.NativeIntelCancellationAndCompletionFailureAllowRetry (330 ms)
[----------] 1 test from HvfExecutor (331 ms total)

[==========] 1 test from 1 test suite ran. (331 ms total)
[  PASSED  ] 1 test.

Repeating all tests (iteration 13) . . .

Note: Google Test filter = HvfExecutor.Native*
[==========] Running 1 test from 1 test suite.
[----------] 1 test from HvfExecutor
[ RUN      ] HvfExecutor.NativeIntelCancellationAndCompletionFailureAllowRetry
[       OK ] HvfExecutor.NativeIntelCancellationAndCompletionFailureAllowRetry (290 ms)
[----------] 1 test from HvfExecutor (290 ms total)

[==========] 1 test from 1 test suite ran. (290 ms total)
[  PASSED  ] 1 test.

Repeating all tests (iteration 14) . . .

Note: Google Test filter = HvfExecutor.Native*
[==========] Running 1 test from 1 test suite.
[----------] 1 test from HvfExecutor
[ RUN      ] HvfExecutor.NativeIntelCancellationAndCompletionFailureAllowRetry
[       OK ] HvfExecutor.NativeIntelCancellationAndCompletionFailureAllowRetry (263 ms)
[----------] 1 test from HvfExecutor (263 ms total)

[==========] 1 test from 1 test suite ran. (263 ms total)
[  PASSED  ] 1 test.

Repeating all tests (iteration 15) . . .

Note: Google Test filter = HvfExecutor.Native*
[==========] Running 1 test from 1 test suite.
[----------] 1 test from HvfExecutor
[ RUN      ] HvfExecutor.NativeIntelCancellationAndCompletionFailureAllowRetry
[       OK ] HvfExecutor.NativeIntelCancellationAndCompletionFailureAllowRetry (399 ms)
[----------] 1 test from HvfExecutor (399 ms total)

[==========] 1 test from 1 test suite ran. (399 ms total)
[  PASSED  ] 1 test.

Repeating all tests (iteration 16) . . .

Note: Google Test filter = HvfExecutor.Native*
[==========] Running 1 test from 1 test suite.
[----------] 1 test from HvfExecutor
[ RUN      ] HvfExecutor.NativeIntelCancellationAndCompletionFailureAllowRetry
[       OK ] HvfExecutor.NativeIntelCancellationAndCompletionFailureAllowRetry (159 ms)
[----------] 1 test from HvfExecutor (159 ms total)

[==========] 1 test from 1 test suite ran. (159 ms total)
[  PASSED  ] 1 test.

Repeating all tests (iteration 17) . . .

Note: Google Test filter = HvfExecutor.Native*
[==========] Running 1 test from 1 test suite.
[----------] 1 test from HvfExecutor
[ RUN      ] HvfExecutor.NativeIntelCancellationAndCompletionFailureAllowRetry
[       OK ] HvfExecutor.NativeIntelCancellationAndCompletionFailureAllowRetry (364 ms)
[----------] 1 test from HvfExecutor (364 ms total)

[==========] 1 test from 1 test suite ran. (365 ms total)
[  PASSED  ] 1 test.

Repeating all tests (iteration 18) . . .

Note: Google Test filter = HvfExecutor.Native*
[==========] Running 1 test from 1 test suite.
[----------] 1 test from HvfExecutor
[ RUN      ] HvfExecutor.NativeIntelCancellationAndCompletionFailureAllowRetry
[       OK ] HvfExecutor.NativeIntelCancellationAndCompletionFailureAllowRetry (133 ms)
[----------] 1 test from HvfExecutor (133 ms total)

[==========] 1 test from 1 test suite ran. (133 ms total)
[  PASSED  ] 1 test.

Repeating all tests (iteration 19) . . .

Note: Google Test filter = HvfExecutor.Native*
[==========] Running 1 test from 1 test suite.
[----------] 1 test from HvfExecutor
[ RUN      ] HvfExecutor.NativeIntelCancellationAndCompletionFailureAllowRetry
[       OK ] HvfExecutor.NativeIntelCancellationAndCompletionFailureAllowRetry (315 ms)
[----------] 1 test from HvfExecutor (315 ms total)

[==========] 1 test from 1 test suite ran. (315 ms total)
[  PASSED  ] 1 test.

Repeating all tests (iteration 20) . . .

Note: Google Test filter = HvfExecutor.Native*
[==========] Running 1 test from 1 test suite.
[----------] 1 test from HvfExecutor
[ RUN      ] HvfExecutor.NativeIntelCancellationAndCompletionFailureAllowRetry
[       OK ] HvfExecutor.NativeIntelCancellationAndCompletionFailureAllowRetry (171 ms)
[----------] 1 test from HvfExecutor (171 ms total)

[==========] 1 test from 1 test suite ran. (171 ms total)
[  PASSED  ] 1 test.

Repeating all tests (iteration 21) . . .

Note: Google Test filter = HvfExecutor.Native*
[==========] Running 1 test from 1 test suite.
[----------] 1 test from HvfExecutor
[ RUN      ] HvfExecutor.NativeIntelCancellationAndCompletionFailureAllowRetry
[       OK ] HvfExecutor.NativeIntelCancellationAndCompletionFailureAllowRetry (176 ms)
[----------] 1 test from HvfExecutor (176 ms total)

[==========] 1 test from 1 test suite ran. (176 ms total)
[  PASSED  ] 1 test.

Repeating all tests (iteration 22) . . .

Note: Google Test filter = HvfExecutor.Native*
[==========] Running 1 test from 1 test suite.
[----------] 1 test from HvfExecutor
[ RUN      ] HvfExecutor.NativeIntelCancellationAndCompletionFailureAllowRetry
[       OK ] HvfExecutor.NativeIntelCancellationAndCompletionFailureAllowRetry (267 ms)
[----------] 1 test from HvfExecutor (267 ms total)

[==========] 1 test from 1 test suite ran. (267 ms total)
[  PASSED  ] 1 test.

Repeating all tests (iteration 23) . . .

Note: Google Test filter = HvfExecutor.Native*
[==========] Running 1 test from 1 test suite.
[----------] 1 test from HvfExecutor
[ RUN      ] HvfExecutor.NativeIntelCancellationAndCompletionFailureAllowRetry
[       OK ] HvfExecutor.NativeIntelCancellationAndCompletionFailureAllowRetry (252 ms)
[----------] 1 test from HvfExecutor (252 ms total)

[==========] 1 test from 1 test suite ran. (252 ms total)
[  PASSED  ] 1 test.

Repeating all tests (iteration 24) . . .

Note: Google Test filter = HvfExecutor.Native*
[==========] Running 1 test from 1 test suite.
[----------] 1 test from HvfExecutor
[ RUN      ] HvfExecutor.NativeIntelCancellationAndCompletionFailureAllowRetry
[       OK ] HvfExecutor.NativeIntelCancellationAndCompletionFailureAllowRetry (270 ms)
[----------] 1 test from HvfExecutor (270 ms total)

[==========] 1 test from 1 test suite ran. (270 ms total)
[  PASSED  ] 1 test.

Repeating all tests (iteration 25) . . .

Note: Google Test filter = HvfExecutor.Native*
[==========] Running 1 test from 1 test suite.
[----------] 1 test from HvfExecutor
[ RUN      ] HvfExecutor.NativeIntelCancellationAndCompletionFailureAllowRetry
[       OK ] HvfExecutor.NativeIntelCancellationAndCompletionFailureAllowRetry (331 ms)
[----------] 1 test from HvfExecutor (332 ms total)

[==========] 1 test from 1 test suite ran. (332 ms total)
[  PASSED  ] 1 test.

Repeating all tests (iteration 26) . . .

Note: Google Test filter = HvfExecutor.Native*
[==========] Running 1 test from 1 test suite.
[----------] 1 test from HvfExecutor
[ RUN      ] HvfExecutor.NativeIntelCancellationAndCompletionFailureAllowRetry
[       OK ] HvfExecutor.NativeIntelCancellationAndCompletionFailureAllowRetry (162 ms)
[----------] 1 test from HvfExecutor (162 ms total)

[==========] 1 test from 1 test suite ran. (163 ms total)
[  PASSED  ] 1 test.

Repeating all tests (iteration 27) . . .

Note: Google Test filter = HvfExecutor.Native*
[==========] Running 1 test from 1 test suite.
[----------] 1 test from HvfExecutor
[ RUN      ] HvfExecutor.NativeIntelCancellationAndCompletionFailureAllowRetry
[       OK ] HvfExecutor.NativeIntelCancellationAndCompletionFailureAllowRetry (306 ms)
[----------] 1 test from HvfExecutor (306 ms total)

[==========] 1 test from 1 test suite ran. (306 ms total)
[  PASSED  ] 1 test.

Repeating all tests (iteration 28) . . .

Note: Google Test filter = HvfExecutor.Native*
[==========] Running 1 test from 1 test suite.
[----------] 1 test from HvfExecutor
[ RUN      ] HvfExecutor.NativeIntelCancellationAndCompletionFailureAllowRetry
[       OK ] HvfExecutor.NativeIntelCancellationAndCompletionFailureAllowRetry (317 ms)
[----------] 1 test from HvfExecutor (317 ms total)

[==========] 1 test from 1 test suite ran. (317 ms total)
[  PASSED  ] 1 test.

Repeating all tests (iteration 29) . . .

Note: Google Test filter = HvfExecutor.Native*
[==========] Running 1 test from 1 test suite.
[----------] 1 test from HvfExecutor
[ RUN      ] HvfExecutor.NativeIntelCancellationAndCompletionFailureAllowRetry
[       OK ] HvfExecutor.NativeIntelCancellationAndCompletionFailureAllowRetry (141 ms)
[----------] 1 test from HvfExecutor (141 ms total)

[==========] 1 test from 1 test suite ran. (141 ms total)
[  PASSED  ] 1 test.

Repeating all tests (iteration 30) . . .

Note: Google Test filter = HvfExecutor.Native*
[==========] Running 1 test from 1 test suite.
[----------] 1 test from HvfExecutor
[ RUN      ] HvfExecutor.NativeIntelCancellationAndCompletionFailureAllowRetry
[       OK ] HvfExecutor.NativeIntelCancellationAndCompletionFailureAllowRetry (276 ms)
[----------] 1 test from HvfExecutor (276 ms total)

[==========] 1 test from 1 test suite ran. (276 ms total)
[  PASSED  ] 1 test.

Repeating all tests (iteration 31) . . .

Note: Google Test filter = HvfExecutor.Native*
[==========] Running 1 test from 1 test suite.
[----------] 1 test from HvfExecutor
[ RUN      ] HvfExecutor.NativeIntelCancellationAndCompletionFailureAllowRetry
[       OK ] HvfExecutor.NativeIntelCancellationAndCompletionFailureAllowRetry (310 ms)
[----------] 1 test from HvfExecutor (310 ms total)

[==========] 1 test from 1 test suite ran. (310 ms total)
[  PASSED  ] 1 test.

Repeating all tests (iteration 32) . . .

Note: Google Test filter = HvfExecutor.Native*
[==========] Running 1 test from 1 test suite.
[----------] 1 test from HvfExecutor
[ RUN      ] HvfExecutor.NativeIntelCancellationAndCompletionFailureAllowRetry
[       OK ] HvfExecutor.NativeIntelCancellationAndCompletionFailureAllowRetry (346 ms)
[----------] 1 test from HvfExecutor (346 ms total)

[==========] 1 test from 1 test suite ran. (346 ms total)
[  PASSED  ] 1 test.

Repeating all tests (iteration 33) . . .

Note: Google Test filter = HvfExecutor.Native*
[==========] Running 1 test from 1 test suite.
[----------] 1 test from HvfExecutor
[ RUN      ] HvfExecutor.NativeIntelCancellationAndCompletionFailureAllowRetry
[       OK ] HvfExecutor.NativeIntelCancellationAndCompletionFailureAllowRetry (440 ms)
[----------] 1 test from HvfExecutor (440 ms total)

[==========] 1 test from 1 test suite ran. (441 ms total)
[  PASSED  ] 1 test.

Repeating all tests (iteration 34) . . .

Note: Google Test filter = HvfExecutor.Native*
[==========] Running 1 test from 1 test suite.
[----------] 1 test from HvfExecutor
[ RUN      ] HvfExecutor.NativeIntelCancellationAndCompletionFailureAllowRetry
[       OK ] HvfExecutor.NativeIntelCancellationAndCompletionFailureAllowRetry (302 ms)
[----------] 1 test from HvfExecutor (302 ms total)

[==========] 1 test from 1 test suite ran. (302 ms total)
[  PASSED  ] 1 test.

Repeating all tests (iteration 35) . . .

Note: Google Test filter = HvfExecutor.Native*
[==========] Running 1 test from 1 test suite.
[----------] 1 test from HvfExecutor
[ RUN      ] HvfExecutor.NativeIntelCancellationAndCompletionFailureAllowRetry
[       OK ] HvfExecutor.NativeIntelCancellationAndCompletionFailureAllowRetry (125 ms)
[----------] 1 test from HvfExecutor (125 ms total)

[==========] 1 test from 1 test suite ran. (125 ms total)
[  PASSED  ] 1 test.

Repeating all tests (iteration 36) . . .

Note: Google Test filter = HvfExecutor.Native*
[==========] Running 1 test from 1 test suite.
[----------] 1 test from HvfExecutor
[ RUN      ] HvfExecutor.NativeIntelCancellationAndCompletionFailureAllowRetry
[       OK ] HvfExecutor.NativeIntelCancellationAndCompletionFailureAllowRetry (121 ms)
[----------] 1 test from HvfExecutor (121 ms total)

[==========] 1 test from 1 test suite ran. (121 ms total)
[  PASSED  ] 1 test.

Repeating all tests (iteration 37) . . .

Note: Google Test filter = HvfExecutor.Native*
[==========] Running 1 test from 1 test suite.
[----------] 1 test from HvfExecutor
[ RUN      ] HvfExecutor.NativeIntelCancellationAndCompletionFailureAllowRetry
[       OK ] HvfExecutor.NativeIntelCancellationAndCompletionFailureAllowRetry (274 ms)
[----------] 1 test from HvfExecutor (274 ms total)

[==========] 1 test from 1 test suite ran. (274 ms total)
[  PASSED  ] 1 test.

Repeating all tests (iteration 38) . . .

Note: Google Test filter = HvfExecutor.Native*
[==========] Running 1 test from 1 test suite.
[----------] 1 test from HvfExecutor
[ RUN      ] HvfExecutor.NativeIntelCancellationAndCompletionFailureAllowRetry
[       OK ] HvfExecutor.NativeIntelCancellationAndCompletionFailureAllowRetry (337 ms)
[----------] 1 test from HvfExecutor (337 ms total)

[==========] 1 test from 1 test suite ran. (337 ms total)
[  PASSED  ] 1 test.

Repeating all tests (iteration 39) . . .

Note: Google Test filter = HvfExecutor.Native*
[==========] Running 1 test from 1 test suite.
[----------] 1 test from HvfExecutor
[ RUN      ] HvfExecutor.NativeIntelCancellationAndCompletionFailureAllowRetry
[       OK ] HvfExecutor.NativeIntelCancellationAndCompletionFailureAllowRetry (381 ms)
[----------] 1 test from HvfExecutor (381 ms total)

[==========] 1 test from 1 test suite ran. (381 ms total)
[  PASSED  ] 1 test.

Repeating all tests (iteration 40) . . .

Note: Google Test filter = HvfExecutor.Native*
[==========] Running 1 test from 1 test suite.
[----------] 1 test from HvfExecutor
[ RUN      ] HvfExecutor.NativeIntelCancellationAndCompletionFailureAllowRetry
[       OK ] HvfExecutor.NativeIntelCancellationAndCompletionFailureAllowRetry (325 ms)
[----------] 1 test from HvfExecutor (325 ms total)

[==========] 1 test from 1 test suite ran. (325 ms total)
[  PASSED  ] 1 test.

Repeating all tests (iteration 41) . . .

Note: Google Test filter = HvfExecutor.Native*
[==========] Running 1 test from 1 test suite.
[----------] 1 test from HvfExecutor
[ RUN      ] HvfExecutor.NativeIntelCancellationAndCompletionFailureAllowRetry
[       OK ] HvfExecutor.NativeIntelCancellationAndCompletionFailureAllowRetry (402 ms)
[----------] 1 test from HvfExecutor (402 ms total)

[==========] 1 test from 1 test suite ran. (402 ms total)
[  PASSED  ] 1 test.

Repeating all tests (iteration 42) . . .

Note: Google Test filter = HvfExecutor.Native*
[==========] Running 1 test from 1 test suite.
[----------] 1 test from HvfExecutor
[ RUN      ] HvfExecutor.NativeIntelCancellationAndCompletionFailureAllowRetry
[       OK ] HvfExecutor.NativeIntelCancellationAndCompletionFailureAllowRetry (223 ms)
[----------] 1 test from HvfExecutor (223 ms total)

[==========] 1 test from 1 test suite ran. (223 ms total)
[  PASSED  ] 1 test.

Repeating all tests (iteration 43) . . .

Note: Google Test filter = HvfExecutor.Native*
[==========] Running 1 test from 1 test suite.
[----------] 1 test from HvfExecutor
[ RUN      ] HvfExecutor.NativeIntelCancellationAndCompletionFailureAllowRetry
[       OK ] HvfExecutor.NativeIntelCancellationAndCompletionFailureAllowRetry (273 ms)
[----------] 1 test from HvfExecutor (274 ms total)

[==========] 1 test from 1 test suite ran. (274 ms total)
[  PASSED  ] 1 test.

Repeating all tests (iteration 44) . . .

Note: Google Test filter = HvfExecutor.Native*
[==========] Running 1 test from 1 test suite.
[----------] 1 test from HvfExecutor
[ RUN      ] HvfExecutor.NativeIntelCancellationAndCompletionFailureAllowRetry
[       OK ] HvfExecutor.NativeIntelCancellationAndCompletionFailureAllowRetry (251 ms)
[----------] 1 test from HvfExecutor (251 ms total)

[==========] 1 test from 1 test suite ran. (251 ms total)
[  PASSED  ] 1 test.

Repeating all tests (iteration 45) . . .

Note: Google Test filter = HvfExecutor.Native*
[==========] Running 1 test from 1 test suite.
[----------] 1 test from HvfExecutor
[ RUN      ] HvfExecutor.NativeIntelCancellationAndCompletionFailureAllowRetry
[       OK ] HvfExecutor.NativeIntelCancellationAndCompletionFailureAllowRetry (316 ms)
[----------] 1 test from HvfExecutor (316 ms total)

[==========] 1 test from 1 test suite ran. (316 ms total)
[  PASSED  ] 1 test.

Repeating all tests (iteration 46) . . .

Note: Google Test filter = HvfExecutor.Native*
[==========] Running 1 test from 1 test suite.
[----------] 1 test from HvfExecutor
[ RUN      ] HvfExecutor.NativeIntelCancellationAndCompletionFailureAllowRetry
[       OK ] HvfExecutor.NativeIntelCancellationAndCompletionFailureAllowRetry (296 ms)
[----------] 1 test from HvfExecutor (296 ms total)

[==========] 1 test from 1 test suite ran. (296 ms total)
[  PASSED  ] 1 test.

Repeating all tests (iteration 47) . . .

Note: Google Test filter = HvfExecutor.Native*
[==========] Running 1 test from 1 test suite.
[----------] 1 test from HvfExecutor
[ RUN      ] HvfExecutor.NativeIntelCancellationAndCompletionFailureAllowRetry
[       OK ] HvfExecutor.NativeIntelCancellationAndCompletionFailureAllowRetry (230 ms)
[----------] 1 test from HvfExecutor (230 ms total)

[==========] 1 test from 1 test suite ran. (230 ms total)
[  PASSED  ] 1 test.

Repeating all tests (iteration 48) . . .

Note: Google Test filter = HvfExecutor.Native*
[==========] Running 1 test from 1 test suite.
[----------] 1 test from HvfExecutor
[ RUN      ] HvfExecutor.NativeIntelCancellationAndCompletionFailureAllowRetry
[       OK ] HvfExecutor.NativeIntelCancellationAndCompletionFailureAllowRetry (157 ms)
[----------] 1 test from HvfExecutor (158 ms total)

[==========] 1 test from 1 test suite ran. (158 ms total)
[  PASSED  ] 1 test.

Repeating all tests (iteration 49) . . .

Note: Google Test filter = HvfExecutor.Native*
[==========] Running 1 test from 1 test suite.
[----------] 1 test from HvfExecutor
[ RUN      ] HvfExecutor.NativeIntelCancellationAndCompletionFailureAllowRetry
[       OK ] HvfExecutor.NativeIntelCancellationAndCompletionFailureAllowRetry (251 ms)
[----------] 1 test from HvfExecutor (251 ms total)

[==========] 1 test from 1 test suite ran. (251 ms total)
[  PASSED  ] 1 test.

Repeating all tests (iteration 50) . . .

Note: Google Test filter = HvfExecutor.Native*
[==========] Running 1 test from 1 test suite.
[----------] 1 test from HvfExecutor
[ RUN      ] HvfExecutor.NativeIntelCancellationAndCompletionFailureAllowRetry
[       OK ] HvfExecutor.NativeIntelCancellationAndCompletionFailureAllowRetry (347 ms)
[----------] 1 test from HvfExecutor (348 ms total)

[==========] 1 test from 1 test suite ran. (348 ms total)
[  PASSED  ] 1 test.

Repeating all tests (iteration 51) . . .

Note: Google Test filter = HvfExecutor.Native*
[==========] Running 1 test from 1 test suite.
[----------] 1 test from HvfExecutor
[ RUN      ] HvfExecutor.NativeIntelCancellationAndCompletionFailureAllowRetry
[       OK ] HvfExecutor.NativeIntelCancellationAndCompletionFailureAllowRetry (441 ms)
[----------] 1 test from HvfExecutor (441 ms total)

[==========] 1 test from 1 test suite ran. (442 ms total)
[  PASSED  ] 1 test.

Repeating all tests (iteration 52) . . .

Note: Google Test filter = HvfExecutor.Native*
[==========] Running 1 test from 1 test suite.
[----------] 1 test from HvfExecutor
[ RUN      ] HvfExecutor.NativeIntelCancellationAndCompletionFailureAllowRetry
[       OK ] HvfExecutor.NativeIntelCancellationAndCompletionFailureAllowRetry (301 ms)
[----------] 1 test from HvfExecutor (301 ms total)

[==========] 1 test from 1 test suite ran. (301 ms total)
[  PASSED  ] 1 test.

Repeating all tests (iteration 53) . . .

Note: Google Test filter = HvfExecutor.Native*
[==========] Running 1 test from 1 test suite.
[----------] 1 test from HvfExecutor
[ RUN      ] HvfExecutor.NativeIntelCancellationAndCompletionFailureAllowRetry
[       OK ] HvfExecutor.NativeIntelCancellationAndCompletionFailureAllowRetry (270 ms)
[----------] 1 test from HvfExecutor (270 ms total)

[==========] 1 test from 1 test suite ran. (270 ms total)
[  PASSED  ] 1 test.

Repeating all tests (iteration 54) . . .

Note: Google Test filter = HvfExecutor.Native*
[==========] Running 1 test from 1 test suite.
[----------] 1 test from HvfExecutor
[ RUN      ] HvfExecutor.NativeIntelCancellationAndCompletionFailureAllowRetry
[       OK ] HvfExecutor.NativeIntelCancellationAndCompletionFailureAllowRetry (292 ms)
[----------] 1 test from HvfExecutor (292 ms total)

[==========] 1 test from 1 test suite ran. (292 ms total)
[  PASSED  ] 1 test.

Repeating all tests (iteration 55) . . .

Note: Google Test filter = HvfExecutor.Native*
[==========] Running 1 test from 1 test suite.
[----------] 1 test from HvfExecutor
[ RUN      ] HvfExecutor.NativeIntelCancellationAndCompletionFailureAllowRetry
[       OK ] HvfExecutor.NativeIntelCancellationAndCompletionFailureAllowRetry (369 ms)
[----------] 1 test from HvfExecutor (369 ms total)

[==========] 1 test from 1 test suite ran. (369 ms total)
[  PASSED  ] 1 test.

Repeating all tests (iteration 56) . . .

Note: Google Test filter = HvfExecutor.Native*
[==========] Running 1 test from 1 test suite.
[----------] 1 test from HvfExecutor
[ RUN      ] HvfExecutor.NativeIntelCancellationAndCompletionFailureAllowRetry
[       OK ] HvfExecutor.NativeIntelCancellationAndCompletionFailureAllowRetry (197 ms)
[----------] 1 test from HvfExecutor (197 ms total)

[==========] 1 test from 1 test suite ran. (197 ms total)
[  PASSED  ] 1 test.

Repeating all tests (iteration 57) . . .

Note: Google Test filter = HvfExecutor.Native*
[==========] Running 1 test from 1 test suite.
[----------] 1 test from HvfExecutor
[ RUN      ] HvfExecutor.NativeIntelCancellationAndCompletionFailureAllowRetry
[       OK ] HvfExecutor.NativeIntelCancellationAndCompletionFailureAllowRetry (301 ms)
[----------] 1 test from HvfExecutor (301 ms total)

[==========] 1 test from 1 test suite ran. (301 ms total)
[  PASSED  ] 1 test.

Repeating all tests (iteration 58) . . .

Note: Google Test filter = HvfExecutor.Native*
[==========] Running 1 test from 1 test suite.
[----------] 1 test from HvfExecutor
[ RUN      ] HvfExecutor.NativeIntelCancellationAndCompletionFailureAllowRetry
[       OK ] HvfExecutor.NativeIntelCancellationAndCompletionFailureAllowRetry (277 ms)
[----------] 1 test from HvfExecutor (277 ms total)

[==========] 1 test from 1 test suite ran. (277 ms total)
[  PASSED  ] 1 test.

Repeating all tests (iteration 59) . . .

Note: Google Test filter = HvfExecutor.Native*
[==========] Running 1 test from 1 test suite.
[----------] 1 test from HvfExecutor
[ RUN      ] HvfExecutor.NativeIntelCancellationAndCompletionFailureAllowRetry
[       OK ] HvfExecutor.NativeIntelCancellationAndCompletionFailureAllowRetry (308 ms)
[----------] 1 test from HvfExecutor (308 ms total)

[==========] 1 test from 1 test suite ran. (308 ms total)
[  PASSED  ] 1 test.

Repeating all tests (iteration 60) . . .

Note: Google Test filter = HvfExecutor.Native*
[==========] Running 1 test from 1 test suite.
[----------] 1 test from HvfExecutor
[ RUN      ] HvfExecutor.NativeIntelCancellationAndCompletionFailureAllowRetry
[       OK ] HvfExecutor.NativeIntelCancellationAndCompletionFailureAllowRetry (218 ms)
[----------] 1 test from HvfExecutor (218 ms total)

[==========] 1 test from 1 test suite ran. (218 ms total)
[  PASSED  ] 1 test.

Repeating all tests (iteration 61) . . .

Note: Google Test filter = HvfExecutor.Native*
[==========] Running 1 test from 1 test suite.
[----------] 1 test from HvfExecutor
[ RUN      ] HvfExecutor.NativeIntelCancellationAndCompletionFailureAllowRetry
[       OK ] HvfExecutor.NativeIntelCancellationAndCompletionFailureAllowRetry (215 ms)
[----------] 1 test from HvfExecutor (215 ms total)

[==========] 1 test from 1 test suite ran. (215 ms total)
[  PASSED  ] 1 test.

Repeating all tests (iteration 62) . . .

Note: Google Test filter = HvfExecutor.Native*
[==========] Running 1 test from 1 test suite.
[----------] 1 test from HvfExecutor
[ RUN      ] HvfExecutor.NativeIntelCancellationAndCompletionFailureAllowRetry
[       OK ] HvfExecutor.NativeIntelCancellationAndCompletionFailureAllowRetry (401 ms)
[----------] 1 test from HvfExecutor (401 ms total)

[==========] 1 test from 1 test suite ran. (401 ms total)
[  PASSED  ] 1 test.

Repeating all tests (iteration 63) . . .

Note: Google Test filter = HvfExecutor.Native*
[==========] Running 1 test from 1 test suite.
[----------] 1 test from HvfExecutor
[ RUN      ] HvfExecutor.NativeIntelCancellationAndCompletionFailureAllowRetry
[       OK ] HvfExecutor.NativeIntelCancellationAndCompletionFailureAllowRetry (257 ms)
[----------] 1 test from HvfExecutor (257 ms total)

[==========] 1 test from 1 test suite ran. (257 ms total)
[  PASSED  ] 1 test.

Repeating all tests (iteration 64) . . .

Note: Google Test filter = HvfExecutor.Native*
[==========] Running 1 test from 1 test suite.
[----------] 1 test from HvfExecutor
[ RUN      ] HvfExecutor.NativeIntelCancellationAndCompletionFailureAllowRetry
[       OK ] HvfExecutor.NativeIntelCancellationAndCompletionFailureAllowRetry (211 ms)
[----------] 1 test from HvfExecutor (211 ms total)

[==========] 1 test from 1 test suite ran. (211 ms total)
[  PASSED  ] 1 test.

Repeating all tests (iteration 65) . . .

Note: Google Test filter = HvfExecutor.Native*
[==========] Running 1 test from 1 test suite.
[----------] 1 test from HvfExecutor
[ RUN      ] HvfExecutor.NativeIntelCancellationAndCompletionFailureAllowRetry
[       OK ] HvfExecutor.NativeIntelCancellationAndCompletionFailureAllowRetry (306 ms)
[----------] 1 test from HvfExecutor (306 ms total)

[==========] 1 test from 1 test suite ran. (306 ms total)
[  PASSED  ] 1 test.

Repeating all tests (iteration 66) . . .

Note: Google Test filter = HvfExecutor.Native*
[==========] Running 1 test from 1 test suite.
[----------] 1 test from HvfExecutor
[ RUN      ] HvfExecutor.NativeIntelCancellationAndCompletionFailureAllowRetry
[       OK ] HvfExecutor.NativeIntelCancellationAndCompletionFailureAllowRetry (188 ms)
[----------] 1 test from HvfExecutor (188 ms total)

[==========] 1 test from 1 test suite ran. (188 ms total)
[  PASSED  ] 1 test.

Repeating all tests (iteration 67) . . .

Note: Google Test filter = HvfExecutor.Native*
[==========] Running 1 test from 1 test suite.
[----------] 1 test from HvfExecutor
[ RUN      ] HvfExecutor.NativeIntelCancellationAndCompletionFailureAllowRetry
[       OK ] HvfExecutor.NativeIntelCancellationAndCompletionFailureAllowRetry (140 ms)
[----------] 1 test from HvfExecutor (141 ms total)

[==========] 1 test from 1 test suite ran. (141 ms total)
[  PASSED  ] 1 test.

Repeating all tests (iteration 68) . . .

Note: Google Test filter = HvfExecutor.Native*
[==========] Running 1 test from 1 test suite.
[----------] 1 test from HvfExecutor
[ RUN      ] HvfExecutor.NativeIntelCancellationAndCompletionFailureAllowRetry
[       OK ] HvfExecutor.NativeIntelCancellationAndCompletionFailureAllowRetry (137 ms)
[----------] 1 test from HvfExecutor (137 ms total)

[==========] 1 test from 1 test suite ran. (137 ms total)
[  PASSED  ] 1 test.

Repeating all tests (iteration 69) . . .

Note: Google Test filter = HvfExecutor.Native*
[==========] Running 1 test from 1 test suite.
[----------] 1 test from HvfExecutor
[ RUN      ] HvfExecutor.NativeIntelCancellationAndCompletionFailureAllowRetry
[       OK ] HvfExecutor.NativeIntelCancellationAndCompletionFailureAllowRetry (365 ms)
[----------] 1 test from HvfExecutor (365 ms total)

[==========] 1 test from 1 test suite ran. (365 ms total)
[  PASSED  ] 1 test.

Repeating all tests (iteration 70) . . .

Note: Google Test filter = HvfExecutor.Native*
[==========] Running 1 test from 1 test suite.
[----------] 1 test from HvfExecutor
[ RUN      ] HvfExecutor.NativeIntelCancellationAndCompletionFailureAllowRetry
[       OK ] HvfExecutor.NativeIntelCancellationAndCompletionFailureAllowRetry (267 ms)
[----------] 1 test from HvfExecutor (267 ms total)

[==========] 1 test from 1 test suite ran. (267 ms total)
[  PASSED  ] 1 test.

Repeating all tests (iteration 71) . . .

Note: Google Test filter = HvfExecutor.Native*
[==========] Running 1 test from 1 test suite.
[----------] 1 test from HvfExecutor
[ RUN      ] HvfExecutor.NativeIntelCancellationAndCompletionFailureAllowRetry
[       OK ] HvfExecutor.NativeIntelCancellationAndCompletionFailureAllowRetry (132 ms)
[----------] 1 test from HvfExecutor (132 ms total)

[==========] 1 test from 1 test suite ran. (132 ms total)
[  PASSED  ] 1 test.

Repeating all tests (iteration 72) . . .

Note: Google Test filter = HvfExecutor.Native*
[==========] Running 1 test from 1 test suite.
[----------] 1 test from HvfExecutor
[ RUN      ] HvfExecutor.NativeIntelCancellationAndCompletionFailureAllowRetry
[       OK ] HvfExecutor.NativeIntelCancellationAndCompletionFailureAllowRetry (137 ms)
[----------] 1 test from HvfExecutor (137 ms total)

[==========] 1 test from 1 test suite ran. (137 ms total)
[  PASSED  ] 1 test.

Repeating all tests (iteration 73) . . .

Note: Google Test filter = HvfExecutor.Native*
[==========] Running 1 test from 1 test suite.
[----------] 1 test from HvfExecutor
[ RUN      ] HvfExecutor.NativeIntelCancellationAndCompletionFailureAllowRetry
[       OK ] HvfExecutor.NativeIntelCancellationAndCompletionFailureAllowRetry (163 ms)
[----------] 1 test from HvfExecutor (163 ms total)

[==========] 1 test from 1 test suite ran. (163 ms total)
[  PASSED  ] 1 test.

Repeating all tests (iteration 74) . . .

Note: Google Test filter = HvfExecutor.Native*
[==========] Running 1 test from 1 test suite.
[----------] 1 test from HvfExecutor
[ RUN      ] HvfExecutor.NativeIntelCancellationAndCompletionFailureAllowRetry
[       OK ] HvfExecutor.NativeIntelCancellationAndCompletionFailureAllowRetry (174 ms)
[----------] 1 test from HvfExecutor (174 ms total)

[==========] 1 test from 1 test suite ran. (174 ms total)
[  PASSED  ] 1 test.

Repeating all tests (iteration 75) . . .

Note: Google Test filter = HvfExecutor.Native*
[==========] Running 1 test from 1 test suite.
[----------] 1 test from HvfExecutor
[ RUN      ] HvfExecutor.NativeIntelCancellationAndCompletionFailureAllowRetry
[       OK ] HvfExecutor.NativeIntelCancellationAndCompletionFailureAllowRetry (326 ms)
[----------] 1 test from HvfExecutor (326 ms total)

[==========] 1 test from 1 test suite ran. (326 ms total)
[  PASSED  ] 1 test.

Repeating all tests (iteration 76) . . .

Note: Google Test filter = HvfExecutor.Native*
[==========] Running 1 test from 1 test suite.
[----------] 1 test from HvfExecutor
[ RUN      ] HvfExecutor.NativeIntelCancellationAndCompletionFailureAllowRetry
[       OK ] HvfExecutor.NativeIntelCancellationAndCompletionFailureAllowRetry (308 ms)
[----------] 1 test from HvfExecutor (308 ms total)

[==========] 1 test from 1 test suite ran. (308 ms total)
[  PASSED  ] 1 test.

Repeating all tests (iteration 77) . . .

Note: Google Test filter = HvfExecutor.Native*
[==========] Running 1 test from 1 test suite.
[----------] 1 test from HvfExecutor
[ RUN      ] HvfExecutor.NativeIntelCancellationAndCompletionFailureAllowRetry
[       OK ] HvfExecutor.NativeIntelCancellationAndCompletionFailureAllowRetry (534 ms)
[----------] 1 test from HvfExecutor (535 ms total)

[==========] 1 test from 1 test suite ran. (535 ms total)
[  PASSED  ] 1 test.

Repeating all tests (iteration 78) . . .

Note: Google Test filter = HvfExecutor.Native*
[==========] Running 1 test from 1 test suite.
[----------] 1 test from HvfExecutor
[ RUN      ] HvfExecutor.NativeIntelCancellationAndCompletionFailureAllowRetry
[       OK ] HvfExecutor.NativeIntelCancellationAndCompletionFailureAllowRetry (223 ms)
[----------] 1 test from HvfExecutor (223 ms total)

[==========] 1 test from 1 test suite ran. (223 ms total)
[  PASSED  ] 1 test.

Repeating all tests (iteration 79) . . .

Note: Google Test filter = HvfExecutor.Native*
[==========] Running 1 test from 1 test suite.
[----------] 1 test from HvfExecutor
[ RUN      ] HvfExecutor.NativeIntelCancellationAndCompletionFailureAllowRetry
[       OK ] HvfExecutor.NativeIntelCancellationAndCompletionFailureAllowRetry (289 ms)
[----------] 1 test from HvfExecutor (289 ms total)

[==========] 1 test from 1 test suite ran. (289 ms total)
[  PASSED  ] 1 test.

Repeating all tests (iteration 80) . . .

Note: Google Test filter = HvfExecutor.Native*
[==========] Running 1 test from 1 test suite.
[----------] 1 test from HvfExecutor
[ RUN      ] HvfExecutor.NativeIntelCancellationAndCompletionFailureAllowRetry
[       OK ] HvfExecutor.NativeIntelCancellationAndCompletionFailureAllowRetry (176 ms)
[----------] 1 test from HvfExecutor (176 ms total)

[==========] 1 test from 1 test suite ran. (176 ms total)
[  PASSED  ] 1 test.

Repeating all tests (iteration 81) . . .

Note: Google Test filter = HvfExecutor.Native*
[==========] Running 1 test from 1 test suite.
[----------] 1 test from HvfExecutor
[ RUN      ] HvfExecutor.NativeIntelCancellationAndCompletionFailureAllowRetry
[       OK ] HvfExecutor.NativeIntelCancellationAndCompletionFailureAllowRetry (127 ms)
[----------] 1 test from HvfExecutor (127 ms total)

[==========] 1 test from 1 test suite ran. (127 ms total)
[  PASSED  ] 1 test.

Repeating all tests (iteration 82) . . .

Note: Google Test filter = HvfExecutor.Native*
[==========] Running 1 test from 1 test suite.
[----------] 1 test from HvfExecutor
[ RUN      ] HvfExecutor.NativeIntelCancellationAndCompletionFailureAllowRetry
[       OK ] HvfExecutor.NativeIntelCancellationAndCompletionFailureAllowRetry (225 ms)
[----------] 1 test from HvfExecutor (225 ms total)

[==========] 1 test from 1 test suite ran. (225 ms total)
[  PASSED  ] 1 test.

Repeating all tests (iteration 83) . . .

Note: Google Test filter = HvfExecutor.Native*
[==========] Running 1 test from 1 test suite.
[----------] 1 test from HvfExecutor
[ RUN      ] HvfExecutor.NativeIntelCancellationAndCompletionFailureAllowRetry
[       OK ] HvfExecutor.NativeIntelCancellationAndCompletionFailureAllowRetry (403 ms)
[----------] 1 test from HvfExecutor (403 ms total)

[==========] 1 test from 1 test suite ran. (404 ms total)
[  PASSED  ] 1 test.

Repeating all tests (iteration 84) . . .

Note: Google Test filter = HvfExecutor.Native*
[==========] Running 1 test from 1 test suite.
[----------] 1 test from HvfExecutor
[ RUN      ] HvfExecutor.NativeIntelCancellationAndCompletionFailureAllowRetry
[       OK ] HvfExecutor.NativeIntelCancellationAndCompletionFailureAllowRetry (339 ms)
[----------] 1 test from HvfExecutor (339 ms total)

[==========] 1 test from 1 test suite ran. (339 ms total)
[  PASSED  ] 1 test.

Repeating all tests (iteration 85) . . .

Note: Google Test filter = HvfExecutor.Native*
[==========] Running 1 test from 1 test suite.
[----------] 1 test from HvfExecutor
[ RUN      ] HvfExecutor.NativeIntelCancellationAndCompletionFailureAllowRetry
[       OK ] HvfExecutor.NativeIntelCancellationAndCompletionFailureAllowRetry (271 ms)
[----------] 1 test from HvfExecutor (271 ms total)

[==========] 1 test from 1 test suite ran. (271 ms total)
[  PASSED  ] 1 test.

Repeating all tests (iteration 86) . . .

Note: Google Test filter = HvfExecutor.Native*
[==========] Running 1 test from 1 test suite.
[----------] 1 test from HvfExecutor
[ RUN      ] HvfExecutor.NativeIntelCancellationAndCompletionFailureAllowRetry
[       OK ] HvfExecutor.NativeIntelCancellationAndCompletionFailureAllowRetry (244 ms)
[----------] 1 test from HvfExecutor (244 ms total)

[==========] 1 test from 1 test suite ran. (244 ms total)
[  PASSED  ] 1 test.

Repeating all tests (iteration 87) . . .

Note: Google Test filter = HvfExecutor.Native*
[==========] Running 1 test from 1 test suite.
[----------] 1 test from HvfExecutor
[ RUN      ] HvfExecutor.NativeIntelCancellationAndCompletionFailureAllowRetry
[       OK ] HvfExecutor.NativeIntelCancellationAndCompletionFailureAllowRetry (639 ms)
[----------] 1 test from HvfExecutor (640 ms total)

[==========] 1 test from 1 test suite ran. (640 ms total)
[  PASSED  ] 1 test.

Repeating all tests (iteration 88) . . .

Note: Google Test filter = HvfExecutor.Native*
[==========] Running 1 test from 1 test suite.
[----------] 1 test from HvfExecutor
[ RUN      ] HvfExecutor.NativeIntelCancellationAndCompletionFailureAllowRetry
[       OK ] HvfExecutor.NativeIntelCancellationAndCompletionFailureAllowRetry (349 ms)
[----------] 1 test from HvfExecutor (349 ms total)

[==========] 1 test from 1 test suite ran. (349 ms total)
[  PASSED  ] 1 test.

Repeating all tests (iteration 89) . . .

Note: Google Test filter = HvfExecutor.Native*
[==========] Running 1 test from 1 test suite.
[----------] 1 test from HvfExecutor
[ RUN      ] HvfExecutor.NativeIntelCancellationAndCompletionFailureAllowRetry
[       OK ] HvfExecutor.NativeIntelCancellationAndCompletionFailureAllowRetry (188 ms)
[----------] 1 test from HvfExecutor (188 ms total)

[==========] 1 test from 1 test suite ran. (188 ms total)
[  PASSED  ] 1 test.

Repeating all tests (iteration 90) . . .

Note: Google Test filter = HvfExecutor.Native*
[==========] Running 1 test from 1 test suite.
[----------] 1 test from HvfExecutor
[ RUN      ] HvfExecutor.NativeIntelCancellationAndCompletionFailureAllowRetry
[       OK ] HvfExecutor.NativeIntelCancellationAndCompletionFailureAllowRetry (131 ms)
[----------] 1 test from HvfExecutor (131 ms total)

[==========] 1 test from 1 test suite ran. (131 ms total)
[  PASSED  ] 1 test.

Repeating all tests (iteration 91) . . .

Note: Google Test filter = HvfExecutor.Native*
[==========] Running 1 test from 1 test suite.
[----------] 1 test from HvfExecutor
[ RUN      ] HvfExecutor.NativeIntelCancellationAndCompletionFailureAllowRetry
[       OK ] HvfExecutor.NativeIntelCancellationAndCompletionFailureAllowRetry (227 ms)
[----------] 1 test from HvfExecutor (227 ms total)

[==========] 1 test from 1 test suite ran. (227 ms total)
[  PASSED  ] 1 test.

Repeating all tests (iteration 92) . . .

Note: Google Test filter = HvfExecutor.Native*
[==========] Running 1 test from 1 test suite.
[----------] 1 test from HvfExecutor
[ RUN      ] HvfExecutor.NativeIntelCancellationAndCompletionFailureAllowRetry
[       OK ] HvfExecutor.NativeIntelCancellationAndCompletionFailureAllowRetry (313 ms)
[----------] 1 test from HvfExecutor (313 ms total)

[==========] 1 test from 1 test suite ran. (313 ms total)
[  PASSED  ] 1 test.

Repeating all tests (iteration 93) . . .

Note: Google Test filter = HvfExecutor.Native*
[==========] Running 1 test from 1 test suite.
[----------] 1 test from HvfExecutor
[ RUN      ] HvfExecutor.NativeIntelCancellationAndCompletionFailureAllowRetry
[       OK ] HvfExecutor.NativeIntelCancellationAndCompletionFailureAllowRetry (401 ms)
[----------] 1 test from HvfExecutor (401 ms total)

[==========] 1 test from 1 test suite ran. (401 ms total)
[  PASSED  ] 1 test.

Repeating all tests (iteration 94) . . .

Note: Google Test filter = HvfExecutor.Native*
[==========] Running 1 test from 1 test suite.
[----------] 1 test from HvfExecutor
[ RUN      ] HvfExecutor.NativeIntelCancellationAndCompletionFailureAllowRetry
[       OK ] HvfExecutor.NativeIntelCancellationAndCompletionFailureAllowRetry (164 ms)
[----------] 1 test from HvfExecutor (164 ms total)

[==========] 1 test from 1 test suite ran. (165 ms total)
[  PASSED  ] 1 test.

Repeating all tests (iteration 95) . . .

Note: Google Test filter = HvfExecutor.Native*
[==========] Running 1 test from 1 test suite.
[----------] 1 test from HvfExecutor
[ RUN      ] HvfExecutor.NativeIntelCancellationAndCompletionFailureAllowRetry
[       OK ] HvfExecutor.NativeIntelCancellationAndCompletionFailureAllowRetry (429 ms)
[----------] 1 test from HvfExecutor (429 ms total)

[==========] 1 test from 1 test suite ran. (429 ms total)
[  PASSED  ] 1 test.

Repeating all tests (iteration 96) . . .

Note: Google Test filter = HvfExecutor.Native*
[==========] Running 1 test from 1 test suite.
[----------] 1 test from HvfExecutor
[ RUN      ] HvfExecutor.NativeIntelCancellationAndCompletionFailureAllowRetry
[       OK ] HvfExecutor.NativeIntelCancellationAndCompletionFailureAllowRetry (264 ms)
[----------] 1 test from HvfExecutor (264 ms total)

[==========] 1 test from 1 test suite ran. (264 ms total)
[  PASSED  ] 1 test.

Repeating all tests (iteration 97) . . .

Note: Google Test filter = HvfExecutor.Native*
[==========] Running 1 test from 1 test suite.
[----------] 1 test from HvfExecutor
[ RUN      ] HvfExecutor.NativeIntelCancellationAndCompletionFailureAllowRetry
[       OK ] HvfExecutor.NativeIntelCancellationAndCompletionFailureAllowRetry (273 ms)
[----------] 1 test from HvfExecutor (273 ms total)

[==========] 1 test from 1 test suite ran. (273 ms total)
[  PASSED  ] 1 test.

Repeating all tests (iteration 98) . . .

Note: Google Test filter = HvfExecutor.Native*
[==========] Running 1 test from 1 test suite.
[----------] 1 test from HvfExecutor
[ RUN      ] HvfExecutor.NativeIntelCancellationAndCompletionFailureAllowRetry
[       OK ] HvfExecutor.NativeIntelCancellationAndCompletionFailureAllowRetry (329 ms)
[----------] 1 test from HvfExecutor (329 ms total)

[==========] 1 test from 1 test suite ran. (329 ms total)
[  PASSED  ] 1 test.

Repeating all tests (iteration 99) . . .

Note: Google Test filter = HvfExecutor.Native*
[==========] Running 1 test from 1 test suite.
[----------] 1 test from HvfExecutor
[ RUN      ] HvfExecutor.NativeIntelCancellationAndCompletionFailureAllowRetry
[       OK ] HvfExecutor.NativeIntelCancellationAndCompletionFailureAllowRetry (213 ms)
[----------] 1 test from HvfExecutor (213 ms total)

[==========] 1 test from 1 test suite ran. (213 ms total)
[  PASSED  ] 1 test.

Repeating all tests (iteration 100) . . .

Note: Google Test filter = HvfExecutor.Native*
[==========] Running 1 test from 1 test suite.
[----------] 1 test from HvfExecutor
[ RUN      ] HvfExecutor.NativeIntelCancellationAndCompletionFailureAllowRetry
[       OK ] HvfExecutor.NativeIntelCancellationAndCompletionFailureAllowRetry (286 ms)
[----------] 1 test from HvfExecutor (287 ms total)

[==========] 1 test from 1 test suite ran. (287 ms total)
[  PASSED  ] 1 test.

Repeating all tests (iteration 101) . . .

Note: Google Test filter = HvfExecutor.Native*
[==========] Running 1 test from 1 test suite.
[----------] 1 test from HvfExecutor
[ RUN      ] HvfExecutor.NativeIntelCancellationAndCompletionFailureAllowRetry
[       OK ] HvfExecutor.NativeIntelCancellationAndCompletionFailureAllowRetry (293 ms)
[----------] 1 test from HvfExecutor (293 ms total)

[==========] 1 test from 1 test suite ran. (293 ms total)
[  PASSED  ] 1 test.

Repeating all tests (iteration 102) . . .

Note: Google Test filter = HvfExecutor.Native*
[==========] Running 1 test from 1 test suite.
[----------] 1 test from HvfExecutor
[ RUN      ] HvfExecutor.NativeIntelCancellationAndCompletionFailureAllowRetry
[       OK ] HvfExecutor.NativeIntelCancellationAndCompletionFailureAllowRetry (269 ms)
[----------] 1 test from HvfExecutor (269 ms total)

[==========] 1 test from 1 test suite ran. (269 ms total)
[  PASSED  ] 1 test.

Repeating all tests (iteration 103) . . .

Note: Google Test filter = HvfExecutor.Native*
[==========] Running 1 test from 1 test suite.
[----------] 1 test from HvfExecutor
[ RUN      ] HvfExecutor.NativeIntelCancellationAndCompletionFailureAllowRetry
[       OK ] HvfExecutor.NativeIntelCancellationAndCompletionFailureAllowRetry (133 ms)
[----------] 1 test from HvfExecutor (133 ms total)

[==========] 1 test from 1 test suite ran. (133 ms total)
[  PASSED  ] 1 test.

Repeating all tests (iteration 104) . . .

Note: Google Test filter = HvfExecutor.Native*
[==========] Running 1 test from 1 test suite.
[----------] 1 test from HvfExecutor
[ RUN      ] HvfExecutor.NativeIntelCancellationAndCompletionFailureAllowRetry
[       OK ] HvfExecutor.NativeIntelCancellationAndCompletionFailureAllowRetry (311 ms)
[----------] 1 test from HvfExecutor (311 ms total)

[==========] 1 test from 1 test suite ran. (311 ms total)
[  PASSED  ] 1 test.

Repeating all tests (iteration 105) . . .

Note: Google Test filter = HvfExecutor.Native*
[==========] Running 1 test from 1 test suite.
[----------] 1 test from HvfExecutor
[ RUN      ] HvfExecutor.NativeIntelCancellationAndCompletionFailureAllowRetry
[       OK ] HvfExecutor.NativeIntelCancellationAndCompletionFailureAllowRetry (443 ms)
[----------] 1 test from HvfExecutor (443 ms total)

[==========] 1 test from 1 test suite ran. (443 ms total)
[  PASSED  ] 1 test.

Repeating all tests (iteration 106) . . .

Note: Google Test filter = HvfExecutor.Native*
[==========] Running 1 test from 1 test suite.
[----------] 1 test from HvfExecutor
[ RUN      ] HvfExecutor.NativeIntelCancellationAndCompletionFailureAllowRetry
[       OK ] HvfExecutor.NativeIntelCancellationAndCompletionFailureAllowRetry (266 ms)
[----------] 1 test from HvfExecutor (266 ms total)

[==========] 1 test from 1 test suite ran. (266 ms total)
[  PASSED  ] 1 test.

Repeating all tests (iteration 107) . . .

Note: Google Test filter = HvfExecutor.Native*
[==========] Running 1 test from 1 test suite.
[----------] 1 test from HvfExecutor
[ RUN      ] HvfExecutor.NativeIntelCancellationAndCompletionFailureAllowRetry
[       OK ] HvfExecutor.NativeIntelCancellationAndCompletionFailureAllowRetry (255 ms)
[----------] 1 test from HvfExecutor (255 ms total)

[==========] 1 test from 1 test suite ran. (255 ms total)
[  PASSED  ] 1 test.

Repeating all tests (iteration 108) . . .

Note: Google Test filter = HvfExecutor.Native*
[==========] Running 1 test from 1 test suite.
[----------] 1 test from HvfExecutor
[ RUN      ] HvfExecutor.NativeIntelCancellationAndCompletionFailureAllowRetry
[       OK ] HvfExecutor.NativeIntelCancellationAndCompletionFailureAllowRetry (294 ms)
[----------] 1 test from HvfExecutor (294 ms total)

[==========] 1 test from 1 test suite ran. (294 ms total)
[  PASSED  ] 1 test.

Repeating all tests (iteration 109) . . .

Note: Google Test filter = HvfExecutor.Native*
[==========] Running 1 test from 1 test suite.
[----------] 1 test from HvfExecutor
[ RUN      ] HvfExecutor.NativeIntelCancellationAndCompletionFailureAllowRetry
[       OK ] HvfExecutor.NativeIntelCancellationAndCompletionFailureAllowRetry (267 ms)
[----------] 1 test from HvfExecutor (267 ms total)

[==========] 1 test from 1 test suite ran. (267 ms total)
[  PASSED  ] 1 test.

Repeating all tests (iteration 110) . . .

Note: Google Test filter = HvfExecutor.Native*
[==========] Running 1 test from 1 test suite.
[----------] 1 test from HvfExecutor
[ RUN      ] HvfExecutor.NativeIntelCancellationAndCompletionFailureAllowRetry
[       OK ] HvfExecutor.NativeIntelCancellationAndCompletionFailureAllowRetry (228 ms)
[----------] 1 test from HvfExecutor (228 ms total)

[==========] 1 test from 1 test suite ran. (228 ms total)
[  PASSED  ] 1 test.

Repeating all tests (iteration 111) . . .

Note: Google Test filter = HvfExecutor.Native*
[==========] Running 1 test from 1 test suite.
[----------] 1 test from HvfExecutor
[ RUN      ] HvfExecutor.NativeIntelCancellationAndCompletionFailureAllowRetry
[       OK ] HvfExecutor.NativeIntelCancellationAndCompletionFailureAllowRetry (266 ms)
[----------] 1 test from HvfExecutor (266 ms total)

[==========] 1 test from 1 test suite ran. (266 ms total)
[  PASSED  ] 1 test.

Repeating all tests (iteration 112) . . .

Note: Google Test filter = HvfExecutor.Native*
[==========] Running 1 test from 1 test suite.
[----------] 1 test from HvfExecutor
[ RUN      ] HvfExecutor.NativeIntelCancellationAndCompletionFailureAllowRetry
[       OK ] HvfExecutor.NativeIntelCancellationAndCompletionFailureAllowRetry (484 ms)
[----------] 1 test from HvfExecutor (484 ms total)

[==========] 1 test from 1 test suite ran. (484 ms total)
[  PASSED  ] 1 test.

Repeating all tests (iteration 113) . . .

Note: Google Test filter = HvfExecutor.Native*
[==========] Running 1 test from 1 test suite.
[----------] 1 test from HvfExecutor
[ RUN      ] HvfExecutor.NativeIntelCancellationAndCompletionFailureAllowRetry
[       OK ] HvfExecutor.NativeIntelCancellationAndCompletionFailureAllowRetry (281 ms)
[----------] 1 test from HvfExecutor (281 ms total)

[==========] 1 test from 1 test suite ran. (282 ms total)
[  PASSED  ] 1 test.

Repeating all tests (iteration 114) . . .

Note: Google Test filter = HvfExecutor.Native*
[==========] Running 1 test from 1 test suite.
[----------] 1 test from HvfExecutor
[ RUN      ] HvfExecutor.NativeIntelCancellationAndCompletionFailureAllowRetry
[       OK ] HvfExecutor.NativeIntelCancellationAndCompletionFailureAllowRetry (277 ms)
[----------] 1 test from HvfExecutor (277 ms total)

[==========] 1 test from 1 test suite ran. (277 ms total)
[  PASSED  ] 1 test.

Repeating all tests (iteration 115) . . .

Note: Google Test filter = HvfExecutor.Native*
[==========] Running 1 test from 1 test suite.
[----------] 1 test from HvfExecutor
[ RUN      ] HvfExecutor.NativeIntelCancellationAndCompletionFailureAllowRetry
[       OK ] HvfExecutor.NativeIntelCancellationAndCompletionFailureAllowRetry (289 ms)
[----------] 1 test from HvfExecutor (289 ms total)

[==========] 1 test from 1 test suite ran. (289 ms total)
[  PASSED  ] 1 test.

Repeating all tests (iteration 116) . . .

Note: Google Test filter = HvfExecutor.Native*
[==========] Running 1 test from 1 test suite.
[----------] 1 test from HvfExecutor
[ RUN      ] HvfExecutor.NativeIntelCancellationAndCompletionFailureAllowRetry
[       OK ] HvfExecutor.NativeIntelCancellationAndCompletionFailureAllowRetry (232 ms)
[----------] 1 test from HvfExecutor (232 ms total)

[==========] 1 test from 1 test suite ran. (232 ms total)
[  PASSED  ] 1 test.

Repeating all tests (iteration 117) . . .

Note: Google Test filter = HvfExecutor.Native*
[==========] Running 1 test from 1 test suite.
[----------] 1 test from HvfExecutor
[ RUN      ] HvfExecutor.NativeIntelCancellationAndCompletionFailureAllowRetry
[       OK ] HvfExecutor.NativeIntelCancellationAndCompletionFailureAllowRetry (307 ms)
[----------] 1 test from HvfExecutor (307 ms total)

[==========] 1 test from 1 test suite ran. (307 ms total)
[  PASSED  ] 1 test.

Repeating all tests (iteration 118) . . .

Note: Google Test filter = HvfExecutor.Native*
[==========] Running 1 test from 1 test suite.
[----------] 1 test from HvfExecutor
[ RUN      ] HvfExecutor.NativeIntelCancellationAndCompletionFailureAllowRetry
[       OK ] HvfExecutor.NativeIntelCancellationAndCompletionFailureAllowRetry (346 ms)
[----------] 1 test from HvfExecutor (346 ms total)

[==========] 1 test from 1 test suite ran. (346 ms total)
[  PASSED  ] 1 test.

Repeating all tests (iteration 119) . . .

Note: Google Test filter = HvfExecutor.Native*
[==========] Running 1 test from 1 test suite.
[----------] 1 test from HvfExecutor
[ RUN      ] HvfExecutor.NativeIntelCancellationAndCompletionFailureAllowRetry
[       OK ] HvfExecutor.NativeIntelCancellationAndCompletionFailureAllowRetry (198 ms)
[----------] 1 test from HvfExecutor (198 ms total)

[==========] 1 test from 1 test suite ran. (198 ms total)
[  PASSED  ] 1 test.

Repeating all tests (iteration 120) . . .

Note: Google Test filter = HvfExecutor.Native*
[==========] Running 1 test from 1 test suite.
[----------] 1 test from HvfExecutor
[ RUN      ] HvfExecutor.NativeIntelCancellationAndCompletionFailureAllowRetry
[       OK ] HvfExecutor.NativeIntelCancellationAndCompletionFailureAllowRetry (346 ms)
[----------] 1 test from HvfExecutor (346 ms total)

[==========] 1 test from 1 test suite ran. (346 ms total)
[  PASSED  ] 1 test.

Repeating all tests (iteration 121) . . .

Note: Google Test filter = HvfExecutor.Native*
[==========] Running 1 test from 1 test suite.
[----------] 1 test from HvfExecutor
[ RUN      ] HvfExecutor.NativeIntelCancellationAndCompletionFailureAllowRetry
[       OK ] HvfExecutor.NativeIntelCancellationAndCompletionFailureAllowRetry (166 ms)
[----------] 1 test from HvfExecutor (166 ms total)

[==========] 1 test from 1 test suite ran. (167 ms total)
[  PASSED  ] 1 test.

Repeating all tests (iteration 122) . . .

Note: Google Test filter = HvfExecutor.Native*
[==========] Running 1 test from 1 test suite.
[----------] 1 test from HvfExecutor
[ RUN      ] HvfExecutor.NativeIntelCancellationAndCompletionFailureAllowRetry
[       OK ] HvfExecutor.NativeIntelCancellationAndCompletionFailureAllowRetry (307 ms)
[----------] 1 test from HvfExecutor (307 ms total)

[==========] 1 test from 1 test suite ran. (307 ms total)
[  PASSED  ] 1 test.

Repeating all tests (iteration 123) . . .

Note: Google Test filter = HvfExecutor.Native*
[==========] Running 1 test from 1 test suite.
[----------] 1 test from HvfExecutor
[ RUN      ] HvfExecutor.NativeIntelCancellationAndCompletionFailureAllowRetry
[       OK ] HvfExecutor.NativeIntelCancellationAndCompletionFailureAllowRetry (201 ms)
[----------] 1 test from HvfExecutor (201 ms total)

[==========] 1 test from 1 test suite ran. (201 ms total)
[  PASSED  ] 1 test.

Repeating all tests (iteration 124) . . .

Note: Google Test filter = HvfExecutor.Native*
[==========] Running 1 test from 1 test suite.
[----------] 1 test from HvfExecutor
[ RUN      ] HvfExecutor.NativeIntelCancellationAndCompletionFailureAllowRetry
[       OK ] HvfExecutor.NativeIntelCancellationAndCompletionFailureAllowRetry (150 ms)
[----------] 1 test from HvfExecutor (150 ms total)

[==========] 1 test from 1 test suite ran. (151 ms total)
[  PASSED  ] 1 test.

Repeating all tests (iteration 125) . . .

Note: Google Test filter = HvfExecutor.Native*
[==========] Running 1 test from 1 test suite.
[----------] 1 test from HvfExecutor
[ RUN      ] HvfExecutor.NativeIntelCancellationAndCompletionFailureAllowRetry
[       OK ] HvfExecutor.NativeIntelCancellationAndCompletionFailureAllowRetry (235 ms)
[----------] 1 test from HvfExecutor (235 ms total)

[==========] 1 test from 1 test suite ran. (235 ms total)
[  PASSED  ] 1 test.

Repeating all tests (iteration 126) . . .

Note: Google Test filter = HvfExecutor.Native*
[==========] Running 1 test from 1 test suite.
[----------] 1 test from HvfExecutor
[ RUN      ] HvfExecutor.NativeIntelCancellationAndCompletionFailureAllowRetry
[       OK ] HvfExecutor.NativeIntelCancellationAndCompletionFailureAllowRetry (396 ms)
[----------] 1 test from HvfExecutor (396 ms total)

[==========] 1 test from 1 test suite ran. (396 ms total)
[  PASSED  ] 1 test.

Repeating all tests (iteration 127) . . .

Note: Google Test filter = HvfExecutor.Native*
[==========] Running 1 test from 1 test suite.
[----------] 1 test from HvfExecutor
[ RUN      ] HvfExecutor.NativeIntelCancellationAndCompletionFailureAllowRetry
[       OK ] HvfExecutor.NativeIntelCancellationAndCompletionFailureAllowRetry (370 ms)
[----------] 1 test from HvfExecutor (370 ms total)

[==========] 1 test from 1 test suite ran. (370 ms total)
[  PASSED  ] 1 test.

Repeating all tests (iteration 128) . . .

Note: Google Test filter = HvfExecutor.Native*
[==========] Running 1 test from 1 test suite.
[----------] 1 test from HvfExecutor
[ RUN      ] HvfExecutor.NativeIntelCancellationAndCompletionFailureAllowRetry
[       OK ] HvfExecutor.NativeIntelCancellationAndCompletionFailureAllowRetry (129 ms)
[----------] 1 test from HvfExecutor (129 ms total)

[==========] 1 test from 1 test suite ran. (129 ms total)
[  PASSED  ] 1 test.

Repeating all tests (iteration 129) . . .

Note: Google Test filter = HvfExecutor.Native*
[==========] Running 1 test from 1 test suite.
[----------] 1 test from HvfExecutor
[ RUN      ] HvfExecutor.NativeIntelCancellationAndCompletionFailureAllowRetry
[       OK ] HvfExecutor.NativeIntelCancellationAndCompletionFailureAllowRetry (333 ms)
[----------] 1 test from HvfExecutor (333 ms total)

[==========] 1 test from 1 test suite ran. (333 ms total)
[  PASSED  ] 1 test.

Repeating all tests (iteration 130) . . .

Note: Google Test filter = HvfExecutor.Native*
[==========] Running 1 test from 1 test suite.
[----------] 1 test from HvfExecutor
[ RUN      ] HvfExecutor.NativeIntelCancellationAndCompletionFailureAllowRetry
[       OK ] HvfExecutor.NativeIntelCancellationAndCompletionFailureAllowRetry (285 ms)
[----------] 1 test from HvfExecutor (286 ms total)

[==========] 1 test from 1 test suite ran. (286 ms total)
[  PASSED  ] 1 test.

Repeating all tests (iteration 131) . . .

Note: Google Test filter = HvfExecutor.Native*
[==========] Running 1 test from 1 test suite.
[----------] 1 test from HvfExecutor
[ RUN      ] HvfExecutor.NativeIntelCancellationAndCompletionFailureAllowRetry
[       OK ] HvfExecutor.NativeIntelCancellationAndCompletionFailureAllowRetry (243 ms)
[----------] 1 test from HvfExecutor (243 ms total)

[==========] 1 test from 1 test suite ran. (243 ms total)
[  PASSED  ] 1 test.

Repeating all tests (iteration 132) . . .

Note: Google Test filter = HvfExecutor.Native*
[==========] Running 1 test from 1 test suite.
[----------] 1 test from HvfExecutor
[ RUN      ] HvfExecutor.NativeIntelCancellationAndCompletionFailureAllowRetry
[       OK ] HvfExecutor.NativeIntelCancellationAndCompletionFailureAllowRetry (255 ms)
[----------] 1 test from HvfExecutor (255 ms total)

[==========] 1 test from 1 test suite ran. (255 ms total)
[  PASSED  ] 1 test.

Repeating all tests (iteration 133) . . .

Note: Google Test filter = HvfExecutor.Native*
[==========] Running 1 test from 1 test suite.
[----------] 1 test from HvfExecutor
[ RUN      ] HvfExecutor.NativeIntelCancellationAndCompletionFailureAllowRetry
[       OK ] HvfExecutor.NativeIntelCancellationAndCompletionFailureAllowRetry (260 ms)
[----------] 1 test from HvfExecutor (260 ms total)

[==========] 1 test from 1 test suite ran. (260 ms total)
[  PASSED  ] 1 test.

Repeating all tests (iteration 134) . . .

Note: Google Test filter = HvfExecutor.Native*
[==========] Running 1 test from 1 test suite.
[----------] 1 test from HvfExecutor
[ RUN      ] HvfExecutor.NativeIntelCancellationAndCompletionFailureAllowRetry
[       OK ] HvfExecutor.NativeIntelCancellationAndCompletionFailureAllowRetry (137 ms)
[----------] 1 test from HvfExecutor (137 ms total)

[==========] 1 test from 1 test suite ran. (137 ms total)
[  PASSED  ] 1 test.

Repeating all tests (iteration 135) . . .

Note: Google Test filter = HvfExecutor.Native*
[==========] Running 1 test from 1 test suite.
[----------] 1 test from HvfExecutor
[ RUN      ] HvfExecutor.NativeIntelCancellationAndCompletionFailureAllowRetry
[       OK ] HvfExecutor.NativeIntelCancellationAndCompletionFailureAllowRetry (227 ms)
[----------] 1 test from HvfExecutor (227 ms total)

[==========] 1 test from 1 test suite ran. (227 ms total)
[  PASSED  ] 1 test.

Repeating all tests (iteration 136) . . .

Note: Google Test filter = HvfExecutor.Native*
[==========] Running 1 test from 1 test suite.
[----------] 1 test from HvfExecutor
[ RUN      ] HvfExecutor.NativeIntelCancellationAndCompletionFailureAllowRetry
[       OK ] HvfExecutor.NativeIntelCancellationAndCompletionFailureAllowRetry (221 ms)
[----------] 1 test from HvfExecutor (221 ms total)

[==========] 1 test from 1 test suite ran. (221 ms total)
[  PASSED  ] 1 test.

Repeating all tests (iteration 137) . . .

Note: Google Test filter = HvfExecutor.Native*
[==========] Running 1 test from 1 test suite.
[----------] 1 test from HvfExecutor
[ RUN      ] HvfExecutor.NativeIntelCancellationAndCompletionFailureAllowRetry
[       OK ] HvfExecutor.NativeIntelCancellationAndCompletionFailureAllowRetry (341 ms)
[----------] 1 test from HvfExecutor (341 ms total)

[==========] 1 test from 1 test suite ran. (341 ms total)
[  PASSED  ] 1 test.

Repeating all tests (iteration 138) . . .

Note: Google Test filter = HvfExecutor.Native*
[==========] Running 1 test from 1 test suite.
[----------] 1 test from HvfExecutor
[ RUN      ] HvfExecutor.NativeIntelCancellationAndCompletionFailureAllowRetry
[       OK ] HvfExecutor.NativeIntelCancellationAndCompletionFailureAllowRetry (388 ms)
[----------] 1 test from HvfExecutor (388 ms total)

[==========] 1 test from 1 test suite ran. (388 ms total)
[  PASSED  ] 1 test.

Repeating all tests (iteration 139) . . .

Note: Google Test filter = HvfExecutor.Native*
[==========] Running 1 test from 1 test suite.
[----------] 1 test from HvfExecutor
[ RUN      ] HvfExecutor.NativeIntelCancellationAndCompletionFailureAllowRetry
[       OK ] HvfExecutor.NativeIntelCancellationAndCompletionFailureAllowRetry (423 ms)
[----------] 1 test from HvfExecutor (423 ms total)

[==========] 1 test from 1 test suite ran. (423 ms total)
[  PASSED  ] 1 test.

Repeating all tests (iteration 140) . . .

Note: Google Test filter = HvfExecutor.Native*
[==========] Running 1 test from 1 test suite.
[----------] 1 test from HvfExecutor
[ RUN      ] HvfExecutor.NativeIntelCancellationAndCompletionFailureAllowRetry
[       OK ] HvfExecutor.NativeIntelCancellationAndCompletionFailureAllowRetry (286 ms)
[----------] 1 test from HvfExecutor (286 ms total)

[==========] 1 test from 1 test suite ran. (286 ms total)
[  PASSED  ] 1 test.

Repeating all tests (iteration 141) . . .

Note: Google Test filter = HvfExecutor.Native*
[==========] Running 1 test from 1 test suite.
[----------] 1 test from HvfExecutor
[ RUN      ] HvfExecutor.NativeIntelCancellationAndCompletionFailureAllowRetry
[       OK ] HvfExecutor.NativeIntelCancellationAndCompletionFailureAllowRetry (266 ms)
[----------] 1 test from HvfExecutor (266 ms total)

[==========] 1 test from 1 test suite ran. (266 ms total)
[  PASSED  ] 1 test.

Repeating all tests (iteration 142) . . .

Note: Google Test filter = HvfExecutor.Native*
[==========] Running 1 test from 1 test suite.
[----------] 1 test from HvfExecutor
[ RUN      ] HvfExecutor.NativeIntelCancellationAndCompletionFailureAllowRetry
[       OK ] HvfExecutor.NativeIntelCancellationAndCompletionFailureAllowRetry (195 ms)
[----------] 1 test from HvfExecutor (195 ms total)

[==========] 1 test from 1 test suite ran. (195 ms total)
[  PASSED  ] 1 test.

Repeating all tests (iteration 143) . . .

Note: Google Test filter = HvfExecutor.Native*
[==========] Running 1 test from 1 test suite.
[----------] 1 test from HvfExecutor
[ RUN      ] HvfExecutor.NativeIntelCancellationAndCompletionFailureAllowRetry
[       OK ] HvfExecutor.NativeIntelCancellationAndCompletionFailureAllowRetry (426 ms)
[----------] 1 test from HvfExecutor (427 ms total)

[==========] 1 test from 1 test suite ran. (427 ms total)
[  PASSED  ] 1 test.

Repeating all tests (iteration 144) . . .

Note: Google Test filter = HvfExecutor.Native*
[==========] Running 1 test from 1 test suite.
[----------] 1 test from HvfExecutor
[ RUN      ] HvfExecutor.NativeIntelCancellationAndCompletionFailureAllowRetry
[       OK ] HvfExecutor.NativeIntelCancellationAndCompletionFailureAllowRetry (168 ms)
[----------] 1 test from HvfExecutor (168 ms total)

[==========] 1 test from 1 test suite ran. (169 ms total)
[  PASSED  ] 1 test.

Repeating all tests (iteration 145) . . .

Note: Google Test filter = HvfExecutor.Native*
[==========] Running 1 test from 1 test suite.
[----------] 1 test from HvfExecutor
[ RUN      ] HvfExecutor.NativeIntelCancellationAndCompletionFailureAllowRetry
[       OK ] HvfExecutor.NativeIntelCancellationAndCompletionFailureAllowRetry (140 ms)
[----------] 1 test from HvfExecutor (140 ms total)

[==========] 1 test from 1 test suite ran. (140 ms total)
[  PASSED  ] 1 test.

Repeating all tests (iteration 146) . . .

Note: Google Test filter = HvfExecutor.Native*
[==========] Running 1 test from 1 test suite.
[----------] 1 test from HvfExecutor
[ RUN      ] HvfExecutor.NativeIntelCancellationAndCompletionFailureAllowRetry
[       OK ] HvfExecutor.NativeIntelCancellationAndCompletionFailureAllowRetry (336 ms)
[----------] 1 test from HvfExecutor (336 ms total)

[==========] 1 test from 1 test suite ran. (336 ms total)
[  PASSED  ] 1 test.

Repeating all tests (iteration 147) . . .

Note: Google Test filter = HvfExecutor.Native*
[==========] Running 1 test from 1 test suite.
[----------] 1 test from HvfExecutor
[ RUN      ] HvfExecutor.NativeIntelCancellationAndCompletionFailureAllowRetry
[       OK ] HvfExecutor.NativeIntelCancellationAndCompletionFailureAllowRetry (138 ms)
[----------] 1 test from HvfExecutor (138 ms total)

[==========] 1 test from 1 test suite ran. (138 ms total)
[  PASSED  ] 1 test.

Repeating all tests (iteration 148) . . .

Note: Google Test filter = HvfExecutor.Native*
[==========] Running 1 test from 1 test suite.
[----------] 1 test from HvfExecutor
[ RUN      ] HvfExecutor.NativeIntelCancellationAndCompletionFailureAllowRetry
[       OK ] HvfExecutor.NativeIntelCancellationAndCompletionFailureAllowRetry (418 ms)
[----------] 1 test from HvfExecutor (419 ms total)

[==========] 1 test from 1 test suite ran. (419 ms total)
[  PASSED  ] 1 test.

Repeating all tests (iteration 149) . . .

Note: Google Test filter = HvfExecutor.Native*
[==========] Running 1 test from 1 test suite.
[----------] 1 test from HvfExecutor
[ RUN      ] HvfExecutor.NativeIntelCancellationAndCompletionFailureAllowRetry
[       OK ] HvfExecutor.NativeIntelCancellationAndCompletionFailureAllowRetry (264 ms)
[----------] 1 test from HvfExecutor (264 ms total)

[==========] 1 test from 1 test suite ran. (264 ms total)
[  PASSED  ] 1 test.

Repeating all tests (iteration 150) . . .

Note: Google Test filter = HvfExecutor.Native*
[==========] Running 1 test from 1 test suite.
[----------] 1 test from HvfExecutor
[ RUN      ] HvfExecutor.NativeIntelCancellationAndCompletionFailureAllowRetry
[       OK ] HvfExecutor.NativeIntelCancellationAndCompletionFailureAllowRetry (209 ms)
[----------] 1 test from HvfExecutor (209 ms total)

[==========] 1 test from 1 test suite ran. (209 ms total)
[  PASSED  ] 1 test.

Repeating all tests (iteration 151) . . .

Note: Google Test filter = HvfExecutor.Native*
[==========] Running 1 test from 1 test suite.
[----------] 1 test from HvfExecutor
[ RUN      ] HvfExecutor.NativeIntelCancellationAndCompletionFailureAllowRetry
[       OK ] HvfExecutor.NativeIntelCancellationAndCompletionFailureAllowRetry (323 ms)
[----------] 1 test from HvfExecutor (323 ms total)

[==========] 1 test from 1 test suite ran. (323 ms total)
[  PASSED  ] 1 test.

Repeating all tests (iteration 152) . . .

Note: Google Test filter = HvfExecutor.Native*
[==========] Running 1 test from 1 test suite.
[----------] 1 test from HvfExecutor
[ RUN      ] HvfExecutor.NativeIntelCancellationAndCompletionFailureAllowRetry
[       OK ] HvfExecutor.NativeIntelCancellationAndCompletionFailureAllowRetry (249 ms)
[----------] 1 test from HvfExecutor (249 ms total)

[==========] 1 test from 1 test suite ran. (249 ms total)
[  PASSED  ] 1 test.

Repeating all tests (iteration 153) . . .

Note: Google Test filter = HvfExecutor.Native*
[==========] Running 1 test from 1 test suite.
[----------] 1 test from HvfExecutor
[ RUN      ] HvfExecutor.NativeIntelCancellationAndCompletionFailureAllowRetry
[       OK ] HvfExecutor.NativeIntelCancellationAndCompletionFailureAllowRetry (373 ms)
[----------] 1 test from HvfExecutor (373 ms total)

[==========] 1 test from 1 test suite ran. (373 ms total)
[  PASSED  ] 1 test.

Repeating all tests (iteration 154) . . .

Note: Google Test filter = HvfExecutor.Native*
[==========] Running 1 test from 1 test suite.
[----------] 1 test from HvfExecutor
[ RUN      ] HvfExecutor.NativeIntelCancellationAndCompletionFailureAllowRetry
[       OK ] HvfExecutor.NativeIntelCancellationAndCompletionFailureAllowRetry (366 ms)
[----------] 1 test from HvfExecutor (366 ms total)

[==========] 1 test from 1 test suite ran. (366 ms total)
[  PASSED  ] 1 test.

Repeating all tests (iteration 155) . . .

Note: Google Test filter = HvfExecutor.Native*
[==========] Running 1 test from 1 test suite.
[----------] 1 test from HvfExecutor
[ RUN      ] HvfExecutor.NativeIntelCancellationAndCompletionFailureAllowRetry
[       OK ] HvfExecutor.NativeIntelCancellationAndCompletionFailureAllowRetry (154 ms)
[----------] 1 test from HvfExecutor (154 ms total)

[==========] 1 test from 1 test suite ran. (155 ms total)
[  PASSED  ] 1 test.

Repeating all tests (iteration 156) . . .

Note: Google Test filter = HvfExecutor.Native*
[==========] Running 1 test from 1 test suite.
[----------] 1 test from HvfExecutor
[ RUN      ] HvfExecutor.NativeIntelCancellationAndCompletionFailureAllowRetry
[       OK ] HvfExecutor.NativeIntelCancellationAndCompletionFailureAllowRetry (231 ms)
[----------] 1 test from HvfExecutor (231 ms total)

[==========] 1 test from 1 test suite ran. (231 ms total)
[  PASSED  ] 1 test.

Repeating all tests (iteration 157) . . .

Note: Google Test filter = HvfExecutor.Native*
[==========] Running 1 test from 1 test suite.
[----------] 1 test from HvfExecutor
[ RUN      ] HvfExecutor.NativeIntelCancellationAndCompletionFailureAllowRetry
[       OK ] HvfExecutor.NativeIntelCancellationAndCompletionFailureAllowRetry (465 ms)
[----------] 1 test from HvfExecutor (465 ms total)

[==========] 1 test from 1 test suite ran. (465 ms total)
[  PASSED  ] 1 test.

Repeating all tests (iteration 158) . . .

Note: Google Test filter = HvfExecutor.Native*
[==========] Running 1 test from 1 test suite.
[----------] 1 test from HvfExecutor
[ RUN      ] HvfExecutor.NativeIntelCancellationAndCompletionFailureAllowRetry
[       OK ] HvfExecutor.NativeIntelCancellationAndCompletionFailureAllowRetry (235 ms)
[----------] 1 test from HvfExecutor (235 ms total)

[==========] 1 test from 1 test suite ran. (235 ms total)
[  PASSED  ] 1 test.

Repeating all tests (iteration 159) . . .

Note: Google Test filter = HvfExecutor.Native*
[==========] Running 1 test from 1 test suite.
[----------] 1 test from HvfExecutor
[ RUN      ] HvfExecutor.NativeIntelCancellationAndCompletionFailureAllowRetry
[       OK ] HvfExecutor.NativeIntelCancellationAndCompletionFailureAllowRetry (233 ms)
[----------] 1 test from HvfExecutor (233 ms total)

[==========] 1 test from 1 test suite ran. (233 ms total)
[  PASSED  ] 1 test.

Repeating all tests (iteration 160) . . .

Note: Google Test filter = HvfExecutor.Native*
[==========] Running 1 test from 1 test suite.
[----------] 1 test from HvfExecutor
[ RUN      ] HvfExecutor.NativeIntelCancellationAndCompletionFailureAllowRetry
[       OK ] HvfExecutor.NativeIntelCancellationAndCompletionFailureAllowRetry (284 ms)
[----------] 1 test from HvfExecutor (284 ms total)

[==========] 1 test from 1 test suite ran. (284 ms total)
[  PASSED  ] 1 test.

Repeating all tests (iteration 161) . . .

Note: Google Test filter = HvfExecutor.Native*
[==========] Running 1 test from 1 test suite.
[----------] 1 test from HvfExecutor
[ RUN      ] HvfExecutor.NativeIntelCancellationAndCompletionFailureAllowRetry
[       OK ] HvfExecutor.NativeIntelCancellationAndCompletionFailureAllowRetry (145 ms)
[----------] 1 test from HvfExecutor (145 ms total)

[==========] 1 test from 1 test suite ran. (145 ms total)
[  PASSED  ] 1 test.

Repeating all tests (iteration 162) . . .

Note: Google Test filter = HvfExecutor.Native*
[==========] Running 1 test from 1 test suite.
[----------] 1 test from HvfExecutor
[ RUN      ] HvfExecutor.NativeIntelCancellationAndCompletionFailureAllowRetry
[       OK ] HvfExecutor.NativeIntelCancellationAndCompletionFailureAllowRetry (272 ms)
[----------] 1 test from HvfExecutor (272 ms total)

[==========] 1 test from 1 test suite ran. (272 ms total)
[  PASSED  ] 1 test.

Repeating all tests (iteration 163) . . .

Note: Google Test filter = HvfExecutor.Native*
[==========] Running 1 test from 1 test suite.
[----------] 1 test from HvfExecutor
[ RUN      ] HvfExecutor.NativeIntelCancellationAndCompletionFailureAllowRetry
[       OK ] HvfExecutor.NativeIntelCancellationAndCompletionFailureAllowRetry (128 ms)
[----------] 1 test from HvfExecutor (128 ms total)

[==========] 1 test from 1 test suite ran. (128 ms total)
[  PASSED  ] 1 test.

Repeating all tests (iteration 164) . . .

Note: Google Test filter = HvfExecutor.Native*
[==========] Running 1 test from 1 test suite.
[----------] 1 test from HvfExecutor
[ RUN      ] HvfExecutor.NativeIntelCancellationAndCompletionFailureAllowRetry
[       OK ] HvfExecutor.NativeIntelCancellationAndCompletionFailureAllowRetry (309 ms)
[----------] 1 test from HvfExecutor (309 ms total)

[==========] 1 test from 1 test suite ran. (309 ms total)
[  PASSED  ] 1 test.

Repeating all tests (iteration 165) . . .

Note: Google Test filter = HvfExecutor.Native*
[==========] Running 1 test from 1 test suite.
[----------] 1 test from HvfExecutor
[ RUN      ] HvfExecutor.NativeIntelCancellationAndCompletionFailureAllowRetry
[       OK ] HvfExecutor.NativeIntelCancellationAndCompletionFailureAllowRetry (241 ms)
[----------] 1 test from HvfExecutor (241 ms total)

[==========] 1 test from 1 test suite ran. (241 ms total)
[  PASSED  ] 1 test.

Repeating all tests (iteration 166) . . .

Note: Google Test filter = HvfExecutor.Native*
[==========] Running 1 test from 1 test suite.
[----------] 1 test from HvfExecutor
[ RUN      ] HvfExecutor.NativeIntelCancellationAndCompletionFailureAllowRetry
[       OK ] HvfExecutor.NativeIntelCancellationAndCompletionFailureAllowRetry (148 ms)
[----------] 1 test from HvfExecutor (148 ms total)

[==========] 1 test from 1 test suite ran. (149 ms total)
[  PASSED  ] 1 test.

Repeating all tests (iteration 167) . . .

Note: Google Test filter = HvfExecutor.Native*
[==========] Running 1 test from 1 test suite.
[----------] 1 test from HvfExecutor
[ RUN      ] HvfExecutor.NativeIntelCancellationAndCompletionFailureAllowRetry
[       OK ] HvfExecutor.NativeIntelCancellationAndCompletionFailureAllowRetry (283 ms)
[----------] 1 test from HvfExecutor (284 ms total)

[==========] 1 test from 1 test suite ran. (284 ms total)
[  PASSED  ] 1 test.

Repeating all tests (iteration 168) . . .

Note: Google Test filter = HvfExecutor.Native*
[==========] Running 1 test from 1 test suite.
[----------] 1 test from HvfExecutor
[ RUN      ] HvfExecutor.NativeIntelCancellationAndCompletionFailureAllowRetry
[       OK ] HvfExecutor.NativeIntelCancellationAndCompletionFailureAllowRetry (368 ms)
[----------] 1 test from HvfExecutor (369 ms total)

[==========] 1 test from 1 test suite ran. (369 ms total)
[  PASSED  ] 1 test.

Repeating all tests (iteration 169) . . .

Note: Google Test filter = HvfExecutor.Native*
[==========] Running 1 test from 1 test suite.
[----------] 1 test from HvfExecutor
[ RUN      ] HvfExecutor.NativeIntelCancellationAndCompletionFailureAllowRetry
[       OK ] HvfExecutor.NativeIntelCancellationAndCompletionFailureAllowRetry (345 ms)
[----------] 1 test from HvfExecutor (345 ms total)

[==========] 1 test from 1 test suite ran. (345 ms total)
[  PASSED  ] 1 test.

Repeating all tests (iteration 170) . . .

Note: Google Test filter = HvfExecutor.Native*
[==========] Running 1 test from 1 test suite.
[----------] 1 test from HvfExecutor
[ RUN      ] HvfExecutor.NativeIntelCancellationAndCompletionFailureAllowRetry
[       OK ] HvfExecutor.NativeIntelCancellationAndCompletionFailureAllowRetry (231 ms)
[----------] 1 test from HvfExecutor (231 ms total)

[==========] 1 test from 1 test suite ran. (231 ms total)
[  PASSED  ] 1 test.

Repeating all tests (iteration 171) . . .

Note: Google Test filter = HvfExecutor.Native*
[==========] Running 1 test from 1 test suite.
[----------] 1 test from HvfExecutor
[ RUN      ] HvfExecutor.NativeIntelCancellationAndCompletionFailureAllowRetry
[       OK ] HvfExecutor.NativeIntelCancellationAndCompletionFailureAllowRetry (209 ms)
[----------] 1 test from HvfExecutor (209 ms total)

[==========] 1 test from 1 test suite ran. (210 ms total)
[  PASSED  ] 1 test.

Repeating all tests (iteration 172) . . .

Note: Google Test filter = HvfExecutor.Native*
[==========] Running 1 test from 1 test suite.
[----------] 1 test from HvfExecutor
[ RUN      ] HvfExecutor.NativeIntelCancellationAndCompletionFailureAllowRetry
[       OK ] HvfExecutor.NativeIntelCancellationAndCompletionFailureAllowRetry (305 ms)
[----------] 1 test from HvfExecutor (305 ms total)

[==========] 1 test from 1 test suite ran. (305 ms total)
[  PASSED  ] 1 test.

Repeating all tests (iteration 173) . . .

Note: Google Test filter = HvfExecutor.Native*
[==========] Running 1 test from 1 test suite.
[----------] 1 test from HvfExecutor
[ RUN      ] HvfExecutor.NativeIntelCancellationAndCompletionFailureAllowRetry
[       OK ] HvfExecutor.NativeIntelCancellationAndCompletionFailureAllowRetry (217 ms)
[----------] 1 test from HvfExecutor (217 ms total)

[==========] 1 test from 1 test suite ran. (217 ms total)
[  PASSED  ] 1 test.

Repeating all tests (iteration 174) . . .

Note: Google Test filter = HvfExecutor.Native*
[==========] Running 1 test from 1 test suite.
[----------] 1 test from HvfExecutor
[ RUN      ] HvfExecutor.NativeIntelCancellationAndCompletionFailureAllowRetry
[       OK ] HvfExecutor.NativeIntelCancellationAndCompletionFailureAllowRetry (185 ms)
[----------] 1 test from HvfExecutor (185 ms total)

[==========] 1 test from 1 test suite ran. (185 ms total)
[  PASSED  ] 1 test.

Repeating all tests (iteration 175) . . .

Note: Google Test filter = HvfExecutor.Native*
[==========] Running 1 test from 1 test suite.
[----------] 1 test from HvfExecutor
[ RUN      ] HvfExecutor.NativeIntelCancellationAndCompletionFailureAllowRetry
[       OK ] HvfExecutor.NativeIntelCancellationAndCompletionFailureAllowRetry (143 ms)
[----------] 1 test from HvfExecutor (143 ms total)

[==========] 1 test from 1 test suite ran. (143 ms total)
[  PASSED  ] 1 test.

Repeating all tests (iteration 176) . . .

Note: Google Test filter = HvfExecutor.Native*
[==========] Running 1 test from 1 test suite.
[----------] 1 test from HvfExecutor
[ RUN      ] HvfExecutor.NativeIntelCancellationAndCompletionFailureAllowRetry
