Running main() from /Users/runner/work/test_mac_intel/test_mac_intel/source/build-hvf/_deps/googletest-src/googletest/src/gtest_main.cc

Repeating all tests (iteration 1) . . .

Note: Google Test filter = HvfIntelHandoff.FailureControls
[==========] Running 1 test from 1 test suite.
[----------] Global test environment set-up.
[----------] 1 test from HvfIntelHandoff
[ RUN      ] HvfIntelHandoff.FailureControls
INTEL_HANDOFF_CONTROL case=replacement phase=begin
INTEL_HANDOFF_CONTROL case=replacement phase=state_checked
INTEL_HANDOFF_CONTROL case=replacement phase=cleanup_end
INTEL_HANDOFF_CONTROL case=old_destroy phase=begin
INTEL_HANDOFF_CONTROL case=old_destroy phase=state_checked
INTEL_HANDOFF_CONTROL case=old_destroy phase=cleanup_end
INTEL_HANDOFF_CONTROL case=new_create phase=begin
INTEL_HANDOFF_CONTROL case=new_create phase=state_checked
INTEL_HANDOFF_CONTROL case=new_create phase=cleanup_end
[       OK ] HvfIntelHandoff.FailureControls (4 ms)
[----------] 1 test from HvfIntelHandoff (4 ms total)

[==========] 1 test from 1 test suite ran. (4 ms total)
[  PASSED  ] 1 test.

Repeating all tests (iteration 2) . . .

Note: Google Test filter = HvfIntelHandoff.FailureControls
[==========] Running 1 test from 1 test suite.
[----------] 1 test from HvfIntelHandoff
[ RUN      ] HvfIntelHandoff.FailureControls
INTEL_HANDOFF_CONTROL case=replacement phase=begin
INTEL_HANDOFF_CONTROL case=replacement phase=state_checked
INTEL_HANDOFF_CONTROL case=replacement phase=cleanup_end
INTEL_HANDOFF_CONTROL case=old_destroy phase=begin
INTEL_HANDOFF_CONTROL case=old_destroy phase=state_checked
INTEL_HANDOFF_CONTROL case=old_destroy phase=cleanup_end
INTEL_HANDOFF_CONTROL case=new_create phase=begin
INTEL_HANDOFF_CONTROL case=new_create phase=state_checked
INTEL_HANDOFF_CONTROL case=new_create phase=cleanup_end
[       OK ] HvfIntelHandoff.FailureControls (4 ms)
[----------] 1 test from HvfIntelHandoff (4 ms total)

[==========] 1 test from 1 test suite ran. (4 ms total)
[  PASSED  ] 1 test.

Repeating all tests (iteration 3) . . .

Note: Google Test filter = HvfIntelHandoff.FailureControls
[==========] Running 1 test from 1 test suite.
[----------] 1 test from HvfIntelHandoff
[ RUN      ] HvfIntelHandoff.FailureControls
INTEL_HANDOFF_CONTROL case=replacement phase=begin
INTEL_HANDOFF_CONTROL case=replacement phase=state_checked
INTEL_HANDOFF_CONTROL case=replacement phase=cleanup_end
INTEL_HANDOFF_CONTROL case=old_destroy phase=begin
INTEL_HANDOFF_CONTROL case=old_destroy phase=state_checked
INTEL_HANDOFF_CONTROL case=old_destroy phase=cleanup_end
INTEL_HANDOFF_CONTROL case=new_create phase=begin
INTEL_HANDOFF_CONTROL case=new_create phase=state_checked
INTEL_HANDOFF_CONTROL case=new_create phase=cleanup_end
[       OK ] HvfIntelHandoff.FailureControls (4 ms)
[----------] 1 test from HvfIntelHandoff (4 ms total)

[==========] 1 test from 1 test suite ran. (4 ms total)
[  PASSED  ] 1 test.

Repeating all tests (iteration 4) . . .

Note: Google Test filter = HvfIntelHandoff.FailureControls
[==========] Running 1 test from 1 test suite.
[----------] 1 test from HvfIntelHandoff
[ RUN      ] HvfIntelHandoff.FailureControls
INTEL_HANDOFF_CONTROL case=replacement phase=begin
INTEL_HANDOFF_CONTROL case=replacement phase=state_checked
INTEL_HANDOFF_CONTROL case=replacement phase=cleanup_end
INTEL_HANDOFF_CONTROL case=old_destroy phase=begin
INTEL_HANDOFF_CONTROL case=old_destroy phase=state_checked
INTEL_HANDOFF_CONTROL case=old_destroy phase=cleanup_end
INTEL_HANDOFF_CONTROL case=new_create phase=begin
INTEL_HANDOFF_CONTROL case=new_create phase=state_checked
INTEL_HANDOFF_CONTROL case=new_create phase=cleanup_end
[       OK ] HvfIntelHandoff.FailureControls (4 ms)
[----------] 1 test from HvfIntelHandoff (4 ms total)

[==========] 1 test from 1 test suite ran. (4 ms total)
[  PASSED  ] 1 test.

Repeating all tests (iteration 5) . . .

Note: Google Test filter = HvfIntelHandoff.FailureControls
[==========] Running 1 test from 1 test suite.
[----------] 1 test from HvfIntelHandoff
[ RUN      ] HvfIntelHandoff.FailureControls
INTEL_HANDOFF_CONTROL case=replacement phase=begin
INTEL_HANDOFF_CONTROL case=replacement phase=state_checked
INTEL_HANDOFF_CONTROL case=replacement phase=cleanup_end
INTEL_HANDOFF_CONTROL case=old_destroy phase=begin
INTEL_HANDOFF_CONTROL case=old_destroy phase=state_checked
INTEL_HANDOFF_CONTROL case=old_destroy phase=cleanup_end
INTEL_HANDOFF_CONTROL case=new_create phase=begin
INTEL_HANDOFF_CONTROL case=new_create phase=state_checked
INTEL_HANDOFF_CONTROL case=new_create phase=cleanup_end
[       OK ] HvfIntelHandoff.FailureControls (4 ms)
[----------] 1 test from HvfIntelHandoff (4 ms total)

[==========] 1 test from 1 test suite ran. (4 ms total)
[  PASSED  ] 1 test.

Repeating all tests (iteration 6) . . .

Note: Google Test filter = HvfIntelHandoff.FailureControls
[==========] Running 1 test from 1 test suite.
[----------] 1 test from HvfIntelHandoff
[ RUN      ] HvfIntelHandoff.FailureControls
INTEL_HANDOFF_CONTROL case=replacement phase=begin
INTEL_HANDOFF_CONTROL case=replacement phase=state_checked
INTEL_HANDOFF_CONTROL case=replacement phase=cleanup_end
INTEL_HANDOFF_CONTROL case=old_destroy phase=begin
INTEL_HANDOFF_CONTROL case=old_destroy phase=state_checked
INTEL_HANDOFF_CONTROL case=old_destroy phase=cleanup_end
INTEL_HANDOFF_CONTROL case=new_create phase=begin
INTEL_HANDOFF_CONTROL case=new_create phase=state_checked
INTEL_HANDOFF_CONTROL case=new_create phase=cleanup_end
[       OK ] HvfIntelHandoff.FailureControls (4 ms)
[----------] 1 test from HvfIntelHandoff (4 ms total)

[==========] 1 test from 1 test suite ran. (4 ms total)
[  PASSED  ] 1 test.

Repeating all tests (iteration 7) . . .

Note: Google Test filter = HvfIntelHandoff.FailureControls
[==========] Running 1 test from 1 test suite.
[----------] 1 test from HvfIntelHandoff
[ RUN      ] HvfIntelHandoff.FailureControls
INTEL_HANDOFF_CONTROL case=replacement phase=begin
INTEL_HANDOFF_CONTROL case=replacement phase=state_checked
INTEL_HANDOFF_CONTROL case=replacement phase=cleanup_end
INTEL_HANDOFF_CONTROL case=old_destroy phase=begin
INTEL_HANDOFF_CONTROL case=old_destroy phase=state_checked
INTEL_HANDOFF_CONTROL case=old_destroy phase=cleanup_end
INTEL_HANDOFF_CONTROL case=new_create phase=begin
INTEL_HANDOFF_CONTROL case=new_create phase=state_checked
INTEL_HANDOFF_CONTROL case=new_create phase=cleanup_end
[       OK ] HvfIntelHandoff.FailureControls (4 ms)
[----------] 1 test from HvfIntelHandoff (4 ms total)

[==========] 1 test from 1 test suite ran. (4 ms total)
[  PASSED  ] 1 test.

Repeating all tests (iteration 8) . . .

Note: Google Test filter = HvfIntelHandoff.FailureControls
[==========] Running 1 test from 1 test suite.
[----------] 1 test from HvfIntelHandoff
[ RUN      ] HvfIntelHandoff.FailureControls
INTEL_HANDOFF_CONTROL case=replacement phase=begin
INTEL_HANDOFF_CONTROL case=replacement phase=state_checked
INTEL_HANDOFF_CONTROL case=replacement phase=cleanup_end
INTEL_HANDOFF_CONTROL case=old_destroy phase=begin
INTEL_HANDOFF_CONTROL case=old_destroy phase=state_checked
INTEL_HANDOFF_CONTROL case=old_destroy phase=cleanup_end
INTEL_HANDOFF_CONTROL case=new_create phase=begin
INTEL_HANDOFF_CONTROL case=new_create phase=state_checked
INTEL_HANDOFF_CONTROL case=new_create phase=cleanup_end
[       OK ] HvfIntelHandoff.FailureControls (4 ms)
[----------] 1 test from HvfIntelHandoff (4 ms total)

[==========] 1 test from 1 test suite ran. (4 ms total)
[  PASSED  ] 1 test.

Repeating all tests (iteration 9) . . .

Note: Google Test filter = HvfIntelHandoff.FailureControls
[==========] Running 1 test from 1 test suite.
[----------] 1 test from HvfIntelHandoff
[ RUN      ] HvfIntelHandoff.FailureControls
INTEL_HANDOFF_CONTROL case=replacement phase=begin
INTEL_HANDOFF_CONTROL case=replacement phase=state_checked
INTEL_HANDOFF_CONTROL case=replacement phase=cleanup_end
INTEL_HANDOFF_CONTROL case=old_destroy phase=begin
INTEL_HANDOFF_CONTROL case=old_destroy phase=state_checked
INTEL_HANDOFF_CONTROL case=old_destroy phase=cleanup_end
INTEL_HANDOFF_CONTROL case=new_create phase=begin
INTEL_HANDOFF_CONTROL case=new_create phase=state_checked
INTEL_HANDOFF_CONTROL case=new_create phase=cleanup_end
[       OK ] HvfIntelHandoff.FailureControls (4 ms)
[----------] 1 test from HvfIntelHandoff (4 ms total)

[==========] 1 test from 1 test suite ran. (4 ms total)
[  PASSED  ] 1 test.

Repeating all tests (iteration 10) . . .

Note: Google Test filter = HvfIntelHandoff.FailureControls
[==========] Running 1 test from 1 test suite.
[----------] 1 test from HvfIntelHandoff
[ RUN      ] HvfIntelHandoff.FailureControls
INTEL_HANDOFF_CONTROL case=replacement phase=begin
INTEL_HANDOFF_CONTROL case=replacement phase=state_checked
INTEL_HANDOFF_CONTROL case=replacement phase=cleanup_end
INTEL_HANDOFF_CONTROL case=old_destroy phase=begin
INTEL_HANDOFF_CONTROL case=old_destroy phase=state_checked
INTEL_HANDOFF_CONTROL case=old_destroy phase=cleanup_end
INTEL_HANDOFF_CONTROL case=new_create phase=begin
INTEL_HANDOFF_CONTROL case=new_create phase=state_checked
INTEL_HANDOFF_CONTROL case=new_create phase=cleanup_end
[       OK ] HvfIntelHandoff.FailureControls (4 ms)
[----------] 1 test from HvfIntelHandoff (4 ms total)

[==========] 1 test from 1 test suite ran. (4 ms total)
[  PASSED  ] 1 test.

Repeating all tests (iteration 11) . . .

Note: Google Test filter = HvfIntelHandoff.FailureControls
[==========] Running 1 test from 1 test suite.
[----------] 1 test from HvfIntelHandoff
[ RUN      ] HvfIntelHandoff.FailureControls
INTEL_HANDOFF_CONTROL case=replacement phase=begin
INTEL_HANDOFF_CONTROL case=replacement phase=state_checked
INTEL_HANDOFF_CONTROL case=replacement phase=cleanup_end
INTEL_HANDOFF_CONTROL case=old_destroy phase=begin
INTEL_HANDOFF_CONTROL case=old_destroy phase=state_checked
INTEL_HANDOFF_CONTROL case=old_destroy phase=cleanup_end
INTEL_HANDOFF_CONTROL case=new_create phase=begin
INTEL_HANDOFF_CONTROL case=new_create phase=state_checked
INTEL_HANDOFF_CONTROL case=new_create phase=cleanup_end
[       OK ] HvfIntelHandoff.FailureControls (4 ms)
[----------] 1 test from HvfIntelHandoff (4 ms total)

[==========] 1 test from 1 test suite ran. (4 ms total)
[  PASSED  ] 1 test.

Repeating all tests (iteration 12) . . .

Note: Google Test filter = HvfIntelHandoff.FailureControls
[==========] Running 1 test from 1 test suite.
[----------] 1 test from HvfIntelHandoff
[ RUN      ] HvfIntelHandoff.FailureControls
INTEL_HANDOFF_CONTROL case=replacement phase=begin
INTEL_HANDOFF_CONTROL case=replacement phase=state_checked
INTEL_HANDOFF_CONTROL case=replacement phase=cleanup_end
INTEL_HANDOFF_CONTROL case=old_destroy phase=begin
INTEL_HANDOFF_CONTROL case=old_destroy phase=state_checked
INTEL_HANDOFF_CONTROL case=old_destroy phase=cleanup_end
INTEL_HANDOFF_CONTROL case=new_create phase=begin
INTEL_HANDOFF_CONTROL case=new_create phase=state_checked
INTEL_HANDOFF_CONTROL case=new_create phase=cleanup_end
[       OK ] HvfIntelHandoff.FailureControls (3 ms)
[----------] 1 test from HvfIntelHandoff (3 ms total)

[==========] 1 test from 1 test suite ran. (3 ms total)
[  PASSED  ] 1 test.

Repeating all tests (iteration 13) . . .

Note: Google Test filter = HvfIntelHandoff.FailureControls
[==========] Running 1 test from 1 test suite.
[----------] 1 test from HvfIntelHandoff
[ RUN      ] HvfIntelHandoff.FailureControls
INTEL_HANDOFF_CONTROL case=replacement phase=begin
INTEL_HANDOFF_CONTROL case=replacement phase=state_checked
INTEL_HANDOFF_CONTROL case=replacement phase=cleanup_end
INTEL_HANDOFF_CONTROL case=old_destroy phase=begin
INTEL_HANDOFF_CONTROL case=old_destroy phase=state_checked
INTEL_HANDOFF_CONTROL case=old_destroy phase=cleanup_end
INTEL_HANDOFF_CONTROL case=new_create phase=begin
INTEL_HANDOFF_CONTROL case=new_create phase=state_checked
INTEL_HANDOFF_CONTROL case=new_create phase=cleanup_end
[       OK ] HvfIntelHandoff.FailureControls (3 ms)
[----------] 1 test from HvfIntelHandoff (3 ms total)

[==========] 1 test from 1 test suite ran. (3 ms total)
[  PASSED  ] 1 test.

Repeating all tests (iteration 14) . . .

Note: Google Test filter = HvfIntelHandoff.FailureControls
[==========] Running 1 test from 1 test suite.
[----------] 1 test from HvfIntelHandoff
[ RUN      ] HvfIntelHandoff.FailureControls
INTEL_HANDOFF_CONTROL case=replacement phase=begin
INTEL_HANDOFF_CONTROL case=replacement phase=state_checked
INTEL_HANDOFF_CONTROL case=replacement phase=cleanup_end
INTEL_HANDOFF_CONTROL case=old_destroy phase=begin
INTEL_HANDOFF_CONTROL case=old_destroy phase=state_checked
INTEL_HANDOFF_CONTROL case=old_destroy phase=cleanup_end
INTEL_HANDOFF_CONTROL case=new_create phase=begin
INTEL_HANDOFF_CONTROL case=new_create phase=state_checked
INTEL_HANDOFF_CONTROL case=new_create phase=cleanup_end
[       OK ] HvfIntelHandoff.FailureControls (4 ms)
[----------] 1 test from HvfIntelHandoff (4 ms total)

[==========] 1 test from 1 test suite ran. (4 ms total)
[  PASSED  ] 1 test.

Repeating all tests (iteration 15) . . .

Note: Google Test filter = HvfIntelHandoff.FailureControls
[==========] Running 1 test from 1 test suite.
[----------] 1 test from HvfIntelHandoff
[ RUN      ] HvfIntelHandoff.FailureControls
INTEL_HANDOFF_CONTROL case=replacement phase=begin
INTEL_HANDOFF_CONTROL case=replacement phase=state_checked
INTEL_HANDOFF_CONTROL case=replacement phase=cleanup_end
INTEL_HANDOFF_CONTROL case=old_destroy phase=begin
INTEL_HANDOFF_CONTROL case=old_destroy phase=state_checked
INTEL_HANDOFF_CONTROL case=old_destroy phase=cleanup_end
INTEL_HANDOFF_CONTROL case=new_create phase=begin
INTEL_HANDOFF_CONTROL case=new_create phase=state_checked
INTEL_HANDOFF_CONTROL case=new_create phase=cleanup_end
[       OK ] HvfIntelHandoff.FailureControls (4 ms)
[----------] 1 test from HvfIntelHandoff (4 ms total)

[==========] 1 test from 1 test suite ran. (4 ms total)
[  PASSED  ] 1 test.

Repeating all tests (iteration 16) . . .

Note: Google Test filter = HvfIntelHandoff.FailureControls
[==========] Running 1 test from 1 test suite.
[----------] 1 test from HvfIntelHandoff
[ RUN      ] HvfIntelHandoff.FailureControls
INTEL_HANDOFF_CONTROL case=replacement phase=begin
INTEL_HANDOFF_CONTROL case=replacement phase=state_checked
INTEL_HANDOFF_CONTROL case=replacement phase=cleanup_end
INTEL_HANDOFF_CONTROL case=old_destroy phase=begin
INTEL_HANDOFF_CONTROL case=old_destroy phase=state_checked
INTEL_HANDOFF_CONTROL case=old_destroy phase=cleanup_end
INTEL_HANDOFF_CONTROL case=new_create phase=begin
INTEL_HANDOFF_CONTROL case=new_create phase=state_checked
INTEL_HANDOFF_CONTROL case=new_create phase=cleanup_end
[       OK ] HvfIntelHandoff.FailureControls (4 ms)
[----------] 1 test from HvfIntelHandoff (4 ms total)

[==========] 1 test from 1 test suite ran. (4 ms total)
[  PASSED  ] 1 test.

Repeating all tests (iteration 17) . . .

Note: Google Test filter = HvfIntelHandoff.FailureControls
[==========] Running 1 test from 1 test suite.
[----------] 1 test from HvfIntelHandoff
[ RUN      ] HvfIntelHandoff.FailureControls
INTEL_HANDOFF_CONTROL case=replacement phase=begin
INTEL_HANDOFF_CONTROL case=replacement phase=state_checked
INTEL_HANDOFF_CONTROL case=replacement phase=cleanup_end
INTEL_HANDOFF_CONTROL case=old_destroy phase=begin
INTEL_HANDOFF_CONTROL case=old_destroy phase=state_checked
INTEL_HANDOFF_CONTROL case=old_destroy phase=cleanup_end
INTEL_HANDOFF_CONTROL case=new_create phase=begin
INTEL_HANDOFF_CONTROL case=new_create phase=state_checked
INTEL_HANDOFF_CONTROL case=new_create phase=cleanup_end
[       OK ] HvfIntelHandoff.FailureControls (4 ms)
[----------] 1 test from HvfIntelHandoff (4 ms total)

[==========] 1 test from 1 test suite ran. (4 ms total)
[  PASSED  ] 1 test.

Repeating all tests (iteration 18) . . .

Note: Google Test filter = HvfIntelHandoff.FailureControls
[==========] Running 1 test from 1 test suite.
[----------] 1 test from HvfIntelHandoff
[ RUN      ] HvfIntelHandoff.FailureControls
INTEL_HANDOFF_CONTROL case=replacement phase=begin
INTEL_HANDOFF_CONTROL case=replacement phase=state_checked
INTEL_HANDOFF_CONTROL case=replacement phase=cleanup_end
INTEL_HANDOFF_CONTROL case=old_destroy phase=begin
INTEL_HANDOFF_CONTROL case=old_destroy phase=state_checked
INTEL_HANDOFF_CONTROL case=old_destroy phase=cleanup_end
INTEL_HANDOFF_CONTROL case=new_create phase=begin
INTEL_HANDOFF_CONTROL case=new_create phase=state_checked
INTEL_HANDOFF_CONTROL case=new_create phase=cleanup_end
[       OK ] HvfIntelHandoff.FailureControls (5 ms)
[----------] 1 test from HvfIntelHandoff (5 ms total)

[==========] 1 test from 1 test suite ran. (5 ms total)
[  PASSED  ] 1 test.

Repeating all tests (iteration 19) . . .

Note: Google Test filter = HvfIntelHandoff.FailureControls
[==========] Running 1 test from 1 test suite.
[----------] 1 test from HvfIntelHandoff
[ RUN      ] HvfIntelHandoff.FailureControls
INTEL_HANDOFF_CONTROL case=replacement phase=begin
INTEL_HANDOFF_CONTROL case=replacement phase=state_checked
INTEL_HANDOFF_CONTROL case=replacement phase=cleanup_end
INTEL_HANDOFF_CONTROL case=old_destroy phase=begin
INTEL_HANDOFF_CONTROL case=old_destroy phase=state_checked
INTEL_HANDOFF_CONTROL case=old_destroy phase=cleanup_end
INTEL_HANDOFF_CONTROL case=new_create phase=begin
INTEL_HANDOFF_CONTROL case=new_create phase=state_checked
INTEL_HANDOFF_CONTROL case=new_create phase=cleanup_end
[       OK ] HvfIntelHandoff.FailureControls (4 ms)
[----------] 1 test from HvfIntelHandoff (4 ms total)

[==========] 1 test from 1 test suite ran. (4 ms total)
[  PASSED  ] 1 test.

Repeating all tests (iteration 20) . . .

Note: Google Test filter = HvfIntelHandoff.FailureControls
[==========] Running 1 test from 1 test suite.
[----------] 1 test from HvfIntelHandoff
[ RUN      ] HvfIntelHandoff.FailureControls
INTEL_HANDOFF_CONTROL case=replacement phase=begin
INTEL_HANDOFF_CONTROL case=replacement phase=state_checked
INTEL_HANDOFF_CONTROL case=replacement phase=cleanup_end
INTEL_HANDOFF_CONTROL case=old_destroy phase=begin
INTEL_HANDOFF_CONTROL case=old_destroy phase=state_checked
INTEL_HANDOFF_CONTROL case=old_destroy phase=cleanup_end
INTEL_HANDOFF_CONTROL case=new_create phase=begin
INTEL_HANDOFF_CONTROL case=new_create phase=state_checked
INTEL_HANDOFF_CONTROL case=new_create phase=cleanup_end
[       OK ] HvfIntelHandoff.FailureControls (4 ms)
[----------] 1 test from HvfIntelHandoff (4 ms total)

[==========] 1 test from 1 test suite ran. (4 ms total)
[  PASSED  ] 1 test.

Repeating all tests (iteration 21) . . .

Note: Google Test filter = HvfIntelHandoff.FailureControls
[==========] Running 1 test from 1 test suite.
[----------] 1 test from HvfIntelHandoff
[ RUN      ] HvfIntelHandoff.FailureControls
INTEL_HANDOFF_CONTROL case=replacement phase=begin
INTEL_HANDOFF_CONTROL case=replacement phase=state_checked
INTEL_HANDOFF_CONTROL case=replacement phase=cleanup_end
INTEL_HANDOFF_CONTROL case=old_destroy phase=begin
INTEL_HANDOFF_CONTROL case=old_destroy phase=state_checked
INTEL_HANDOFF_CONTROL case=old_destroy phase=cleanup_end
INTEL_HANDOFF_CONTROL case=new_create phase=begin
INTEL_HANDOFF_CONTROL case=new_create phase=state_checked
INTEL_HANDOFF_CONTROL case=new_create phase=cleanup_end
[       OK ] HvfIntelHandoff.FailureControls (4 ms)
[----------] 1 test from HvfIntelHandoff (4 ms total)

[==========] 1 test from 1 test suite ran. (4 ms total)
[  PASSED  ] 1 test.

Repeating all tests (iteration 22) . . .

Note: Google Test filter = HvfIntelHandoff.FailureControls
[==========] Running 1 test from 1 test suite.
[----------] 1 test from HvfIntelHandoff
[ RUN      ] HvfIntelHandoff.FailureControls
INTEL_HANDOFF_CONTROL case=replacement phase=begin
INTEL_HANDOFF_CONTROL case=replacement phase=state_checked
INTEL_HANDOFF_CONTROL case=replacement phase=cleanup_end
INTEL_HANDOFF_CONTROL case=old_destroy phase=begin
INTEL_HANDOFF_CONTROL case=old_destroy phase=state_checked
INTEL_HANDOFF_CONTROL case=old_destroy phase=cleanup_end
INTEL_HANDOFF_CONTROL case=new_create phase=begin
INTEL_HANDOFF_CONTROL case=new_create phase=state_checked
INTEL_HANDOFF_CONTROL case=new_create phase=cleanup_end
[       OK ] HvfIntelHandoff.FailureControls (3 ms)
[----------] 1 test from HvfIntelHandoff (3 ms total)

[==========] 1 test from 1 test suite ran. (4 ms total)
[  PASSED  ] 1 test.

Repeating all tests (iteration 23) . . .

Note: Google Test filter = HvfIntelHandoff.FailureControls
[==========] Running 1 test from 1 test suite.
[----------] 1 test from HvfIntelHandoff
[ RUN      ] HvfIntelHandoff.FailureControls
INTEL_HANDOFF_CONTROL case=replacement phase=begin
INTEL_HANDOFF_CONTROL case=replacement phase=state_checked
INTEL_HANDOFF_CONTROL case=replacement phase=cleanup_end
INTEL_HANDOFF_CONTROL case=old_destroy phase=begin
INTEL_HANDOFF_CONTROL case=old_destroy phase=state_checked
INTEL_HANDOFF_CONTROL case=old_destroy phase=cleanup_end
INTEL_HANDOFF_CONTROL case=new_create phase=begin
INTEL_HANDOFF_CONTROL case=new_create phase=state_checked
INTEL_HANDOFF_CONTROL case=new_create phase=cleanup_end
[       OK ] HvfIntelHandoff.FailureControls (3 ms)
[----------] 1 test from HvfIntelHandoff (3 ms total)

[==========] 1 test from 1 test suite ran. (3 ms total)
[  PASSED  ] 1 test.

Repeating all tests (iteration 24) . . .

Note: Google Test filter = HvfIntelHandoff.FailureControls
[==========] Running 1 test from 1 test suite.
[----------] 1 test from HvfIntelHandoff
[ RUN      ] HvfIntelHandoff.FailureControls
INTEL_HANDOFF_CONTROL case=replacement phase=begin
INTEL_HANDOFF_CONTROL case=replacement phase=state_checked
INTEL_HANDOFF_CONTROL case=replacement phase=cleanup_end
INTEL_HANDOFF_CONTROL case=old_destroy phase=begin
INTEL_HANDOFF_CONTROL case=old_destroy phase=state_checked
INTEL_HANDOFF_CONTROL case=old_destroy phase=cleanup_end
INTEL_HANDOFF_CONTROL case=new_create phase=begin
INTEL_HANDOFF_CONTROL case=new_create phase=state_checked
INTEL_HANDOFF_CONTROL case=new_create phase=cleanup_end
[       OK ] HvfIntelHandoff.FailureControls (3 ms)
[----------] 1 test from HvfIntelHandoff (3 ms total)

[==========] 1 test from 1 test suite ran. (3 ms total)
[  PASSED  ] 1 test.

Repeating all tests (iteration 25) . . .

Note: Google Test filter = HvfIntelHandoff.FailureControls
[==========] Running 1 test from 1 test suite.
[----------] 1 test from HvfIntelHandoff
[ RUN      ] HvfIntelHandoff.FailureControls
INTEL_HANDOFF_CONTROL case=replacement phase=begin
INTEL_HANDOFF_CONTROL case=replacement phase=state_checked
INTEL_HANDOFF_CONTROL case=replacement phase=cleanup_end
INTEL_HANDOFF_CONTROL case=old_destroy phase=begin
INTEL_HANDOFF_CONTROL case=old_destroy phase=state_checked
INTEL_HANDOFF_CONTROL case=old_destroy phase=cleanup_end
INTEL_HANDOFF_CONTROL case=new_create phase=begin
INTEL_HANDOFF_CONTROL case=new_create phase=state_checked
INTEL_HANDOFF_CONTROL case=new_create phase=cleanup_end
[       OK ] HvfIntelHandoff.FailureControls (3 ms)
[----------] 1 test from HvfIntelHandoff (3 ms total)

[==========] 1 test from 1 test suite ran. (3 ms total)
[  PASSED  ] 1 test.

Repeating all tests (iteration 26) . . .

Note: Google Test filter = HvfIntelHandoff.FailureControls
[==========] Running 1 test from 1 test suite.
[----------] 1 test from HvfIntelHandoff
[ RUN      ] HvfIntelHandoff.FailureControls
INTEL_HANDOFF_CONTROL case=replacement phase=begin
INTEL_HANDOFF_CONTROL case=replacement phase=state_checked
INTEL_HANDOFF_CONTROL case=replacement phase=cleanup_end
INTEL_HANDOFF_CONTROL case=old_destroy phase=begin
INTEL_HANDOFF_CONTROL case=old_destroy phase=state_checked
INTEL_HANDOFF_CONTROL case=old_destroy phase=cleanup_end
INTEL_HANDOFF_CONTROL case=new_create phase=begin
INTEL_HANDOFF_CONTROL case=new_create phase=state_checked
INTEL_HANDOFF_CONTROL case=new_create phase=cleanup_end
[       OK ] HvfIntelHandoff.FailureControls (3 ms)
[----------] 1 test from HvfIntelHandoff (3 ms total)

[==========] 1 test from 1 test suite ran. (3 ms total)
[  PASSED  ] 1 test.

Repeating all tests (iteration 27) . . .

Note: Google Test filter = HvfIntelHandoff.FailureControls
[==========] Running 1 test from 1 test suite.
[----------] 1 test from HvfIntelHandoff
[ RUN      ] HvfIntelHandoff.FailureControls
INTEL_HANDOFF_CONTROL case=replacement phase=begin
INTEL_HANDOFF_CONTROL case=replacement phase=state_checked
INTEL_HANDOFF_CONTROL case=replacement phase=cleanup_end
INTEL_HANDOFF_CONTROL case=old_destroy phase=begin
INTEL_HANDOFF_CONTROL case=old_destroy phase=state_checked
INTEL_HANDOFF_CONTROL case=old_destroy phase=cleanup_end
INTEL_HANDOFF_CONTROL case=new_create phase=begin
INTEL_HANDOFF_CONTROL case=new_create phase=state_checked
INTEL_HANDOFF_CONTROL case=new_create phase=cleanup_end
[       OK ] HvfIntelHandoff.FailureControls (3 ms)
[----------] 1 test from HvfIntelHandoff (4 ms total)

[==========] 1 test from 1 test suite ran. (4 ms total)
[  PASSED  ] 1 test.

Repeating all tests (iteration 28) . . .

Note: Google Test filter = HvfIntelHandoff.FailureControls
[==========] Running 1 test from 1 test suite.
[----------] 1 test from HvfIntelHandoff
[ RUN      ] HvfIntelHandoff.FailureControls
INTEL_HANDOFF_CONTROL case=replacement phase=begin
INTEL_HANDOFF_CONTROL case=replacement phase=state_checked
INTEL_HANDOFF_CONTROL case=replacement phase=cleanup_end
INTEL_HANDOFF_CONTROL case=old_destroy phase=begin
INTEL_HANDOFF_CONTROL case=old_destroy phase=state_checked
INTEL_HANDOFF_CONTROL case=old_destroy phase=cleanup_end
INTEL_HANDOFF_CONTROL case=new_create phase=begin
INTEL_HANDOFF_CONTROL case=new_create phase=state_checked
INTEL_HANDOFF_CONTROL case=new_create phase=cleanup_end
[       OK ] HvfIntelHandoff.FailureControls (4 ms)
[----------] 1 test from HvfIntelHandoff (4 ms total)

[==========] 1 test from 1 test suite ran. (4 ms total)
[  PASSED  ] 1 test.

Repeating all tests (iteration 29) . . .

Note: Google Test filter = HvfIntelHandoff.FailureControls
[==========] Running 1 test from 1 test suite.
[----------] 1 test from HvfIntelHandoff
[ RUN      ] HvfIntelHandoff.FailureControls
INTEL_HANDOFF_CONTROL case=replacement phase=begin
INTEL_HANDOFF_CONTROL case=replacement phase=state_checked
INTEL_HANDOFF_CONTROL case=replacement phase=cleanup_end
INTEL_HANDOFF_CONTROL case=old_destroy phase=begin
INTEL_HANDOFF_CONTROL case=old_destroy phase=state_checked
INTEL_HANDOFF_CONTROL case=old_destroy phase=cleanup_end
INTEL_HANDOFF_CONTROL case=new_create phase=begin
INTEL_HANDOFF_CONTROL case=new_create phase=state_checked
INTEL_HANDOFF_CONTROL case=new_create phase=cleanup_end
[       OK ] HvfIntelHandoff.FailureControls (3 ms)
[----------] 1 test from HvfIntelHandoff (4 ms total)

[==========] 1 test from 1 test suite ran. (4 ms total)
[  PASSED  ] 1 test.

Repeating all tests (iteration 30) . . .

Note: Google Test filter = HvfIntelHandoff.FailureControls
[==========] Running 1 test from 1 test suite.
[----------] 1 test from HvfIntelHandoff
[ RUN      ] HvfIntelHandoff.FailureControls
INTEL_HANDOFF_CONTROL case=replacement phase=begin
INTEL_HANDOFF_CONTROL case=replacement phase=state_checked
INTEL_HANDOFF_CONTROL case=replacement phase=cleanup_end
INTEL_HANDOFF_CONTROL case=old_destroy phase=begin
INTEL_HANDOFF_CONTROL case=old_destroy phase=state_checked
INTEL_HANDOFF_CONTROL case=old_destroy phase=cleanup_end
INTEL_HANDOFF_CONTROL case=new_create phase=begin
INTEL_HANDOFF_CONTROL case=new_create phase=state_checked
INTEL_HANDOFF_CONTROL case=new_create phase=cleanup_end
[       OK ] HvfIntelHandoff.FailureControls (4 ms)
[----------] 1 test from HvfIntelHandoff (4 ms total)

[==========] 1 test from 1 test suite ran. (4 ms total)
[  PASSED  ] 1 test.

Repeating all tests (iteration 31) . . .

Note: Google Test filter = HvfIntelHandoff.FailureControls
[==========] Running 1 test from 1 test suite.
[----------] 1 test from HvfIntelHandoff
[ RUN      ] HvfIntelHandoff.FailureControls
INTEL_HANDOFF_CONTROL case=replacement phase=begin
INTEL_HANDOFF_CONTROL case=replacement phase=state_checked
INTEL_HANDOFF_CONTROL case=replacement phase=cleanup_end
INTEL_HANDOFF_CONTROL case=old_destroy phase=begin
INTEL_HANDOFF_CONTROL case=old_destroy phase=state_checked
INTEL_HANDOFF_CONTROL case=old_destroy phase=cleanup_end
INTEL_HANDOFF_CONTROL case=new_create phase=begin
INTEL_HANDOFF_CONTROL case=new_create phase=state_checked
INTEL_HANDOFF_CONTROL case=new_create phase=cleanup_end
[       OK ] HvfIntelHandoff.FailureControls (4 ms)
[----------] 1 test from HvfIntelHandoff (4 ms total)

[==========] 1 test from 1 test suite ran. (4 ms total)
[  PASSED  ] 1 test.

Repeating all tests (iteration 32) . . .

Note: Google Test filter = HvfIntelHandoff.FailureControls
[==========] Running 1 test from 1 test suite.
[----------] 1 test from HvfIntelHandoff
[ RUN      ] HvfIntelHandoff.FailureControls
INTEL_HANDOFF_CONTROL case=replacement phase=begin
INTEL_HANDOFF_CONTROL case=replacement phase=state_checked
INTEL_HANDOFF_CONTROL case=replacement phase=cleanup_end
INTEL_HANDOFF_CONTROL case=old_destroy phase=begin
INTEL_HANDOFF_CONTROL case=old_destroy phase=state_checked
INTEL_HANDOFF_CONTROL case=old_destroy phase=cleanup_end
INTEL_HANDOFF_CONTROL case=new_create phase=begin
INTEL_HANDOFF_CONTROL case=new_create phase=state_checked
INTEL_HANDOFF_CONTROL case=new_create phase=cleanup_end
[       OK ] HvfIntelHandoff.FailureControls (3 ms)
[----------] 1 test from HvfIntelHandoff (3 ms total)

[==========] 1 test from 1 test suite ran. (3 ms total)
[  PASSED  ] 1 test.

Repeating all tests (iteration 33) . . .

Note: Google Test filter = HvfIntelHandoff.FailureControls
[==========] Running 1 test from 1 test suite.
[----------] 1 test from HvfIntelHandoff
[ RUN      ] HvfIntelHandoff.FailureControls
INTEL_HANDOFF_CONTROL case=replacement phase=begin
INTEL_HANDOFF_CONTROL case=replacement phase=state_checked
INTEL_HANDOFF_CONTROL case=replacement phase=cleanup_end
INTEL_HANDOFF_CONTROL case=old_destroy phase=begin
INTEL_HANDOFF_CONTROL case=old_destroy phase=state_checked
INTEL_HANDOFF_CONTROL case=old_destroy phase=cleanup_end
INTEL_HANDOFF_CONTROL case=new_create phase=begin
INTEL_HANDOFF_CONTROL case=new_create phase=state_checked
INTEL_HANDOFF_CONTROL case=new_create phase=cleanup_end
[       OK ] HvfIntelHandoff.FailureControls (3 ms)
[----------] 1 test from HvfIntelHandoff (3 ms total)

[==========] 1 test from 1 test suite ran. (3 ms total)
[  PASSED  ] 1 test.

Repeating all tests (iteration 34) . . .

Note: Google Test filter = HvfIntelHandoff.FailureControls
[==========] Running 1 test from 1 test suite.
[----------] 1 test from HvfIntelHandoff
[ RUN      ] HvfIntelHandoff.FailureControls
INTEL_HANDOFF_CONTROL case=replacement phase=begin
INTEL_HANDOFF_CONTROL case=replacement phase=state_checked
INTEL_HANDOFF_CONTROL case=replacement phase=cleanup_end
INTEL_HANDOFF_CONTROL case=old_destroy phase=begin
INTEL_HANDOFF_CONTROL case=old_destroy phase=state_checked
INTEL_HANDOFF_CONTROL case=old_destroy phase=cleanup_end
INTEL_HANDOFF_CONTROL case=new_create phase=begin
INTEL_HANDOFF_CONTROL case=new_create phase=state_checked
INTEL_HANDOFF_CONTROL case=new_create phase=cleanup_end
[       OK ] HvfIntelHandoff.FailureControls (3 ms)
[----------] 1 test from HvfIntelHandoff (3 ms total)

[==========] 1 test from 1 test suite ran. (3 ms total)
[  PASSED  ] 1 test.

Repeating all tests (iteration 35) . . .

Note: Google Test filter = HvfIntelHandoff.FailureControls
[==========] Running 1 test from 1 test suite.
[----------] 1 test from HvfIntelHandoff
[ RUN      ] HvfIntelHandoff.FailureControls
INTEL_HANDOFF_CONTROL case=replacement phase=begin
INTEL_HANDOFF_CONTROL case=replacement phase=state_checked
INTEL_HANDOFF_CONTROL case=replacement phase=cleanup_end
INTEL_HANDOFF_CONTROL case=old_destroy phase=begin
INTEL_HANDOFF_CONTROL case=old_destroy phase=state_checked
INTEL_HANDOFF_CONTROL case=old_destroy phase=cleanup_end
INTEL_HANDOFF_CONTROL case=new_create phase=begin
INTEL_HANDOFF_CONTROL case=new_create phase=state_checked
INTEL_HANDOFF_CONTROL case=new_create phase=cleanup_end
[       OK ] HvfIntelHandoff.FailureControls (3 ms)
[----------] 1 test from HvfIntelHandoff (3 ms total)

[==========] 1 test from 1 test suite ran. (3 ms total)
[  PASSED  ] 1 test.

Repeating all tests (iteration 36) . . .

Note: Google Test filter = HvfIntelHandoff.FailureControls
[==========] Running 1 test from 1 test suite.
[----------] 1 test from HvfIntelHandoff
[ RUN      ] HvfIntelHandoff.FailureControls
INTEL_HANDOFF_CONTROL case=replacement phase=begin
INTEL_HANDOFF_CONTROL case=replacement phase=state_checked
INTEL_HANDOFF_CONTROL case=replacement phase=cleanup_end
INTEL_HANDOFF_CONTROL case=old_destroy phase=begin
INTEL_HANDOFF_CONTROL case=old_destroy phase=state_checked
INTEL_HANDOFF_CONTROL case=old_destroy phase=cleanup_end
INTEL_HANDOFF_CONTROL case=new_create phase=begin
INTEL_HANDOFF_CONTROL case=new_create phase=state_checked
INTEL_HANDOFF_CONTROL case=new_create phase=cleanup_end
[       OK ] HvfIntelHandoff.FailureControls (3 ms)
[----------] 1 test from HvfIntelHandoff (3 ms total)

[==========] 1 test from 1 test suite ran. (3 ms total)
[  PASSED  ] 1 test.

Repeating all tests (iteration 37) . . .

Note: Google Test filter = HvfIntelHandoff.FailureControls
[==========] Running 1 test from 1 test suite.
[----------] 1 test from HvfIntelHandoff
[ RUN      ] HvfIntelHandoff.FailureControls
INTEL_HANDOFF_CONTROL case=replacement phase=begin
INTEL_HANDOFF_CONTROL case=replacement phase=state_checked
INTEL_HANDOFF_CONTROL case=replacement phase=cleanup_end
INTEL_HANDOFF_CONTROL case=old_destroy phase=begin
INTEL_HANDOFF_CONTROL case=old_destroy phase=state_checked
INTEL_HANDOFF_CONTROL case=old_destroy phase=cleanup_end
INTEL_HANDOFF_CONTROL case=new_create phase=begin
INTEL_HANDOFF_CONTROL case=new_create phase=state_checked
INTEL_HANDOFF_CONTROL case=new_create phase=cleanup_end
[       OK ] HvfIntelHandoff.FailureControls (3 ms)
[----------] 1 test from HvfIntelHandoff (3 ms total)

[==========] 1 test from 1 test suite ran. (3 ms total)
[  PASSED  ] 1 test.

Repeating all tests (iteration 38) . . .

Note: Google Test filter = HvfIntelHandoff.FailureControls
[==========] Running 1 test from 1 test suite.
[----------] 1 test from HvfIntelHandoff
[ RUN      ] HvfIntelHandoff.FailureControls
INTEL_HANDOFF_CONTROL case=replacement phase=begin
INTEL_HANDOFF_CONTROL case=replacement phase=state_checked
INTEL_HANDOFF_CONTROL case=replacement phase=cleanup_end
INTEL_HANDOFF_CONTROL case=old_destroy phase=begin
INTEL_HANDOFF_CONTROL case=old_destroy phase=state_checked
INTEL_HANDOFF_CONTROL case=old_destroy phase=cleanup_end
INTEL_HANDOFF_CONTROL case=new_create phase=begin
INTEL_HANDOFF_CONTROL case=new_create phase=state_checked
INTEL_HANDOFF_CONTROL case=new_create phase=cleanup_end
[       OK ] HvfIntelHandoff.FailureControls (3 ms)
[----------] 1 test from HvfIntelHandoff (3 ms total)

[==========] 1 test from 1 test suite ran. (3 ms total)
[  PASSED  ] 1 test.

Repeating all tests (iteration 39) . . .

Note: Google Test filter = HvfIntelHandoff.FailureControls
[==========] Running 1 test from 1 test suite.
[----------] 1 test from HvfIntelHandoff
[ RUN      ] HvfIntelHandoff.FailureControls
INTEL_HANDOFF_CONTROL case=replacement phase=begin
INTEL_HANDOFF_CONTROL case=replacement phase=state_checked
INTEL_HANDOFF_CONTROL case=replacement phase=cleanup_end
INTEL_HANDOFF_CONTROL case=old_destroy phase=begin
INTEL_HANDOFF_CONTROL case=old_destroy phase=state_checked
INTEL_HANDOFF_CONTROL case=old_destroy phase=cleanup_end
INTEL_HANDOFF_CONTROL case=new_create phase=begin
INTEL_HANDOFF_CONTROL case=new_create phase=state_checked
INTEL_HANDOFF_CONTROL case=new_create phase=cleanup_end
[       OK ] HvfIntelHandoff.FailureControls (3 ms)
[----------] 1 test from HvfIntelHandoff (4 ms total)

[==========] 1 test from 1 test suite ran. (4 ms total)
[  PASSED  ] 1 test.

Repeating all tests (iteration 40) . . .

Note: Google Test filter = HvfIntelHandoff.FailureControls
[==========] Running 1 test from 1 test suite.
[----------] 1 test from HvfIntelHandoff
[ RUN      ] HvfIntelHandoff.FailureControls
INTEL_HANDOFF_CONTROL case=replacement phase=begin
INTEL_HANDOFF_CONTROL case=replacement phase=state_checked
INTEL_HANDOFF_CONTROL case=replacement phase=cleanup_end
INTEL_HANDOFF_CONTROL case=old_destroy phase=begin
INTEL_HANDOFF_CONTROL case=old_destroy phase=state_checked
INTEL_HANDOFF_CONTROL case=old_destroy phase=cleanup_end
INTEL_HANDOFF_CONTROL case=new_create phase=begin
INTEL_HANDOFF_CONTROL case=new_create phase=state_checked
INTEL_HANDOFF_CONTROL case=new_create phase=cleanup_end
[       OK ] HvfIntelHandoff.FailureControls (3 ms)
[----------] 1 test from HvfIntelHandoff (3 ms total)

[==========] 1 test from 1 test suite ran. (3 ms total)
[  PASSED  ] 1 test.

Repeating all tests (iteration 41) . . .

Note: Google Test filter = HvfIntelHandoff.FailureControls
[==========] Running 1 test from 1 test suite.
[----------] 1 test from HvfIntelHandoff
[ RUN      ] HvfIntelHandoff.FailureControls
INTEL_HANDOFF_CONTROL case=replacement phase=begin
INTEL_HANDOFF_CONTROL case=replacement phase=state_checked
INTEL_HANDOFF_CONTROL case=replacement phase=cleanup_end
INTEL_HANDOFF_CONTROL case=old_destroy phase=begin
INTEL_HANDOFF_CONTROL case=old_destroy phase=state_checked
INTEL_HANDOFF_CONTROL case=old_destroy phase=cleanup_end
INTEL_HANDOFF_CONTROL case=new_create phase=begin
INTEL_HANDOFF_CONTROL case=new_create phase=state_checked
INTEL_HANDOFF_CONTROL case=new_create phase=cleanup_end
[       OK ] HvfIntelHandoff.FailureControls (3 ms)
[----------] 1 test from HvfIntelHandoff (3 ms total)

[==========] 1 test from 1 test suite ran. (3 ms total)
[  PASSED  ] 1 test.

Repeating all tests (iteration 42) . . .

Note: Google Test filter = HvfIntelHandoff.FailureControls
[==========] Running 1 test from 1 test suite.
[----------] 1 test from HvfIntelHandoff
[ RUN      ] HvfIntelHandoff.FailureControls
INTEL_HANDOFF_CONTROL case=replacement phase=begin
INTEL_HANDOFF_CONTROL case=replacement phase=state_checked
INTEL_HANDOFF_CONTROL case=replacement phase=cleanup_end
INTEL_HANDOFF_CONTROL case=old_destroy phase=begin
INTEL_HANDOFF_CONTROL case=old_destroy phase=state_checked
INTEL_HANDOFF_CONTROL case=old_destroy phase=cleanup_end
INTEL_HANDOFF_CONTROL case=new_create phase=begin
INTEL_HANDOFF_CONTROL case=new_create phase=state_checked
INTEL_HANDOFF_CONTROL case=new_create phase=cleanup_end
[       OK ] HvfIntelHandoff.FailureControls (3 ms)
[----------] 1 test from HvfIntelHandoff (3 ms total)

[==========] 1 test from 1 test suite ran. (3 ms total)
[  PASSED  ] 1 test.

Repeating all tests (iteration 43) . . .

Note: Google Test filter = HvfIntelHandoff.FailureControls
[==========] Running 1 test from 1 test suite.
[----------] 1 test from HvfIntelHandoff
[ RUN      ] HvfIntelHandoff.FailureControls
INTEL_HANDOFF_CONTROL case=replacement phase=begin
INTEL_HANDOFF_CONTROL case=replacement phase=state_checked
INTEL_HANDOFF_CONTROL case=replacement phase=cleanup_end
INTEL_HANDOFF_CONTROL case=old_destroy phase=begin
INTEL_HANDOFF_CONTROL case=old_destroy phase=state_checked
INTEL_HANDOFF_CONTROL case=old_destroy phase=cleanup_end
INTEL_HANDOFF_CONTROL case=new_create phase=begin
INTEL_HANDOFF_CONTROL case=new_create phase=state_checked
INTEL_HANDOFF_CONTROL case=new_create phase=cleanup_end
[       OK ] HvfIntelHandoff.FailureControls (4 ms)
[----------] 1 test from HvfIntelHandoff (4 ms total)

[==========] 1 test from 1 test suite ran. (4 ms total)
[  PASSED  ] 1 test.

Repeating all tests (iteration 44) . . .

Note: Google Test filter = HvfIntelHandoff.FailureControls
[==========] Running 1 test from 1 test suite.
[----------] 1 test from HvfIntelHandoff
[ RUN      ] HvfIntelHandoff.FailureControls
INTEL_HANDOFF_CONTROL case=replacement phase=begin
INTEL_HANDOFF_CONTROL case=replacement phase=state_checked
INTEL_HANDOFF_CONTROL case=replacement phase=cleanup_end
INTEL_HANDOFF_CONTROL case=old_destroy phase=begin
INTEL_HANDOFF_CONTROL case=old_destroy phase=state_checked
INTEL_HANDOFF_CONTROL case=old_destroy phase=cleanup_end
INTEL_HANDOFF_CONTROL case=new_create phase=begin
INTEL_HANDOFF_CONTROL case=new_create phase=state_checked
INTEL_HANDOFF_CONTROL case=new_create phase=cleanup_end
[       OK ] HvfIntelHandoff.FailureControls (5 ms)
[----------] 1 test from HvfIntelHandoff (5 ms total)

[==========] 1 test from 1 test suite ran. (5 ms total)
[  PASSED  ] 1 test.

Repeating all tests (iteration 45) . . .

Note: Google Test filter = HvfIntelHandoff.FailureControls
[==========] Running 1 test from 1 test suite.
[----------] 1 test from HvfIntelHandoff
[ RUN      ] HvfIntelHandoff.FailureControls
INTEL_HANDOFF_CONTROL case=replacement phase=begin
INTEL_HANDOFF_CONTROL case=replacement phase=state_checked
INTEL_HANDOFF_CONTROL case=replacement phase=cleanup_end
INTEL_HANDOFF_CONTROL case=old_destroy phase=begin
INTEL_HANDOFF_CONTROL case=old_destroy phase=state_checked
INTEL_HANDOFF_CONTROL case=old_destroy phase=cleanup_end
INTEL_HANDOFF_CONTROL case=new_create phase=begin
INTEL_HANDOFF_CONTROL case=new_create phase=state_checked
INTEL_HANDOFF_CONTROL case=new_create phase=cleanup_end
[       OK ] HvfIntelHandoff.FailureControls (4 ms)
[----------] 1 test from HvfIntelHandoff (4 ms total)

[==========] 1 test from 1 test suite ran. (4 ms total)
[  PASSED  ] 1 test.

Repeating all tests (iteration 46) . . .

Note: Google Test filter = HvfIntelHandoff.FailureControls
[==========] Running 1 test from 1 test suite.
[----------] 1 test from HvfIntelHandoff
[ RUN      ] HvfIntelHandoff.FailureControls
INTEL_HANDOFF_CONTROL case=replacement phase=begin
INTEL_HANDOFF_CONTROL case=replacement phase=state_checked
INTEL_HANDOFF_CONTROL case=replacement phase=cleanup_end
INTEL_HANDOFF_CONTROL case=old_destroy phase=begin
INTEL_HANDOFF_CONTROL case=old_destroy phase=state_checked
INTEL_HANDOFF_CONTROL case=old_destroy phase=cleanup_end
INTEL_HANDOFF_CONTROL case=new_create phase=begin
INTEL_HANDOFF_CONTROL case=new_create phase=state_checked
INTEL_HANDOFF_CONTROL case=new_create phase=cleanup_end
[       OK ] HvfIntelHandoff.FailureControls (3 ms)
[----------] 1 test from HvfIntelHandoff (3 ms total)

[==========] 1 test from 1 test suite ran. (3 ms total)
[  PASSED  ] 1 test.

Repeating all tests (iteration 47) . . .

Note: Google Test filter = HvfIntelHandoff.FailureControls
[==========] Running 1 test from 1 test suite.
[----------] 1 test from HvfIntelHandoff
[ RUN      ] HvfIntelHandoff.FailureControls
INTEL_HANDOFF_CONTROL case=replacement phase=begin
INTEL_HANDOFF_CONTROL case=replacement phase=state_checked
INTEL_HANDOFF_CONTROL case=replacement phase=cleanup_end
INTEL_HANDOFF_CONTROL case=old_destroy phase=begin
INTEL_HANDOFF_CONTROL case=old_destroy phase=state_checked
INTEL_HANDOFF_CONTROL case=old_destroy phase=cleanup_end
INTEL_HANDOFF_CONTROL case=new_create phase=begin
INTEL_HANDOFF_CONTROL case=new_create phase=state_checked
INTEL_HANDOFF_CONTROL case=new_create phase=cleanup_end
[       OK ] HvfIntelHandoff.FailureControls (3 ms)
[----------] 1 test from HvfIntelHandoff (4 ms total)

[==========] 1 test from 1 test suite ran. (4 ms total)
[  PASSED  ] 1 test.

Repeating all tests (iteration 48) . . .

Note: Google Test filter = HvfIntelHandoff.FailureControls
[==========] Running 1 test from 1 test suite.
[----------] 1 test from HvfIntelHandoff
[ RUN      ] HvfIntelHandoff.FailureControls
INTEL_HANDOFF_CONTROL case=replacement phase=begin
INTEL_HANDOFF_CONTROL case=replacement phase=state_checked
INTEL_HANDOFF_CONTROL case=replacement phase=cleanup_end
INTEL_HANDOFF_CONTROL case=old_destroy phase=begin
INTEL_HANDOFF_CONTROL case=old_destroy phase=state_checked
INTEL_HANDOFF_CONTROL case=old_destroy phase=cleanup_end
INTEL_HANDOFF_CONTROL case=new_create phase=begin
INTEL_HANDOFF_CONTROL case=new_create phase=state_checked
INTEL_HANDOFF_CONTROL case=new_create phase=cleanup_end
[       OK ] HvfIntelHandoff.FailureControls (4 ms)
[----------] 1 test from HvfIntelHandoff (4 ms total)

[==========] 1 test from 1 test suite ran. (4 ms total)
[  PASSED  ] 1 test.

Repeating all tests (iteration 49) . . .

Note: Google Test filter = HvfIntelHandoff.FailureControls
[==========] Running 1 test from 1 test suite.
[----------] 1 test from HvfIntelHandoff
[ RUN      ] HvfIntelHandoff.FailureControls
INTEL_HANDOFF_CONTROL case=replacement phase=begin
INTEL_HANDOFF_CONTROL case=replacement phase=state_checked
INTEL_HANDOFF_CONTROL case=replacement phase=cleanup_end
INTEL_HANDOFF_CONTROL case=old_destroy phase=begin
INTEL_HANDOFF_CONTROL case=old_destroy phase=state_checked
INTEL_HANDOFF_CONTROL case=old_destroy phase=cleanup_end
INTEL_HANDOFF_CONTROL case=new_create phase=begin
INTEL_HANDOFF_CONTROL case=new_create phase=state_checked
INTEL_HANDOFF_CONTROL case=new_create phase=cleanup_end
[       OK ] HvfIntelHandoff.FailureControls (4 ms)
[----------] 1 test from HvfIntelHandoff (4 ms total)

[==========] 1 test from 1 test suite ran. (4 ms total)
[  PASSED  ] 1 test.

Repeating all tests (iteration 50) . . .

Note: Google Test filter = HvfIntelHandoff.FailureControls
[==========] Running 1 test from 1 test suite.
[----------] 1 test from HvfIntelHandoff
[ RUN      ] HvfIntelHandoff.FailureControls
INTEL_HANDOFF_CONTROL case=replacement phase=begin
INTEL_HANDOFF_CONTROL case=replacement phase=state_checked
INTEL_HANDOFF_CONTROL case=replacement phase=cleanup_end
INTEL_HANDOFF_CONTROL case=old_destroy phase=begin
INTEL_HANDOFF_CONTROL case=old_destroy phase=state_checked
INTEL_HANDOFF_CONTROL case=old_destroy phase=cleanup_end
INTEL_HANDOFF_CONTROL case=new_create phase=begin
INTEL_HANDOFF_CONTROL case=new_create phase=state_checked
INTEL_HANDOFF_CONTROL case=new_create phase=cleanup_end
[       OK ] HvfIntelHandoff.FailureControls (4 ms)
[----------] 1 test from HvfIntelHandoff (4 ms total)

[==========] 1 test from 1 test suite ran. (4 ms total)
[  PASSED  ] 1 test.

Repeating all tests (iteration 51) . . .

Note: Google Test filter = HvfIntelHandoff.FailureControls
[==========] Running 1 test from 1 test suite.
[----------] 1 test from HvfIntelHandoff
[ RUN      ] HvfIntelHandoff.FailureControls
INTEL_HANDOFF_CONTROL case=replacement phase=begin
INTEL_HANDOFF_CONTROL case=replacement phase=state_checked
INTEL_HANDOFF_CONTROL case=replacement phase=cleanup_end
INTEL_HANDOFF_CONTROL case=old_destroy phase=begin
INTEL_HANDOFF_CONTROL case=old_destroy phase=state_checked
INTEL_HANDOFF_CONTROL case=old_destroy phase=cleanup_end
INTEL_HANDOFF_CONTROL case=new_create phase=begin
INTEL_HANDOFF_CONTROL case=new_create phase=state_checked
INTEL_HANDOFF_CONTROL case=new_create phase=cleanup_end
[       OK ] HvfIntelHandoff.FailureControls (3 ms)
[----------] 1 test from HvfIntelHandoff (3 ms total)

[==========] 1 test from 1 test suite ran. (3 ms total)
[  PASSED  ] 1 test.

Repeating all tests (iteration 52) . . .

Note: Google Test filter = HvfIntelHandoff.FailureControls
[==========] Running 1 test from 1 test suite.
[----------] 1 test from HvfIntelHandoff
[ RUN      ] HvfIntelHandoff.FailureControls
INTEL_HANDOFF_CONTROL case=replacement phase=begin
INTEL_HANDOFF_CONTROL case=replacement phase=state_checked
INTEL_HANDOFF_CONTROL case=replacement phase=cleanup_end
INTEL_HANDOFF_CONTROL case=old_destroy phase=begin
INTEL_HANDOFF_CONTROL case=old_destroy phase=state_checked
INTEL_HANDOFF_CONTROL case=old_destroy phase=cleanup_end
INTEL_HANDOFF_CONTROL case=new_create phase=begin
INTEL_HANDOFF_CONTROL case=new_create phase=state_checked
INTEL_HANDOFF_CONTROL case=new_create phase=cleanup_end
[       OK ] HvfIntelHandoff.FailureControls (3 ms)
[----------] 1 test from HvfIntelHandoff (3 ms total)

[==========] 1 test from 1 test suite ran. (3 ms total)
[  PASSED  ] 1 test.

Repeating all tests (iteration 53) . . .

Note: Google Test filter = HvfIntelHandoff.FailureControls
[==========] Running 1 test from 1 test suite.
[----------] 1 test from HvfIntelHandoff
[ RUN      ] HvfIntelHandoff.FailureControls
INTEL_HANDOFF_CONTROL case=replacement phase=begin
INTEL_HANDOFF_CONTROL case=replacement phase=state_checked
INTEL_HANDOFF_CONTROL case=replacement phase=cleanup_end
INTEL_HANDOFF_CONTROL case=old_destroy phase=begin
INTEL_HANDOFF_CONTROL case=old_destroy phase=state_checked
INTEL_HANDOFF_CONTROL case=old_destroy phase=cleanup_end
INTEL_HANDOFF_CONTROL case=new_create phase=begin
INTEL_HANDOFF_CONTROL case=new_create phase=state_checked
INTEL_HANDOFF_CONTROL case=new_create phase=cleanup_end
[       OK ] HvfIntelHandoff.FailureControls (3 ms)
[----------] 1 test from HvfIntelHandoff (3 ms total)

[==========] 1 test from 1 test suite ran. (3 ms total)
[  PASSED  ] 1 test.

Repeating all tests (iteration 54) . . .

Note: Google Test filter = HvfIntelHandoff.FailureControls
[==========] Running 1 test from 1 test suite.
[----------] 1 test from HvfIntelHandoff
[ RUN      ] HvfIntelHandoff.FailureControls
INTEL_HANDOFF_CONTROL case=replacement phase=begin
INTEL_HANDOFF_CONTROL case=replacement phase=state_checked
INTEL_HANDOFF_CONTROL case=replacement phase=cleanup_end
INTEL_HANDOFF_CONTROL case=old_destroy phase=begin
INTEL_HANDOFF_CONTROL case=old_destroy phase=state_checked
INTEL_HANDOFF_CONTROL case=old_destroy phase=cleanup_end
INTEL_HANDOFF_CONTROL case=new_create phase=begin
INTEL_HANDOFF_CONTROL case=new_create phase=state_checked
INTEL_HANDOFF_CONTROL case=new_create phase=cleanup_end
[       OK ] HvfIntelHandoff.FailureControls (4 ms)
[----------] 1 test from HvfIntelHandoff (4 ms total)

[==========] 1 test from 1 test suite ran. (4 ms total)
[  PASSED  ] 1 test.

Repeating all tests (iteration 55) . . .

Note: Google Test filter = HvfIntelHandoff.FailureControls
[==========] Running 1 test from 1 test suite.
[----------] 1 test from HvfIntelHandoff
[ RUN      ] HvfIntelHandoff.FailureControls
INTEL_HANDOFF_CONTROL case=replacement phase=begin
INTEL_HANDOFF_CONTROL case=replacement phase=state_checked
INTEL_HANDOFF_CONTROL case=replacement phase=cleanup_end
INTEL_HANDOFF_CONTROL case=old_destroy phase=begin
INTEL_HANDOFF_CONTROL case=old_destroy phase=state_checked
INTEL_HANDOFF_CONTROL case=old_destroy phase=cleanup_end
INTEL_HANDOFF_CONTROL case=new_create phase=begin
INTEL_HANDOFF_CONTROL case=new_create phase=state_checked
INTEL_HANDOFF_CONTROL case=new_create phase=cleanup_end
[       OK ] HvfIntelHandoff.FailureControls (4 ms)
[----------] 1 test from HvfIntelHandoff (4 ms total)

[==========] 1 test from 1 test suite ran. (4 ms total)
[  PASSED  ] 1 test.

Repeating all tests (iteration 56) . . .

Note: Google Test filter = HvfIntelHandoff.FailureControls
[==========] Running 1 test from 1 test suite.
[----------] 1 test from HvfIntelHandoff
[ RUN      ] HvfIntelHandoff.FailureControls
INTEL_HANDOFF_CONTROL case=replacement phase=begin
INTEL_HANDOFF_CONTROL case=replacement phase=state_checked
INTEL_HANDOFF_CONTROL case=replacement phase=cleanup_end
INTEL_HANDOFF_CONTROL case=old_destroy phase=begin
INTEL_HANDOFF_CONTROL case=old_destroy phase=state_checked
INTEL_HANDOFF_CONTROL case=old_destroy phase=cleanup_end
INTEL_HANDOFF_CONTROL case=new_create phase=begin
INTEL_HANDOFF_CONTROL case=new_create phase=state_checked
INTEL_HANDOFF_CONTROL case=new_create phase=cleanup_end
[       OK ] HvfIntelHandoff.FailureControls (4 ms)
[----------] 1 test from HvfIntelHandoff (4 ms total)

[==========] 1 test from 1 test suite ran. (4 ms total)
[  PASSED  ] 1 test.

Repeating all tests (iteration 57) . . .

Note: Google Test filter = HvfIntelHandoff.FailureControls
[==========] Running 1 test from 1 test suite.
[----------] 1 test from HvfIntelHandoff
[ RUN      ] HvfIntelHandoff.FailureControls
INTEL_HANDOFF_CONTROL case=replacement phase=begin
INTEL_HANDOFF_CONTROL case=replacement phase=state_checked
INTEL_HANDOFF_CONTROL case=replacement phase=cleanup_end
INTEL_HANDOFF_CONTROL case=old_destroy phase=begin
INTEL_HANDOFF_CONTROL case=old_destroy phase=state_checked
INTEL_HANDOFF_CONTROL case=old_destroy phase=cleanup_end
INTEL_HANDOFF_CONTROL case=new_create phase=begin
INTEL_HANDOFF_CONTROL case=new_create phase=state_checked
INTEL_HANDOFF_CONTROL case=new_create phase=cleanup_end
[       OK ] HvfIntelHandoff.FailureControls (4 ms)
[----------] 1 test from HvfIntelHandoff (4 ms total)

[==========] 1 test from 1 test suite ran. (4 ms total)
[  PASSED  ] 1 test.

Repeating all tests (iteration 58) . . .

Note: Google Test filter = HvfIntelHandoff.FailureControls
[==========] Running 1 test from 1 test suite.
[----------] 1 test from HvfIntelHandoff
[ RUN      ] HvfIntelHandoff.FailureControls
INTEL_HANDOFF_CONTROL case=replacement phase=begin
INTEL_HANDOFF_CONTROL case=replacement phase=state_checked
INTEL_HANDOFF_CONTROL case=replacement phase=cleanup_end
INTEL_HANDOFF_CONTROL case=old_destroy phase=begin
INTEL_HANDOFF_CONTROL case=old_destroy phase=state_checked
INTEL_HANDOFF_CONTROL case=old_destroy phase=cleanup_end
INTEL_HANDOFF_CONTROL case=new_create phase=begin
INTEL_HANDOFF_CONTROL case=new_create phase=state_checked
INTEL_HANDOFF_CONTROL case=new_create phase=cleanup_end
[       OK ] HvfIntelHandoff.FailureControls (4 ms)
[----------] 1 test from HvfIntelHandoff (4 ms total)

[==========] 1 test from 1 test suite ran. (4 ms total)
[  PASSED  ] 1 test.

Repeating all tests (iteration 59) . . .

Note: Google Test filter = HvfIntelHandoff.FailureControls
[==========] Running 1 test from 1 test suite.
[----------] 1 test from HvfIntelHandoff
[ RUN      ] HvfIntelHandoff.FailureControls
INTEL_HANDOFF_CONTROL case=replacement phase=begin
INTEL_HANDOFF_CONTROL case=replacement phase=state_checked
INTEL_HANDOFF_CONTROL case=replacement phase=cleanup_end
INTEL_HANDOFF_CONTROL case=old_destroy phase=begin
INTEL_HANDOFF_CONTROL case=old_destroy phase=state_checked
INTEL_HANDOFF_CONTROL case=old_destroy phase=cleanup_end
INTEL_HANDOFF_CONTROL case=new_create phase=begin
INTEL_HANDOFF_CONTROL case=new_create phase=state_checked
INTEL_HANDOFF_CONTROL case=new_create phase=cleanup_end
[       OK ] HvfIntelHandoff.FailureControls (4 ms)
[----------] 1 test from HvfIntelHandoff (4 ms total)

[==========] 1 test from 1 test suite ran. (4 ms total)
[  PASSED  ] 1 test.

Repeating all tests (iteration 60) . . .

Note: Google Test filter = HvfIntelHandoff.FailureControls
[==========] Running 1 test from 1 test suite.
[----------] 1 test from HvfIntelHandoff
[ RUN      ] HvfIntelHandoff.FailureControls
INTEL_HANDOFF_CONTROL case=replacement phase=begin
INTEL_HANDOFF_CONTROL case=replacement phase=state_checked
INTEL_HANDOFF_CONTROL case=replacement phase=cleanup_end
INTEL_HANDOFF_CONTROL case=old_destroy phase=begin
INTEL_HANDOFF_CONTROL case=old_destroy phase=state_checked
INTEL_HANDOFF_CONTROL case=old_destroy phase=cleanup_end
INTEL_HANDOFF_CONTROL case=new_create phase=begin
INTEL_HANDOFF_CONTROL case=new_create phase=state_checked
INTEL_HANDOFF_CONTROL case=new_create phase=cleanup_end
[       OK ] HvfIntelHandoff.FailureControls (4 ms)
[----------] 1 test from HvfIntelHandoff (4 ms total)

[==========] 1 test from 1 test suite ran. (4 ms total)
[  PASSED  ] 1 test.

Repeating all tests (iteration 61) . . .

Note: Google Test filter = HvfIntelHandoff.FailureControls
[==========] Running 1 test from 1 test suite.
[----------] 1 test from HvfIntelHandoff
[ RUN      ] HvfIntelHandoff.FailureControls
INTEL_HANDOFF_CONTROL case=replacement phase=begin
INTEL_HANDOFF_CONTROL case=replacement phase=state_checked
INTEL_HANDOFF_CONTROL case=replacement phase=cleanup_end
INTEL_HANDOFF_CONTROL case=old_destroy phase=begin
INTEL_HANDOFF_CONTROL case=old_destroy phase=state_checked
INTEL_HANDOFF_CONTROL case=old_destroy phase=cleanup_end
INTEL_HANDOFF_CONTROL case=new_create phase=begin
INTEL_HANDOFF_CONTROL case=new_create phase=state_checked
INTEL_HANDOFF_CONTROL case=new_create phase=cleanup_end
[       OK ] HvfIntelHandoff.FailureControls (5 ms)
[----------] 1 test from HvfIntelHandoff (5 ms total)

[==========] 1 test from 1 test suite ran. (5 ms total)
[  PASSED  ] 1 test.

Repeating all tests (iteration 62) . . .

Note: Google Test filter = HvfIntelHandoff.FailureControls
[==========] Running 1 test from 1 test suite.
[----------] 1 test from HvfIntelHandoff
[ RUN      ] HvfIntelHandoff.FailureControls
INTEL_HANDOFF_CONTROL case=replacement phase=begin
INTEL_HANDOFF_CONTROL case=replacement phase=state_checked
INTEL_HANDOFF_CONTROL case=replacement phase=cleanup_end
INTEL_HANDOFF_CONTROL case=old_destroy phase=begin
INTEL_HANDOFF_CONTROL case=old_destroy phase=state_checked
INTEL_HANDOFF_CONTROL case=old_destroy phase=cleanup_end
INTEL_HANDOFF_CONTROL case=new_create phase=begin
INTEL_HANDOFF_CONTROL case=new_create phase=state_checked
INTEL_HANDOFF_CONTROL case=new_create phase=cleanup_end
[       OK ] HvfIntelHandoff.FailureControls (5 ms)
[----------] 1 test from HvfIntelHandoff (5 ms total)

[==========] 1 test from 1 test suite ran. (5 ms total)
[  PASSED  ] 1 test.

Repeating all tests (iteration 63) . . .

Note: Google Test filter = HvfIntelHandoff.FailureControls
[==========] Running 1 test from 1 test suite.
[----------] 1 test from HvfIntelHandoff
[ RUN      ] HvfIntelHandoff.FailureControls
INTEL_HANDOFF_CONTROL case=replacement phase=begin
INTEL_HANDOFF_CONTROL case=replacement phase=state_checked
INTEL_HANDOFF_CONTROL case=replacement phase=cleanup_end
INTEL_HANDOFF_CONTROL case=old_destroy phase=begin
INTEL_HANDOFF_CONTROL case=old_destroy phase=state_checked
INTEL_HANDOFF_CONTROL case=old_destroy phase=cleanup_end
INTEL_HANDOFF_CONTROL case=new_create phase=begin
INTEL_HANDOFF_CONTROL case=new_create phase=state_checked
INTEL_HANDOFF_CONTROL case=new_create phase=cleanup_end
[       OK ] HvfIntelHandoff.FailureControls (5 ms)
[----------] 1 test from HvfIntelHandoff (5 ms total)

[==========] 1 test from 1 test suite ran. (5 ms total)
[  PASSED  ] 1 test.

Repeating all tests (iteration 64) . . .

Note: Google Test filter = HvfIntelHandoff.FailureControls
[==========] Running 1 test from 1 test suite.
[----------] 1 test from HvfIntelHandoff
[ RUN      ] HvfIntelHandoff.FailureControls
INTEL_HANDOFF_CONTROL case=replacement phase=begin
INTEL_HANDOFF_CONTROL case=replacement phase=state_checked
INTEL_HANDOFF_CONTROL case=replacement phase=cleanup_end
INTEL_HANDOFF_CONTROL case=old_destroy phase=begin
INTEL_HANDOFF_CONTROL case=old_destroy phase=state_checked
INTEL_HANDOFF_CONTROL case=old_destroy phase=cleanup_end
INTEL_HANDOFF_CONTROL case=new_create phase=begin
INTEL_HANDOFF_CONTROL case=new_create phase=state_checked
INTEL_HANDOFF_CONTROL case=new_create phase=cleanup_end
[       OK ] HvfIntelHandoff.FailureControls (4 ms)
[----------] 1 test from HvfIntelHandoff (4 ms total)

[==========] 1 test from 1 test suite ran. (4 ms total)
[  PASSED  ] 1 test.

Repeating all tests (iteration 65) . . .

Note: Google Test filter = HvfIntelHandoff.FailureControls
[==========] Running 1 test from 1 test suite.
[----------] 1 test from HvfIntelHandoff
[ RUN      ] HvfIntelHandoff.FailureControls
INTEL_HANDOFF_CONTROL case=replacement phase=begin
INTEL_HANDOFF_CONTROL case=replacement phase=state_checked
INTEL_HANDOFF_CONTROL case=replacement phase=cleanup_end
INTEL_HANDOFF_CONTROL case=old_destroy phase=begin
INTEL_HANDOFF_CONTROL case=old_destroy phase=state_checked
INTEL_HANDOFF_CONTROL case=old_destroy phase=cleanup_end
INTEL_HANDOFF_CONTROL case=new_create phase=begin
INTEL_HANDOFF_CONTROL case=new_create phase=state_checked
INTEL_HANDOFF_CONTROL case=new_create phase=cleanup_end
[       OK ] HvfIntelHandoff.FailureControls (4 ms)
[----------] 1 test from HvfIntelHandoff (4 ms total)

[==========] 1 test from 1 test suite ran. (4 ms total)
[  PASSED  ] 1 test.

Repeating all tests (iteration 66) . . .

Note: Google Test filter = HvfIntelHandoff.FailureControls
[==========] Running 1 test from 1 test suite.
[----------] 1 test from HvfIntelHandoff
[ RUN      ] HvfIntelHandoff.FailureControls
INTEL_HANDOFF_CONTROL case=replacement phase=begin
INTEL_HANDOFF_CONTROL case=replacement phase=state_checked
INTEL_HANDOFF_CONTROL case=replacement phase=cleanup_end
INTEL_HANDOFF_CONTROL case=old_destroy phase=begin
INTEL_HANDOFF_CONTROL case=old_destroy phase=state_checked
INTEL_HANDOFF_CONTROL case=old_destroy phase=cleanup_end
INTEL_HANDOFF_CONTROL case=new_create phase=begin
INTEL_HANDOFF_CONTROL case=new_create phase=state_checked
INTEL_HANDOFF_CONTROL case=new_create phase=cleanup_end
[       OK ] HvfIntelHandoff.FailureControls (4 ms)
[----------] 1 test from HvfIntelHandoff (4 ms total)

[==========] 1 test from 1 test suite ran. (4 ms total)
[  PASSED  ] 1 test.

Repeating all tests (iteration 67) . . .

Note: Google Test filter = HvfIntelHandoff.FailureControls
[==========] Running 1 test from 1 test suite.
[----------] 1 test from HvfIntelHandoff
[ RUN      ] HvfIntelHandoff.FailureControls
INTEL_HANDOFF_CONTROL case=replacement phase=begin
INTEL_HANDOFF_CONTROL case=replacement phase=state_checked
INTEL_HANDOFF_CONTROL case=replacement phase=cleanup_end
INTEL_HANDOFF_CONTROL case=old_destroy phase=begin
INTEL_HANDOFF_CONTROL case=old_destroy phase=state_checked
INTEL_HANDOFF_CONTROL case=old_destroy phase=cleanup_end
INTEL_HANDOFF_CONTROL case=new_create phase=begin
INTEL_HANDOFF_CONTROL case=new_create phase=state_checked
INTEL_HANDOFF_CONTROL case=new_create phase=cleanup_end
[       OK ] HvfIntelHandoff.FailureControls (4 ms)
[----------] 1 test from HvfIntelHandoff (5 ms total)

[==========] 1 test from 1 test suite ran. (5 ms total)
[  PASSED  ] 1 test.

Repeating all tests (iteration 68) . . .

Note: Google Test filter = HvfIntelHandoff.FailureControls
[==========] Running 1 test from 1 test suite.
[----------] 1 test from HvfIntelHandoff
[ RUN      ] HvfIntelHandoff.FailureControls
INTEL_HANDOFF_CONTROL case=replacement phase=begin
INTEL_HANDOFF_CONTROL case=replacement phase=state_checked
INTEL_HANDOFF_CONTROL case=replacement phase=cleanup_end
INTEL_HANDOFF_CONTROL case=old_destroy phase=begin
INTEL_HANDOFF_CONTROL case=old_destroy phase=state_checked
INTEL_HANDOFF_CONTROL case=old_destroy phase=cleanup_end
INTEL_HANDOFF_CONTROL case=new_create phase=begin
INTEL_HANDOFF_CONTROL case=new_create phase=state_checked
INTEL_HANDOFF_CONTROL case=new_create phase=cleanup_end
[       OK ] HvfIntelHandoff.FailureControls (5 ms)
[----------] 1 test from HvfIntelHandoff (5 ms total)

[==========] 1 test from 1 test suite ran. (5 ms total)
[  PASSED  ] 1 test.

Repeating all tests (iteration 69) . . .

Note: Google Test filter = HvfIntelHandoff.FailureControls
[==========] Running 1 test from 1 test suite.
[----------] 1 test from HvfIntelHandoff
[ RUN      ] HvfIntelHandoff.FailureControls
INTEL_HANDOFF_CONTROL case=replacement phase=begin
INTEL_HANDOFF_CONTROL case=replacement phase=state_checked
INTEL_HANDOFF_CONTROL case=replacement phase=cleanup_end
INTEL_HANDOFF_CONTROL case=old_destroy phase=begin
INTEL_HANDOFF_CONTROL case=old_destroy phase=state_checked
INTEL_HANDOFF_CONTROL case=old_destroy phase=cleanup_end
INTEL_HANDOFF_CONTROL case=new_create phase=begin
INTEL_HANDOFF_CONTROL case=new_create phase=state_checked
INTEL_HANDOFF_CONTROL case=new_create phase=cleanup_end
[       OK ] HvfIntelHandoff.FailureControls (5 ms)
[----------] 1 test from HvfIntelHandoff (5 ms total)

[==========] 1 test from 1 test suite ran. (5 ms total)
[  PASSED  ] 1 test.

Repeating all tests (iteration 70) . . .

Note: Google Test filter = HvfIntelHandoff.FailureControls
[==========] Running 1 test from 1 test suite.
[----------] 1 test from HvfIntelHandoff
[ RUN      ] HvfIntelHandoff.FailureControls
INTEL_HANDOFF_CONTROL case=replacement phase=begin
INTEL_HANDOFF_CONTROL case=replacement phase=state_checked
INTEL_HANDOFF_CONTROL case=replacement phase=cleanup_end
INTEL_HANDOFF_CONTROL case=old_destroy phase=begin
INTEL_HANDOFF_CONTROL case=old_destroy phase=state_checked
INTEL_HANDOFF_CONTROL case=old_destroy phase=cleanup_end
INTEL_HANDOFF_CONTROL case=new_create phase=begin
INTEL_HANDOFF_CONTROL case=new_create phase=state_checked
INTEL_HANDOFF_CONTROL case=new_create phase=cleanup_end
[       OK ] HvfIntelHandoff.FailureControls (4 ms)
[----------] 1 test from HvfIntelHandoff (4 ms total)

[==========] 1 test from 1 test suite ran. (4 ms total)
[  PASSED  ] 1 test.

Repeating all tests (iteration 71) . . .

Note: Google Test filter = HvfIntelHandoff.FailureControls
[==========] Running 1 test from 1 test suite.
[----------] 1 test from HvfIntelHandoff
[ RUN      ] HvfIntelHandoff.FailureControls
INTEL_HANDOFF_CONTROL case=replacement phase=begin
INTEL_HANDOFF_CONTROL case=replacement phase=state_checked
INTEL_HANDOFF_CONTROL case=replacement phase=cleanup_end
INTEL_HANDOFF_CONTROL case=old_destroy phase=begin
INTEL_HANDOFF_CONTROL case=old_destroy phase=state_checked
INTEL_HANDOFF_CONTROL case=old_destroy phase=cleanup_end
INTEL_HANDOFF_CONTROL case=new_create phase=begin
INTEL_HANDOFF_CONTROL case=new_create phase=state_checked
INTEL_HANDOFF_CONTROL case=new_create phase=cleanup_end
[       OK ] HvfIntelHandoff.FailureControls (4 ms)
[----------] 1 test from HvfIntelHandoff (4 ms total)

[==========] 1 test from 1 test suite ran. (5 ms total)
[  PASSED  ] 1 test.

Repeating all tests (iteration 72) . . .

Note: Google Test filter = HvfIntelHandoff.FailureControls
[==========] Running 1 test from 1 test suite.
[----------] 1 test from HvfIntelHandoff
[ RUN      ] HvfIntelHandoff.FailureControls
INTEL_HANDOFF_CONTROL case=replacement phase=begin
INTEL_HANDOFF_CONTROL case=replacement phase=state_checked
INTEL_HANDOFF_CONTROL case=replacement phase=cleanup_end
INTEL_HANDOFF_CONTROL case=old_destroy phase=begin
INTEL_HANDOFF_CONTROL case=old_destroy phase=state_checked
INTEL_HANDOFF_CONTROL case=old_destroy phase=cleanup_end
INTEL_HANDOFF_CONTROL case=new_create phase=begin
INTEL_HANDOFF_CONTROL case=new_create phase=state_checked
INTEL_HANDOFF_CONTROL case=new_create phase=cleanup_end
[       OK ] HvfIntelHandoff.FailureControls (4 ms)
[----------] 1 test from HvfIntelHandoff (4 ms total)

[==========] 1 test from 1 test suite ran. (4 ms total)
[  PASSED  ] 1 test.

Repeating all tests (iteration 73) . . .

Note: Google Test filter = HvfIntelHandoff.FailureControls
[==========] Running 1 test from 1 test suite.
[----------] 1 test from HvfIntelHandoff
[ RUN      ] HvfIntelHandoff.FailureControls
INTEL_HANDOFF_CONTROL case=replacement phase=begin
INTEL_HANDOFF_CONTROL case=replacement phase=state_checked
INTEL_HANDOFF_CONTROL case=replacement phase=cleanup_end
INTEL_HANDOFF_CONTROL case=old_destroy phase=begin
INTEL_HANDOFF_CONTROL case=old_destroy phase=state_checked
INTEL_HANDOFF_CONTROL case=old_destroy phase=cleanup_end
INTEL_HANDOFF_CONTROL case=new_create phase=begin
INTEL_HANDOFF_CONTROL case=new_create phase=state_checked
INTEL_HANDOFF_CONTROL case=new_create phase=cleanup_end
[       OK ] HvfIntelHandoff.FailureControls (4 ms)
[----------] 1 test from HvfIntelHandoff (4 ms total)

[==========] 1 test from 1 test suite ran. (4 ms total)
[  PASSED  ] 1 test.

Repeating all tests (iteration 74) . . .

Note: Google Test filter = HvfIntelHandoff.FailureControls
[==========] Running 1 test from 1 test suite.
[----------] 1 test from HvfIntelHandoff
[ RUN      ] HvfIntelHandoff.FailureControls
INTEL_HANDOFF_CONTROL case=replacement phase=begin
INTEL_HANDOFF_CONTROL case=replacement phase=state_checked
INTEL_HANDOFF_CONTROL case=replacement phase=cleanup_end
INTEL_HANDOFF_CONTROL case=old_destroy phase=begin
INTEL_HANDOFF_CONTROL case=old_destroy phase=state_checked
INTEL_HANDOFF_CONTROL case=old_destroy phase=cleanup_end
INTEL_HANDOFF_CONTROL case=new_create phase=begin
INTEL_HANDOFF_CONTROL case=new_create phase=state_checked
INTEL_HANDOFF_CONTROL case=new_create phase=cleanup_end
[       OK ] HvfIntelHandoff.FailureControls (5 ms)
[----------] 1 test from HvfIntelHandoff (5 ms total)

[==========] 1 test from 1 test suite ran. (5 ms total)
[  PASSED  ] 1 test.

Repeating all tests (iteration 75) . . .

Note: Google Test filter = HvfIntelHandoff.FailureControls
[==========] Running 1 test from 1 test suite.
[----------] 1 test from HvfIntelHandoff
[ RUN      ] HvfIntelHandoff.FailureControls
INTEL_HANDOFF_CONTROL case=replacement phase=begin
INTEL_HANDOFF_CONTROL case=replacement phase=state_checked
INTEL_HANDOFF_CONTROL case=replacement phase=cleanup_end
INTEL_HANDOFF_CONTROL case=old_destroy phase=begin
INTEL_HANDOFF_CONTROL case=old_destroy phase=state_checked
INTEL_HANDOFF_CONTROL case=old_destroy phase=cleanup_end
INTEL_HANDOFF_CONTROL case=new_create phase=begin
INTEL_HANDOFF_CONTROL case=new_create phase=state_checked
INTEL_HANDOFF_CONTROL case=new_create phase=cleanup_end
[       OK ] HvfIntelHandoff.FailureControls (4 ms)
[----------] 1 test from HvfIntelHandoff (4 ms total)

[==========] 1 test from 1 test suite ran. (4 ms total)
[  PASSED  ] 1 test.

Repeating all tests (iteration 76) . . .

Note: Google Test filter = HvfIntelHandoff.FailureControls
[==========] Running 1 test from 1 test suite.
[----------] 1 test from HvfIntelHandoff
[ RUN      ] HvfIntelHandoff.FailureControls
INTEL_HANDOFF_CONTROL case=replacement phase=begin
INTEL_HANDOFF_CONTROL case=replacement phase=state_checked
INTEL_HANDOFF_CONTROL case=replacement phase=cleanup_end
INTEL_HANDOFF_CONTROL case=old_destroy phase=begin
INTEL_HANDOFF_CONTROL case=old_destroy phase=state_checked
INTEL_HANDOFF_CONTROL case=old_destroy phase=cleanup_end
INTEL_HANDOFF_CONTROL case=new_create phase=begin
INTEL_HANDOFF_CONTROL case=new_create phase=state_checked
INTEL_HANDOFF_CONTROL case=new_create phase=cleanup_end
[       OK ] HvfIntelHandoff.FailureControls (5 ms)
[----------] 1 test from HvfIntelHandoff (5 ms total)

[==========] 1 test from 1 test suite ran. (5 ms total)
[  PASSED  ] 1 test.

Repeating all tests (iteration 77) . . .

Note: Google Test filter = HvfIntelHandoff.FailureControls
[==========] Running 1 test from 1 test suite.
[----------] 1 test from HvfIntelHandoff
[ RUN      ] HvfIntelHandoff.FailureControls
INTEL_HANDOFF_CONTROL case=replacement phase=begin
INTEL_HANDOFF_CONTROL case=replacement phase=state_checked
INTEL_HANDOFF_CONTROL case=replacement phase=cleanup_end
INTEL_HANDOFF_CONTROL case=old_destroy phase=begin
INTEL_HANDOFF_CONTROL case=old_destroy phase=state_checked
INTEL_HANDOFF_CONTROL case=old_destroy phase=cleanup_end
INTEL_HANDOFF_CONTROL case=new_create phase=begin
INTEL_HANDOFF_CONTROL case=new_create phase=state_checked
INTEL_HANDOFF_CONTROL case=new_create phase=cleanup_end
[       OK ] HvfIntelHandoff.FailureControls (5 ms)
[----------] 1 test from HvfIntelHandoff (5 ms total)

[==========] 1 test from 1 test suite ran. (5 ms total)
[  PASSED  ] 1 test.

Repeating all tests (iteration 78) . . .

Note: Google Test filter = HvfIntelHandoff.FailureControls
[==========] Running 1 test from 1 test suite.
[----------] 1 test from HvfIntelHandoff
[ RUN      ] HvfIntelHandoff.FailureControls
INTEL_HANDOFF_CONTROL case=replacement phase=begin
INTEL_HANDOFF_CONTROL case=replacement phase=state_checked
INTEL_HANDOFF_CONTROL case=replacement phase=cleanup_end
INTEL_HANDOFF_CONTROL case=old_destroy phase=begin
INTEL_HANDOFF_CONTROL case=old_destroy phase=state_checked
INTEL_HANDOFF_CONTROL case=old_destroy phase=cleanup_end
INTEL_HANDOFF_CONTROL case=new_create phase=begin
INTEL_HANDOFF_CONTROL case=new_create phase=state_checked
INTEL_HANDOFF_CONTROL case=new_create phase=cleanup_end
[       OK ] HvfIntelHandoff.FailureControls (4 ms)
[----------] 1 test from HvfIntelHandoff (4 ms total)

[==========] 1 test from 1 test suite ran. (4 ms total)
[  PASSED  ] 1 test.

Repeating all tests (iteration 79) . . .

Note: Google Test filter = HvfIntelHandoff.FailureControls
[==========] Running 1 test from 1 test suite.
[----------] 1 test from HvfIntelHandoff
[ RUN      ] HvfIntelHandoff.FailureControls
INTEL_HANDOFF_CONTROL case=replacement phase=begin
INTEL_HANDOFF_CONTROL case=replacement phase=state_checked
INTEL_HANDOFF_CONTROL case=replacement phase=cleanup_end
INTEL_HANDOFF_CONTROL case=old_destroy phase=begin
INTEL_HANDOFF_CONTROL case=old_destroy phase=state_checked
INTEL_HANDOFF_CONTROL case=old_destroy phase=cleanup_end
INTEL_HANDOFF_CONTROL case=new_create phase=begin
INTEL_HANDOFF_CONTROL case=new_create phase=state_checked
INTEL_HANDOFF_CONTROL case=new_create phase=cleanup_end
[       OK ] HvfIntelHandoff.FailureControls (4 ms)
[----------] 1 test from HvfIntelHandoff (4 ms total)

[==========] 1 test from 1 test suite ran. (4 ms total)
[  PASSED  ] 1 test.

Repeating all tests (iteration 80) . . .

Note: Google Test filter = HvfIntelHandoff.FailureControls
[==========] Running 1 test from 1 test suite.
[----------] 1 test from HvfIntelHandoff
[ RUN      ] HvfIntelHandoff.FailureControls
INTEL_HANDOFF_CONTROL case=replacement phase=begin
INTEL_HANDOFF_CONTROL case=replacement phase=state_checked
INTEL_HANDOFF_CONTROL case=replacement phase=cleanup_end
INTEL_HANDOFF_CONTROL case=old_destroy phase=begin
INTEL_HANDOFF_CONTROL case=old_destroy phase=state_checked
INTEL_HANDOFF_CONTROL case=old_destroy phase=cleanup_end
INTEL_HANDOFF_CONTROL case=new_create phase=begin
INTEL_HANDOFF_CONTROL case=new_create phase=state_checked
INTEL_HANDOFF_CONTROL case=new_create phase=cleanup_end
[       OK ] HvfIntelHandoff.FailureControls (4 ms)
[----------] 1 test from HvfIntelHandoff (4 ms total)

[==========] 1 test from 1 test suite ran. (4 ms total)
[  PASSED  ] 1 test.

Repeating all tests (iteration 81) . . .

Note: Google Test filter = HvfIntelHandoff.FailureControls
[==========] Running 1 test from 1 test suite.
[----------] 1 test from HvfIntelHandoff
[ RUN      ] HvfIntelHandoff.FailureControls
INTEL_HANDOFF_CONTROL case=replacement phase=begin
INTEL_HANDOFF_CONTROL case=replacement phase=state_checked
INTEL_HANDOFF_CONTROL case=replacement phase=cleanup_end
INTEL_HANDOFF_CONTROL case=old_destroy phase=begin
INTEL_HANDOFF_CONTROL case=old_destroy phase=state_checked
INTEL_HANDOFF_CONTROL case=old_destroy phase=cleanup_end
INTEL_HANDOFF_CONTROL case=new_create phase=begin
INTEL_HANDOFF_CONTROL case=new_create phase=state_checked
INTEL_HANDOFF_CONTROL case=new_create phase=cleanup_end
[       OK ] HvfIntelHandoff.FailureControls (5 ms)
[----------] 1 test from HvfIntelHandoff (5 ms total)

[==========] 1 test from 1 test suite ran. (5 ms total)
[  PASSED  ] 1 test.

Repeating all tests (iteration 82) . . .

Note: Google Test filter = HvfIntelHandoff.FailureControls
[==========] Running 1 test from 1 test suite.
[----------] 1 test from HvfIntelHandoff
[ RUN      ] HvfIntelHandoff.FailureControls
INTEL_HANDOFF_CONTROL case=replacement phase=begin
INTEL_HANDOFF_CONTROL case=replacement phase=state_checked
INTEL_HANDOFF_CONTROL case=replacement phase=cleanup_end
INTEL_HANDOFF_CONTROL case=old_destroy phase=begin
INTEL_HANDOFF_CONTROL case=old_destroy phase=state_checked
INTEL_HANDOFF_CONTROL case=old_destroy phase=cleanup_end
INTEL_HANDOFF_CONTROL case=new_create phase=begin
INTEL_HANDOFF_CONTROL case=new_create phase=state_checked
INTEL_HANDOFF_CONTROL case=new_create phase=cleanup_end
[       OK ] HvfIntelHandoff.FailureControls (4 ms)
[----------] 1 test from HvfIntelHandoff (4 ms total)

[==========] 1 test from 1 test suite ran. (4 ms total)
[  PASSED  ] 1 test.

Repeating all tests (iteration 83) . . .

Note: Google Test filter = HvfIntelHandoff.FailureControls
[==========] Running 1 test from 1 test suite.
[----------] 1 test from HvfIntelHandoff
[ RUN      ] HvfIntelHandoff.FailureControls
INTEL_HANDOFF_CONTROL case=replacement phase=begin
INTEL_HANDOFF_CONTROL case=replacement phase=state_checked
INTEL_HANDOFF_CONTROL case=replacement phase=cleanup_end
INTEL_HANDOFF_CONTROL case=old_destroy phase=begin
INTEL_HANDOFF_CONTROL case=old_destroy phase=state_checked
INTEL_HANDOFF_CONTROL case=old_destroy phase=cleanup_end
INTEL_HANDOFF_CONTROL case=new_create phase=begin
INTEL_HANDOFF_CONTROL case=new_create phase=state_checked
INTEL_HANDOFF_CONTROL case=new_create phase=cleanup_end
[       OK ] HvfIntelHandoff.FailureControls (4 ms)
[----------] 1 test from HvfIntelHandoff (4 ms total)

[==========] 1 test from 1 test suite ran. (5 ms total)
[  PASSED  ] 1 test.

Repeating all tests (iteration 84) . . .

Note: Google Test filter = HvfIntelHandoff.FailureControls
[==========] Running 1 test from 1 test suite.
[----------] 1 test from HvfIntelHandoff
[ RUN      ] HvfIntelHandoff.FailureControls
INTEL_HANDOFF_CONTROL case=replacement phase=begin
INTEL_HANDOFF_CONTROL case=replacement phase=state_checked
INTEL_HANDOFF_CONTROL case=replacement phase=cleanup_end
INTEL_HANDOFF_CONTROL case=old_destroy phase=begin
INTEL_HANDOFF_CONTROL case=old_destroy phase=state_checked
INTEL_HANDOFF_CONTROL case=old_destroy phase=cleanup_end
INTEL_HANDOFF_CONTROL case=new_create phase=begin
INTEL_HANDOFF_CONTROL case=new_create phase=state_checked
INTEL_HANDOFF_CONTROL case=new_create phase=cleanup_end
[       OK ] HvfIntelHandoff.FailureControls (4 ms)
[----------] 1 test from HvfIntelHandoff (4 ms total)

[==========] 1 test from 1 test suite ran. (4 ms total)
[  PASSED  ] 1 test.

Repeating all tests (iteration 85) . . .

Note: Google Test filter = HvfIntelHandoff.FailureControls
[==========] Running 1 test from 1 test suite.
[----------] 1 test from HvfIntelHandoff
[ RUN      ] HvfIntelHandoff.FailureControls
INTEL_HANDOFF_CONTROL case=replacement phase=begin
INTEL_HANDOFF_CONTROL case=replacement phase=state_checked
INTEL_HANDOFF_CONTROL case=replacement phase=cleanup_end
INTEL_HANDOFF_CONTROL case=old_destroy phase=begin
INTEL_HANDOFF_CONTROL case=old_destroy phase=state_checked
INTEL_HANDOFF_CONTROL case=old_destroy phase=cleanup_end
INTEL_HANDOFF_CONTROL case=new_create phase=begin
INTEL_HANDOFF_CONTROL case=new_create phase=state_checked
INTEL_HANDOFF_CONTROL case=new_create phase=cleanup_end
[       OK ] HvfIntelHandoff.FailureControls (4 ms)
[----------] 1 test from HvfIntelHandoff (4 ms total)

[==========] 1 test from 1 test suite ran. (4 ms total)
[  PASSED  ] 1 test.

Repeating all tests (iteration 86) . . .

Note: Google Test filter = HvfIntelHandoff.FailureControls
[==========] Running 1 test from 1 test suite.
[----------] 1 test from HvfIntelHandoff
[ RUN      ] HvfIntelHandoff.FailureControls
INTEL_HANDOFF_CONTROL case=replacement phase=begin
INTEL_HANDOFF_CONTROL case=replacement phase=state_checked
INTEL_HANDOFF_CONTROL case=replacement phase=cleanup_end
INTEL_HANDOFF_CONTROL case=old_destroy phase=begin
INTEL_HANDOFF_CONTROL case=old_destroy phase=state_checked
INTEL_HANDOFF_CONTROL case=old_destroy phase=cleanup_end
INTEL_HANDOFF_CONTROL case=new_create phase=begin
INTEL_HANDOFF_CONTROL case=new_create phase=state_checked
INTEL_HANDOFF_CONTROL case=new_create phase=cleanup_end
[       OK ] HvfIntelHandoff.FailureControls (4 ms)
[----------] 1 test from HvfIntelHandoff (4 ms total)

[==========] 1 test from 1 test suite ran. (4 ms total)
[  PASSED  ] 1 test.

Repeating all tests (iteration 87) . . .

Note: Google Test filter = HvfIntelHandoff.FailureControls
[==========] Running 1 test from 1 test suite.
[----------] 1 test from HvfIntelHandoff
[ RUN      ] HvfIntelHandoff.FailureControls
INTEL_HANDOFF_CONTROL case=replacement phase=begin
INTEL_HANDOFF_CONTROL case=replacement phase=state_checked
INTEL_HANDOFF_CONTROL case=replacement phase=cleanup_end
INTEL_HANDOFF_CONTROL case=old_destroy phase=begin
INTEL_HANDOFF_CONTROL case=old_destroy phase=state_checked
INTEL_HANDOFF_CONTROL case=old_destroy phase=cleanup_end
INTEL_HANDOFF_CONTROL case=new_create phase=begin
INTEL_HANDOFF_CONTROL case=new_create phase=state_checked
INTEL_HANDOFF_CONTROL case=new_create phase=cleanup_end
[       OK ] HvfIntelHandoff.FailureControls (4 ms)
[----------] 1 test from HvfIntelHandoff (4 ms total)

[==========] 1 test from 1 test suite ran. (4 ms total)
[  PASSED  ] 1 test.

Repeating all tests (iteration 88) . . .

Note: Google Test filter = HvfIntelHandoff.FailureControls
[==========] Running 1 test from 1 test suite.
[----------] 1 test from HvfIntelHandoff
[ RUN      ] HvfIntelHandoff.FailureControls
INTEL_HANDOFF_CONTROL case=replacement phase=begin
INTEL_HANDOFF_CONTROL case=replacement phase=state_checked
INTEL_HANDOFF_CONTROL case=replacement phase=cleanup_end
INTEL_HANDOFF_CONTROL case=old_destroy phase=begin
INTEL_HANDOFF_CONTROL case=old_destroy phase=state_checked
INTEL_HANDOFF_CONTROL case=old_destroy phase=cleanup_end
INTEL_HANDOFF_CONTROL case=new_create phase=begin
INTEL_HANDOFF_CONTROL case=new_create phase=state_checked
INTEL_HANDOFF_CONTROL case=new_create phase=cleanup_end
[       OK ] HvfIntelHandoff.FailureControls (5 ms)
[----------] 1 test from HvfIntelHandoff (5 ms total)

[==========] 1 test from 1 test suite ran. (5 ms total)
[  PASSED  ] 1 test.

Repeating all tests (iteration 89) . . .

Note: Google Test filter = HvfIntelHandoff.FailureControls
[==========] Running 1 test from 1 test suite.
[----------] 1 test from HvfIntelHandoff
[ RUN      ] HvfIntelHandoff.FailureControls
INTEL_HANDOFF_CONTROL case=replacement phase=begin
INTEL_HANDOFF_CONTROL case=replacement phase=state_checked
INTEL_HANDOFF_CONTROL case=replacement phase=cleanup_end
INTEL_HANDOFF_CONTROL case=old_destroy phase=begin
INTEL_HANDOFF_CONTROL case=old_destroy phase=state_checked
INTEL_HANDOFF_CONTROL case=old_destroy phase=cleanup_end
INTEL_HANDOFF_CONTROL case=new_create phase=begin
INTEL_HANDOFF_CONTROL case=new_create phase=state_checked
INTEL_HANDOFF_CONTROL case=new_create phase=cleanup_end
[       OK ] HvfIntelHandoff.FailureControls (4 ms)
[----------] 1 test from HvfIntelHandoff (5 ms total)

[==========] 1 test from 1 test suite ran. (5 ms total)
[  PASSED  ] 1 test.

Repeating all tests (iteration 90) . . .

Note: Google Test filter = HvfIntelHandoff.FailureControls
[==========] Running 1 test from 1 test suite.
[----------] 1 test from HvfIntelHandoff
[ RUN      ] HvfIntelHandoff.FailureControls
INTEL_HANDOFF_CONTROL case=replacement phase=begin
INTEL_HANDOFF_CONTROL case=replacement phase=state_checked
INTEL_HANDOFF_CONTROL case=replacement phase=cleanup_end
INTEL_HANDOFF_CONTROL case=old_destroy phase=begin
INTEL_HANDOFF_CONTROL case=old_destroy phase=state_checked
INTEL_HANDOFF_CONTROL case=old_destroy phase=cleanup_end
INTEL_HANDOFF_CONTROL case=new_create phase=begin
INTEL_HANDOFF_CONTROL case=new_create phase=state_checked
INTEL_HANDOFF_CONTROL case=new_create phase=cleanup_end
[       OK ] HvfIntelHandoff.FailureControls (5 ms)
[----------] 1 test from HvfIntelHandoff (5 ms total)

[==========] 1 test from 1 test suite ran. (5 ms total)
[  PASSED  ] 1 test.

Repeating all tests (iteration 91) . . .

Note: Google Test filter = HvfIntelHandoff.FailureControls
[==========] Running 1 test from 1 test suite.
[----------] 1 test from HvfIntelHandoff
[ RUN      ] HvfIntelHandoff.FailureControls
INTEL_HANDOFF_CONTROL case=replacement phase=begin
INTEL_HANDOFF_CONTROL case=replacement phase=state_checked
INTEL_HANDOFF_CONTROL case=replacement phase=cleanup_end
INTEL_HANDOFF_CONTROL case=old_destroy phase=begin
INTEL_HANDOFF_CONTROL case=old_destroy phase=state_checked
INTEL_HANDOFF_CONTROL case=old_destroy phase=cleanup_end
INTEL_HANDOFF_CONTROL case=new_create phase=begin
INTEL_HANDOFF_CONTROL case=new_create phase=state_checked
INTEL_HANDOFF_CONTROL case=new_create phase=cleanup_end
[       OK ] HvfIntelHandoff.FailureControls (4 ms)
[----------] 1 test from HvfIntelHandoff (4 ms total)

[==========] 1 test from 1 test suite ran. (4 ms total)
[  PASSED  ] 1 test.

Repeating all tests (iteration 92) . . .

Note: Google Test filter = HvfIntelHandoff.FailureControls
[==========] Running 1 test from 1 test suite.
[----------] 1 test from HvfIntelHandoff
[ RUN      ] HvfIntelHandoff.FailureControls
INTEL_HANDOFF_CONTROL case=replacement phase=begin
INTEL_HANDOFF_CONTROL case=replacement phase=state_checked
INTEL_HANDOFF_CONTROL case=replacement phase=cleanup_end
INTEL_HANDOFF_CONTROL case=old_destroy phase=begin
INTEL_HANDOFF_CONTROL case=old_destroy phase=state_checked
INTEL_HANDOFF_CONTROL case=old_destroy phase=cleanup_end
INTEL_HANDOFF_CONTROL case=new_create phase=begin
INTEL_HANDOFF_CONTROL case=new_create phase=state_checked
INTEL_HANDOFF_CONTROL case=new_create phase=cleanup_end
[       OK ] HvfIntelHandoff.FailureControls (4 ms)
[----------] 1 test from HvfIntelHandoff (4 ms total)

[==========] 1 test from 1 test suite ran. (4 ms total)
[  PASSED  ] 1 test.

Repeating all tests (iteration 93) . . .

Note: Google Test filter = HvfIntelHandoff.FailureControls
[==========] Running 1 test from 1 test suite.
[----------] 1 test from HvfIntelHandoff
[ RUN      ] HvfIntelHandoff.FailureControls
INTEL_HANDOFF_CONTROL case=replacement phase=begin
INTEL_HANDOFF_CONTROL case=replacement phase=state_checked
INTEL_HANDOFF_CONTROL case=replacement phase=cleanup_end
INTEL_HANDOFF_CONTROL case=old_destroy phase=begin
INTEL_HANDOFF_CONTROL case=old_destroy phase=state_checked
INTEL_HANDOFF_CONTROL case=old_destroy phase=cleanup_end
INTEL_HANDOFF_CONTROL case=new_create phase=begin
INTEL_HANDOFF_CONTROL case=new_create phase=state_checked
INTEL_HANDOFF_CONTROL case=new_create phase=cleanup_end
[       OK ] HvfIntelHandoff.FailureControls (5 ms)
[----------] 1 test from HvfIntelHandoff (5 ms total)

[==========] 1 test from 1 test suite ran. (5 ms total)
[  PASSED  ] 1 test.

Repeating all tests (iteration 94) . . .

Note: Google Test filter = HvfIntelHandoff.FailureControls
[==========] Running 1 test from 1 test suite.
[----------] 1 test from HvfIntelHandoff
[ RUN      ] HvfIntelHandoff.FailureControls
INTEL_HANDOFF_CONTROL case=replacement phase=begin
INTEL_HANDOFF_CONTROL case=replacement phase=state_checked
INTEL_HANDOFF_CONTROL case=replacement phase=cleanup_end
INTEL_HANDOFF_CONTROL case=old_destroy phase=begin
INTEL_HANDOFF_CONTROL case=old_destroy phase=state_checked
INTEL_HANDOFF_CONTROL case=old_destroy phase=cleanup_end
INTEL_HANDOFF_CONTROL case=new_create phase=begin
INTEL_HANDOFF_CONTROL case=new_create phase=state_checked
INTEL_HANDOFF_CONTROL case=new_create phase=cleanup_end
[       OK ] HvfIntelHandoff.FailureControls (4 ms)
[----------] 1 test from HvfIntelHandoff (4 ms total)

[==========] 1 test from 1 test suite ran. (4 ms total)
[  PASSED  ] 1 test.

Repeating all tests (iteration 95) . . .

Note: Google Test filter = HvfIntelHandoff.FailureControls
[==========] Running 1 test from 1 test suite.
[----------] 1 test from HvfIntelHandoff
[ RUN      ] HvfIntelHandoff.FailureControls
INTEL_HANDOFF_CONTROL case=replacement phase=begin
INTEL_HANDOFF_CONTROL case=replacement phase=state_checked
INTEL_HANDOFF_CONTROL case=replacement phase=cleanup_end
INTEL_HANDOFF_CONTROL case=old_destroy phase=begin
INTEL_HANDOFF_CONTROL case=old_destroy phase=state_checked
INTEL_HANDOFF_CONTROL case=old_destroy phase=cleanup_end
INTEL_HANDOFF_CONTROL case=new_create phase=begin
INTEL_HANDOFF_CONTROL case=new_create phase=state_checked
INTEL_HANDOFF_CONTROL case=new_create phase=cleanup_end
[       OK ] HvfIntelHandoff.FailureControls (5 ms)
[----------] 1 test from HvfIntelHandoff (5 ms total)

[==========] 1 test from 1 test suite ran. (5 ms total)
[  PASSED  ] 1 test.

Repeating all tests (iteration 96) . . .

Note: Google Test filter = HvfIntelHandoff.FailureControls
[==========] Running 1 test from 1 test suite.
[----------] 1 test from HvfIntelHandoff
[ RUN      ] HvfIntelHandoff.FailureControls
INTEL_HANDOFF_CONTROL case=replacement phase=begin
INTEL_HANDOFF_CONTROL case=replacement phase=state_checked
INTEL_HANDOFF_CONTROL case=replacement phase=cleanup_end
INTEL_HANDOFF_CONTROL case=old_destroy phase=begin
INTEL_HANDOFF_CONTROL case=old_destroy phase=state_checked
INTEL_HANDOFF_CONTROL case=old_destroy phase=cleanup_end
INTEL_HANDOFF_CONTROL case=new_create phase=begin
INTEL_HANDOFF_CONTROL case=new_create phase=state_checked
INTEL_HANDOFF_CONTROL case=new_create phase=cleanup_end
[       OK ] HvfIntelHandoff.FailureControls (4 ms)
[----------] 1 test from HvfIntelHandoff (4 ms total)

[==========] 1 test from 1 test suite ran. (4 ms total)
[  PASSED  ] 1 test.

Repeating all tests (iteration 97) . . .

Note: Google Test filter = HvfIntelHandoff.FailureControls
[==========] Running 1 test from 1 test suite.
[----------] 1 test from HvfIntelHandoff
[ RUN      ] HvfIntelHandoff.FailureControls
INTEL_HANDOFF_CONTROL case=replacement phase=begin
INTEL_HANDOFF_CONTROL case=replacement phase=state_checked
INTEL_HANDOFF_CONTROL case=replacement phase=cleanup_end
INTEL_HANDOFF_CONTROL case=old_destroy phase=begin
INTEL_HANDOFF_CONTROL case=old_destroy phase=state_checked
INTEL_HANDOFF_CONTROL case=old_destroy phase=cleanup_end
INTEL_HANDOFF_CONTROL case=new_create phase=begin
INTEL_HANDOFF_CONTROL case=new_create phase=state_checked
INTEL_HANDOFF_CONTROL case=new_create phase=cleanup_end
[       OK ] HvfIntelHandoff.FailureControls (4 ms)
[----------] 1 test from HvfIntelHandoff (4 ms total)

[==========] 1 test from 1 test suite ran. (4 ms total)
[  PASSED  ] 1 test.

Repeating all tests (iteration 98) . . .

Note: Google Test filter = HvfIntelHandoff.FailureControls
[==========] Running 1 test from 1 test suite.
[----------] 1 test from HvfIntelHandoff
[ RUN      ] HvfIntelHandoff.FailureControls
INTEL_HANDOFF_CONTROL case=replacement phase=begin
INTEL_HANDOFF_CONTROL case=replacement phase=state_checked
INTEL_HANDOFF_CONTROL case=replacement phase=cleanup_end
INTEL_HANDOFF_CONTROL case=old_destroy phase=begin
INTEL_HANDOFF_CONTROL case=old_destroy phase=state_checked
INTEL_HANDOFF_CONTROL case=old_destroy phase=cleanup_end
INTEL_HANDOFF_CONTROL case=new_create phase=begin
INTEL_HANDOFF_CONTROL case=new_create phase=state_checked
INTEL_HANDOFF_CONTROL case=new_create phase=cleanup_end
[       OK ] HvfIntelHandoff.FailureControls (4 ms)
[----------] 1 test from HvfIntelHandoff (4 ms total)

[==========] 1 test from 1 test suite ran. (4 ms total)
[  PASSED  ] 1 test.

Repeating all tests (iteration 99) . . .

Note: Google Test filter = HvfIntelHandoff.FailureControls
[==========] Running 1 test from 1 test suite.
[----------] 1 test from HvfIntelHandoff
[ RUN      ] HvfIntelHandoff.FailureControls
INTEL_HANDOFF_CONTROL case=replacement phase=begin
INTEL_HANDOFF_CONTROL case=replacement phase=state_checked
INTEL_HANDOFF_CONTROL case=replacement phase=cleanup_end
INTEL_HANDOFF_CONTROL case=old_destroy phase=begin
INTEL_HANDOFF_CONTROL case=old_destroy phase=state_checked
INTEL_HANDOFF_CONTROL case=old_destroy phase=cleanup_end
INTEL_HANDOFF_CONTROL case=new_create phase=begin
INTEL_HANDOFF_CONTROL case=new_create phase=state_checked
INTEL_HANDOFF_CONTROL case=new_create phase=cleanup_end
[       OK ] HvfIntelHandoff.FailureControls (4 ms)
[----------] 1 test from HvfIntelHandoff (4 ms total)

[==========] 1 test from 1 test suite ran. (4 ms total)
[  PASSED  ] 1 test.

Repeating all tests (iteration 100) . . .

Note: Google Test filter = HvfIntelHandoff.FailureControls
[==========] Running 1 test from 1 test suite.
[----------] 1 test from HvfIntelHandoff
[ RUN      ] HvfIntelHandoff.FailureControls
INTEL_HANDOFF_CONTROL case=replacement phase=begin
INTEL_HANDOFF_CONTROL case=replacement phase=state_checked
INTEL_HANDOFF_CONTROL case=replacement phase=cleanup_end
INTEL_HANDOFF_CONTROL case=old_destroy phase=begin
INTEL_HANDOFF_CONTROL case=old_destroy phase=state_checked
INTEL_HANDOFF_CONTROL case=old_destroy phase=cleanup_end
INTEL_HANDOFF_CONTROL case=new_create phase=begin
INTEL_HANDOFF_CONTROL case=new_create phase=state_checked
INTEL_HANDOFF_CONTROL case=new_create phase=cleanup_end
[       OK ] HvfIntelHandoff.FailureControls (4 ms)
[----------] 1 test from HvfIntelHandoff (4 ms total)

[----------] Global test environment tear-down
[==========] 1 test from 1 test suite ran. (4 ms total)
[  PASSED  ] 1 test.
