Running main() from /Users/runner/work/test_mac_intel/test_mac_intel/source/build-hvf/_deps/googletest-src/googletest/src/gtest_main.cc

Repeating all tests (iteration 1) . . .

Note: Google Test filter = HvfIntelRecoveryProbe.WithoutHostKick
[==========] Running 1 test from 1 test suite.
[----------] Global test environment set-up.
[----------] 1 test from HvfIntelRecoveryProbe
[ RUN      ] HvfIntelRecoveryProbe.WithoutHostKick
INTEL_PROBE phase=executor_retained
INTEL_RECOVERY host_kick=omitted
INTEL_LIFECYCLE phase=vcpu_destroy_begin generation=1 owner=42432
INTEL_LIFECYCLE phase=vcpu_destroy_end generation=1 owner=42432
INTEL_LIFECYCLE phase=vm_destroy_begin generation=1 owner=42432
INTEL_LIFECYCLE phase=vm_destroy_end generation=1 owner=42432
INTEL_LIFECYCLE phase=vm_create_begin generation=2 owner=42432
INTEL_LIFECYCLE phase=vm_create_end generation=2 owner=42432
INTEL_LIFECYCLE phase=vcpu_create_begin generation=2 owner=42432
INTEL_LIFECYCLE phase=vcpu_create_end generation=2 owner=42432
[       OK ] HvfIntelRecoveryProbe.WithoutHostKick (457 ms)
[----------] 1 test from HvfIntelRecoveryProbe (458 ms total)

[==========] 1 test from 1 test suite ran. (458 ms total)
[  PASSED  ] 1 test.

Repeating all tests (iteration 2) . . .

Note: Google Test filter = HvfIntelRecoveryProbe.WithoutHostKick
[==========] Running 1 test from 1 test suite.
[----------] 1 test from HvfIntelRecoveryProbe
[ RUN      ] HvfIntelRecoveryProbe.WithoutHostKick
INTEL_PROBE phase=executor_retained
INTEL_RECOVERY host_kick=omitted
INTEL_LIFECYCLE phase=vcpu_destroy_begin generation=2 owner=42432
INTEL_LIFECYCLE phase=vcpu_destroy_end generation=2 owner=42432
INTEL_LIFECYCLE phase=vm_destroy_begin generation=2 owner=42432
INTEL_LIFECYCLE phase=vm_destroy_end generation=2 owner=42432
INTEL_LIFECYCLE phase=vm_create_begin generation=3 owner=42432
INTEL_LIFECYCLE phase=vm_create_end generation=3 owner=42432
INTEL_LIFECYCLE phase=vcpu_create_begin generation=3 owner=42432
INTEL_LIFECYCLE phase=vcpu_create_end generation=3 owner=42432
[       OK ] HvfIntelRecoveryProbe.WithoutHostKick (447 ms)
[----------] 1 test from HvfIntelRecoveryProbe (449 ms total)

[==========] 1 test from 1 test suite ran. (449 ms total)
[  PASSED  ] 1 test.

Repeating all tests (iteration 3) . . .

Note: Google Test filter = HvfIntelRecoveryProbe.WithoutHostKick
[==========] Running 1 test from 1 test suite.
[----------] 1 test from HvfIntelRecoveryProbe
[ RUN      ] HvfIntelRecoveryProbe.WithoutHostKick
INTEL_PROBE phase=executor_retained
INTEL_RECOVERY host_kick=omitted
INTEL_LIFECYCLE phase=vcpu_destroy_begin generation=3 owner=42432
INTEL_LIFECYCLE phase=vcpu_destroy_end generation=3 owner=42432
INTEL_LIFECYCLE phase=vm_destroy_begin generation=3 owner=42432
INTEL_LIFECYCLE phase=vm_destroy_end generation=3 owner=42432
INTEL_LIFECYCLE phase=vm_create_begin generation=4 owner=42432
INTEL_LIFECYCLE phase=vm_create_end generation=4 owner=42432
INTEL_LIFECYCLE phase=vcpu_create_begin generation=4 owner=42432
INTEL_LIFECYCLE phase=vcpu_create_end generation=4 owner=42432
[       OK ] HvfIntelRecoveryProbe.WithoutHostKick (339 ms)
[----------] 1 test from HvfIntelRecoveryProbe (339 ms total)

[==========] 1 test from 1 test suite ran. (339 ms total)
[  PASSED  ] 1 test.

Repeating all tests (iteration 4) . . .

Note: Google Test filter = HvfIntelRecoveryProbe.WithoutHostKick
[==========] Running 1 test from 1 test suite.
[----------] 1 test from HvfIntelRecoveryProbe
[ RUN      ] HvfIntelRecoveryProbe.WithoutHostKick
INTEL_PROBE phase=executor_retained
INTEL_RECOVERY host_kick=omitted
INTEL_LIFECYCLE phase=vcpu_destroy_begin generation=4 owner=42432
INTEL_LIFECYCLE phase=vcpu_destroy_end generation=4 owner=42432
INTEL_LIFECYCLE phase=vm_destroy_begin generation=4 owner=42432
INTEL_LIFECYCLE phase=vm_destroy_end generation=4 owner=42432
INTEL_LIFECYCLE phase=vm_create_begin generation=5 owner=42432
INTEL_LIFECYCLE phase=vm_create_end generation=5 owner=42432
INTEL_LIFECYCLE phase=vcpu_create_begin generation=5 owner=42432
INTEL_LIFECYCLE phase=vcpu_create_end generation=5 owner=42432
[       OK ] HvfIntelRecoveryProbe.WithoutHostKick (265 ms)
[----------] 1 test from HvfIntelRecoveryProbe (265 ms total)

[==========] 1 test from 1 test suite ran. (265 ms total)
[  PASSED  ] 1 test.

Repeating all tests (iteration 5) . . .

Note: Google Test filter = HvfIntelRecoveryProbe.WithoutHostKick
[==========] Running 1 test from 1 test suite.
[----------] 1 test from HvfIntelRecoveryProbe
[ RUN      ] HvfIntelRecoveryProbe.WithoutHostKick
INTEL_PROBE phase=executor_retained
INTEL_RECOVERY host_kick=omitted
INTEL_LIFECYCLE phase=vcpu_destroy_begin generation=5 owner=42432
INTEL_LIFECYCLE phase=vcpu_destroy_end generation=5 owner=42432
INTEL_LIFECYCLE phase=vm_destroy_begin generation=5 owner=42432
INTEL_LIFECYCLE phase=vm_destroy_end generation=5 owner=42432
INTEL_LIFECYCLE phase=vm_create_begin generation=6 owner=42432
INTEL_LIFECYCLE phase=vm_create_end generation=6 owner=42432
INTEL_LIFECYCLE phase=vcpu_create_begin generation=6 owner=42432
INTEL_LIFECYCLE phase=vcpu_create_end generation=6 owner=42432
[       OK ] HvfIntelRecoveryProbe.WithoutHostKick (223 ms)
[----------] 1 test from HvfIntelRecoveryProbe (223 ms total)

[==========] 1 test from 1 test suite ran. (223 ms total)
[  PASSED  ] 1 test.

Repeating all tests (iteration 6) . . .

Note: Google Test filter = HvfIntelRecoveryProbe.WithoutHostKick
[==========] Running 1 test from 1 test suite.
[----------] 1 test from HvfIntelRecoveryProbe
[ RUN      ] HvfIntelRecoveryProbe.WithoutHostKick
INTEL_PROBE phase=executor_retained
INTEL_RECOVERY host_kick=omitted
INTEL_LIFECYCLE phase=vcpu_destroy_begin generation=6 owner=42432
INTEL_LIFECYCLE phase=vcpu_destroy_end generation=6 owner=42432
INTEL_LIFECYCLE phase=vm_destroy_begin generation=6 owner=42432
INTEL_LIFECYCLE phase=vm_destroy_end generation=6 owner=42432
INTEL_LIFECYCLE phase=vm_create_begin generation=7 owner=42432
INTEL_LIFECYCLE phase=vm_create_end generation=7 owner=42432
INTEL_LIFECYCLE phase=vcpu_create_begin generation=7 owner=42432
INTEL_LIFECYCLE phase=vcpu_create_end generation=7 owner=42432
[       OK ] HvfIntelRecoveryProbe.WithoutHostKick (543 ms)
[----------] 1 test from HvfIntelRecoveryProbe (543 ms total)

[==========] 1 test from 1 test suite ran. (543 ms total)
[  PASSED  ] 1 test.

Repeating all tests (iteration 7) . . .

Note: Google Test filter = HvfIntelRecoveryProbe.WithoutHostKick
[==========] Running 1 test from 1 test suite.
[----------] 1 test from HvfIntelRecoveryProbe
[ RUN      ] HvfIntelRecoveryProbe.WithoutHostKick
INTEL_PROBE phase=executor_retained
INTEL_RECOVERY host_kick=omitted
INTEL_LIFECYCLE phase=vcpu_destroy_begin generation=7 owner=42432
INTEL_LIFECYCLE phase=vcpu_destroy_end generation=7 owner=42432
INTEL_LIFECYCLE phase=vm_destroy_begin generation=7 owner=42432
INTEL_LIFECYCLE phase=vm_destroy_end generation=7 owner=42432
INTEL_LIFECYCLE phase=vm_create_begin generation=8 owner=42432
INTEL_LIFECYCLE phase=vm_create_end generation=8 owner=42432
INTEL_LIFECYCLE phase=vcpu_create_begin generation=8 owner=42432
INTEL_LIFECYCLE phase=vcpu_create_end generation=8 owner=42432
[       OK ] HvfIntelRecoveryProbe.WithoutHostKick (448 ms)
[----------] 1 test from HvfIntelRecoveryProbe (448 ms total)

[==========] 1 test from 1 test suite ran. (448 ms total)
[  PASSED  ] 1 test.

Repeating all tests (iteration 8) . . .

Note: Google Test filter = HvfIntelRecoveryProbe.WithoutHostKick
[==========] Running 1 test from 1 test suite.
[----------] 1 test from HvfIntelRecoveryProbe
[ RUN      ] HvfIntelRecoveryProbe.WithoutHostKick
INTEL_PROBE phase=executor_retained
INTEL_RECOVERY host_kick=omitted
INTEL_LIFECYCLE phase=vcpu_destroy_begin generation=8 owner=42432
INTEL_LIFECYCLE phase=vcpu_destroy_end generation=8 owner=42432
INTEL_LIFECYCLE phase=vm_destroy_begin generation=8 owner=42432
INTEL_LIFECYCLE phase=vm_destroy_end generation=8 owner=42432
INTEL_LIFECYCLE phase=vm_create_begin generation=9 owner=42432
INTEL_LIFECYCLE phase=vm_create_end generation=9 owner=42432
INTEL_LIFECYCLE phase=vcpu_create_begin generation=9 owner=42432
INTEL_LIFECYCLE phase=vcpu_create_end generation=9 owner=42432
[       OK ] HvfIntelRecoveryProbe.WithoutHostKick (332 ms)
[----------] 1 test from HvfIntelRecoveryProbe (332 ms total)

[==========] 1 test from 1 test suite ran. (332 ms total)
[  PASSED  ] 1 test.

Repeating all tests (iteration 9) . . .

Note: Google Test filter = HvfIntelRecoveryProbe.WithoutHostKick
[==========] Running 1 test from 1 test suite.
[----------] 1 test from HvfIntelRecoveryProbe
[ RUN      ] HvfIntelRecoveryProbe.WithoutHostKick
INTEL_PROBE phase=executor_retained
INTEL_RECOVERY host_kick=omitted
INTEL_LIFECYCLE phase=vcpu_destroy_begin generation=9 owner=42432
INTEL_LIFECYCLE phase=vcpu_destroy_end generation=9 owner=42432
INTEL_LIFECYCLE phase=vm_destroy_begin generation=9 owner=42432
INTEL_LIFECYCLE phase=vm_destroy_end generation=9 owner=42432
INTEL_LIFECYCLE phase=vm_create_begin generation=10 owner=42432
INTEL_LIFECYCLE phase=vm_create_end generation=10 owner=42432
INTEL_LIFECYCLE phase=vcpu_create_begin generation=10 owner=42432
INTEL_LIFECYCLE phase=vcpu_create_end generation=10 owner=42432
[       OK ] HvfIntelRecoveryProbe.WithoutHostKick (1296 ms)
[----------] 1 test from HvfIntelRecoveryProbe (1297 ms total)

[==========] 1 test from 1 test suite ran. (1297 ms total)
[  PASSED  ] 1 test.

Repeating all tests (iteration 10) . . .

Note: Google Test filter = HvfIntelRecoveryProbe.WithoutHostKick
[==========] Running 1 test from 1 test suite.
[----------] 1 test from HvfIntelRecoveryProbe
[ RUN      ] HvfIntelRecoveryProbe.WithoutHostKick
INTEL_PROBE phase=executor_retained
INTEL_RECOVERY host_kick=omitted
INTEL_LIFECYCLE phase=vcpu_destroy_begin generation=10 owner=42432
INTEL_LIFECYCLE phase=vcpu_destroy_end generation=10 owner=42432
INTEL_LIFECYCLE phase=vm_destroy_begin generation=10 owner=42432
INTEL_LIFECYCLE phase=vm_destroy_end generation=10 owner=42432
INTEL_LIFECYCLE phase=vm_create_begin generation=11 owner=42432
INTEL_LIFECYCLE phase=vm_create_end generation=11 owner=42432
INTEL_LIFECYCLE phase=vcpu_create_begin generation=11 owner=42432
INTEL_LIFECYCLE phase=vcpu_create_end generation=11 owner=42432
[       OK ] HvfIntelRecoveryProbe.WithoutHostKick (717 ms)
[----------] 1 test from HvfIntelRecoveryProbe (717 ms total)

[==========] 1 test from 1 test suite ran. (717 ms total)
[  PASSED  ] 1 test.

Repeating all tests (iteration 11) . . .

Note: Google Test filter = HvfIntelRecoveryProbe.WithoutHostKick
[==========] Running 1 test from 1 test suite.
[----------] 1 test from HvfIntelRecoveryProbe
[ RUN      ] HvfIntelRecoveryProbe.WithoutHostKick
INTEL_PROBE phase=executor_retained
INTEL_RECOVERY host_kick=omitted
INTEL_LIFECYCLE phase=vcpu_destroy_begin generation=11 owner=42432
INTEL_LIFECYCLE phase=vcpu_destroy_end generation=11 owner=42432
INTEL_LIFECYCLE phase=vm_destroy_begin generation=11 owner=42432
INTEL_LIFECYCLE phase=vm_destroy_end generation=11 owner=42432
INTEL_LIFECYCLE phase=vm_create_begin generation=12 owner=42432
INTEL_LIFECYCLE phase=vm_create_end generation=12 owner=42432
INTEL_LIFECYCLE phase=vcpu_create_begin generation=12 owner=42432
INTEL_LIFECYCLE phase=vcpu_create_end generation=12 owner=42432
[       OK ] HvfIntelRecoveryProbe.WithoutHostKick (644 ms)
[----------] 1 test from HvfIntelRecoveryProbe (644 ms total)

[==========] 1 test from 1 test suite ran. (644 ms total)
[  PASSED  ] 1 test.

Repeating all tests (iteration 12) . . .

Note: Google Test filter = HvfIntelRecoveryProbe.WithoutHostKick
[==========] Running 1 test from 1 test suite.
[----------] 1 test from HvfIntelRecoveryProbe
[ RUN      ] HvfIntelRecoveryProbe.WithoutHostKick
INTEL_PROBE phase=executor_retained
INTEL_RECOVERY host_kick=omitted
INTEL_LIFECYCLE phase=vcpu_destroy_begin generation=12 owner=42432
INTEL_LIFECYCLE phase=vcpu_destroy_end generation=12 owner=42432
INTEL_LIFECYCLE phase=vm_destroy_begin generation=12 owner=42432
INTEL_LIFECYCLE phase=vm_destroy_end generation=12 owner=42432
INTEL_LIFECYCLE phase=vm_create_begin generation=13 owner=42432
INTEL_LIFECYCLE phase=vm_create_end generation=13 owner=42432
INTEL_LIFECYCLE phase=vcpu_create_begin generation=13 owner=42432
INTEL_LIFECYCLE phase=vcpu_create_end generation=13 owner=42432
[       OK ] HvfIntelRecoveryProbe.WithoutHostKick (568 ms)
[----------] 1 test from HvfIntelRecoveryProbe (568 ms total)

[==========] 1 test from 1 test suite ran. (568 ms total)
[  PASSED  ] 1 test.

Repeating all tests (iteration 13) . . .

Note: Google Test filter = HvfIntelRecoveryProbe.WithoutHostKick
[==========] Running 1 test from 1 test suite.
[----------] 1 test from HvfIntelRecoveryProbe
[ RUN      ] HvfIntelRecoveryProbe.WithoutHostKick
INTEL_PROBE phase=executor_retained
INTEL_RECOVERY host_kick=omitted
INTEL_LIFECYCLE phase=vcpu_destroy_begin generation=13 owner=42432
INTEL_LIFECYCLE phase=vcpu_destroy_end generation=13 owner=42432
INTEL_LIFECYCLE phase=vm_destroy_begin generation=13 owner=42432
INTEL_LIFECYCLE phase=vm_destroy_end generation=13 owner=42432
INTEL_LIFECYCLE phase=vm_create_begin generation=14 owner=42432
INTEL_LIFECYCLE phase=vm_create_end generation=14 owner=42432
INTEL_LIFECYCLE phase=vcpu_create_begin generation=14 owner=42432
INTEL_LIFECYCLE phase=vcpu_create_end generation=14 owner=42432
[       OK ] HvfIntelRecoveryProbe.WithoutHostKick (352 ms)
[----------] 1 test from HvfIntelRecoveryProbe (352 ms total)

[==========] 1 test from 1 test suite ran. (352 ms total)
[  PASSED  ] 1 test.

Repeating all tests (iteration 14) . . .

Note: Google Test filter = HvfIntelRecoveryProbe.WithoutHostKick
[==========] Running 1 test from 1 test suite.
[----------] 1 test from HvfIntelRecoveryProbe
[ RUN      ] HvfIntelRecoveryProbe.WithoutHostKick
INTEL_PROBE phase=executor_retained
INTEL_RECOVERY host_kick=omitted
INTEL_LIFECYCLE phase=vcpu_destroy_begin generation=14 owner=42432
INTEL_LIFECYCLE phase=vcpu_destroy_end generation=14 owner=42432
INTEL_LIFECYCLE phase=vm_destroy_begin generation=14 owner=42432
INTEL_LIFECYCLE phase=vm_destroy_end generation=14 owner=42432
INTEL_LIFECYCLE phase=vm_create_begin generation=15 owner=42432
INTEL_LIFECYCLE phase=vm_create_end generation=15 owner=42432
INTEL_LIFECYCLE phase=vcpu_create_begin generation=15 owner=42432
INTEL_LIFECYCLE phase=vcpu_create_end generation=15 owner=42432
[       OK ] HvfIntelRecoveryProbe.WithoutHostKick (437 ms)
[----------] 1 test from HvfIntelRecoveryProbe (437 ms total)

[==========] 1 test from 1 test suite ran. (437 ms total)
[  PASSED  ] 1 test.

Repeating all tests (iteration 15) . . .

Note: Google Test filter = HvfIntelRecoveryProbe.WithoutHostKick
[==========] Running 1 test from 1 test suite.
[----------] 1 test from HvfIntelRecoveryProbe
[ RUN      ] HvfIntelRecoveryProbe.WithoutHostKick
INTEL_PROBE phase=executor_retained
INTEL_RECOVERY host_kick=omitted
INTEL_LIFECYCLE phase=vcpu_destroy_begin generation=15 owner=42432
INTEL_LIFECYCLE phase=vcpu_destroy_end generation=15 owner=42432
INTEL_LIFECYCLE phase=vm_destroy_begin generation=15 owner=42432
INTEL_LIFECYCLE phase=vm_destroy_end generation=15 owner=42432
INTEL_LIFECYCLE phase=vm_create_begin generation=16 owner=42432
INTEL_LIFECYCLE phase=vm_create_end generation=16 owner=42432
INTEL_LIFECYCLE phase=vcpu_create_begin generation=16 owner=42432
INTEL_LIFECYCLE phase=vcpu_create_end generation=16 owner=42432
[       OK ] HvfIntelRecoveryProbe.WithoutHostKick (346 ms)
[----------] 1 test from HvfIntelRecoveryProbe (346 ms total)

[==========] 1 test from 1 test suite ran. (346 ms total)
[  PASSED  ] 1 test.

Repeating all tests (iteration 16) . . .

Note: Google Test filter = HvfIntelRecoveryProbe.WithoutHostKick
[==========] Running 1 test from 1 test suite.
[----------] 1 test from HvfIntelRecoveryProbe
[ RUN      ] HvfIntelRecoveryProbe.WithoutHostKick
INTEL_PROBE phase=executor_retained
INTEL_RECOVERY host_kick=omitted
INTEL_LIFECYCLE phase=vcpu_destroy_begin generation=16 owner=42432
INTEL_LIFECYCLE phase=vcpu_destroy_end generation=16 owner=42432
INTEL_LIFECYCLE phase=vm_destroy_begin generation=16 owner=42432
INTEL_LIFECYCLE phase=vm_destroy_end generation=16 owner=42432
INTEL_LIFECYCLE phase=vm_create_begin generation=17 owner=42432
INTEL_LIFECYCLE phase=vm_create_end generation=17 owner=42432
INTEL_LIFECYCLE phase=vcpu_create_begin generation=17 owner=42432
INTEL_LIFECYCLE phase=vcpu_create_end generation=17 owner=42432
[       OK ] HvfIntelRecoveryProbe.WithoutHostKick (439 ms)
[----------] 1 test from HvfIntelRecoveryProbe (439 ms total)

[==========] 1 test from 1 test suite ran. (439 ms total)
[  PASSED  ] 1 test.

Repeating all tests (iteration 17) . . .

Note: Google Test filter = HvfIntelRecoveryProbe.WithoutHostKick
[==========] Running 1 test from 1 test suite.
[----------] 1 test from HvfIntelRecoveryProbe
[ RUN      ] HvfIntelRecoveryProbe.WithoutHostKick
INTEL_PROBE phase=executor_retained
INTEL_RECOVERY host_kick=omitted
INTEL_LIFECYCLE phase=vcpu_destroy_begin generation=17 owner=42432
INTEL_LIFECYCLE phase=vcpu_destroy_end generation=17 owner=42432
INTEL_LIFECYCLE phase=vm_destroy_begin generation=17 owner=42432
INTEL_LIFECYCLE phase=vm_destroy_end generation=17 owner=42432
INTEL_LIFECYCLE phase=vm_create_begin generation=18 owner=42432
INTEL_LIFECYCLE phase=vm_create_end generation=18 owner=42432
INTEL_LIFECYCLE phase=vcpu_create_begin generation=18 owner=42432
INTEL_LIFECYCLE phase=vcpu_create_end generation=18 owner=42432
[       OK ] HvfIntelRecoveryProbe.WithoutHostKick (388 ms)
[----------] 1 test from HvfIntelRecoveryProbe (388 ms total)

[==========] 1 test from 1 test suite ran. (388 ms total)
[  PASSED  ] 1 test.

Repeating all tests (iteration 18) . . .

Note: Google Test filter = HvfIntelRecoveryProbe.WithoutHostKick
[==========] Running 1 test from 1 test suite.
[----------] 1 test from HvfIntelRecoveryProbe
[ RUN      ] HvfIntelRecoveryProbe.WithoutHostKick
INTEL_PROBE phase=executor_retained
INTEL_RECOVERY host_kick=omitted
INTEL_LIFECYCLE phase=vcpu_destroy_begin generation=18 owner=42432
INTEL_LIFECYCLE phase=vcpu_destroy_end generation=18 owner=42432
INTEL_LIFECYCLE phase=vm_destroy_begin generation=18 owner=42432
INTEL_LIFECYCLE phase=vm_destroy_end generation=18 owner=42432
INTEL_LIFECYCLE phase=vm_create_begin generation=19 owner=42432
INTEL_LIFECYCLE phase=vm_create_end generation=19 owner=42432
INTEL_LIFECYCLE phase=vcpu_create_begin generation=19 owner=42432
INTEL_LIFECYCLE phase=vcpu_create_end generation=19 owner=42432
[       OK ] HvfIntelRecoveryProbe.WithoutHostKick (194 ms)
[----------] 1 test from HvfIntelRecoveryProbe (194 ms total)

[==========] 1 test from 1 test suite ran. (194 ms total)
[  PASSED  ] 1 test.

Repeating all tests (iteration 19) . . .

Note: Google Test filter = HvfIntelRecoveryProbe.WithoutHostKick
[==========] Running 1 test from 1 test suite.
[----------] 1 test from HvfIntelRecoveryProbe
[ RUN      ] HvfIntelRecoveryProbe.WithoutHostKick
INTEL_PROBE phase=executor_retained
INTEL_RECOVERY host_kick=omitted
INTEL_LIFECYCLE phase=vcpu_destroy_begin generation=19 owner=42432
INTEL_LIFECYCLE phase=vcpu_destroy_end generation=19 owner=42432
INTEL_LIFECYCLE phase=vm_destroy_begin generation=19 owner=42432
INTEL_LIFECYCLE phase=vm_destroy_end generation=19 owner=42432
INTEL_LIFECYCLE phase=vm_create_begin generation=20 owner=42432
INTEL_LIFECYCLE phase=vm_create_end generation=20 owner=42432
INTEL_LIFECYCLE phase=vcpu_create_begin generation=20 owner=42432
INTEL_LIFECYCLE phase=vcpu_create_end generation=20 owner=42432
[       OK ] HvfIntelRecoveryProbe.WithoutHostKick (282 ms)
[----------] 1 test from HvfIntelRecoveryProbe (282 ms total)

[==========] 1 test from 1 test suite ran. (282 ms total)
[  PASSED  ] 1 test.

Repeating all tests (iteration 20) . . .

Note: Google Test filter = HvfIntelRecoveryProbe.WithoutHostKick
[==========] Running 1 test from 1 test suite.
[----------] 1 test from HvfIntelRecoveryProbe
[ RUN      ] HvfIntelRecoveryProbe.WithoutHostKick
INTEL_PROBE phase=executor_retained
INTEL_RECOVERY host_kick=omitted
INTEL_LIFECYCLE phase=vcpu_destroy_begin generation=20 owner=42432
INTEL_LIFECYCLE phase=vcpu_destroy_end generation=20 owner=42432
INTEL_LIFECYCLE phase=vm_destroy_begin generation=20 owner=42432
INTEL_LIFECYCLE phase=vm_destroy_end generation=20 owner=42432
INTEL_LIFECYCLE phase=vm_create_begin generation=21 owner=42432
INTEL_LIFECYCLE phase=vm_create_end generation=21 owner=42432
INTEL_LIFECYCLE phase=vcpu_create_begin generation=21 owner=42432
INTEL_LIFECYCLE phase=vcpu_create_end generation=21 owner=42432
[       OK ] HvfIntelRecoveryProbe.WithoutHostKick (327 ms)
[----------] 1 test from HvfIntelRecoveryProbe (327 ms total)

[==========] 1 test from 1 test suite ran. (327 ms total)
[  PASSED  ] 1 test.

Repeating all tests (iteration 21) . . .

Note: Google Test filter = HvfIntelRecoveryProbe.WithoutHostKick
[==========] Running 1 test from 1 test suite.
[----------] 1 test from HvfIntelRecoveryProbe
[ RUN      ] HvfIntelRecoveryProbe.WithoutHostKick
INTEL_PROBE phase=executor_retained
INTEL_RECOVERY host_kick=omitted
INTEL_LIFECYCLE phase=vcpu_destroy_begin generation=21 owner=42432
INTEL_LIFECYCLE phase=vcpu_destroy_end generation=21 owner=42432
INTEL_LIFECYCLE phase=vm_destroy_begin generation=21 owner=42432
INTEL_LIFECYCLE phase=vm_destroy_end generation=21 owner=42432
INTEL_LIFECYCLE phase=vm_create_begin generation=22 owner=42432
INTEL_LIFECYCLE phase=vm_create_end generation=22 owner=42432
INTEL_LIFECYCLE phase=vcpu_create_begin generation=22 owner=42432
INTEL_LIFECYCLE phase=vcpu_create_end generation=22 owner=42432
[       OK ] HvfIntelRecoveryProbe.WithoutHostKick (192 ms)
[----------] 1 test from HvfIntelRecoveryProbe (192 ms total)

[==========] 1 test from 1 test suite ran. (192 ms total)
[  PASSED  ] 1 test.

Repeating all tests (iteration 22) . . .

Note: Google Test filter = HvfIntelRecoveryProbe.WithoutHostKick
[==========] Running 1 test from 1 test suite.
[----------] 1 test from HvfIntelRecoveryProbe
[ RUN      ] HvfIntelRecoveryProbe.WithoutHostKick
INTEL_PROBE phase=executor_retained
INTEL_RECOVERY host_kick=omitted
INTEL_LIFECYCLE phase=vcpu_destroy_begin generation=22 owner=42432
INTEL_LIFECYCLE phase=vcpu_destroy_end generation=22 owner=42432
INTEL_LIFECYCLE phase=vm_destroy_begin generation=22 owner=42432
INTEL_LIFECYCLE phase=vm_destroy_end generation=22 owner=42432
INTEL_LIFECYCLE phase=vm_create_begin generation=23 owner=42432
INTEL_LIFECYCLE phase=vm_create_end generation=23 owner=42432
INTEL_LIFECYCLE phase=vcpu_create_begin generation=23 owner=42432
INTEL_LIFECYCLE phase=vcpu_create_end generation=23 owner=42432
[       OK ] HvfIntelRecoveryProbe.WithoutHostKick (346 ms)
[----------] 1 test from HvfIntelRecoveryProbe (346 ms total)

[==========] 1 test from 1 test suite ran. (346 ms total)
[  PASSED  ] 1 test.

Repeating all tests (iteration 23) . . .

Note: Google Test filter = HvfIntelRecoveryProbe.WithoutHostKick
[==========] Running 1 test from 1 test suite.
[----------] 1 test from HvfIntelRecoveryProbe
[ RUN      ] HvfIntelRecoveryProbe.WithoutHostKick
INTEL_PROBE phase=executor_retained
INTEL_RECOVERY host_kick=omitted
INTEL_LIFECYCLE phase=vcpu_destroy_begin generation=23 owner=42432
INTEL_LIFECYCLE phase=vcpu_destroy_end generation=23 owner=42432
INTEL_LIFECYCLE phase=vm_destroy_begin generation=23 owner=42432
INTEL_LIFECYCLE phase=vm_destroy_end generation=23 owner=42432
INTEL_LIFECYCLE phase=vm_create_begin generation=24 owner=42432
INTEL_LIFECYCLE phase=vm_create_end generation=24 owner=42432
INTEL_LIFECYCLE phase=vcpu_create_begin generation=24 owner=42432
INTEL_LIFECYCLE phase=vcpu_create_end generation=24 owner=42432
[       OK ] HvfIntelRecoveryProbe.WithoutHostKick (164 ms)
[----------] 1 test from HvfIntelRecoveryProbe (164 ms total)

[==========] 1 test from 1 test suite ran. (164 ms total)
[  PASSED  ] 1 test.

Repeating all tests (iteration 24) . . .

Note: Google Test filter = HvfIntelRecoveryProbe.WithoutHostKick
[==========] Running 1 test from 1 test suite.
[----------] 1 test from HvfIntelRecoveryProbe
[ RUN      ] HvfIntelRecoveryProbe.WithoutHostKick
INTEL_PROBE phase=executor_retained
INTEL_RECOVERY host_kick=omitted
INTEL_LIFECYCLE phase=vcpu_destroy_begin generation=24 owner=42432
INTEL_LIFECYCLE phase=vcpu_destroy_end generation=24 owner=42432
INTEL_LIFECYCLE phase=vm_destroy_begin generation=24 owner=42432
INTEL_LIFECYCLE phase=vm_destroy_end generation=24 owner=42432
INTEL_LIFECYCLE phase=vm_create_begin generation=25 owner=42432
INTEL_LIFECYCLE phase=vm_create_end generation=25 owner=42432
INTEL_LIFECYCLE phase=vcpu_create_begin generation=25 owner=42432
INTEL_LIFECYCLE phase=vcpu_create_end generation=25 owner=42432
[       OK ] HvfIntelRecoveryProbe.WithoutHostKick (311 ms)
[----------] 1 test from HvfIntelRecoveryProbe (312 ms total)

[==========] 1 test from 1 test suite ran. (312 ms total)
[  PASSED  ] 1 test.

Repeating all tests (iteration 25) . . .

Note: Google Test filter = HvfIntelRecoveryProbe.WithoutHostKick
[==========] Running 1 test from 1 test suite.
[----------] 1 test from HvfIntelRecoveryProbe
[ RUN      ] HvfIntelRecoveryProbe.WithoutHostKick
INTEL_PROBE phase=executor_retained
INTEL_RECOVERY host_kick=omitted
INTEL_LIFECYCLE phase=vcpu_destroy_begin generation=25 owner=42432
INTEL_LIFECYCLE phase=vcpu_destroy_end generation=25 owner=42432
INTEL_LIFECYCLE phase=vm_destroy_begin generation=25 owner=42432
INTEL_LIFECYCLE phase=vm_destroy_end generation=25 owner=42432
INTEL_LIFECYCLE phase=vm_create_begin generation=26 owner=42432
INTEL_LIFECYCLE phase=vm_create_end generation=26 owner=42432
INTEL_LIFECYCLE phase=vcpu_create_begin generation=26 owner=42432
INTEL_LIFECYCLE phase=vcpu_create_end generation=26 owner=42432
[       OK ] HvfIntelRecoveryProbe.WithoutHostKick (274 ms)
[----------] 1 test from HvfIntelRecoveryProbe (274 ms total)

[==========] 1 test from 1 test suite ran. (274 ms total)
[  PASSED  ] 1 test.

Repeating all tests (iteration 26) . . .

Note: Google Test filter = HvfIntelRecoveryProbe.WithoutHostKick
[==========] Running 1 test from 1 test suite.
[----------] 1 test from HvfIntelRecoveryProbe
[ RUN      ] HvfIntelRecoveryProbe.WithoutHostKick
INTEL_PROBE phase=executor_retained
