Running main() from /Users/runner/work/test_mac_intel/test_mac_intel/source/build-hvf/_deps/googletest-src/googletest/src/gtest_main.cc

Repeating all tests (iteration 1) . . .

Note: Google Test filter = HvfExecutor.Native*
[==========] Running 1 test from 1 test suite.
[----------] Global test environment set-up.
[----------] 1 test from HvfExecutor
[ RUN      ] HvfExecutor.NativeIntelCancellationAndCompletionFailureAllowRetry
INTEL_PROBE phase=executor_retained
INTEL_LIFECYCLE phase=vcpu_destroy_begin generation=1 owner=295189
INTEL_LIFECYCLE phase=vcpu_destroy_end generation=1 owner=295189
INTEL_LIFECYCLE phase=vcpu_create_begin generation=2 owner=295189
INTEL_LIFECYCLE phase=vcpu_create_end generation=2 owner=295189
[       OK ] HvfExecutor.NativeIntelCancellationAndCompletionFailureAllowRetry (378 ms)
[----------] 1 test from HvfExecutor (378 ms total)

[==========] 1 test from 1 test suite ran. (378 ms total)
[  PASSED  ] 1 test.

Repeating all tests (iteration 2) . . .

Note: Google Test filter = HvfExecutor.Native*
[==========] Running 1 test from 1 test suite.
[----------] 1 test from HvfExecutor
[ RUN      ] HvfExecutor.NativeIntelCancellationAndCompletionFailureAllowRetry
INTEL_PROBE phase=executor_retained
INTEL_LIFECYCLE phase=vcpu_destroy_begin generation=2 owner=295189
INTEL_LIFECYCLE phase=vcpu_destroy_end generation=2 owner=295189
INTEL_LIFECYCLE phase=vcpu_create_begin generation=3 owner=295189
INTEL_LIFECYCLE phase=vcpu_create_end generation=3 owner=295189
[       OK ] HvfExecutor.NativeIntelCancellationAndCompletionFailureAllowRetry (212 ms)
[----------] 1 test from HvfExecutor (212 ms total)

[==========] 1 test from 1 test suite ran. (212 ms total)
[  PASSED  ] 1 test.

Repeating all tests (iteration 3) . . .

Note: Google Test filter = HvfExecutor.Native*
[==========] Running 1 test from 1 test suite.
[----------] 1 test from HvfExecutor
[ RUN      ] HvfExecutor.NativeIntelCancellationAndCompletionFailureAllowRetry
INTEL_PROBE phase=executor_retained
INTEL_LIFECYCLE phase=vcpu_destroy_begin generation=3 owner=295189
INTEL_LIFECYCLE phase=vcpu_destroy_end generation=3 owner=295189
INTEL_LIFECYCLE phase=vcpu_create_begin generation=4 owner=295189
INTEL_LIFECYCLE phase=vcpu_create_end generation=4 owner=295189
[       OK ] HvfExecutor.NativeIntelCancellationAndCompletionFailureAllowRetry (288 ms)
[----------] 1 test from HvfExecutor (288 ms total)

[==========] 1 test from 1 test suite ran. (288 ms total)
[  PASSED  ] 1 test.

Repeating all tests (iteration 4) . . .

Note: Google Test filter = HvfExecutor.Native*
[==========] Running 1 test from 1 test suite.
[----------] 1 test from HvfExecutor
[ RUN      ] HvfExecutor.NativeIntelCancellationAndCompletionFailureAllowRetry
INTEL_PROBE phase=executor_retained
INTEL_LIFECYCLE phase=vcpu_destroy_begin generation=4 owner=295189
INTEL_LIFECYCLE phase=vcpu_destroy_end generation=4 owner=295189
INTEL_LIFECYCLE phase=vcpu_create_begin generation=5 owner=295189
INTEL_LIFECYCLE phase=vcpu_create_end generation=5 owner=295189
[       OK ] HvfExecutor.NativeIntelCancellationAndCompletionFailureAllowRetry (151 ms)
[----------] 1 test from HvfExecutor (151 ms total)

[==========] 1 test from 1 test suite ran. (151 ms total)
[  PASSED  ] 1 test.

Repeating all tests (iteration 5) . . .

Note: Google Test filter = HvfExecutor.Native*
[==========] Running 1 test from 1 test suite.
[----------] 1 test from HvfExecutor
[ RUN      ] HvfExecutor.NativeIntelCancellationAndCompletionFailureAllowRetry
INTEL_PROBE phase=executor_retained
INTEL_LIFECYCLE phase=vcpu_destroy_begin generation=5 owner=295189
INTEL_LIFECYCLE phase=vcpu_destroy_end generation=5 owner=295189
INTEL_LIFECYCLE phase=vcpu_create_begin generation=6 owner=295189
INTEL_LIFECYCLE phase=vcpu_create_end generation=6 owner=295189
[       OK ] HvfExecutor.NativeIntelCancellationAndCompletionFailureAllowRetry (375 ms)
[----------] 1 test from HvfExecutor (375 ms total)

[==========] 1 test from 1 test suite ran. (375 ms total)
[  PASSED  ] 1 test.

Repeating all tests (iteration 6) . . .

Note: Google Test filter = HvfExecutor.Native*
[==========] Running 1 test from 1 test suite.
[----------] 1 test from HvfExecutor
[ RUN      ] HvfExecutor.NativeIntelCancellationAndCompletionFailureAllowRetry
INTEL_PROBE phase=executor_retained
INTEL_LIFECYCLE phase=vcpu_destroy_begin generation=6 owner=295189
INTEL_LIFECYCLE phase=vcpu_destroy_end generation=6 owner=295189
INTEL_LIFECYCLE phase=vcpu_create_begin generation=7 owner=295189
INTEL_LIFECYCLE phase=vcpu_create_end generation=7 owner=295189
[       OK ] HvfExecutor.NativeIntelCancellationAndCompletionFailureAllowRetry (125 ms)
[----------] 1 test from HvfExecutor (125 ms total)

[==========] 1 test from 1 test suite ran. (125 ms total)
[  PASSED  ] 1 test.

Repeating all tests (iteration 7) . . .

Note: Google Test filter = HvfExecutor.Native*
[==========] Running 1 test from 1 test suite.
[----------] 1 test from HvfExecutor
[ RUN      ] HvfExecutor.NativeIntelCancellationAndCompletionFailureAllowRetry
INTEL_PROBE phase=executor_retained
INTEL_LIFECYCLE phase=vcpu_destroy_begin generation=7 owner=295189
INTEL_LIFECYCLE phase=vcpu_destroy_end generation=7 owner=295189
INTEL_LIFECYCLE phase=vcpu_create_begin generation=8 owner=295189
INTEL_LIFECYCLE phase=vcpu_create_end generation=8 owner=295189
[       OK ] HvfExecutor.NativeIntelCancellationAndCompletionFailureAllowRetry (198 ms)
[----------] 1 test from HvfExecutor (198 ms total)

[==========] 1 test from 1 test suite ran. (198 ms total)
[  PASSED  ] 1 test.

Repeating all tests (iteration 8) . . .

Note: Google Test filter = HvfExecutor.Native*
[==========] Running 1 test from 1 test suite.
[----------] 1 test from HvfExecutor
[ RUN      ] HvfExecutor.NativeIntelCancellationAndCompletionFailureAllowRetry
INTEL_PROBE phase=executor_retained
INTEL_LIFECYCLE phase=vcpu_destroy_begin generation=8 owner=295189
INTEL_LIFECYCLE phase=vcpu_destroy_end generation=8 owner=295189
INTEL_LIFECYCLE phase=vcpu_create_begin generation=9 owner=295189
INTEL_LIFECYCLE phase=vcpu_create_end generation=9 owner=295189
[       OK ] HvfExecutor.NativeIntelCancellationAndCompletionFailureAllowRetry (366 ms)
[----------] 1 test from HvfExecutor (366 ms total)

[==========] 1 test from 1 test suite ran. (366 ms total)
[  PASSED  ] 1 test.

Repeating all tests (iteration 9) . . .

Note: Google Test filter = HvfExecutor.Native*
[==========] Running 1 test from 1 test suite.
[----------] 1 test from HvfExecutor
[ RUN      ] HvfExecutor.NativeIntelCancellationAndCompletionFailureAllowRetry
INTEL_PROBE phase=executor_retained
INTEL_LIFECYCLE phase=vcpu_destroy_begin generation=9 owner=295189
INTEL_LIFECYCLE phase=vcpu_destroy_end generation=9 owner=295189
INTEL_LIFECYCLE phase=vcpu_create_begin generation=10 owner=295189
INTEL_LIFECYCLE phase=vcpu_create_end generation=10 owner=295189
[       OK ] HvfExecutor.NativeIntelCancellationAndCompletionFailureAllowRetry (150 ms)
[----------] 1 test from HvfExecutor (150 ms total)

[==========] 1 test from 1 test suite ran. (150 ms total)
[  PASSED  ] 1 test.

Repeating all tests (iteration 10) . . .

Note: Google Test filter = HvfExecutor.Native*
[==========] Running 1 test from 1 test suite.
[----------] 1 test from HvfExecutor
[ RUN      ] HvfExecutor.NativeIntelCancellationAndCompletionFailureAllowRetry
INTEL_PROBE phase=executor_retained
INTEL_LIFECYCLE phase=vcpu_destroy_begin generation=10 owner=295189
INTEL_LIFECYCLE phase=vcpu_destroy_end generation=10 owner=295189
INTEL_LIFECYCLE phase=vcpu_create_begin generation=11 owner=295189
INTEL_LIFECYCLE phase=vcpu_create_end generation=11 owner=295189
[       OK ] HvfExecutor.NativeIntelCancellationAndCompletionFailureAllowRetry (350 ms)
[----------] 1 test from HvfExecutor (350 ms total)

[==========] 1 test from 1 test suite ran. (350 ms total)
[  PASSED  ] 1 test.

Repeating all tests (iteration 11) . . .

Note: Google Test filter = HvfExecutor.Native*
[==========] Running 1 test from 1 test suite.
[----------] 1 test from HvfExecutor
[ RUN      ] HvfExecutor.NativeIntelCancellationAndCompletionFailureAllowRetry
INTEL_PROBE phase=executor_retained
INTEL_LIFECYCLE phase=vcpu_destroy_begin generation=11 owner=295189
INTEL_LIFECYCLE phase=vcpu_destroy_end generation=11 owner=295189
INTEL_LIFECYCLE phase=vcpu_create_begin generation=12 owner=295189
INTEL_LIFECYCLE phase=vcpu_create_end generation=12 owner=295189
[       OK ] HvfExecutor.NativeIntelCancellationAndCompletionFailureAllowRetry (167 ms)
[----------] 1 test from HvfExecutor (167 ms total)

[==========] 1 test from 1 test suite ran. (167 ms total)
[  PASSED  ] 1 test.

Repeating all tests (iteration 12) . . .

Note: Google Test filter = HvfExecutor.Native*
[==========] Running 1 test from 1 test suite.
[----------] 1 test from HvfExecutor
[ RUN      ] HvfExecutor.NativeIntelCancellationAndCompletionFailureAllowRetry
INTEL_PROBE phase=executor_retained
INTEL_LIFECYCLE phase=vcpu_destroy_begin generation=12 owner=295189
INTEL_LIFECYCLE phase=vcpu_destroy_end generation=12 owner=295189
INTEL_LIFECYCLE phase=vcpu_create_begin generation=13 owner=295189
INTEL_LIFECYCLE phase=vcpu_create_end generation=13 owner=295189
[       OK ] HvfExecutor.NativeIntelCancellationAndCompletionFailureAllowRetry (169 ms)
[----------] 1 test from HvfExecutor (169 ms total)

[==========] 1 test from 1 test suite ran. (169 ms total)
[  PASSED  ] 1 test.

Repeating all tests (iteration 13) . . .

Note: Google Test filter = HvfExecutor.Native*
[==========] Running 1 test from 1 test suite.
[----------] 1 test from HvfExecutor
[ RUN      ] HvfExecutor.NativeIntelCancellationAndCompletionFailureAllowRetry
INTEL_PROBE phase=executor_retained
INTEL_LIFECYCLE phase=vcpu_destroy_begin generation=13 owner=295189
INTEL_LIFECYCLE phase=vcpu_destroy_end generation=13 owner=295189
INTEL_LIFECYCLE phase=vcpu_create_begin generation=14 owner=295189
INTEL_LIFECYCLE phase=vcpu_create_end generation=14 owner=295189
[       OK ] HvfExecutor.NativeIntelCancellationAndCompletionFailureAllowRetry (279 ms)
[----------] 1 test from HvfExecutor (279 ms total)

[==========] 1 test from 1 test suite ran. (279 ms total)
[  PASSED  ] 1 test.

Repeating all tests (iteration 14) . . .

Note: Google Test filter = HvfExecutor.Native*
[==========] Running 1 test from 1 test suite.
[----------] 1 test from HvfExecutor
[ RUN      ] HvfExecutor.NativeIntelCancellationAndCompletionFailureAllowRetry
INTEL_PROBE phase=executor_retained
INTEL_LIFECYCLE phase=vcpu_destroy_begin generation=14 owner=295189
INTEL_LIFECYCLE phase=vcpu_destroy_end generation=14 owner=295189
INTEL_LIFECYCLE phase=vcpu_create_begin generation=15 owner=295189
INTEL_LIFECYCLE phase=vcpu_create_end generation=15 owner=295189
[       OK ] HvfExecutor.NativeIntelCancellationAndCompletionFailureAllowRetry (290 ms)
[----------] 1 test from HvfExecutor (290 ms total)

[==========] 1 test from 1 test suite ran. (290 ms total)
[  PASSED  ] 1 test.

Repeating all tests (iteration 15) . . .

Note: Google Test filter = HvfExecutor.Native*
[==========] Running 1 test from 1 test suite.
[----------] 1 test from HvfExecutor
[ RUN      ] HvfExecutor.NativeIntelCancellationAndCompletionFailureAllowRetry
INTEL_PROBE phase=executor_retained
INTEL_LIFECYCLE phase=vcpu_destroy_begin generation=15 owner=295189
INTEL_LIFECYCLE phase=vcpu_destroy_end generation=15 owner=295189
INTEL_LIFECYCLE phase=vcpu_create_begin generation=16 owner=295189
INTEL_LIFECYCLE phase=vcpu_create_end generation=16 owner=295189
[       OK ] HvfExecutor.NativeIntelCancellationAndCompletionFailureAllowRetry (367 ms)
[----------] 1 test from HvfExecutor (367 ms total)

[==========] 1 test from 1 test suite ran. (367 ms total)
[  PASSED  ] 1 test.

Repeating all tests (iteration 16) . . .

Note: Google Test filter = HvfExecutor.Native*
[==========] Running 1 test from 1 test suite.
[----------] 1 test from HvfExecutor
[ RUN      ] HvfExecutor.NativeIntelCancellationAndCompletionFailureAllowRetry
INTEL_PROBE phase=executor_retained
INTEL_LIFECYCLE phase=vcpu_destroy_begin generation=16 owner=295189
INTEL_LIFECYCLE phase=vcpu_destroy_end generation=16 owner=295189
INTEL_LIFECYCLE phase=vcpu_create_begin generation=17 owner=295189
INTEL_LIFECYCLE phase=vcpu_create_end generation=17 owner=295189
[       OK ] HvfExecutor.NativeIntelCancellationAndCompletionFailureAllowRetry (259 ms)
[----------] 1 test from HvfExecutor (259 ms total)

[==========] 1 test from 1 test suite ran. (259 ms total)
[  PASSED  ] 1 test.

Repeating all tests (iteration 17) . . .

Note: Google Test filter = HvfExecutor.Native*
[==========] Running 1 test from 1 test suite.
[----------] 1 test from HvfExecutor
[ RUN      ] HvfExecutor.NativeIntelCancellationAndCompletionFailureAllowRetry
INTEL_PROBE phase=executor_retained
INTEL_LIFECYCLE phase=vcpu_destroy_begin generation=17 owner=295189
INTEL_LIFECYCLE phase=vcpu_destroy_end generation=17 owner=295189
INTEL_LIFECYCLE phase=vcpu_create_begin generation=18 owner=295189
INTEL_LIFECYCLE phase=vcpu_create_end generation=18 owner=295189
[       OK ] HvfExecutor.NativeIntelCancellationAndCompletionFailureAllowRetry (307 ms)
[----------] 1 test from HvfExecutor (308 ms total)

[==========] 1 test from 1 test suite ran. (308 ms total)
[  PASSED  ] 1 test.

Repeating all tests (iteration 18) . . .

Note: Google Test filter = HvfExecutor.Native*
[==========] Running 1 test from 1 test suite.
[----------] 1 test from HvfExecutor
[ RUN      ] HvfExecutor.NativeIntelCancellationAndCompletionFailureAllowRetry
INTEL_PROBE phase=executor_retained
INTEL_LIFECYCLE phase=vcpu_destroy_begin generation=18 owner=295189
INTEL_LIFECYCLE phase=vcpu_destroy_end generation=18 owner=295189
INTEL_LIFECYCLE phase=vcpu_create_begin generation=19 owner=295189
INTEL_LIFECYCLE phase=vcpu_create_end generation=19 owner=295189
[       OK ] HvfExecutor.NativeIntelCancellationAndCompletionFailureAllowRetry (157 ms)
[----------] 1 test from HvfExecutor (157 ms total)

[==========] 1 test from 1 test suite ran. (157 ms total)
[  PASSED  ] 1 test.

Repeating all tests (iteration 19) . . .

Note: Google Test filter = HvfExecutor.Native*
[==========] Running 1 test from 1 test suite.
[----------] 1 test from HvfExecutor
[ RUN      ] HvfExecutor.NativeIntelCancellationAndCompletionFailureAllowRetry
INTEL_PROBE phase=executor_retained
INTEL_LIFECYCLE phase=vcpu_destroy_begin generation=19 owner=295189
INTEL_LIFECYCLE phase=vcpu_destroy_end generation=19 owner=295189
INTEL_LIFECYCLE phase=vcpu_create_begin generation=20 owner=295189
INTEL_LIFECYCLE phase=vcpu_create_end generation=20 owner=295189
[       OK ] HvfExecutor.NativeIntelCancellationAndCompletionFailureAllowRetry (231 ms)
[----------] 1 test from HvfExecutor (231 ms total)

[==========] 1 test from 1 test suite ran. (231 ms total)
[  PASSED  ] 1 test.

Repeating all tests (iteration 20) . . .

Note: Google Test filter = HvfExecutor.Native*
[==========] Running 1 test from 1 test suite.
[----------] 1 test from HvfExecutor
[ RUN      ] HvfExecutor.NativeIntelCancellationAndCompletionFailureAllowRetry
INTEL_PROBE phase=executor_retained
INTEL_LIFECYCLE phase=vcpu_destroy_begin generation=20 owner=295189
INTEL_LIFECYCLE phase=vcpu_destroy_end generation=20 owner=295189
INTEL_LIFECYCLE phase=vcpu_create_begin generation=21 owner=295189
INTEL_LIFECYCLE phase=vcpu_create_end generation=21 owner=295189
[       OK ] HvfExecutor.NativeIntelCancellationAndCompletionFailureAllowRetry (190 ms)
[----------] 1 test from HvfExecutor (190 ms total)

[==========] 1 test from 1 test suite ran. (190 ms total)
[  PASSED  ] 1 test.

Repeating all tests (iteration 21) . . .

Note: Google Test filter = HvfExecutor.Native*
[==========] Running 1 test from 1 test suite.
[----------] 1 test from HvfExecutor
[ RUN      ] HvfExecutor.NativeIntelCancellationAndCompletionFailureAllowRetry
INTEL_PROBE phase=executor_retained
INTEL_LIFECYCLE phase=vcpu_destroy_begin generation=21 owner=295189
INTEL_LIFECYCLE phase=vcpu_destroy_end generation=21 owner=295189
INTEL_LIFECYCLE phase=vcpu_create_begin generation=22 owner=295189
INTEL_LIFECYCLE phase=vcpu_create_end generation=22 owner=295189
[       OK ] HvfExecutor.NativeIntelCancellationAndCompletionFailureAllowRetry (243 ms)
[----------] 1 test from HvfExecutor (243 ms total)

[==========] 1 test from 1 test suite ran. (243 ms total)
[  PASSED  ] 1 test.

Repeating all tests (iteration 22) . . .

Note: Google Test filter = HvfExecutor.Native*
[==========] Running 1 test from 1 test suite.
[----------] 1 test from HvfExecutor
[ RUN      ] HvfExecutor.NativeIntelCancellationAndCompletionFailureAllowRetry
INTEL_PROBE phase=executor_retained
INTEL_LIFECYCLE phase=vcpu_destroy_begin generation=22 owner=295189
INTEL_LIFECYCLE phase=vcpu_destroy_end generation=22 owner=295189
INTEL_LIFECYCLE phase=vcpu_create_begin generation=23 owner=295189
INTEL_LIFECYCLE phase=vcpu_create_end generation=23 owner=295189
[       OK ] HvfExecutor.NativeIntelCancellationAndCompletionFailureAllowRetry (270 ms)
[----------] 1 test from HvfExecutor (270 ms total)

[==========] 1 test from 1 test suite ran. (270 ms total)
[  PASSED  ] 1 test.

Repeating all tests (iteration 23) . . .

Note: Google Test filter = HvfExecutor.Native*
[==========] Running 1 test from 1 test suite.
[----------] 1 test from HvfExecutor
[ RUN      ] HvfExecutor.NativeIntelCancellationAndCompletionFailureAllowRetry
INTEL_PROBE phase=executor_retained
INTEL_LIFECYCLE phase=vcpu_destroy_begin generation=23 owner=295189
INTEL_LIFECYCLE phase=vcpu_destroy_end generation=23 owner=295189
INTEL_LIFECYCLE phase=vcpu_create_begin generation=24 owner=295189
INTEL_LIFECYCLE phase=vcpu_create_end generation=24 owner=295189
[       OK ] HvfExecutor.NativeIntelCancellationAndCompletionFailureAllowRetry (137 ms)
[----------] 1 test from HvfExecutor (137 ms total)

[==========] 1 test from 1 test suite ran. (137 ms total)
[  PASSED  ] 1 test.

Repeating all tests (iteration 24) . . .

Note: Google Test filter = HvfExecutor.Native*
[==========] Running 1 test from 1 test suite.
[----------] 1 test from HvfExecutor
[ RUN      ] HvfExecutor.NativeIntelCancellationAndCompletionFailureAllowRetry
INTEL_PROBE phase=executor_retained
INTEL_LIFECYCLE phase=vcpu_destroy_begin generation=24 owner=295189
INTEL_LIFECYCLE phase=vcpu_destroy_end generation=24 owner=295189
INTEL_LIFECYCLE phase=vcpu_create_begin generation=25 owner=295189
INTEL_LIFECYCLE phase=vcpu_create_end generation=25 owner=295189
[       OK ] HvfExecutor.NativeIntelCancellationAndCompletionFailureAllowRetry (180 ms)
[----------] 1 test from HvfExecutor (180 ms total)

[==========] 1 test from 1 test suite ran. (180 ms total)
[  PASSED  ] 1 test.

Repeating all tests (iteration 25) . . .

Note: Google Test filter = HvfExecutor.Native*
[==========] Running 1 test from 1 test suite.
[----------] 1 test from HvfExecutor
[ RUN      ] HvfExecutor.NativeIntelCancellationAndCompletionFailureAllowRetry
INTEL_PROBE phase=executor_retained
INTEL_LIFECYCLE phase=vcpu_destroy_begin generation=25 owner=295189
INTEL_LIFECYCLE phase=vcpu_destroy_end generation=25 owner=295189
INTEL_LIFECYCLE phase=vcpu_create_begin generation=26 owner=295189
INTEL_LIFECYCLE phase=vcpu_create_end generation=26 owner=295189
[       OK ] HvfExecutor.NativeIntelCancellationAndCompletionFailureAllowRetry (245 ms)
[----------] 1 test from HvfExecutor (245 ms total)

[==========] 1 test from 1 test suite ran. (245 ms total)
[  PASSED  ] 1 test.

Repeating all tests (iteration 26) . . .

Note: Google Test filter = HvfExecutor.Native*
[==========] Running 1 test from 1 test suite.
[----------] 1 test from HvfExecutor
[ RUN      ] HvfExecutor.NativeIntelCancellationAndCompletionFailureAllowRetry
INTEL_PROBE phase=executor_retained
INTEL_LIFECYCLE phase=vcpu_destroy_begin generation=26 owner=295189
INTEL_LIFECYCLE phase=vcpu_destroy_end generation=26 owner=295189
INTEL_LIFECYCLE phase=vcpu_create_begin generation=27 owner=295189
INTEL_LIFECYCLE phase=vcpu_create_end generation=27 owner=295189
[       OK ] HvfExecutor.NativeIntelCancellationAndCompletionFailureAllowRetry (124 ms)
[----------] 1 test from HvfExecutor (124 ms total)

[==========] 1 test from 1 test suite ran. (124 ms total)
[  PASSED  ] 1 test.

Repeating all tests (iteration 27) . . .

Note: Google Test filter = HvfExecutor.Native*
[==========] Running 1 test from 1 test suite.
[----------] 1 test from HvfExecutor
[ RUN      ] HvfExecutor.NativeIntelCancellationAndCompletionFailureAllowRetry
INTEL_PROBE phase=executor_retained
INTEL_LIFECYCLE phase=vcpu_destroy_begin generation=27 owner=295189
INTEL_LIFECYCLE phase=vcpu_destroy_end generation=27 owner=295189
INTEL_LIFECYCLE phase=vcpu_create_begin generation=28 owner=295189
INTEL_LIFECYCLE phase=vcpu_create_end generation=28 owner=295189
[       OK ] HvfExecutor.NativeIntelCancellationAndCompletionFailureAllowRetry (263 ms)
[----------] 1 test from HvfExecutor (263 ms total)

[==========] 1 test from 1 test suite ran. (263 ms total)
[  PASSED  ] 1 test.

Repeating all tests (iteration 28) . . .

Note: Google Test filter = HvfExecutor.Native*
[==========] Running 1 test from 1 test suite.
[----------] 1 test from HvfExecutor
[ RUN      ] HvfExecutor.NativeIntelCancellationAndCompletionFailureAllowRetry
INTEL_PROBE phase=executor_retained
INTEL_LIFECYCLE phase=vcpu_destroy_begin generation=28 owner=295189
INTEL_LIFECYCLE phase=vcpu_destroy_end generation=28 owner=295189
INTEL_LIFECYCLE phase=vcpu_create_begin generation=29 owner=295189
INTEL_LIFECYCLE phase=vcpu_create_end generation=29 owner=295189
[       OK ] HvfExecutor.NativeIntelCancellationAndCompletionFailureAllowRetry (434 ms)
[----------] 1 test from HvfExecutor (434 ms total)

[==========] 1 test from 1 test suite ran. (434 ms total)
[  PASSED  ] 1 test.

Repeating all tests (iteration 29) . . .

Note: Google Test filter = HvfExecutor.Native*
[==========] Running 1 test from 1 test suite.
[----------] 1 test from HvfExecutor
[ RUN      ] HvfExecutor.NativeIntelCancellationAndCompletionFailureAllowRetry
INTEL_PROBE phase=executor_retained
INTEL_LIFECYCLE phase=vcpu_destroy_begin generation=29 owner=295189
INTEL_LIFECYCLE phase=vcpu_destroy_end generation=29 owner=295189
INTEL_LIFECYCLE phase=vcpu_create_begin generation=30 owner=295189
INTEL_LIFECYCLE phase=vcpu_create_end generation=30 owner=295189
[       OK ] HvfExecutor.NativeIntelCancellationAndCompletionFailureAllowRetry (377 ms)
[----------] 1 test from HvfExecutor (377 ms total)

[==========] 1 test from 1 test suite ran. (377 ms total)
[  PASSED  ] 1 test.

Repeating all tests (iteration 30) . . .

Note: Google Test filter = HvfExecutor.Native*
[==========] Running 1 test from 1 test suite.
[----------] 1 test from HvfExecutor
[ RUN      ] HvfExecutor.NativeIntelCancellationAndCompletionFailureAllowRetry
INTEL_PROBE phase=executor_retained
INTEL_LIFECYCLE phase=vcpu_destroy_begin generation=30 owner=295189
INTEL_LIFECYCLE phase=vcpu_destroy_end generation=30 owner=295189
INTEL_LIFECYCLE phase=vcpu_create_begin generation=31 owner=295189
INTEL_LIFECYCLE phase=vcpu_create_end generation=31 owner=295189
[       OK ] HvfExecutor.NativeIntelCancellationAndCompletionFailureAllowRetry (231 ms)
[----------] 1 test from HvfExecutor (231 ms total)

[==========] 1 test from 1 test suite ran. (231 ms total)
[  PASSED  ] 1 test.

Repeating all tests (iteration 31) . . .

Note: Google Test filter = HvfExecutor.Native*
[==========] Running 1 test from 1 test suite.
[----------] 1 test from HvfExecutor
[ RUN      ] HvfExecutor.NativeIntelCancellationAndCompletionFailureAllowRetry
INTEL_PROBE phase=executor_retained
INTEL_LIFECYCLE phase=vcpu_destroy_begin generation=31 owner=295189
INTEL_LIFECYCLE phase=vcpu_destroy_end generation=31 owner=295189
INTEL_LIFECYCLE phase=vcpu_create_begin generation=32 owner=295189
INTEL_LIFECYCLE phase=vcpu_create_end generation=32 owner=295189
[       OK ] HvfExecutor.NativeIntelCancellationAndCompletionFailureAllowRetry (177 ms)
[----------] 1 test from HvfExecutor (177 ms total)

[==========] 1 test from 1 test suite ran. (177 ms total)
[  PASSED  ] 1 test.

Repeating all tests (iteration 32) . . .

Note: Google Test filter = HvfExecutor.Native*
[==========] Running 1 test from 1 test suite.
[----------] 1 test from HvfExecutor
[ RUN      ] HvfExecutor.NativeIntelCancellationAndCompletionFailureAllowRetry
INTEL_PROBE phase=executor_retained
INTEL_LIFECYCLE phase=vcpu_destroy_begin generation=32 owner=295189
INTEL_LIFECYCLE phase=vcpu_destroy_end generation=32 owner=295189
INTEL_LIFECYCLE phase=vcpu_create_begin generation=33 owner=295189
INTEL_LIFECYCLE phase=vcpu_create_end generation=33 owner=295189
[       OK ] HvfExecutor.NativeIntelCancellationAndCompletionFailureAllowRetry (355 ms)
[----------] 1 test from HvfExecutor (355 ms total)

[==========] 1 test from 1 test suite ran. (355 ms total)
[  PASSED  ] 1 test.

Repeating all tests (iteration 33) . . .

Note: Google Test filter = HvfExecutor.Native*
[==========] Running 1 test from 1 test suite.
[----------] 1 test from HvfExecutor
[ RUN      ] HvfExecutor.NativeIntelCancellationAndCompletionFailureAllowRetry
INTEL_PROBE phase=executor_retained
INTEL_LIFECYCLE phase=vcpu_destroy_begin generation=33 owner=295189
INTEL_LIFECYCLE phase=vcpu_destroy_end generation=33 owner=295189
INTEL_LIFECYCLE phase=vcpu_create_begin generation=34 owner=295189
INTEL_LIFECYCLE phase=vcpu_create_end generation=34 owner=295189
[       OK ] HvfExecutor.NativeIntelCancellationAndCompletionFailureAllowRetry (315 ms)
[----------] 1 test from HvfExecutor (315 ms total)

[==========] 1 test from 1 test suite ran. (315 ms total)
[  PASSED  ] 1 test.

Repeating all tests (iteration 34) . . .

Note: Google Test filter = HvfExecutor.Native*
[==========] Running 1 test from 1 test suite.
[----------] 1 test from HvfExecutor
[ RUN      ] HvfExecutor.NativeIntelCancellationAndCompletionFailureAllowRetry
INTEL_PROBE phase=executor_retained
INTEL_LIFECYCLE phase=vcpu_destroy_begin generation=34 owner=295189
INTEL_LIFECYCLE phase=vcpu_destroy_end generation=34 owner=295189
INTEL_LIFECYCLE phase=vcpu_create_begin generation=35 owner=295189
INTEL_LIFECYCLE phase=vcpu_create_end generation=35 owner=295189
[       OK ] HvfExecutor.NativeIntelCancellationAndCompletionFailureAllowRetry (329 ms)
[----------] 1 test from HvfExecutor (329 ms total)

[==========] 1 test from 1 test suite ran. (329 ms total)
[  PASSED  ] 1 test.

Repeating all tests (iteration 35) . . .

Note: Google Test filter = HvfExecutor.Native*
[==========] Running 1 test from 1 test suite.
[----------] 1 test from HvfExecutor
[ RUN      ] HvfExecutor.NativeIntelCancellationAndCompletionFailureAllowRetry
INTEL_PROBE phase=executor_retained
INTEL_LIFECYCLE phase=vcpu_destroy_begin generation=35 owner=295189
INTEL_LIFECYCLE phase=vcpu_destroy_end generation=35 owner=295189
INTEL_LIFECYCLE phase=vcpu_create_begin generation=36 owner=295189
INTEL_LIFECYCLE phase=vcpu_create_end generation=36 owner=295189
[       OK ] HvfExecutor.NativeIntelCancellationAndCompletionFailureAllowRetry (261 ms)
[----------] 1 test from HvfExecutor (261 ms total)

[==========] 1 test from 1 test suite ran. (261 ms total)
[  PASSED  ] 1 test.

Repeating all tests (iteration 36) . . .

Note: Google Test filter = HvfExecutor.Native*
[==========] Running 1 test from 1 test suite.
[----------] 1 test from HvfExecutor
[ RUN      ] HvfExecutor.NativeIntelCancellationAndCompletionFailureAllowRetry
INTEL_PROBE phase=executor_retained
INTEL_LIFECYCLE phase=vcpu_destroy_begin generation=36 owner=295189
INTEL_LIFECYCLE phase=vcpu_destroy_end generation=36 owner=295189
INTEL_LIFECYCLE phase=vcpu_create_begin generation=37 owner=295189
INTEL_LIFECYCLE phase=vcpu_create_end generation=37 owner=295189
[       OK ] HvfExecutor.NativeIntelCancellationAndCompletionFailureAllowRetry (215 ms)
[----------] 1 test from HvfExecutor (215 ms total)

[==========] 1 test from 1 test suite ran. (215 ms total)
[  PASSED  ] 1 test.

Repeating all tests (iteration 37) . . .

Note: Google Test filter = HvfExecutor.Native*
[==========] Running 1 test from 1 test suite.
[----------] 1 test from HvfExecutor
[ RUN      ] HvfExecutor.NativeIntelCancellationAndCompletionFailureAllowRetry
INTEL_PROBE phase=executor_retained
INTEL_LIFECYCLE phase=vcpu_destroy_begin generation=37 owner=295189
INTEL_LIFECYCLE phase=vcpu_destroy_end generation=37 owner=295189
INTEL_LIFECYCLE phase=vcpu_create_begin generation=38 owner=295189
INTEL_LIFECYCLE phase=vcpu_create_end generation=38 owner=295189
[       OK ] HvfExecutor.NativeIntelCancellationAndCompletionFailureAllowRetry (229 ms)
[----------] 1 test from HvfExecutor (229 ms total)

[==========] 1 test from 1 test suite ran. (229 ms total)
[  PASSED  ] 1 test.

Repeating all tests (iteration 38) . . .

Note: Google Test filter = HvfExecutor.Native*
[==========] Running 1 test from 1 test suite.
[----------] 1 test from HvfExecutor
[ RUN      ] HvfExecutor.NativeIntelCancellationAndCompletionFailureAllowRetry
INTEL_PROBE phase=executor_retained
INTEL_LIFECYCLE phase=vcpu_destroy_begin generation=38 owner=295189
INTEL_LIFECYCLE phase=vcpu_destroy_end generation=38 owner=295189
INTEL_LIFECYCLE phase=vcpu_create_begin generation=39 owner=295189
INTEL_LIFECYCLE phase=vcpu_create_end generation=39 owner=295189
[       OK ] HvfExecutor.NativeIntelCancellationAndCompletionFailureAllowRetry (299 ms)
[----------] 1 test from HvfExecutor (299 ms total)

[==========] 1 test from 1 test suite ran. (299 ms total)
[  PASSED  ] 1 test.

Repeating all tests (iteration 39) . . .

Note: Google Test filter = HvfExecutor.Native*
[==========] Running 1 test from 1 test suite.
[----------] 1 test from HvfExecutor
[ RUN      ] HvfExecutor.NativeIntelCancellationAndCompletionFailureAllowRetry
INTEL_PROBE phase=executor_retained
INTEL_LIFECYCLE phase=vcpu_destroy_begin generation=39 owner=295189
INTEL_LIFECYCLE phase=vcpu_destroy_end generation=39 owner=295189
INTEL_LIFECYCLE phase=vcpu_create_begin generation=40 owner=295189
INTEL_LIFECYCLE phase=vcpu_create_end generation=40 owner=295189
[       OK ] HvfExecutor.NativeIntelCancellationAndCompletionFailureAllowRetry (254 ms)
[----------] 1 test from HvfExecutor (254 ms total)

[==========] 1 test from 1 test suite ran. (254 ms total)
[  PASSED  ] 1 test.

Repeating all tests (iteration 40) . . .

Note: Google Test filter = HvfExecutor.Native*
[==========] Running 1 test from 1 test suite.
[----------] 1 test from HvfExecutor
[ RUN      ] HvfExecutor.NativeIntelCancellationAndCompletionFailureAllowRetry
INTEL_PROBE phase=executor_retained
INTEL_LIFECYCLE phase=vcpu_destroy_begin generation=40 owner=295189
INTEL_LIFECYCLE phase=vcpu_destroy_end generation=40 owner=295189
INTEL_LIFECYCLE phase=vcpu_create_begin generation=41 owner=295189
INTEL_LIFECYCLE phase=vcpu_create_end generation=41 owner=295189
[       OK ] HvfExecutor.NativeIntelCancellationAndCompletionFailureAllowRetry (375 ms)
[----------] 1 test from HvfExecutor (375 ms total)

[==========] 1 test from 1 test suite ran. (375 ms total)
[  PASSED  ] 1 test.

Repeating all tests (iteration 41) . . .

Note: Google Test filter = HvfExecutor.Native*
[==========] Running 1 test from 1 test suite.
[----------] 1 test from HvfExecutor
[ RUN      ] HvfExecutor.NativeIntelCancellationAndCompletionFailureAllowRetry
INTEL_PROBE phase=executor_retained
INTEL_LIFECYCLE phase=vcpu_destroy_begin generation=41 owner=295189
INTEL_LIFECYCLE phase=vcpu_destroy_end generation=41 owner=295189
INTEL_LIFECYCLE phase=vcpu_create_begin generation=42 owner=295189
INTEL_LIFECYCLE phase=vcpu_create_end generation=42 owner=295189
[       OK ] HvfExecutor.NativeIntelCancellationAndCompletionFailureAllowRetry (287 ms)
[----------] 1 test from HvfExecutor (287 ms total)

[==========] 1 test from 1 test suite ran. (287 ms total)
[  PASSED  ] 1 test.

Repeating all tests (iteration 42) . . .

Note: Google Test filter = HvfExecutor.Native*
[==========] Running 1 test from 1 test suite.
[----------] 1 test from HvfExecutor
[ RUN      ] HvfExecutor.NativeIntelCancellationAndCompletionFailureAllowRetry
INTEL_PROBE phase=executor_retained
INTEL_LIFECYCLE phase=vcpu_destroy_begin generation=42 owner=295189
INTEL_LIFECYCLE phase=vcpu_destroy_end generation=42 owner=295189
INTEL_LIFECYCLE phase=vcpu_create_begin generation=43 owner=295189
INTEL_LIFECYCLE phase=vcpu_create_end generation=43 owner=295189
[       OK ] HvfExecutor.NativeIntelCancellationAndCompletionFailureAllowRetry (113 ms)
[----------] 1 test from HvfExecutor (113 ms total)

[==========] 1 test from 1 test suite ran. (113 ms total)
[  PASSED  ] 1 test.

Repeating all tests (iteration 43) . . .

Note: Google Test filter = HvfExecutor.Native*
[==========] Running 1 test from 1 test suite.
[----------] 1 test from HvfExecutor
[ RUN      ] HvfExecutor.NativeIntelCancellationAndCompletionFailureAllowRetry
INTEL_PROBE phase=executor_retained
INTEL_LIFECYCLE phase=vcpu_destroy_begin generation=43 owner=295189
INTEL_LIFECYCLE phase=vcpu_destroy_end generation=43 owner=295189
INTEL_LIFECYCLE phase=vcpu_create_begin generation=44 owner=295189
INTEL_LIFECYCLE phase=vcpu_create_end generation=44 owner=295189
[       OK ] HvfExecutor.NativeIntelCancellationAndCompletionFailureAllowRetry (124 ms)
[----------] 1 test from HvfExecutor (124 ms total)

[==========] 1 test from 1 test suite ran. (124 ms total)
[  PASSED  ] 1 test.

Repeating all tests (iteration 44) . . .

Note: Google Test filter = HvfExecutor.Native*
[==========] Running 1 test from 1 test suite.
[----------] 1 test from HvfExecutor
[ RUN      ] HvfExecutor.NativeIntelCancellationAndCompletionFailureAllowRetry
INTEL_PROBE phase=executor_retained
INTEL_LIFECYCLE phase=vcpu_destroy_begin generation=44 owner=295189
INTEL_LIFECYCLE phase=vcpu_destroy_end generation=44 owner=295189
INTEL_LIFECYCLE phase=vcpu_create_begin generation=45 owner=295189
INTEL_LIFECYCLE phase=vcpu_create_end generation=45 owner=295189
[       OK ] HvfExecutor.NativeIntelCancellationAndCompletionFailureAllowRetry (387 ms)
[----------] 1 test from HvfExecutor (387 ms total)

[==========] 1 test from 1 test suite ran. (387 ms total)
[  PASSED  ] 1 test.

Repeating all tests (iteration 45) . . .

Note: Google Test filter = HvfExecutor.Native*
[==========] Running 1 test from 1 test suite.
[----------] 1 test from HvfExecutor
[ RUN      ] HvfExecutor.NativeIntelCancellationAndCompletionFailureAllowRetry
INTEL_PROBE phase=executor_retained
INTEL_LIFECYCLE phase=vcpu_destroy_begin generation=45 owner=295189
INTEL_LIFECYCLE phase=vcpu_destroy_end generation=45 owner=295189
INTEL_LIFECYCLE phase=vcpu_create_begin generation=46 owner=295189
INTEL_LIFECYCLE phase=vcpu_create_end generation=46 owner=295189
[       OK ] HvfExecutor.NativeIntelCancellationAndCompletionFailureAllowRetry (347 ms)
[----------] 1 test from HvfExecutor (347 ms total)

[==========] 1 test from 1 test suite ran. (347 ms total)
[  PASSED  ] 1 test.

Repeating all tests (iteration 46) . . .

Note: Google Test filter = HvfExecutor.Native*
[==========] Running 1 test from 1 test suite.
[----------] 1 test from HvfExecutor
[ RUN      ] HvfExecutor.NativeIntelCancellationAndCompletionFailureAllowRetry
INTEL_PROBE phase=executor_retained
INTEL_LIFECYCLE phase=vcpu_destroy_begin generation=46 owner=295189
INTEL_LIFECYCLE phase=vcpu_destroy_end generation=46 owner=295189
INTEL_LIFECYCLE phase=vcpu_create_begin generation=47 owner=295189
INTEL_LIFECYCLE phase=vcpu_create_end generation=47 owner=295189
[       OK ] HvfExecutor.NativeIntelCancellationAndCompletionFailureAllowRetry (284 ms)
[----------] 1 test from HvfExecutor (284 ms total)

[==========] 1 test from 1 test suite ran. (284 ms total)
[  PASSED  ] 1 test.

Repeating all tests (iteration 47) . . .

Note: Google Test filter = HvfExecutor.Native*
[==========] Running 1 test from 1 test suite.
[----------] 1 test from HvfExecutor
[ RUN      ] HvfExecutor.NativeIntelCancellationAndCompletionFailureAllowRetry
INTEL_PROBE phase=executor_retained
INTEL_LIFECYCLE phase=vcpu_destroy_begin generation=47 owner=295189
INTEL_LIFECYCLE phase=vcpu_destroy_end generation=47 owner=295189
INTEL_LIFECYCLE phase=vcpu_create_begin generation=48 owner=295189
INTEL_LIFECYCLE phase=vcpu_create_end generation=48 owner=295189
[       OK ] HvfExecutor.NativeIntelCancellationAndCompletionFailureAllowRetry (326 ms)
[----------] 1 test from HvfExecutor (326 ms total)

[==========] 1 test from 1 test suite ran. (326 ms total)
[  PASSED  ] 1 test.

Repeating all tests (iteration 48) . . .

Note: Google Test filter = HvfExecutor.Native*
[==========] Running 1 test from 1 test suite.
[----------] 1 test from HvfExecutor
[ RUN      ] HvfExecutor.NativeIntelCancellationAndCompletionFailureAllowRetry
INTEL_PROBE phase=executor_retained
INTEL_LIFECYCLE phase=vcpu_destroy_begin generation=48 owner=295189
INTEL_LIFECYCLE phase=vcpu_destroy_end generation=48 owner=295189
INTEL_LIFECYCLE phase=vcpu_create_begin generation=49 owner=295189
INTEL_LIFECYCLE phase=vcpu_create_end generation=49 owner=295189
[       OK ] HvfExecutor.NativeIntelCancellationAndCompletionFailureAllowRetry (248 ms)
[----------] 1 test from HvfExecutor (248 ms total)

[==========] 1 test from 1 test suite ran. (248 ms total)
[  PASSED  ] 1 test.

Repeating all tests (iteration 49) . . .

Note: Google Test filter = HvfExecutor.Native*
[==========] Running 1 test from 1 test suite.
[----------] 1 test from HvfExecutor
[ RUN      ] HvfExecutor.NativeIntelCancellationAndCompletionFailureAllowRetry
INTEL_PROBE phase=executor_retained
INTEL_LIFECYCLE phase=vcpu_destroy_begin generation=49 owner=295189
INTEL_LIFECYCLE phase=vcpu_destroy_end generation=49 owner=295189
INTEL_LIFECYCLE phase=vcpu_create_begin generation=50 owner=295189
INTEL_LIFECYCLE phase=vcpu_create_end generation=50 owner=295189
[       OK ] HvfExecutor.NativeIntelCancellationAndCompletionFailureAllowRetry (266 ms)
[----------] 1 test from HvfExecutor (266 ms total)

[==========] 1 test from 1 test suite ran. (266 ms total)
[  PASSED  ] 1 test.

Repeating all tests (iteration 50) . . .

Note: Google Test filter = HvfExecutor.Native*
[==========] Running 1 test from 1 test suite.
[----------] 1 test from HvfExecutor
[ RUN      ] HvfExecutor.NativeIntelCancellationAndCompletionFailureAllowRetry
INTEL_PROBE phase=executor_retained
INTEL_LIFECYCLE phase=vcpu_destroy_begin generation=50 owner=295189
INTEL_LIFECYCLE phase=vcpu_destroy_end generation=50 owner=295189
INTEL_LIFECYCLE phase=vcpu_create_begin generation=51 owner=295189
INTEL_LIFECYCLE phase=vcpu_create_end generation=51 owner=295189
[       OK ] HvfExecutor.NativeIntelCancellationAndCompletionFailureAllowRetry (270 ms)
[----------] 1 test from HvfExecutor (270 ms total)

[==========] 1 test from 1 test suite ran. (270 ms total)
[  PASSED  ] 1 test.

Repeating all tests (iteration 51) . . .

Note: Google Test filter = HvfExecutor.Native*
[==========] Running 1 test from 1 test suite.
[----------] 1 test from HvfExecutor
[ RUN      ] HvfExecutor.NativeIntelCancellationAndCompletionFailureAllowRetry
INTEL_PROBE phase=executor_retained
INTEL_LIFECYCLE phase=vcpu_destroy_begin generation=51 owner=295189
INTEL_LIFECYCLE phase=vcpu_destroy_end generation=51 owner=295189
INTEL_LIFECYCLE phase=vcpu_create_begin generation=52 owner=295189
INTEL_LIFECYCLE phase=vcpu_create_end generation=52 owner=295189
[       OK ] HvfExecutor.NativeIntelCancellationAndCompletionFailureAllowRetry (215 ms)
[----------] 1 test from HvfExecutor (215 ms total)

[==========] 1 test from 1 test suite ran. (215 ms total)
[  PASSED  ] 1 test.

Repeating all tests (iteration 52) . . .

Note: Google Test filter = HvfExecutor.Native*
[==========] Running 1 test from 1 test suite.
[----------] 1 test from HvfExecutor
[ RUN      ] HvfExecutor.NativeIntelCancellationAndCompletionFailureAllowRetry
INTEL_PROBE phase=executor_retained
INTEL_LIFECYCLE phase=vcpu_destroy_begin generation=52 owner=295189
INTEL_LIFECYCLE phase=vcpu_destroy_end generation=52 owner=295189
INTEL_LIFECYCLE phase=vcpu_create_begin generation=53 owner=295189
INTEL_LIFECYCLE phase=vcpu_create_end generation=53 owner=295189
[       OK ] HvfExecutor.NativeIntelCancellationAndCompletionFailureAllowRetry (247 ms)
[----------] 1 test from HvfExecutor (247 ms total)

[==========] 1 test from 1 test suite ran. (247 ms total)
[  PASSED  ] 1 test.

Repeating all tests (iteration 53) . . .

Note: Google Test filter = HvfExecutor.Native*
[==========] Running 1 test from 1 test suite.
[----------] 1 test from HvfExecutor
[ RUN      ] HvfExecutor.NativeIntelCancellationAndCompletionFailureAllowRetry
INTEL_PROBE phase=executor_retained
INTEL_LIFECYCLE phase=vcpu_destroy_begin generation=53 owner=295189
INTEL_LIFECYCLE phase=vcpu_destroy_end generation=53 owner=295189
INTEL_LIFECYCLE phase=vcpu_create_begin generation=54 owner=295189
INTEL_LIFECYCLE phase=vcpu_create_end generation=54 owner=295189
[       OK ] HvfExecutor.NativeIntelCancellationAndCompletionFailureAllowRetry (271 ms)
[----------] 1 test from HvfExecutor (271 ms total)

[==========] 1 test from 1 test suite ran. (271 ms total)
[  PASSED  ] 1 test.

Repeating all tests (iteration 54) . . .

Note: Google Test filter = HvfExecutor.Native*
[==========] Running 1 test from 1 test suite.
[----------] 1 test from HvfExecutor
[ RUN      ] HvfExecutor.NativeIntelCancellationAndCompletionFailureAllowRetry
INTEL_PROBE phase=executor_retained
INTEL_LIFECYCLE phase=vcpu_destroy_begin generation=54 owner=295189
INTEL_LIFECYCLE phase=vcpu_destroy_end generation=54 owner=295189
INTEL_LIFECYCLE phase=vcpu_create_begin generation=55 owner=295189
INTEL_LIFECYCLE phase=vcpu_create_end generation=55 owner=295189
[       OK ] HvfExecutor.NativeIntelCancellationAndCompletionFailureAllowRetry (227 ms)
[----------] 1 test from HvfExecutor (227 ms total)

[==========] 1 test from 1 test suite ran. (227 ms total)
[  PASSED  ] 1 test.

Repeating all tests (iteration 55) . . .

Note: Google Test filter = HvfExecutor.Native*
[==========] Running 1 test from 1 test suite.
[----------] 1 test from HvfExecutor
[ RUN      ] HvfExecutor.NativeIntelCancellationAndCompletionFailureAllowRetry
INTEL_PROBE phase=executor_retained
INTEL_LIFECYCLE phase=vcpu_destroy_begin generation=55 owner=295189
INTEL_LIFECYCLE phase=vcpu_destroy_end generation=55 owner=295189
INTEL_LIFECYCLE phase=vcpu_create_begin generation=56 owner=295189
INTEL_LIFECYCLE phase=vcpu_create_end generation=56 owner=295189
[       OK ] HvfExecutor.NativeIntelCancellationAndCompletionFailureAllowRetry (376 ms)
[----------] 1 test from HvfExecutor (376 ms total)

[==========] 1 test from 1 test suite ran. (376 ms total)
[  PASSED  ] 1 test.

Repeating all tests (iteration 56) . . .

Note: Google Test filter = HvfExecutor.Native*
[==========] Running 1 test from 1 test suite.
[----------] 1 test from HvfExecutor
[ RUN      ] HvfExecutor.NativeIntelCancellationAndCompletionFailureAllowRetry
INTEL_PROBE phase=executor_retained
INTEL_LIFECYCLE phase=vcpu_destroy_begin generation=56 owner=295189
INTEL_LIFECYCLE phase=vcpu_destroy_end generation=56 owner=295189
INTEL_LIFECYCLE phase=vcpu_create_begin generation=57 owner=295189
INTEL_LIFECYCLE phase=vcpu_create_end generation=57 owner=295189
[       OK ] HvfExecutor.NativeIntelCancellationAndCompletionFailureAllowRetry (152 ms)
[----------] 1 test from HvfExecutor (152 ms total)

[==========] 1 test from 1 test suite ran. (152 ms total)
[  PASSED  ] 1 test.

Repeating all tests (iteration 57) . . .

Note: Google Test filter = HvfExecutor.Native*
[==========] Running 1 test from 1 test suite.
[----------] 1 test from HvfExecutor
[ RUN      ] HvfExecutor.NativeIntelCancellationAndCompletionFailureAllowRetry
INTEL_PROBE phase=executor_retained
INTEL_LIFECYCLE phase=vcpu_destroy_begin generation=57 owner=295189
INTEL_LIFECYCLE phase=vcpu_destroy_end generation=57 owner=295189
INTEL_LIFECYCLE phase=vcpu_create_begin generation=58 owner=295189
INTEL_LIFECYCLE phase=vcpu_create_end generation=58 owner=295189
[       OK ] HvfExecutor.NativeIntelCancellationAndCompletionFailureAllowRetry (224 ms)
[----------] 1 test from HvfExecutor (224 ms total)

[==========] 1 test from 1 test suite ran. (224 ms total)
[  PASSED  ] 1 test.

Repeating all tests (iteration 58) . . .

Note: Google Test filter = HvfExecutor.Native*
[==========] Running 1 test from 1 test suite.
[----------] 1 test from HvfExecutor
[ RUN      ] HvfExecutor.NativeIntelCancellationAndCompletionFailureAllowRetry
INTEL_PROBE phase=executor_retained
INTEL_LIFECYCLE phase=vcpu_destroy_begin generation=58 owner=295189
INTEL_LIFECYCLE phase=vcpu_destroy_end generation=58 owner=295189
INTEL_LIFECYCLE phase=vcpu_create_begin generation=59 owner=295189
INTEL_LIFECYCLE phase=vcpu_create_end generation=59 owner=295189
[       OK ] HvfExecutor.NativeIntelCancellationAndCompletionFailureAllowRetry (256 ms)
[----------] 1 test from HvfExecutor (256 ms total)

[==========] 1 test from 1 test suite ran. (256 ms total)
[  PASSED  ] 1 test.

Repeating all tests (iteration 59) . . .

Note: Google Test filter = HvfExecutor.Native*
[==========] Running 1 test from 1 test suite.
[----------] 1 test from HvfExecutor
[ RUN      ] HvfExecutor.NativeIntelCancellationAndCompletionFailureAllowRetry
INTEL_PROBE phase=executor_retained
INTEL_LIFECYCLE phase=vcpu_destroy_begin generation=59 owner=295189
INTEL_LIFECYCLE phase=vcpu_destroy_end generation=59 owner=295189
INTEL_LIFECYCLE phase=vcpu_create_begin generation=60 owner=295189
INTEL_LIFECYCLE phase=vcpu_create_end generation=60 owner=295189
[       OK ] HvfExecutor.NativeIntelCancellationAndCompletionFailureAllowRetry (224 ms)
[----------] 1 test from HvfExecutor (224 ms total)

[==========] 1 test from 1 test suite ran. (224 ms total)
[  PASSED  ] 1 test.

Repeating all tests (iteration 60) . . .

Note: Google Test filter = HvfExecutor.Native*
[==========] Running 1 test from 1 test suite.
[----------] 1 test from HvfExecutor
[ RUN      ] HvfExecutor.NativeIntelCancellationAndCompletionFailureAllowRetry
INTEL_PROBE phase=executor_retained
INTEL_LIFECYCLE phase=vcpu_destroy_begin generation=60 owner=295189
INTEL_LIFECYCLE phase=vcpu_destroy_end generation=60 owner=295189
INTEL_LIFECYCLE phase=vcpu_create_begin generation=61 owner=295189
INTEL_LIFECYCLE phase=vcpu_create_end generation=61 owner=295189
[       OK ] HvfExecutor.NativeIntelCancellationAndCompletionFailureAllowRetry (266 ms)
[----------] 1 test from HvfExecutor (266 ms total)

[==========] 1 test from 1 test suite ran. (266 ms total)
[  PASSED  ] 1 test.

Repeating all tests (iteration 61) . . .

Note: Google Test filter = HvfExecutor.Native*
[==========] Running 1 test from 1 test suite.
[----------] 1 test from HvfExecutor
[ RUN      ] HvfExecutor.NativeIntelCancellationAndCompletionFailureAllowRetry
INTEL_PROBE phase=executor_retained
INTEL_LIFECYCLE phase=vcpu_destroy_begin generation=61 owner=295189
INTEL_LIFECYCLE phase=vcpu_destroy_end generation=61 owner=295189
INTEL_LIFECYCLE phase=vcpu_create_begin generation=62 owner=295189
INTEL_LIFECYCLE phase=vcpu_create_end generation=62 owner=295189
[       OK ] HvfExecutor.NativeIntelCancellationAndCompletionFailureAllowRetry (232 ms)
[----------] 1 test from HvfExecutor (232 ms total)

[==========] 1 test from 1 test suite ran. (232 ms total)
[  PASSED  ] 1 test.

Repeating all tests (iteration 62) . . .

Note: Google Test filter = HvfExecutor.Native*
[==========] Running 1 test from 1 test suite.
[----------] 1 test from HvfExecutor
[ RUN      ] HvfExecutor.NativeIntelCancellationAndCompletionFailureAllowRetry
INTEL_PROBE phase=executor_retained
INTEL_LIFECYCLE phase=vcpu_destroy_begin generation=62 owner=295189
INTEL_LIFECYCLE phase=vcpu_destroy_end generation=62 owner=295189
INTEL_LIFECYCLE phase=vcpu_create_begin generation=63 owner=295189
INTEL_LIFECYCLE phase=vcpu_create_end generation=63 owner=295189
[       OK ] HvfExecutor.NativeIntelCancellationAndCompletionFailureAllowRetry (237 ms)
[----------] 1 test from HvfExecutor (237 ms total)

[==========] 1 test from 1 test suite ran. (237 ms total)
[  PASSED  ] 1 test.

Repeating all tests (iteration 63) . . .

Note: Google Test filter = HvfExecutor.Native*
[==========] Running 1 test from 1 test suite.
[----------] 1 test from HvfExecutor
[ RUN      ] HvfExecutor.NativeIntelCancellationAndCompletionFailureAllowRetry
INTEL_PROBE phase=executor_retained
INTEL_LIFECYCLE phase=vcpu_destroy_begin generation=63 owner=295189
INTEL_LIFECYCLE phase=vcpu_destroy_end generation=63 owner=295189
INTEL_LIFECYCLE phase=vcpu_create_begin generation=64 owner=295189
INTEL_LIFECYCLE phase=vcpu_create_end generation=64 owner=295189
[       OK ] HvfExecutor.NativeIntelCancellationAndCompletionFailureAllowRetry (296 ms)
[----------] 1 test from HvfExecutor (296 ms total)

[==========] 1 test from 1 test suite ran. (296 ms total)
[  PASSED  ] 1 test.

Repeating all tests (iteration 64) . . .

Note: Google Test filter = HvfExecutor.Native*
[==========] Running 1 test from 1 test suite.
[----------] 1 test from HvfExecutor
[ RUN      ] HvfExecutor.NativeIntelCancellationAndCompletionFailureAllowRetry
INTEL_PROBE phase=executor_retained
INTEL_LIFECYCLE phase=vcpu_destroy_begin generation=64 owner=295189
INTEL_LIFECYCLE phase=vcpu_destroy_end generation=64 owner=295189
INTEL_LIFECYCLE phase=vcpu_create_begin generation=65 owner=295189
INTEL_LIFECYCLE phase=vcpu_create_end generation=65 owner=295189
[       OK ] HvfExecutor.NativeIntelCancellationAndCompletionFailureAllowRetry (265 ms)
[----------] 1 test from HvfExecutor (265 ms total)

[==========] 1 test from 1 test suite ran. (265 ms total)
[  PASSED  ] 1 test.

Repeating all tests (iteration 65) . . .

Note: Google Test filter = HvfExecutor.Native*
[==========] Running 1 test from 1 test suite.
[----------] 1 test from HvfExecutor
[ RUN      ] HvfExecutor.NativeIntelCancellationAndCompletionFailureAllowRetry
INTEL_PROBE phase=executor_retained
INTEL_LIFECYCLE phase=vcpu_destroy_begin generation=65 owner=295189
INTEL_LIFECYCLE phase=vcpu_destroy_end generation=65 owner=295189
INTEL_LIFECYCLE phase=vcpu_create_begin generation=66 owner=295189
INTEL_LIFECYCLE phase=vcpu_create_end generation=66 owner=295189
[       OK ] HvfExecutor.NativeIntelCancellationAndCompletionFailureAllowRetry (299 ms)
[----------] 1 test from HvfExecutor (299 ms total)

[==========] 1 test from 1 test suite ran. (299 ms total)
[  PASSED  ] 1 test.

Repeating all tests (iteration 66) . . .

Note: Google Test filter = HvfExecutor.Native*
[==========] Running 1 test from 1 test suite.
[----------] 1 test from HvfExecutor
[ RUN      ] HvfExecutor.NativeIntelCancellationAndCompletionFailureAllowRetry
INTEL_PROBE phase=executor_retained
INTEL_LIFECYCLE phase=vcpu_destroy_begin generation=66 owner=295189
INTEL_LIFECYCLE phase=vcpu_destroy_end generation=66 owner=295189
INTEL_LIFECYCLE phase=vcpu_create_begin generation=67 owner=295189
INTEL_LIFECYCLE phase=vcpu_create_end generation=67 owner=295189
[       OK ] HvfExecutor.NativeIntelCancellationAndCompletionFailureAllowRetry (388 ms)
[----------] 1 test from HvfExecutor (388 ms total)

[==========] 1 test from 1 test suite ran. (388 ms total)
[  PASSED  ] 1 test.

Repeating all tests (iteration 67) . . .

Note: Google Test filter = HvfExecutor.Native*
[==========] Running 1 test from 1 test suite.
[----------] 1 test from HvfExecutor
[ RUN      ] HvfExecutor.NativeIntelCancellationAndCompletionFailureAllowRetry
INTEL_PROBE phase=executor_retained
INTEL_LIFECYCLE phase=vcpu_destroy_begin generation=67 owner=295189
INTEL_LIFECYCLE phase=vcpu_destroy_end generation=67 owner=295189
INTEL_LIFECYCLE phase=vcpu_create_begin generation=68 owner=295189
INTEL_LIFECYCLE phase=vcpu_create_end generation=68 owner=295189
[       OK ] HvfExecutor.NativeIntelCancellationAndCompletionFailureAllowRetry (300 ms)
[----------] 1 test from HvfExecutor (301 ms total)

[==========] 1 test from 1 test suite ran. (301 ms total)
[  PASSED  ] 1 test.

Repeating all tests (iteration 68) . . .

Note: Google Test filter = HvfExecutor.Native*
[==========] Running 1 test from 1 test suite.
[----------] 1 test from HvfExecutor
[ RUN      ] HvfExecutor.NativeIntelCancellationAndCompletionFailureAllowRetry
INTEL_PROBE phase=executor_retained
INTEL_LIFECYCLE phase=vcpu_destroy_begin generation=68 owner=295189
INTEL_LIFECYCLE phase=vcpu_destroy_end generation=68 owner=295189
INTEL_LIFECYCLE phase=vcpu_create_begin generation=69 owner=295189
INTEL_LIFECYCLE phase=vcpu_create_end generation=69 owner=295189
[       OK ] HvfExecutor.NativeIntelCancellationAndCompletionFailureAllowRetry (324 ms)
[----------] 1 test from HvfExecutor (324 ms total)

[==========] 1 test from 1 test suite ran. (324 ms total)
[  PASSED  ] 1 test.

Repeating all tests (iteration 69) . . .

Note: Google Test filter = HvfExecutor.Native*
[==========] Running 1 test from 1 test suite.
[----------] 1 test from HvfExecutor
[ RUN      ] HvfExecutor.NativeIntelCancellationAndCompletionFailureAllowRetry
INTEL_PROBE phase=executor_retained
INTEL_LIFECYCLE phase=vcpu_destroy_begin generation=69 owner=295189
INTEL_LIFECYCLE phase=vcpu_destroy_end generation=69 owner=295189
INTEL_LIFECYCLE phase=vcpu_create_begin generation=70 owner=295189
INTEL_LIFECYCLE phase=vcpu_create_end generation=70 owner=295189
[       OK ] HvfExecutor.NativeIntelCancellationAndCompletionFailureAllowRetry (220 ms)
[----------] 1 test from HvfExecutor (220 ms total)

[==========] 1 test from 1 test suite ran. (220 ms total)
[  PASSED  ] 1 test.

Repeating all tests (iteration 70) . . .

Note: Google Test filter = HvfExecutor.Native*
[==========] Running 1 test from 1 test suite.
[----------] 1 test from HvfExecutor
[ RUN      ] HvfExecutor.NativeIntelCancellationAndCompletionFailureAllowRetry
INTEL_PROBE phase=executor_retained
INTEL_LIFECYCLE phase=vcpu_destroy_begin generation=70 owner=295189
INTEL_LIFECYCLE phase=vcpu_destroy_end generation=70 owner=295189
INTEL_LIFECYCLE phase=vcpu_create_begin generation=71 owner=295189
INTEL_LIFECYCLE phase=vcpu_create_end generation=71 owner=295189
[       OK ] HvfExecutor.NativeIntelCancellationAndCompletionFailureAllowRetry (316 ms)
[----------] 1 test from HvfExecutor (316 ms total)

[==========] 1 test from 1 test suite ran. (316 ms total)
[  PASSED  ] 1 test.

Repeating all tests (iteration 71) . . .

Note: Google Test filter = HvfExecutor.Native*
[==========] Running 1 test from 1 test suite.
[----------] 1 test from HvfExecutor
[ RUN      ] HvfExecutor.NativeIntelCancellationAndCompletionFailureAllowRetry
INTEL_PROBE phase=executor_retained
INTEL_LIFECYCLE phase=vcpu_destroy_begin generation=71 owner=295189
INTEL_LIFECYCLE phase=vcpu_destroy_end generation=71 owner=295189
INTEL_LIFECYCLE phase=vcpu_create_begin generation=72 owner=295189
INTEL_LIFECYCLE phase=vcpu_create_end generation=72 owner=295189
[       OK ] HvfExecutor.NativeIntelCancellationAndCompletionFailureAllowRetry (400 ms)
[----------] 1 test from HvfExecutor (400 ms total)

[==========] 1 test from 1 test suite ran. (400 ms total)
[  PASSED  ] 1 test.

Repeating all tests (iteration 72) . . .

Note: Google Test filter = HvfExecutor.Native*
[==========] Running 1 test from 1 test suite.
[----------] 1 test from HvfExecutor
[ RUN      ] HvfExecutor.NativeIntelCancellationAndCompletionFailureAllowRetry
INTEL_PROBE phase=executor_retained
INTEL_LIFECYCLE phase=vcpu_destroy_begin generation=72 owner=295189
INTEL_LIFECYCLE phase=vcpu_destroy_end generation=72 owner=295189
INTEL_LIFECYCLE phase=vcpu_create_begin generation=73 owner=295189
INTEL_LIFECYCLE phase=vcpu_create_end generation=73 owner=295189
[       OK ] HvfExecutor.NativeIntelCancellationAndCompletionFailureAllowRetry (248 ms)
[----------] 1 test from HvfExecutor (248 ms total)

[==========] 1 test from 1 test suite ran. (248 ms total)
[  PASSED  ] 1 test.

Repeating all tests (iteration 73) . . .

Note: Google Test filter = HvfExecutor.Native*
[==========] Running 1 test from 1 test suite.
[----------] 1 test from HvfExecutor
[ RUN      ] HvfExecutor.NativeIntelCancellationAndCompletionFailureAllowRetry
INTEL_PROBE phase=executor_retained
INTEL_LIFECYCLE phase=vcpu_destroy_begin generation=73 owner=295189
INTEL_LIFECYCLE phase=vcpu_destroy_end generation=73 owner=295189
INTEL_LIFECYCLE phase=vcpu_create_begin generation=74 owner=295189
INTEL_LIFECYCLE phase=vcpu_create_end generation=74 owner=295189
[       OK ] HvfExecutor.NativeIntelCancellationAndCompletionFailureAllowRetry (418 ms)
[----------] 1 test from HvfExecutor (418 ms total)

[==========] 1 test from 1 test suite ran. (418 ms total)
[  PASSED  ] 1 test.

Repeating all tests (iteration 74) . . .

Note: Google Test filter = HvfExecutor.Native*
[==========] Running 1 test from 1 test suite.
[----------] 1 test from HvfExecutor
[ RUN      ] HvfExecutor.NativeIntelCancellationAndCompletionFailureAllowRetry
INTEL_PROBE phase=executor_retained
INTEL_LIFECYCLE phase=vcpu_destroy_begin generation=74 owner=295189
INTEL_LIFECYCLE phase=vcpu_destroy_end generation=74 owner=295189
INTEL_LIFECYCLE phase=vcpu_create_begin generation=75 owner=295189
INTEL_LIFECYCLE phase=vcpu_create_end generation=75 owner=295189
[       OK ] HvfExecutor.NativeIntelCancellationAndCompletionFailureAllowRetry (150 ms)
[----------] 1 test from HvfExecutor (150 ms total)

[==========] 1 test from 1 test suite ran. (150 ms total)
[  PASSED  ] 1 test.

Repeating all tests (iteration 75) . . .

Note: Google Test filter = HvfExecutor.Native*
[==========] Running 1 test from 1 test suite.
[----------] 1 test from HvfExecutor
[ RUN      ] HvfExecutor.NativeIntelCancellationAndCompletionFailureAllowRetry
INTEL_PROBE phase=executor_retained
INTEL_LIFECYCLE phase=vcpu_destroy_begin generation=75 owner=295189
INTEL_LIFECYCLE phase=vcpu_destroy_end generation=75 owner=295189
INTEL_LIFECYCLE phase=vcpu_create_begin generation=76 owner=295189
INTEL_LIFECYCLE phase=vcpu_create_end generation=76 owner=295189
[       OK ] HvfExecutor.NativeIntelCancellationAndCompletionFailureAllowRetry (380 ms)
[----------] 1 test from HvfExecutor (380 ms total)

[==========] 1 test from 1 test suite ran. (380 ms total)
[  PASSED  ] 1 test.

Repeating all tests (iteration 76) . . .

Note: Google Test filter = HvfExecutor.Native*
[==========] Running 1 test from 1 test suite.
[----------] 1 test from HvfExecutor
[ RUN      ] HvfExecutor.NativeIntelCancellationAndCompletionFailureAllowRetry
INTEL_PROBE phase=executor_retained
INTEL_LIFECYCLE phase=vcpu_destroy_begin generation=76 owner=295189
INTEL_LIFECYCLE phase=vcpu_destroy_end generation=76 owner=295189
INTEL_LIFECYCLE phase=vcpu_create_begin generation=77 owner=295189
INTEL_LIFECYCLE phase=vcpu_create_end generation=77 owner=295189
[       OK ] HvfExecutor.NativeIntelCancellationAndCompletionFailureAllowRetry (238 ms)
[----------] 1 test from HvfExecutor (238 ms total)

[==========] 1 test from 1 test suite ran. (238 ms total)
[  PASSED  ] 1 test.

Repeating all tests (iteration 77) . . .

Note: Google Test filter = HvfExecutor.Native*
[==========] Running 1 test from 1 test suite.
[----------] 1 test from HvfExecutor
[ RUN      ] HvfExecutor.NativeIntelCancellationAndCompletionFailureAllowRetry
INTEL_PROBE phase=executor_retained
INTEL_LIFECYCLE phase=vcpu_destroy_begin generation=77 owner=295189
INTEL_LIFECYCLE phase=vcpu_destroy_end generation=77 owner=295189
INTEL_LIFECYCLE phase=vcpu_create_begin generation=78 owner=295189
INTEL_LIFECYCLE phase=vcpu_create_end generation=78 owner=295189
[       OK ] HvfExecutor.NativeIntelCancellationAndCompletionFailureAllowRetry (268 ms)
[----------] 1 test from HvfExecutor (268 ms total)

[==========] 1 test from 1 test suite ran. (268 ms total)
[  PASSED  ] 1 test.

Repeating all tests (iteration 78) . . .

Note: Google Test filter = HvfExecutor.Native*
[==========] Running 1 test from 1 test suite.
[----------] 1 test from HvfExecutor
[ RUN      ] HvfExecutor.NativeIntelCancellationAndCompletionFailureAllowRetry
INTEL_PROBE phase=executor_retained
INTEL_LIFECYCLE phase=vcpu_destroy_begin generation=78 owner=295189
INTEL_LIFECYCLE phase=vcpu_destroy_end generation=78 owner=295189
INTEL_LIFECYCLE phase=vcpu_create_begin generation=79 owner=295189
INTEL_LIFECYCLE phase=vcpu_create_end generation=79 owner=295189
[       OK ] HvfExecutor.NativeIntelCancellationAndCompletionFailureAllowRetry (137 ms)
[----------] 1 test from HvfExecutor (137 ms total)

[==========] 1 test from 1 test suite ran. (137 ms total)
[  PASSED  ] 1 test.

Repeating all tests (iteration 79) . . .

Note: Google Test filter = HvfExecutor.Native*
[==========] Running 1 test from 1 test suite.
[----------] 1 test from HvfExecutor
[ RUN      ] HvfExecutor.NativeIntelCancellationAndCompletionFailureAllowRetry
INTEL_PROBE phase=executor_retained
INTEL_LIFECYCLE phase=vcpu_destroy_begin generation=79 owner=295189
INTEL_LIFECYCLE phase=vcpu_destroy_end generation=79 owner=295189
INTEL_LIFECYCLE phase=vcpu_create_begin generation=80 owner=295189
INTEL_LIFECYCLE phase=vcpu_create_end generation=80 owner=295189
[       OK ] HvfExecutor.NativeIntelCancellationAndCompletionFailureAllowRetry (343 ms)
[----------] 1 test from HvfExecutor (343 ms total)

[==========] 1 test from 1 test suite ran. (343 ms total)
[  PASSED  ] 1 test.

Repeating all tests (iteration 80) . . .

Note: Google Test filter = HvfExecutor.Native*
[==========] Running 1 test from 1 test suite.
[----------] 1 test from HvfExecutor
[ RUN      ] HvfExecutor.NativeIntelCancellationAndCompletionFailureAllowRetry
INTEL_PROBE phase=executor_retained
INTEL_LIFECYCLE phase=vcpu_destroy_begin generation=80 owner=295189
INTEL_LIFECYCLE phase=vcpu_destroy_end generation=80 owner=295189
INTEL_LIFECYCLE phase=vcpu_create_begin generation=81 owner=295189
INTEL_LIFECYCLE phase=vcpu_create_end generation=81 owner=295189
[       OK ] HvfExecutor.NativeIntelCancellationAndCompletionFailureAllowRetry (234 ms)
[----------] 1 test from HvfExecutor (234 ms total)

[==========] 1 test from 1 test suite ran. (234 ms total)
[  PASSED  ] 1 test.

Repeating all tests (iteration 81) . . .

Note: Google Test filter = HvfExecutor.Native*
[==========] Running 1 test from 1 test suite.
[----------] 1 test from HvfExecutor
[ RUN      ] HvfExecutor.NativeIntelCancellationAndCompletionFailureAllowRetry
INTEL_PROBE phase=executor_retained
INTEL_LIFECYCLE phase=vcpu_destroy_begin generation=81 owner=295189
INTEL_LIFECYCLE phase=vcpu_destroy_end generation=81 owner=295189
INTEL_LIFECYCLE phase=vcpu_create_begin generation=82 owner=295189
INTEL_LIFECYCLE phase=vcpu_create_end generation=82 owner=295189
[       OK ] HvfExecutor.NativeIntelCancellationAndCompletionFailureAllowRetry (235 ms)
[----------] 1 test from HvfExecutor (235 ms total)

[==========] 1 test from 1 test suite ran. (235 ms total)
[  PASSED  ] 1 test.

Repeating all tests (iteration 82) . . .

Note: Google Test filter = HvfExecutor.Native*
[==========] Running 1 test from 1 test suite.
[----------] 1 test from HvfExecutor
[ RUN      ] HvfExecutor.NativeIntelCancellationAndCompletionFailureAllowRetry
INTEL_PROBE phase=executor_retained
INTEL_LIFECYCLE phase=vcpu_destroy_begin generation=82 owner=295189
INTEL_LIFECYCLE phase=vcpu_destroy_end generation=82 owner=295189
INTEL_LIFECYCLE phase=vcpu_create_begin generation=83 owner=295189
INTEL_LIFECYCLE phase=vcpu_create_end generation=83 owner=295189
[       OK ] HvfExecutor.NativeIntelCancellationAndCompletionFailureAllowRetry (269 ms)
[----------] 1 test from HvfExecutor (269 ms total)

[==========] 1 test from 1 test suite ran. (269 ms total)
[  PASSED  ] 1 test.

Repeating all tests (iteration 83) . . .

Note: Google Test filter = HvfExecutor.Native*
[==========] Running 1 test from 1 test suite.
[----------] 1 test from HvfExecutor
[ RUN      ] HvfExecutor.NativeIntelCancellationAndCompletionFailureAllowRetry
INTEL_PROBE phase=executor_retained
INTEL_LIFECYCLE phase=vcpu_destroy_begin generation=83 owner=295189
INTEL_LIFECYCLE phase=vcpu_destroy_end generation=83 owner=295189
INTEL_LIFECYCLE phase=vcpu_create_begin generation=84 owner=295189
INTEL_LIFECYCLE phase=vcpu_create_end generation=84 owner=295189
[       OK ] HvfExecutor.NativeIntelCancellationAndCompletionFailureAllowRetry (214 ms)
[----------] 1 test from HvfExecutor (214 ms total)

[==========] 1 test from 1 test suite ran. (214 ms total)
[  PASSED  ] 1 test.

Repeating all tests (iteration 84) . . .

Note: Google Test filter = HvfExecutor.Native*
[==========] Running 1 test from 1 test suite.
[----------] 1 test from HvfExecutor
[ RUN      ] HvfExecutor.NativeIntelCancellationAndCompletionFailureAllowRetry
INTEL_PROBE phase=executor_retained
INTEL_LIFECYCLE phase=vcpu_destroy_begin generation=84 owner=295189
INTEL_LIFECYCLE phase=vcpu_destroy_end generation=84 owner=295189
INTEL_LIFECYCLE phase=vcpu_create_begin generation=85 owner=295189
INTEL_LIFECYCLE phase=vcpu_create_end generation=85 owner=295189
[       OK ] HvfExecutor.NativeIntelCancellationAndCompletionFailureAllowRetry (242 ms)
[----------] 1 test from HvfExecutor (242 ms total)

[==========] 1 test from 1 test suite ran. (242 ms total)
[  PASSED  ] 1 test.

Repeating all tests (iteration 85) . . .

Note: Google Test filter = HvfExecutor.Native*
[==========] Running 1 test from 1 test suite.
[----------] 1 test from HvfExecutor
[ RUN      ] HvfExecutor.NativeIntelCancellationAndCompletionFailureAllowRetry
INTEL_PROBE phase=executor_retained
INTEL_LIFECYCLE phase=vcpu_destroy_begin generation=85 owner=295189
INTEL_LIFECYCLE phase=vcpu_destroy_end generation=85 owner=295189
INTEL_LIFECYCLE phase=vcpu_create_begin generation=86 owner=295189
INTEL_LIFECYCLE phase=vcpu_create_end generation=86 owner=295189
[       OK ] HvfExecutor.NativeIntelCancellationAndCompletionFailureAllowRetry (304 ms)
[----------] 1 test from HvfExecutor (304 ms total)

[==========] 1 test from 1 test suite ran. (304 ms total)
[  PASSED  ] 1 test.

Repeating all tests (iteration 86) . . .

Note: Google Test filter = HvfExecutor.Native*
[==========] Running 1 test from 1 test suite.
[----------] 1 test from HvfExecutor
[ RUN      ] HvfExecutor.NativeIntelCancellationAndCompletionFailureAllowRetry
INTEL_PROBE phase=executor_retained
INTEL_LIFECYCLE phase=vcpu_destroy_begin generation=86 owner=295189
INTEL_LIFECYCLE phase=vcpu_destroy_end generation=86 owner=295189
INTEL_LIFECYCLE phase=vcpu_create_begin generation=87 owner=295189
INTEL_LIFECYCLE phase=vcpu_create_end generation=87 owner=295189
[       OK ] HvfExecutor.NativeIntelCancellationAndCompletionFailureAllowRetry (123 ms)
[----------] 1 test from HvfExecutor (123 ms total)

[==========] 1 test from 1 test suite ran. (123 ms total)
[  PASSED  ] 1 test.

Repeating all tests (iteration 87) . . .

Note: Google Test filter = HvfExecutor.Native*
[==========] Running 1 test from 1 test suite.
[----------] 1 test from HvfExecutor
[ RUN      ] HvfExecutor.NativeIntelCancellationAndCompletionFailureAllowRetry
INTEL_PROBE phase=executor_retained
INTEL_LIFECYCLE phase=vcpu_destroy_begin generation=87 owner=295189
INTEL_LIFECYCLE phase=vcpu_destroy_end generation=87 owner=295189
INTEL_LIFECYCLE phase=vcpu_create_begin generation=88 owner=295189
INTEL_LIFECYCLE phase=vcpu_create_end generation=88 owner=295189
[       OK ] HvfExecutor.NativeIntelCancellationAndCompletionFailureAllowRetry (318 ms)
[----------] 1 test from HvfExecutor (318 ms total)

[==========] 1 test from 1 test suite ran. (318 ms total)
[  PASSED  ] 1 test.

Repeating all tests (iteration 88) . . .

Note: Google Test filter = HvfExecutor.Native*
[==========] Running 1 test from 1 test suite.
[----------] 1 test from HvfExecutor
[ RUN      ] HvfExecutor.NativeIntelCancellationAndCompletionFailureAllowRetry
INTEL_PROBE phase=executor_retained
INTEL_LIFECYCLE phase=vcpu_destroy_begin generation=88 owner=295189
INTEL_LIFECYCLE phase=vcpu_destroy_end generation=88 owner=295189
INTEL_LIFECYCLE phase=vcpu_create_begin generation=89 owner=295189
INTEL_LIFECYCLE phase=vcpu_create_end generation=89 owner=295189
[       OK ] HvfExecutor.NativeIntelCancellationAndCompletionFailureAllowRetry (139 ms)
[----------] 1 test from HvfExecutor (139 ms total)

[==========] 1 test from 1 test suite ran. (139 ms total)
[  PASSED  ] 1 test.

Repeating all tests (iteration 89) . . .

Note: Google Test filter = HvfExecutor.Native*
[==========] Running 1 test from 1 test suite.
[----------] 1 test from HvfExecutor
[ RUN      ] HvfExecutor.NativeIntelCancellationAndCompletionFailureAllowRetry
INTEL_PROBE phase=executor_retained
INTEL_LIFECYCLE phase=vcpu_destroy_begin generation=89 owner=295189
INTEL_LIFECYCLE phase=vcpu_destroy_end generation=89 owner=295189
INTEL_LIFECYCLE phase=vcpu_create_begin generation=90 owner=295189
INTEL_LIFECYCLE phase=vcpu_create_end generation=90 owner=295189
[       OK ] HvfExecutor.NativeIntelCancellationAndCompletionFailureAllowRetry (279 ms)
[----------] 1 test from HvfExecutor (279 ms total)

[==========] 1 test from 1 test suite ran. (279 ms total)
[  PASSED  ] 1 test.

Repeating all tests (iteration 90) . . .

Note: Google Test filter = HvfExecutor.Native*
[==========] Running 1 test from 1 test suite.
[----------] 1 test from HvfExecutor
[ RUN      ] HvfExecutor.NativeIntelCancellationAndCompletionFailureAllowRetry
INTEL_PROBE phase=executor_retained
INTEL_LIFECYCLE phase=vcpu_destroy_begin generation=90 owner=295189
INTEL_LIFECYCLE phase=vcpu_destroy_end generation=90 owner=295189
INTEL_LIFECYCLE phase=vcpu_create_begin generation=91 owner=295189
INTEL_LIFECYCLE phase=vcpu_create_end generation=91 owner=295189
[       OK ] HvfExecutor.NativeIntelCancellationAndCompletionFailureAllowRetry (266 ms)
[----------] 1 test from HvfExecutor (266 ms total)

[==========] 1 test from 1 test suite ran. (266 ms total)
[  PASSED  ] 1 test.

Repeating all tests (iteration 91) . . .

Note: Google Test filter = HvfExecutor.Native*
[==========] Running 1 test from 1 test suite.
[----------] 1 test from HvfExecutor
[ RUN      ] HvfExecutor.NativeIntelCancellationAndCompletionFailureAllowRetry
INTEL_PROBE phase=executor_retained
INTEL_LIFECYCLE phase=vcpu_destroy_begin generation=91 owner=295189
INTEL_LIFECYCLE phase=vcpu_destroy_end generation=91 owner=295189
INTEL_LIFECYCLE phase=vcpu_create_begin generation=92 owner=295189
INTEL_LIFECYCLE phase=vcpu_create_end generation=92 owner=295189
[       OK ] HvfExecutor.NativeIntelCancellationAndCompletionFailureAllowRetry (259 ms)
[----------] 1 test from HvfExecutor (259 ms total)

[==========] 1 test from 1 test suite ran. (259 ms total)
[  PASSED  ] 1 test.

Repeating all tests (iteration 92) . . .

Note: Google Test filter = HvfExecutor.Native*
[==========] Running 1 test from 1 test suite.
[----------] 1 test from HvfExecutor
[ RUN      ] HvfExecutor.NativeIntelCancellationAndCompletionFailureAllowRetry
INTEL_PROBE phase=executor_retained
INTEL_LIFECYCLE phase=vcpu_destroy_begin generation=92 owner=295189
INTEL_LIFECYCLE phase=vcpu_destroy_end generation=92 owner=295189
INTEL_LIFECYCLE phase=vcpu_create_begin generation=93 owner=295189
INTEL_LIFECYCLE phase=vcpu_create_end generation=93 owner=295189
[       OK ] HvfExecutor.NativeIntelCancellationAndCompletionFailureAllowRetry (241 ms)
[----------] 1 test from HvfExecutor (241 ms total)

[==========] 1 test from 1 test suite ran. (241 ms total)
[  PASSED  ] 1 test.

Repeating all tests (iteration 93) . . .

Note: Google Test filter = HvfExecutor.Native*
[==========] Running 1 test from 1 test suite.
[----------] 1 test from HvfExecutor
[ RUN      ] HvfExecutor.NativeIntelCancellationAndCompletionFailureAllowRetry
INTEL_PROBE phase=executor_retained
INTEL_LIFECYCLE phase=vcpu_destroy_begin generation=93 owner=295189
INTEL_LIFECYCLE phase=vcpu_destroy_end generation=93 owner=295189
INTEL_LIFECYCLE phase=vcpu_create_begin generation=94 owner=295189
INTEL_LIFECYCLE phase=vcpu_create_end generation=94 owner=295189
[       OK ] HvfExecutor.NativeIntelCancellationAndCompletionFailureAllowRetry (287 ms)
[----------] 1 test from HvfExecutor (287 ms total)

[==========] 1 test from 1 test suite ran. (287 ms total)
[  PASSED  ] 1 test.

Repeating all tests (iteration 94) . . .

Note: Google Test filter = HvfExecutor.Native*
[==========] Running 1 test from 1 test suite.
[----------] 1 test from HvfExecutor
[ RUN      ] HvfExecutor.NativeIntelCancellationAndCompletionFailureAllowRetry
INTEL_PROBE phase=executor_retained
INTEL_LIFECYCLE phase=vcpu_destroy_begin generation=94 owner=295189
INTEL_LIFECYCLE phase=vcpu_destroy_end generation=94 owner=295189
INTEL_LIFECYCLE phase=vcpu_create_begin generation=95 owner=295189
INTEL_LIFECYCLE phase=vcpu_create_end generation=95 owner=295189
[       OK ] HvfExecutor.NativeIntelCancellationAndCompletionFailureAllowRetry (384 ms)
[----------] 1 test from HvfExecutor (384 ms total)

[==========] 1 test from 1 test suite ran. (384 ms total)
[  PASSED  ] 1 test.

Repeating all tests (iteration 95) . . .

Note: Google Test filter = HvfExecutor.Native*
[==========] Running 1 test from 1 test suite.
[----------] 1 test from HvfExecutor
[ RUN      ] HvfExecutor.NativeIntelCancellationAndCompletionFailureAllowRetry
INTEL_PROBE phase=executor_retained
INTEL_LIFECYCLE phase=vcpu_destroy_begin generation=95 owner=295189
INTEL_LIFECYCLE phase=vcpu_destroy_end generation=95 owner=295189
INTEL_LIFECYCLE phase=vcpu_create_begin generation=96 owner=295189
INTEL_LIFECYCLE phase=vcpu_create_end generation=96 owner=295189
[       OK ] HvfExecutor.NativeIntelCancellationAndCompletionFailureAllowRetry (332 ms)
[----------] 1 test from HvfExecutor (332 ms total)

[==========] 1 test from 1 test suite ran. (332 ms total)
[  PASSED  ] 1 test.

Repeating all tests (iteration 96) . . .

Note: Google Test filter = HvfExecutor.Native*
[==========] Running 1 test from 1 test suite.
[----------] 1 test from HvfExecutor
[ RUN      ] HvfExecutor.NativeIntelCancellationAndCompletionFailureAllowRetry
INTEL_PROBE phase=executor_retained
INTEL_LIFECYCLE phase=vcpu_destroy_begin generation=96 owner=295189
INTEL_LIFECYCLE phase=vcpu_destroy_end generation=96 owner=295189
INTEL_LIFECYCLE phase=vcpu_create_begin generation=97 owner=295189
INTEL_LIFECYCLE phase=vcpu_create_end generation=97 owner=295189
[       OK ] HvfExecutor.NativeIntelCancellationAndCompletionFailureAllowRetry (272 ms)
[----------] 1 test from HvfExecutor (272 ms total)

[==========] 1 test from 1 test suite ran. (272 ms total)
[  PASSED  ] 1 test.

Repeating all tests (iteration 97) . . .

Note: Google Test filter = HvfExecutor.Native*
[==========] Running 1 test from 1 test suite.
[----------] 1 test from HvfExecutor
[ RUN      ] HvfExecutor.NativeIntelCancellationAndCompletionFailureAllowRetry
INTEL_PROBE phase=executor_retained
INTEL_LIFECYCLE phase=vcpu_destroy_begin generation=97 owner=295189
INTEL_LIFECYCLE phase=vcpu_destroy_end generation=97 owner=295189
INTEL_LIFECYCLE phase=vcpu_create_begin generation=98 owner=295189
INTEL_LIFECYCLE phase=vcpu_create_end generation=98 owner=295189
[       OK ] HvfExecutor.NativeIntelCancellationAndCompletionFailureAllowRetry (225 ms)
[----------] 1 test from HvfExecutor (225 ms total)

[==========] 1 test from 1 test suite ran. (225 ms total)
[  PASSED  ] 1 test.

Repeating all tests (iteration 98) . . .

Note: Google Test filter = HvfExecutor.Native*
[==========] Running 1 test from 1 test suite.
[----------] 1 test from HvfExecutor
[ RUN      ] HvfExecutor.NativeIntelCancellationAndCompletionFailureAllowRetry
INTEL_PROBE phase=executor_retained
INTEL_LIFECYCLE phase=vcpu_destroy_begin generation=98 owner=295189
INTEL_LIFECYCLE phase=vcpu_destroy_end generation=98 owner=295189
INTEL_LIFECYCLE phase=vcpu_create_begin generation=99 owner=295189
INTEL_LIFECYCLE phase=vcpu_create_end generation=99 owner=295189
[       OK ] HvfExecutor.NativeIntelCancellationAndCompletionFailureAllowRetry (264 ms)
[----------] 1 test from HvfExecutor (264 ms total)

[==========] 1 test from 1 test suite ran. (264 ms total)
[  PASSED  ] 1 test.

Repeating all tests (iteration 99) . . .

Note: Google Test filter = HvfExecutor.Native*
[==========] Running 1 test from 1 test suite.
[----------] 1 test from HvfExecutor
[ RUN      ] HvfExecutor.NativeIntelCancellationAndCompletionFailureAllowRetry
INTEL_PROBE phase=executor_retained
INTEL_LIFECYCLE phase=vcpu_destroy_begin generation=99 owner=295189
INTEL_LIFECYCLE phase=vcpu_destroy_end generation=99 owner=295189
INTEL_LIFECYCLE phase=vcpu_create_begin generation=100 owner=295189
INTEL_LIFECYCLE phase=vcpu_create_end generation=100 owner=295189
[       OK ] HvfExecutor.NativeIntelCancellationAndCompletionFailureAllowRetry (155 ms)
[----------] 1 test from HvfExecutor (155 ms total)

[==========] 1 test from 1 test suite ran. (155 ms total)
[  PASSED  ] 1 test.

Repeating all tests (iteration 100) . . .

Note: Google Test filter = HvfExecutor.Native*
[==========] Running 1 test from 1 test suite.
[----------] 1 test from HvfExecutor
[ RUN      ] HvfExecutor.NativeIntelCancellationAndCompletionFailureAllowRetry
INTEL_PROBE phase=executor_retained
INTEL_LIFECYCLE phase=vcpu_destroy_begin generation=100 owner=295189
INTEL_LIFECYCLE phase=vcpu_destroy_end generation=100 owner=295189
INTEL_LIFECYCLE phase=vcpu_create_begin generation=101 owner=295189
INTEL_LIFECYCLE phase=vcpu_create_end generation=101 owner=295189
[       OK ] HvfExecutor.NativeIntelCancellationAndCompletionFailureAllowRetry (342 ms)
[----------] 1 test from HvfExecutor (343 ms total)

[==========] 1 test from 1 test suite ran. (343 ms total)
[  PASSED  ] 1 test.

Repeating all tests (iteration 101) . . .

Note: Google Test filter = HvfExecutor.Native*
[==========] Running 1 test from 1 test suite.
[----------] 1 test from HvfExecutor
[ RUN      ] HvfExecutor.NativeIntelCancellationAndCompletionFailureAllowRetry
INTEL_PROBE phase=executor_retained
INTEL_LIFECYCLE phase=vcpu_destroy_begin generation=101 owner=295189
INTEL_LIFECYCLE phase=vcpu_destroy_end generation=101 owner=295189
INTEL_LIFECYCLE phase=vcpu_create_begin generation=102 owner=295189
INTEL_LIFECYCLE phase=vcpu_create_end generation=102 owner=295189
[       OK ] HvfExecutor.NativeIntelCancellationAndCompletionFailureAllowRetry (233 ms)
[----------] 1 test from HvfExecutor (233 ms total)

[==========] 1 test from 1 test suite ran. (233 ms total)
[  PASSED  ] 1 test.

Repeating all tests (iteration 102) . . .

Note: Google Test filter = HvfExecutor.Native*
[==========] Running 1 test from 1 test suite.
[----------] 1 test from HvfExecutor
[ RUN      ] HvfExecutor.NativeIntelCancellationAndCompletionFailureAllowRetry
INTEL_PROBE phase=executor_retained
