Running main() from /Users/runner/work/test_mac_intel/test_mac_intel/source/build-hvf/_deps/googletest-src/googletest/src/gtest_main.cc

Repeating all tests (iteration 1) . . .

Note: Google Test filter = HvfIntelProbe.InstructionOnly
[==========] Running 1 test from 1 test suite.
[----------] Global test environment set-up.
[----------] 1 test from HvfIntelProbe
[ RUN      ] HvfIntelProbe.InstructionOnly
INTEL_PROBE phase=executor_initialization
INTEL_PROBE phase=executor_retained
INTEL_PROBE phase=startup_probe
INTEL_PROBE phase=ordinary_steps
INTEL_PROBE phase=instruction_retirement
INTEL_OWNER phase=replacement_parked vcpu_generation=2 owner_generation=2 owner=71269 vm_generation=1
INTEL_OWNER phase=vcpu_destroy_begin vcpu_generation=1 owner_generation=1 owner=71267 vm_generation=1
INTEL_OWNER phase=vcpu_destroy_end vcpu_generation=1 owner_generation=1 owner=71267 vm_generation=1
INTEL_OWNER phase=lease_release_end vcpu_generation=1 owner_generation=1 owner=71267 vm_generation=1
INTEL_OWNER phase=owner_join_begin vcpu_generation=1 owner_generation=1 owner=71267 vm_generation=1
INTEL_OWNER phase=owner_join_end vcpu_generation=1 owner_generation=1 owner=71267 vm_generation=1
INTEL_OWNER phase=owner_activate vcpu_generation=2 owner_generation=2 owner=71269 vm_generation=1
INTEL_OWNER phase=lease_acquire_end vcpu_generation=2 owner_generation=2 owner=71269 vm_generation=1
INTEL_OWNER phase=vcpu_create_begin vcpu_generation=2 owner_generation=2 owner=71269 vm_generation=1
INTEL_OWNER phase=vcpu_create_end vcpu_generation=2 owner_generation=2 owner=71269 vm_generation=1
[       OK ] HvfIntelProbe.InstructionOnly (26 ms)
[----------] 1 test from HvfIntelProbe (26 ms total)

[==========] 1 test from 1 test suite ran. (26 ms total)
[  PASSED  ] 1 test.

Repeating all tests (iteration 2) . . .

Note: Google Test filter = HvfIntelProbe.InstructionOnly
[==========] Running 1 test from 1 test suite.
[----------] 1 test from HvfIntelProbe
[ RUN      ] HvfIntelProbe.InstructionOnly
INTEL_PROBE phase=executor_initialization
INTEL_PROBE phase=executor_retained
INTEL_PROBE phase=startup_probe
INTEL_PROBE phase=ordinary_steps
INTEL_PROBE phase=instruction_retirement
INTEL_OWNER phase=replacement_parked vcpu_generation=3 owner_generation=3 owner=71270 vm_generation=1
INTEL_OWNER phase=vcpu_destroy_begin vcpu_generation=2 owner_generation=2 owner=71269 vm_generation=1
INTEL_OWNER phase=vcpu_destroy_end vcpu_generation=2 owner_generation=2 owner=71269 vm_generation=1
INTEL_OWNER phase=lease_release_end vcpu_generation=2 owner_generation=2 owner=71269 vm_generation=1
INTEL_OWNER phase=owner_join_begin vcpu_generation=2 owner_generation=2 owner=71269 vm_generation=1
INTEL_OWNER phase=owner_join_end vcpu_generation=2 owner_generation=2 owner=71269 vm_generation=1
INTEL_OWNER phase=owner_activate vcpu_generation=3 owner_generation=3 owner=71270 vm_generation=1
INTEL_OWNER phase=lease_acquire_end vcpu_generation=3 owner_generation=3 owner=71270 vm_generation=1
INTEL_OWNER phase=vcpu_create_begin vcpu_generation=3 owner_generation=3 owner=71270 vm_generation=1
INTEL_OWNER phase=vcpu_create_end vcpu_generation=3 owner_generation=3 owner=71270 vm_generation=1
[       OK ] HvfIntelProbe.InstructionOnly (17 ms)
[----------] 1 test from HvfIntelProbe (17 ms total)

[==========] 1 test from 1 test suite ran. (17 ms total)
[  PASSED  ] 1 test.

Repeating all tests (iteration 3) . . .

Note: Google Test filter = HvfIntelProbe.InstructionOnly
[==========] Running 1 test from 1 test suite.
[----------] 1 test from HvfIntelProbe
[ RUN      ] HvfIntelProbe.InstructionOnly
INTEL_PROBE phase=executor_initialization
INTEL_PROBE phase=executor_retained
INTEL_PROBE phase=startup_probe
INTEL_PROBE phase=ordinary_steps
INTEL_PROBE phase=instruction_retirement
INTEL_OWNER phase=replacement_parked vcpu_generation=4 owner_generation=4 owner=71271 vm_generation=1
INTEL_OWNER phase=vcpu_destroy_begin vcpu_generation=3 owner_generation=3 owner=71270 vm_generation=1
INTEL_OWNER phase=vcpu_destroy_end vcpu_generation=3 owner_generation=3 owner=71270 vm_generation=1
INTEL_OWNER phase=lease_release_end vcpu_generation=3 owner_generation=3 owner=71270 vm_generation=1
INTEL_OWNER phase=owner_join_begin vcpu_generation=3 owner_generation=3 owner=71270 vm_generation=1
INTEL_OWNER phase=owner_join_end vcpu_generation=3 owner_generation=3 owner=71270 vm_generation=1
INTEL_OWNER phase=owner_activate vcpu_generation=4 owner_generation=4 owner=71271 vm_generation=1
INTEL_OWNER phase=lease_acquire_end vcpu_generation=4 owner_generation=4 owner=71271 vm_generation=1
INTEL_OWNER phase=vcpu_create_begin vcpu_generation=4 owner_generation=4 owner=71271 vm_generation=1
INTEL_OWNER phase=vcpu_create_end vcpu_generation=4 owner_generation=4 owner=71271 vm_generation=1
[       OK ] HvfIntelProbe.InstructionOnly (19 ms)
[----------] 1 test from HvfIntelProbe (19 ms total)

[==========] 1 test from 1 test suite ran. (19 ms total)
[  PASSED  ] 1 test.

Repeating all tests (iteration 4) . . .

Note: Google Test filter = HvfIntelProbe.InstructionOnly
[==========] Running 1 test from 1 test suite.
[----------] 1 test from HvfIntelProbe
[ RUN      ] HvfIntelProbe.InstructionOnly
INTEL_PROBE phase=executor_initialization
INTEL_PROBE phase=executor_retained
INTEL_PROBE phase=startup_probe
INTEL_PROBE phase=ordinary_steps
INTEL_PROBE phase=instruction_retirement
INTEL_OWNER phase=replacement_parked vcpu_generation=5 owner_generation=5 owner=71272 vm_generation=1
INTEL_OWNER phase=vcpu_destroy_begin vcpu_generation=4 owner_generation=4 owner=71271 vm_generation=1
INTEL_OWNER phase=vcpu_destroy_end vcpu_generation=4 owner_generation=4 owner=71271 vm_generation=1
INTEL_OWNER phase=lease_release_end vcpu_generation=4 owner_generation=4 owner=71271 vm_generation=1
INTEL_OWNER phase=owner_join_begin vcpu_generation=4 owner_generation=4 owner=71271 vm_generation=1
INTEL_OWNER phase=owner_join_end vcpu_generation=4 owner_generation=4 owner=71271 vm_generation=1
INTEL_OWNER phase=owner_activate vcpu_generation=5 owner_generation=5 owner=71272 vm_generation=1
INTEL_OWNER phase=lease_acquire_end vcpu_generation=5 owner_generation=5 owner=71272 vm_generation=1
INTEL_OWNER phase=vcpu_create_begin vcpu_generation=5 owner_generation=5 owner=71272 vm_generation=1
INTEL_OWNER phase=vcpu_create_end vcpu_generation=5 owner_generation=5 owner=71272 vm_generation=1
[       OK ] HvfIntelProbe.InstructionOnly (17 ms)
[----------] 1 test from HvfIntelProbe (18 ms total)

[==========] 1 test from 1 test suite ran. (18 ms total)
[  PASSED  ] 1 test.

Repeating all tests (iteration 5) . . .

Note: Google Test filter = HvfIntelProbe.InstructionOnly
[==========] Running 1 test from 1 test suite.
[----------] 1 test from HvfIntelProbe
[ RUN      ] HvfIntelProbe.InstructionOnly
INTEL_PROBE phase=executor_initialization
INTEL_PROBE phase=executor_retained
INTEL_PROBE phase=startup_probe
INTEL_PROBE phase=ordinary_steps
INTEL_PROBE phase=instruction_retirement
INTEL_OWNER phase=replacement_parked vcpu_generation=6 owner_generation=6 owner=71273 vm_generation=1
INTEL_OWNER phase=vcpu_destroy_begin vcpu_generation=5 owner_generation=5 owner=71272 vm_generation=1
INTEL_OWNER phase=vcpu_destroy_end vcpu_generation=5 owner_generation=5 owner=71272 vm_generation=1
INTEL_OWNER phase=lease_release_end vcpu_generation=5 owner_generation=5 owner=71272 vm_generation=1
INTEL_OWNER phase=owner_join_begin vcpu_generation=5 owner_generation=5 owner=71272 vm_generation=1
INTEL_OWNER phase=owner_join_end vcpu_generation=5 owner_generation=5 owner=71272 vm_generation=1
INTEL_OWNER phase=owner_activate vcpu_generation=6 owner_generation=6 owner=71273 vm_generation=1
INTEL_OWNER phase=lease_acquire_end vcpu_generation=6 owner_generation=6 owner=71273 vm_generation=1
INTEL_OWNER phase=vcpu_create_begin vcpu_generation=6 owner_generation=6 owner=71273 vm_generation=1
INTEL_OWNER phase=vcpu_create_end vcpu_generation=6 owner_generation=6 owner=71273 vm_generation=1
[       OK ] HvfIntelProbe.InstructionOnly (15 ms)
[----------] 1 test from HvfIntelProbe (15 ms total)

[==========] 1 test from 1 test suite ran. (15 ms total)
[  PASSED  ] 1 test.

Repeating all tests (iteration 6) . . .

Note: Google Test filter = HvfIntelProbe.InstructionOnly
[==========] Running 1 test from 1 test suite.
[----------] 1 test from HvfIntelProbe
[ RUN      ] HvfIntelProbe.InstructionOnly
INTEL_PROBE phase=executor_initialization
INTEL_PROBE phase=executor_retained
INTEL_PROBE phase=startup_probe
INTEL_PROBE phase=ordinary_steps
INTEL_PROBE phase=instruction_retirement
INTEL_OWNER phase=replacement_parked vcpu_generation=7 owner_generation=7 owner=71274 vm_generation=1
INTEL_OWNER phase=vcpu_destroy_begin vcpu_generation=6 owner_generation=6 owner=71273 vm_generation=1
INTEL_OWNER phase=vcpu_destroy_end vcpu_generation=6 owner_generation=6 owner=71273 vm_generation=1
INTEL_OWNER phase=lease_release_end vcpu_generation=6 owner_generation=6 owner=71273 vm_generation=1
INTEL_OWNER phase=owner_join_begin vcpu_generation=6 owner_generation=6 owner=71273 vm_generation=1
INTEL_OWNER phase=owner_join_end vcpu_generation=6 owner_generation=6 owner=71273 vm_generation=1
INTEL_OWNER phase=owner_activate vcpu_generation=7 owner_generation=7 owner=71274 vm_generation=1
INTEL_OWNER phase=lease_acquire_end vcpu_generation=7 owner_generation=7 owner=71274 vm_generation=1
INTEL_OWNER phase=vcpu_create_begin vcpu_generation=7 owner_generation=7 owner=71274 vm_generation=1
INTEL_OWNER phase=vcpu_create_end vcpu_generation=7 owner_generation=7 owner=71274 vm_generation=1
[       OK ] HvfIntelProbe.InstructionOnly (17 ms)
[----------] 1 test from HvfIntelProbe (17 ms total)

[==========] 1 test from 1 test suite ran. (17 ms total)
[  PASSED  ] 1 test.

Repeating all tests (iteration 7) . . .

Note: Google Test filter = HvfIntelProbe.InstructionOnly
[==========] Running 1 test from 1 test suite.
[----------] 1 test from HvfIntelProbe
[ RUN      ] HvfIntelProbe.InstructionOnly
INTEL_PROBE phase=executor_initialization
INTEL_PROBE phase=executor_retained
INTEL_PROBE phase=startup_probe
INTEL_PROBE phase=ordinary_steps
INTEL_PROBE phase=instruction_retirement
INTEL_OWNER phase=replacement_parked vcpu_generation=8 owner_generation=8 owner=71275 vm_generation=1
INTEL_OWNER phase=vcpu_destroy_begin vcpu_generation=7 owner_generation=7 owner=71274 vm_generation=1
INTEL_OWNER phase=vcpu_destroy_end vcpu_generation=7 owner_generation=7 owner=71274 vm_generation=1
INTEL_OWNER phase=lease_release_end vcpu_generation=7 owner_generation=7 owner=71274 vm_generation=1
INTEL_OWNER phase=owner_join_begin vcpu_generation=7 owner_generation=7 owner=71274 vm_generation=1
INTEL_OWNER phase=owner_join_end vcpu_generation=7 owner_generation=7 owner=71274 vm_generation=1
INTEL_OWNER phase=owner_activate vcpu_generation=8 owner_generation=8 owner=71275 vm_generation=1
INTEL_OWNER phase=lease_acquire_end vcpu_generation=8 owner_generation=8 owner=71275 vm_generation=1
INTEL_OWNER phase=vcpu_create_begin vcpu_generation=8 owner_generation=8 owner=71275 vm_generation=1
INTEL_OWNER phase=vcpu_create_end vcpu_generation=8 owner_generation=8 owner=71275 vm_generation=1
[       OK ] HvfIntelProbe.InstructionOnly (16 ms)
[----------] 1 test from HvfIntelProbe (16 ms total)

[==========] 1 test from 1 test suite ran. (16 ms total)
[  PASSED  ] 1 test.

Repeating all tests (iteration 8) . . .

Note: Google Test filter = HvfIntelProbe.InstructionOnly
[==========] Running 1 test from 1 test suite.
[----------] 1 test from HvfIntelProbe
[ RUN      ] HvfIntelProbe.InstructionOnly
INTEL_PROBE phase=executor_initialization
INTEL_PROBE phase=executor_retained
INTEL_PROBE phase=startup_probe
INTEL_PROBE phase=ordinary_steps
INTEL_PROBE phase=instruction_retirement
INTEL_OWNER phase=replacement_parked vcpu_generation=9 owner_generation=9 owner=71276 vm_generation=1
INTEL_OWNER phase=vcpu_destroy_begin vcpu_generation=8 owner_generation=8 owner=71275 vm_generation=1
INTEL_OWNER phase=vcpu_destroy_end vcpu_generation=8 owner_generation=8 owner=71275 vm_generation=1
INTEL_OWNER phase=lease_release_end vcpu_generation=8 owner_generation=8 owner=71275 vm_generation=1
INTEL_OWNER phase=owner_join_begin vcpu_generation=8 owner_generation=8 owner=71275 vm_generation=1
INTEL_OWNER phase=owner_join_end vcpu_generation=8 owner_generation=8 owner=71275 vm_generation=1
INTEL_OWNER phase=owner_activate vcpu_generation=9 owner_generation=9 owner=71276 vm_generation=1
INTEL_OWNER phase=lease_acquire_end vcpu_generation=9 owner_generation=9 owner=71276 vm_generation=1
INTEL_OWNER phase=vcpu_create_begin vcpu_generation=9 owner_generation=9 owner=71276 vm_generation=1
INTEL_OWNER phase=vcpu_create_end vcpu_generation=9 owner_generation=9 owner=71276 vm_generation=1
[       OK ] HvfIntelProbe.InstructionOnly (17 ms)
[----------] 1 test from HvfIntelProbe (18 ms total)

[==========] 1 test from 1 test suite ran. (18 ms total)
[  PASSED  ] 1 test.

Repeating all tests (iteration 9) . . .

Note: Google Test filter = HvfIntelProbe.InstructionOnly
[==========] Running 1 test from 1 test suite.
[----------] 1 test from HvfIntelProbe
[ RUN      ] HvfIntelProbe.InstructionOnly
INTEL_PROBE phase=executor_initialization
INTEL_PROBE phase=executor_retained
INTEL_PROBE phase=startup_probe
INTEL_PROBE phase=ordinary_steps
INTEL_PROBE phase=instruction_retirement
INTEL_OWNER phase=replacement_parked vcpu_generation=10 owner_generation=10 owner=71277 vm_generation=1
INTEL_OWNER phase=vcpu_destroy_begin vcpu_generation=9 owner_generation=9 owner=71276 vm_generation=1
INTEL_OWNER phase=vcpu_destroy_end vcpu_generation=9 owner_generation=9 owner=71276 vm_generation=1
INTEL_OWNER phase=lease_release_end vcpu_generation=9 owner_generation=9 owner=71276 vm_generation=1
INTEL_OWNER phase=owner_join_begin vcpu_generation=9 owner_generation=9 owner=71276 vm_generation=1
INTEL_OWNER phase=owner_join_end vcpu_generation=9 owner_generation=9 owner=71276 vm_generation=1
INTEL_OWNER phase=owner_activate vcpu_generation=10 owner_generation=10 owner=71277 vm_generation=1
INTEL_OWNER phase=lease_acquire_end vcpu_generation=10 owner_generation=10 owner=71277 vm_generation=1
INTEL_OWNER phase=vcpu_create_begin vcpu_generation=10 owner_generation=10 owner=71277 vm_generation=1
INTEL_OWNER phase=vcpu_create_end vcpu_generation=10 owner_generation=10 owner=71277 vm_generation=1
[       OK ] HvfIntelProbe.InstructionOnly (17 ms)
[----------] 1 test from HvfIntelProbe (17 ms total)

[==========] 1 test from 1 test suite ran. (17 ms total)
[  PASSED  ] 1 test.

Repeating all tests (iteration 10) . . .

Note: Google Test filter = HvfIntelProbe.InstructionOnly
[==========] Running 1 test from 1 test suite.
[----------] 1 test from HvfIntelProbe
[ RUN      ] HvfIntelProbe.InstructionOnly
INTEL_PROBE phase=executor_initialization
INTEL_PROBE phase=executor_retained
INTEL_PROBE phase=startup_probe
INTEL_PROBE phase=ordinary_steps
INTEL_PROBE phase=instruction_retirement
INTEL_OWNER phase=replacement_parked vcpu_generation=11 owner_generation=11 owner=71278 vm_generation=1
INTEL_OWNER phase=vcpu_destroy_begin vcpu_generation=10 owner_generation=10 owner=71277 vm_generation=1
INTEL_OWNER phase=vcpu_destroy_end vcpu_generation=10 owner_generation=10 owner=71277 vm_generation=1
INTEL_OWNER phase=lease_release_end vcpu_generation=10 owner_generation=10 owner=71277 vm_generation=1
INTEL_OWNER phase=owner_join_begin vcpu_generation=10 owner_generation=10 owner=71277 vm_generation=1
INTEL_OWNER phase=owner_join_end vcpu_generation=10 owner_generation=10 owner=71277 vm_generation=1
INTEL_OWNER phase=owner_activate vcpu_generation=11 owner_generation=11 owner=71278 vm_generation=1
INTEL_OWNER phase=lease_acquire_end vcpu_generation=11 owner_generation=11 owner=71278 vm_generation=1
INTEL_OWNER phase=vcpu_create_begin vcpu_generation=11 owner_generation=11 owner=71278 vm_generation=1
INTEL_OWNER phase=vcpu_create_end vcpu_generation=11 owner_generation=11 owner=71278 vm_generation=1
[       OK ] HvfIntelProbe.InstructionOnly (18 ms)
[----------] 1 test from HvfIntelProbe (18 ms total)

[==========] 1 test from 1 test suite ran. (18 ms total)
[  PASSED  ] 1 test.

Repeating all tests (iteration 11) . . .

Note: Google Test filter = HvfIntelProbe.InstructionOnly
[==========] Running 1 test from 1 test suite.
[----------] 1 test from HvfIntelProbe
[ RUN      ] HvfIntelProbe.InstructionOnly
INTEL_PROBE phase=executor_initialization
INTEL_PROBE phase=executor_retained
INTEL_PROBE phase=startup_probe
INTEL_PROBE phase=ordinary_steps
INTEL_PROBE phase=instruction_retirement
INTEL_OWNER phase=replacement_parked vcpu_generation=12 owner_generation=12 owner=71279 vm_generation=1
INTEL_OWNER phase=vcpu_destroy_begin vcpu_generation=11 owner_generation=11 owner=71278 vm_generation=1
INTEL_OWNER phase=vcpu_destroy_end vcpu_generation=11 owner_generation=11 owner=71278 vm_generation=1
INTEL_OWNER phase=lease_release_end vcpu_generation=11 owner_generation=11 owner=71278 vm_generation=1
INTEL_OWNER phase=owner_join_begin vcpu_generation=11 owner_generation=11 owner=71278 vm_generation=1
