Running main() from /Users/runner/work/test_mac_intel/test_mac_intel/source/build-hvf/_deps/googletest-src/googletest/src/gtest_main.cc

Repeating all tests (iteration 1) . . .

Note: Google Test filter = HvfExecutor.Native*
[==========] Running 1 test from 1 test suite.
[----------] Global test environment set-up.
[----------] 1 test from HvfExecutor
[ RUN      ] HvfExecutor.NativeIntelCancellationAndCompletionFailureAllowRetry
INTEL_PROBE phase=executor_retained
INTEL_LIFECYCLE phase=vcpu_destroy_begin generation=1 owner=295189
INTEL_LIFECYCLE phase=vcpu_destroy_end generation=1 owner=295189
INTEL_LIFECYCLE phase=vcpu_create_begin generation=2 owner=295189
INTEL_LIFECYCLE phase=vcpu_create_end generation=2 owner=295189
[       OK ] HvfExecutor.NativeIntelCancellationAndCompletionFailureAllowRetry (378 ms)
[----------] 1 test from HvfExecutor (378 ms total)

[==========] 1 test from 1 test suite ran. (378 ms total)
[  PASSED  ] 1 test.

Repeating all tests (iteration 2) . . .

Note: Google Test filter = HvfExecutor.Native*
[==========] Running 1 test from 1 test suite.
[----------] 1 test from HvfExecutor
[ RUN      ] HvfExecutor.NativeIntelCancellationAndCompletionFailureAllowRetry
INTEL_PROBE phase=executor_retained
INTEL_LIFECYCLE phase=vcpu_destroy_begin generation=2 owner=295189
INTEL_LIFECYCLE phase=vcpu_destroy_end generation=2 owner=295189
INTEL_LIFECYCLE phase=vcpu_create_begin generation=3 owner=295189
INTEL_LIFECYCLE phase=vcpu_create_end generation=3 owner=295189
[       OK ] HvfExecutor.NativeIntelCancellationAndCompletionFailureAllowRetry (212 ms)
[----------] 1 test from HvfExecutor (212 ms total)

[==========] 1 test from 1 test suite ran. (212 ms total)
[  PASSED  ] 1 test.

Repeating all tests (iteration 3) . . .

Note: Google Test filter = HvfExecutor.Native*
[==========] Running 1 test from 1 test suite.
[----------] 1 test from HvfExecutor
[ RUN      ] HvfExecutor.NativeIntelCancellationAndCompletionFailureAllowRetry
INTEL_PROBE phase=executor_retained
INTEL_LIFECYCLE phase=vcpu_destroy_begin generation=3 owner=295189
INTEL_LIFECYCLE phase=vcpu_destroy_end generation=3 owner=295189
INTEL_LIFECYCLE phase=vcpu_create_begin generation=4 owner=295189
INTEL_LIFECYCLE phase=vcpu_create_end generation=4 owner=295189
[       OK ] HvfExecutor.NativeIntelCancellationAndCompletionFailureAllowRetry (288 ms)
[----------] 1 test from HvfExecutor (288 ms total)

[==========] 1 test from 1 test suite ran. (288 ms total)
[  PASSED  ] 1 test.

Repeating all tests (iteration 4) . . .

Note: Google Test filter = HvfExecutor.Native*
[==========] Running 1 test from 1 test suite.
[----------] 1 test from HvfExecutor
[ RUN      ] HvfExecutor.NativeIntelCancellationAndCompletionFailureAllowRetry
INTEL_PROBE phase=executor_retained
INTEL_LIFECYCLE phase=vcpu_destroy_begin generation=4 owner=295189
INTEL_LIFECYCLE phase=vcpu_destroy_end generation=4 owner=295189
INTEL_LIFECYCLE phase=vcpu_create_begin generation=5 owner=295189
INTEL_LIFECYCLE phase=vcpu_create_end generation=5 owner=295189
[       OK ] HvfExecutor.NativeIntelCancellationAndCompletionFailureAllowRetry (151 ms)
[----------] 1 test from HvfExecutor (151 ms total)

[==========] 1 test from 1 test suite ran. (151 ms total)
[  PASSED  ] 1 test.

Repeating all tests (iteration 5) . . .

Note: Google Test filter = HvfExecutor.Native*
[==========] Running 1 test from 1 test suite.
[----------] 1 test from HvfExecutor
[ RUN      ] HvfExecutor.NativeIntelCancellationAndCompletionFailureAllowRetry
INTEL_PROBE phase=executor_retained
INTEL_LIFECYCLE phase=vcpu_destroy_begin generation=5 owner=295189
INTEL_LIFECYCLE phase=vcpu_destroy_end generation=5 owner=295189
INTEL_LIFECYCLE phase=vcpu_create_begin generation=6 owner=295189
INTEL_LIFECYCLE phase=vcpu_create_end generation=6 owner=295189
[       OK ] HvfExecutor.NativeIntelCancellationAndCompletionFailureAllowRetry (375 ms)
[----------] 1 test from HvfExecutor (375 ms total)

[==========] 1 test from 1 test suite ran. (375 ms total)
[  PASSED  ] 1 test.

Repeating all tests (iteration 6) . . .

Note: Google Test filter = HvfExecutor.Native*
[==========] Running 1 test from 1 test suite.
[----------] 1 test from HvfExecutor
[ RUN      ] HvfExecutor.NativeIntelCancellationAndCompletionFailureAllowRetry
INTEL_PROBE phase=executor_retained
INTEL_LIFECYCLE phase=vcpu_destroy_begin generation=6 owner=295189
INTEL_LIFECYCLE phase=vcpu_destroy_end generation=6 owner=295189
INTEL_LIFECYCLE phase=vcpu_create_begin generation=7 owner=295189
INTEL_LIFECYCLE phase=vcpu_create_end generation=7 owner=295189
[       OK ] HvfExecutor.NativeIntelCancellationAndCompletionFailureAllowRetry (125 ms)
[----------] 1 test from HvfExecutor (125 ms total)

[==========] 1 test from 1 test suite ran. (125 ms total)
[  PASSED  ] 1 test.

Repeating all tests (iteration 7) . . .

Note: Google Test filter = HvfExecutor.Native*
[==========] Running 1 test from 1 test suite.
[----------] 1 test from HvfExecutor
[ RUN      ] HvfExecutor.NativeIntelCancellationAndCompletionFailureAllowRetry
INTEL_PROBE phase=executor_retained
INTEL_LIFECYCLE phase=vcpu_destroy_begin generation=7 owner=295189
INTEL_LIFECYCLE phase=vcpu_destroy_end generation=7 owner=295189
INTEL_LIFECYCLE phase=vcpu_create_begin generation=8 owner=295189
INTEL_LIFECYCLE phase=vcpu_create_end generation=8 owner=295189
[       OK ] HvfExecutor.NativeIntelCancellationAndCompletionFailureAllowRetry (198 ms)
[----------] 1 test from HvfExecutor (198 ms total)

[==========] 1 test from 1 test suite ran. (198 ms total)
[  PASSED  ] 1 test.

Repeating all tests (iteration 8) . . .

Note: Google Test filter = HvfExecutor.Native*
[==========] Running 1 test from 1 test suite.
[----------] 1 test from HvfExecutor
[ RUN      ] HvfExecutor.NativeIntelCancellationAndCompletionFailureAllowRetry
INTEL_PROBE phase=executor_retained
INTEL_LIFECYCLE phase=vcpu_destroy_begin generation=8 owner=295189
INTEL_LIFECYCLE phase=vcpu_destroy_end generation=8 owner=295189
INTEL_LIFECYCLE phase=vcpu_create_begin generation=9 owner=295189
INTEL_LIFECYCLE phase=vcpu_create_end generation=9 owner=295189
[       OK ] HvfExecutor.NativeIntelCancellationAndCompletionFailureAllowRetry (366 ms)
[----------] 1 test from HvfExecutor (366 ms total)

[==========] 1 test from 1 test suite ran. (366 ms total)
[  PASSED  ] 1 test.

Repeating all tests (iteration 9) . . .

Note: Google Test filter = HvfExecutor.Native*
[==========] Running 1 test from 1 test suite.
[----------] 1 test from HvfExecutor
[ RUN      ] HvfExecutor.NativeIntelCancellationAndCompletionFailureAllowRetry
INTEL_PROBE phase=executor_retained
INTEL_LIFECYCLE phase=vcpu_destroy_begin generation=9 owner=295189
INTEL_LIFECYCLE phase=vcpu_destroy_end generation=9 owner=295189
INTEL_LIFECYCLE phase=vcpu_create_begin generation=10 owner=295189
INTEL_LIFECYCLE phase=vcpu_create_end generation=10 owner=295189
[       OK ] HvfExecutor.NativeIntelCancellationAndCompletionFailureAllowRetry (150 ms)
[----------] 1 test from HvfExecutor (150 ms total)

[==========] 1 test from 1 test suite ran. (150 ms total)
[  PASSED  ] 1 test.

Repeating all tests (iteration 10) . . .

Note: Google Test filter = HvfExecutor.Native*
[==========] Running 1 test from 1 test suite.
[----------] 1 test from HvfExecutor
[ RUN      ] HvfExecutor.NativeIntelCancellationAndCompletionFailureAllowRetry
INTEL_PROBE phase=executor_retained
INTEL_LIFECYCLE phase=vcpu_destroy_begin generation=10 owner=295189
INTEL_LIFECYCLE phase=vcpu_destroy_end generation=10 owner=295189
INTEL_LIFECYCLE phase=vcpu_create_begin generation=11 owner=295189
INTEL_LIFECYCLE phase=vcpu_create_end generation=11 owner=295189
[       OK ] HvfExecutor.NativeIntelCancellationAndCompletionFailureAllowRetry (350 ms)
[----------] 1 test from HvfExecutor (350 ms total)

[==========] 1 test from 1 test suite ran. (350 ms total)
[  PASSED  ] 1 test.

Repeating all tests (iteration 11) . . .

Note: Google Test filter = HvfExecutor.Native*
[==========] Running 1 test from 1 test suite.
[----------] 1 test from HvfExecutor
[ RUN      ] HvfExecutor.NativeIntelCancellationAndCompletionFailureAllowRetry
INTEL_PROBE phase=executor_retained
INTEL_LIFECYCLE phase=vcpu_destroy_begin generation=11 owner=295189
INTEL_LIFECYCLE phase=vcpu_destroy_end generation=11 owner=295189
INTEL_LIFECYCLE phase=vcpu_create_begin generation=12 owner=295189
INTEL_LIFECYCLE phase=vcpu_create_end generation=12 owner=295189
[       OK ] HvfExecutor.NativeIntelCancellationAndCompletionFailureAllowRetry (167 ms)
[----------] 1 test from HvfExecutor (167 ms total)

[==========] 1 test from 1 test suite ran. (167 ms total)
[  PASSED  ] 1 test.

Repeating all tests (iteration 12) . . .

Note: Google Test filter = HvfExecutor.Native*
[==========] Running 1 test from 1 test suite.
[----------] 1 test from HvfExecutor
[ RUN      ] HvfExecutor.NativeIntelCancellationAndCompletionFailureAllowRetry
INTEL_PROBE phase=executor_retained
INTEL_LIFECYCLE phase=vcpu_destroy_begin generation=12 owner=295189
INTEL_LIFECYCLE phase=vcpu_destroy_end generation=12 owner=295189
INTEL_LIFECYCLE phase=vcpu_create_begin generation=13 owner=295189
INTEL_LIFECYCLE phase=vcpu_create_end generation=13 owner=295189
[       OK ] HvfExecutor.NativeIntelCancellationAndCompletionFailureAllowRetry (169 ms)
[----------] 1 test from HvfExecutor (169 ms total)

[==========] 1 test from 1 test suite ran. (169 ms total)
[  PASSED  ] 1 test.

Repeating all tests (iteration 13) . . .

Note: Google Test filter = HvfExecutor.Native*
[==========] Running 1 test from 1 test suite.
[----------] 1 test from HvfExecutor
[ RUN      ] HvfExecutor.NativeIntelCancellationAndCompletionFailureAllowRetry
INTEL_PROBE phase=executor_retained
INTEL_LIFECYCLE phase=vcpu_destroy_begin generation=13 owner=295189
INTEL_LIFECYCLE phase=vcpu_destroy_end generation=13 owner=295189
INTEL_LIFECYCLE phase=vcpu_create_begin generation=14 owner=295189
INTEL_LIFECYCLE phase=vcpu_create_end generation=14 owner=295189
[       OK ] HvfExecutor.NativeIntelCancellationAndCompletionFailureAllowRetry (279 ms)
[----------] 1 test from HvfExecutor (279 ms total)

[==========] 1 test from 1 test suite ran. (279 ms total)
[  PASSED  ] 1 test.

Repeating all tests (iteration 14) . . .

Note: Google Test filter = HvfExecutor.Native*
[==========] Running 1 test from 1 test suite.
[----------] 1 test from HvfExecutor
[ RUN      ] HvfExecutor.NativeIntelCancellationAndCompletionFailureAllowRetry
INTEL_PROBE phase=executor_retained
INTEL_LIFECYCLE phase=vcpu_destroy_begin generation=14 owner=295189
INTEL_LIFECYCLE phase=vcpu_destroy_end generation=14 owner=295189
INTEL_LIFECYCLE phase=vcpu_create_begin generation=15 owner=295189
INTEL_LIFECYCLE phase=vcpu_create_end generation=15 owner=295189
[       OK ] HvfExecutor.NativeIntelCancellationAndCompletionFailureAllowRetry (290 ms)
[----------] 1 test from HvfExecutor (290 ms total)

[==========] 1 test from 1 test suite ran. (290 ms total)
[  PASSED  ] 1 test.

Repeating all tests (iteration 15) . . .

Note: Google Test filter = HvfExecutor.Native*
[==========] Running 1 test from 1 test suite.
[----------] 1 test from HvfExecutor
[ RUN      ] HvfExecutor.NativeIntelCancellationAndCompletionFailureAllowRetry
INTEL_PROBE phase=executor_retained
INTEL_LIFECYCLE phase=vcpu_destroy_begin generation=15 owner=295189
INTEL_LIFECYCLE phase=vcpu_destroy_end generation=15 owner=295189
INTEL_LIFECYCLE phase=vcpu_create_begin generation=16 owner=295189
INTEL_LIFECYCLE phase=vcpu_create_end generation=16 owner=295189
[       OK ] HvfExecutor.NativeIntelCancellationAndCompletionFailureAllowRetry (367 ms)
[----------] 1 test from HvfExecutor (367 ms total)

[==========] 1 test from 1 test suite ran. (367 ms total)
[  PASSED  ] 1 test.

Repeating all tests (iteration 16) . . .

Note: Google Test filter = HvfExecutor.Native*
[==========] Running 1 test from 1 test suite.
[----------] 1 test from HvfExecutor
[ RUN      ] HvfExecutor.NativeIntelCancellationAndCompletionFailureAllowRetry
INTEL_PROBE phase=executor_retained
INTEL_LIFECYCLE phase=vcpu_destroy_begin generation=16 owner=295189
INTEL_LIFECYCLE phase=vcpu_destroy_end generation=16 owner=295189
INTEL_LIFECYCLE phase=vcpu_create_begin generation=17 owner=295189
INTEL_LIFECYCLE phase=vcpu_create_end generation=17 owner=295189
[       OK ] HvfExecutor.NativeIntelCancellationAndCompletionFailureAllowRetry (259 ms)
[----------] 1 test from HvfExecutor (259 ms total)

[==========] 1 test from 1 test suite ran. (259 ms total)
[  PASSED  ] 1 test.

Repeating all tests (iteration 17) . . .

Note: Google Test filter = HvfExecutor.Native*
[==========] Running 1 test from 1 test suite.
[----------] 1 test from HvfExecutor
[ RUN      ] HvfExecutor.NativeIntelCancellationAndCompletionFailureAllowRetry
INTEL_PROBE phase=executor_retained
INTEL_LIFECYCLE phase=vcpu_destroy_begin generation=17 owner=295189
INTEL_LIFECYCLE phase=vcpu_destroy_end generation=17 owner=295189
INTEL_LIFECYCLE phase=vcpu_create_begin generation=18 owner=295189
INTEL_LIFECYCLE phase=vcpu_create_end generation=18 owner=295189
[       OK ] HvfExecutor.NativeIntelCancellationAndCompletionFailureAllowRetry (307 ms)
[----------] 1 test from HvfExecutor (308 ms total)

[==========] 1 test from 1 test suite ran. (308 ms total)
[  PASSED  ] 1 test.

Repeating all tests (iteration 18) . . .

Note: Google Test filter = HvfExecutor.Native*
[==========] Running 1 test from 1 test suite.
[----------] 1 test from HvfExecutor
[ RUN      ] HvfExecutor.NativeIntelCancellationAndCompletionFailureAllowRetry
INTEL_PROBE phase=executor_retained
INTEL_LIFECYCLE phase=vcpu_destroy_begin generation=18 owner=295189
INTEL_LIFECYCLE phase=vcpu_destroy_end generation=18 owner=295189
INTEL_LIFECYCLE phase=vcpu_create_begin generation=19 owner=295189
INTEL_LIFECYCLE phase=vcpu_create_end generation=19 owner=295189
[       OK ] HvfExecutor.NativeIntelCancellationAndCompletionFailureAllowRetry (157 ms)
[----------] 1 test from HvfExecutor (157 ms total)

[==========] 1 test from 1 test suite ran. (157 ms total)
[  PASSED  ] 1 test.

Repeating all tests (iteration 19) . . .

Note: Google Test filter = HvfExecutor.Native*
[==========] Running 1 test from 1 test suite.
[----------] 1 test from HvfExecutor
[ RUN      ] HvfExecutor.NativeIntelCancellationAndCompletionFailureAllowRetry
INTEL_PROBE phase=executor_retained
INTEL_LIFECYCLE phase=vcpu_destroy_begin generation=19 owner=295189
INTEL_LIFECYCLE phase=vcpu_destroy_end generation=19 owner=295189
INTEL_LIFECYCLE phase=vcpu_create_begin generation=20 owner=295189
INTEL_LIFECYCLE phase=vcpu_create_end generation=20 owner=295189
[       OK ] HvfExecutor.NativeIntelCancellationAndCompletionFailureAllowRetry (231 ms)
[----------] 1 test from HvfExecutor (231 ms total)

[==========] 1 test from 1 test suite ran. (231 ms total)
[  PASSED  ] 1 test.

Repeating all tests (iteration 20) . . .

Note: Google Test filter = HvfExecutor.Native*
[==========] Running 1 test from 1 test suite.
[----------] 1 test from HvfExecutor
[ RUN      ] HvfExecutor.NativeIntelCancellationAndCompletionFailureAllowRetry
INTEL_PROBE phase=executor_retained
INTEL_LIFECYCLE phase=vcpu_destroy_begin generation=20 owner=295189
INTEL_LIFECYCLE phase=vcpu_destroy_end generation=20 owner=295189
INTEL_LIFECYCLE phase=vcpu_create_begin generation=21 owner=295189
INTEL_LIFECYCLE phase=vcpu_create_end generation=21 owner=295189
[       OK ] HvfExecutor.NativeIntelCancellationAndCompletionFailureAllowRetry (190 ms)
[----------] 1 test from HvfExecutor (190 ms total)

[==========] 1 test from 1 test suite ran. (190 ms total)
[  PASSED  ] 1 test.

Repeating all tests (iteration 21) . . .

Note: Google Test filter = HvfExecutor.Native*
[==========] Running 1 test from 1 test suite.
[----------] 1 test from HvfExecutor
[ RUN      ] HvfExecutor.NativeIntelCancellationAndCompletionFailureAllowRetry
INTEL_PROBE phase=executor_retained
INTEL_LIFECYCLE phase=vcpu_destroy_begin generation=21 owner=295189
INTEL_LIFECYCLE phase=vcpu_destroy_end generation=21 owner=295189
INTEL_LIFECYCLE phase=vcpu_create_begin generation=22 owner=295189
INTEL_LIFECYCLE phase=vcpu_create_end generation=22 owner=295189
[       OK ] HvfExecutor.NativeIntelCancellationAndCompletionFailureAllowRetry (243 ms)
[----------] 1 test from HvfExecutor (243 ms total)

[==========] 1 test from 1 test suite ran. (243 ms total)
[  PASSED  ] 1 test.

Repeating all tests (iteration 22) . . .

Note: Google Test filter = HvfExecutor.Native*
[==========] Running 1 test from 1 test suite.
[----------] 1 test from HvfExecutor
[ RUN      ] HvfExecutor.NativeIntelCancellationAndCompletionFailureAllowRetry
INTEL_PROBE phase=executor_retained
INTEL_LIFECYCLE phase=vcpu_destroy_begin generation=22 owner=295189
INTEL_LIFECYCLE phase=vcpu_destroy_end generation=22 owner=295189
INTEL_LIFECYCLE phase=vcpu_create_begin generation=23 owner=295189
INTEL_LIFECYCLE phase=vcpu_create_end generation=23 owner=295189
[       OK ] HvfExecutor.NativeIntelCancellationAndCompletionFailureAllowRetry (270 ms)
[----------] 1 test from HvfExecutor (270 ms total)

[==========] 1 test from 1 test suite ran. (270 ms total)
[  PASSED  ] 1 test.

Repeating all tests (iteration 23) . . .

Note: Google Test filter = HvfExecutor.Native*
[==========] Running 1 test from 1 test suite.
[----------] 1 test from HvfExecutor
[ RUN      ] HvfExecutor.NativeIntelCancellationAndCompletionFailureAllowRetry
INTEL_PROBE phase=executor_retained
INTEL_LIFECYCLE phase=vcpu_destroy_begin generation=23 owner=295189
INTEL_LIFECYCLE phase=vcpu_destroy_end generation=23 owner=295189
INTEL_LIFECYCLE phase=vcpu_create_begin generation=24 owner=295189
INTEL_LIFECYCLE phase=vcpu_create_end generation=24 owner=295189
[       OK ] HvfExecutor.NativeIntelCancellationAndCompletionFailureAllowRetry (137 ms)
[----------] 1 test from HvfExecutor (137 ms total)

[==========] 1 test from 1 test suite ran. (137 ms total)
[  PASSED  ] 1 test.

Repeating all tests (iteration 24) . . .

Note: Google Test filter = HvfExecutor.Native*
[==========] Running 1 test from 1 test suite.
[----------] 1 test from HvfExecutor
[ RUN      ] HvfExecutor.NativeIntelCancellationAndCompletionFailureAllowRetry
INTEL_PROBE phase=executor_retained
INTEL_LIFECYCLE phase=vcpu_destroy_begin generation=24 owner=295189
INTEL_LIFECYCLE phase=vcpu_destroy_end generation=24 owner=295189
INTEL_LIFECYCLE phase=vcpu_create_begin generation=25 owner=295189
INTEL_LIFECYCLE phase=vcpu_create_end generation=25 owner=295189
[       OK ] HvfExecutor.NativeIntelCancellationAndCompletionFailureAllowRetry (180 ms)
[----------] 1 test from HvfExecutor (180 ms total)

[==========] 1 test from 1 test suite ran. (180 ms total)
[  PASSED  ] 1 test.

Repeating all tests (iteration 25) . . .

Note: Google Test filter = HvfExecutor.Native*
[==========] Running 1 test from 1 test suite.
[----------] 1 test from HvfExecutor
[ RUN      ] HvfExecutor.NativeIntelCancellationAndCompletionFailureAllowRetry
INTEL_PROBE phase=executor_retained
INTEL_LIFECYCLE phase=vcpu_destroy_begin generation=25 owner=295189
INTEL_LIFECYCLE phase=vcpu_destroy_end generation=25 owner=295189
INTEL_LIFECYCLE phase=vcpu_create_begin generation=26 owner=295189
INTEL_LIFECYCLE phase=vcpu_create_end generation=26 owner=295189
[       OK ] HvfExecutor.NativeIntelCancellationAndCompletionFailureAllowRetry (245 ms)
[----------] 1 test from HvfExecutor (245 ms total)

[==========] 1 test from 1 test suite ran. (245 ms total)
[  PASSED  ] 1 test.

Repeating all tests (iteration 26) . . .

Note: Google Test filter = HvfExecutor.Native*
[==========] Running 1 test from 1 test suite.
[----------] 1 test from HvfExecutor
[ RUN      ] HvfExecutor.NativeIntelCancellationAndCompletionFailureAllowRetry
INTEL_PROBE phase=executor_retained
INTEL_LIFECYCLE phase=vcpu_destroy_begin generation=26 owner=295189
INTEL_LIFECYCLE phase=vcpu_destroy_end generation=26 owner=295189
INTEL_LIFECYCLE phase=vcpu_create_begin generation=27 owner=295189
INTEL_LIFECYCLE phase=vcpu_create_end generation=27 owner=295189
[       OK ] HvfExecutor.NativeIntelCancellationAndCompletionFailureAllowRetry (124 ms)
[----------] 1 test from HvfExecutor (124 ms total)

[==========] 1 test from 1 test suite ran. (124 ms total)
[  PASSED  ] 1 test.

Repeating all tests (iteration 27) . . .

Note: Google Test filter = HvfExecutor.Native*
[==========] Running 1 test from 1 test suite.
[----------] 1 test from HvfExecutor
[ RUN      ] HvfExecutor.NativeIntelCancellationAndCompletionFailureAllowRetry
INTEL_PROBE phase=executor_retained
