Running main() from /Users/runner/work/test_mac_intel/test_mac_intel/source/build-hvf/_deps/googletest-src/googletest/src/gtest_main.cc

Repeating all tests (iteration 1) . . .

Note: Google Test filter = HvfExecutor.Native*
[==========] Running 1 test from 1 test suite.
[----------] Global test environment set-up.
[----------] 1 test from HvfExecutor
[ RUN      ] HvfExecutor.NativeIntelCancellationAndCompletionFailureAllowRetry
INTEL_PROBE phase=executor_retained
INTEL_LIFECYCLE phase=vcpu_destroy_begin generation=1 owner=36073
INTEL_LIFECYCLE phase=vcpu_destroy_end generation=1 owner=36073
INTEL_LIFECYCLE phase=vm_destroy_begin generation=1 owner=36073
INTEL_LIFECYCLE phase=vm_destroy_end generation=1 owner=36073
INTEL_LIFECYCLE phase=vm_create_begin generation=2 owner=36073
INTEL_LIFECYCLE phase=vm_create_end generation=2 owner=36073
INTEL_LIFECYCLE phase=vcpu_create_begin generation=2 owner=36073
INTEL_LIFECYCLE phase=vcpu_create_end generation=2 owner=36073
[       OK ] HvfExecutor.NativeIntelCancellationAndCompletionFailureAllowRetry (134 ms)
[----------] 1 test from HvfExecutor (134 ms total)

[==========] 1 test from 1 test suite ran. (134 ms total)
[  PASSED  ] 1 test.

Repeating all tests (iteration 2) . . .

Note: Google Test filter = HvfExecutor.Native*
[==========] Running 1 test from 1 test suite.
[----------] 1 test from HvfExecutor
[ RUN      ] HvfExecutor.NativeIntelCancellationAndCompletionFailureAllowRetry
INTEL_PROBE phase=executor_retained
INTEL_LIFECYCLE phase=vcpu_destroy_begin generation=2 owner=36073
INTEL_LIFECYCLE phase=vcpu_destroy_end generation=2 owner=36073
INTEL_LIFECYCLE phase=vm_destroy_begin generation=2 owner=36073
INTEL_LIFECYCLE phase=vm_destroy_end generation=2 owner=36073
INTEL_LIFECYCLE phase=vm_create_begin generation=3 owner=36073
INTEL_LIFECYCLE phase=vm_create_end generation=3 owner=36073
INTEL_LIFECYCLE phase=vcpu_create_begin generation=3 owner=36073
INTEL_LIFECYCLE phase=vcpu_create_end generation=3 owner=36073
[       OK ] HvfExecutor.NativeIntelCancellationAndCompletionFailureAllowRetry (166 ms)
[----------] 1 test from HvfExecutor (166 ms total)

[==========] 1 test from 1 test suite ran. (167 ms total)
[  PASSED  ] 1 test.

Repeating all tests (iteration 3) . . .

Note: Google Test filter = HvfExecutor.Native*
[==========] Running 1 test from 1 test suite.
[----------] 1 test from HvfExecutor
[ RUN      ] HvfExecutor.NativeIntelCancellationAndCompletionFailureAllowRetry
INTEL_PROBE phase=executor_retained
INTEL_LIFECYCLE phase=vcpu_destroy_begin generation=3 owner=36073
INTEL_LIFECYCLE phase=vcpu_destroy_end generation=3 owner=36073
INTEL_LIFECYCLE phase=vm_destroy_begin generation=3 owner=36073
INTEL_LIFECYCLE phase=vm_destroy_end generation=3 owner=36073
INTEL_LIFECYCLE phase=vm_create_begin generation=4 owner=36073
INTEL_LIFECYCLE phase=vm_create_end generation=4 owner=36073
INTEL_LIFECYCLE phase=vcpu_create_begin generation=4 owner=36073
INTEL_LIFECYCLE phase=vcpu_create_end generation=4 owner=36073
[       OK ] HvfExecutor.NativeIntelCancellationAndCompletionFailureAllowRetry (280 ms)
[----------] 1 test from HvfExecutor (280 ms total)

[==========] 1 test from 1 test suite ran. (280 ms total)
[  PASSED  ] 1 test.

Repeating all tests (iteration 4) . . .

Note: Google Test filter = HvfExecutor.Native*
[==========] Running 1 test from 1 test suite.
[----------] 1 test from HvfExecutor
[ RUN      ] HvfExecutor.NativeIntelCancellationAndCompletionFailureAllowRetry
INTEL_PROBE phase=executor_retained
INTEL_LIFECYCLE phase=vcpu_destroy_begin generation=4 owner=36073
INTEL_LIFECYCLE phase=vcpu_destroy_end generation=4 owner=36073
INTEL_LIFECYCLE phase=vm_destroy_begin generation=4 owner=36073
INTEL_LIFECYCLE phase=vm_destroy_end generation=4 owner=36073
INTEL_LIFECYCLE phase=vm_create_begin generation=5 owner=36073
INTEL_LIFECYCLE phase=vm_create_end generation=5 owner=36073
INTEL_LIFECYCLE phase=vcpu_create_begin generation=5 owner=36073
INTEL_LIFECYCLE phase=vcpu_create_end generation=5 owner=36073
[       OK ] HvfExecutor.NativeIntelCancellationAndCompletionFailureAllowRetry (240 ms)
[----------] 1 test from HvfExecutor (240 ms total)

[==========] 1 test from 1 test suite ran. (241 ms total)
[  PASSED  ] 1 test.

Repeating all tests (iteration 5) . . .

Note: Google Test filter = HvfExecutor.Native*
[==========] Running 1 test from 1 test suite.
[----------] 1 test from HvfExecutor
[ RUN      ] HvfExecutor.NativeIntelCancellationAndCompletionFailureAllowRetry
INTEL_PROBE phase=executor_retained
INTEL_LIFECYCLE phase=vcpu_destroy_begin generation=5 owner=36073
INTEL_LIFECYCLE phase=vcpu_destroy_end generation=5 owner=36073
INTEL_LIFECYCLE phase=vm_destroy_begin generation=5 owner=36073
INTEL_LIFECYCLE phase=vm_destroy_end generation=5 owner=36073
INTEL_LIFECYCLE phase=vm_create_begin generation=6 owner=36073
INTEL_LIFECYCLE phase=vm_create_end generation=6 owner=36073
INTEL_LIFECYCLE phase=vcpu_create_begin generation=6 owner=36073
INTEL_LIFECYCLE phase=vcpu_create_end generation=6 owner=36073
[       OK ] HvfExecutor.NativeIntelCancellationAndCompletionFailureAllowRetry (280 ms)
[----------] 1 test from HvfExecutor (280 ms total)

[==========] 1 test from 1 test suite ran. (280 ms total)
[  PASSED  ] 1 test.

Repeating all tests (iteration 6) . . .

Note: Google Test filter = HvfExecutor.Native*
[==========] Running 1 test from 1 test suite.
[----------] 1 test from HvfExecutor
[ RUN      ] HvfExecutor.NativeIntelCancellationAndCompletionFailureAllowRetry
INTEL_PROBE phase=executor_retained
INTEL_LIFECYCLE phase=vcpu_destroy_begin generation=6 owner=36073
INTEL_LIFECYCLE phase=vcpu_destroy_end generation=6 owner=36073
INTEL_LIFECYCLE phase=vm_destroy_begin generation=6 owner=36073
INTEL_LIFECYCLE phase=vm_destroy_end generation=6 owner=36073
INTEL_LIFECYCLE phase=vm_create_begin generation=7 owner=36073
INTEL_LIFECYCLE phase=vm_create_end generation=7 owner=36073
INTEL_LIFECYCLE phase=vcpu_create_begin generation=7 owner=36073
INTEL_LIFECYCLE phase=vcpu_create_end generation=7 owner=36073
[       OK ] HvfExecutor.NativeIntelCancellationAndCompletionFailureAllowRetry (310 ms)
[----------] 1 test from HvfExecutor (310 ms total)

[==========] 1 test from 1 test suite ran. (311 ms total)
[  PASSED  ] 1 test.

Repeating all tests (iteration 7) . . .

Note: Google Test filter = HvfExecutor.Native*
[==========] Running 1 test from 1 test suite.
[----------] 1 test from HvfExecutor
[ RUN      ] HvfExecutor.NativeIntelCancellationAndCompletionFailureAllowRetry
INTEL_PROBE phase=executor_retained
INTEL_LIFECYCLE phase=vcpu_destroy_begin generation=7 owner=36073
INTEL_LIFECYCLE phase=vcpu_destroy_end generation=7 owner=36073
INTEL_LIFECYCLE phase=vm_destroy_begin generation=7 owner=36073
INTEL_LIFECYCLE phase=vm_destroy_end generation=7 owner=36073
INTEL_LIFECYCLE phase=vm_create_begin generation=8 owner=36073
INTEL_LIFECYCLE phase=vm_create_end generation=8 owner=36073
INTEL_LIFECYCLE phase=vcpu_create_begin generation=8 owner=36073
INTEL_LIFECYCLE phase=vcpu_create_end generation=8 owner=36073
[       OK ] HvfExecutor.NativeIntelCancellationAndCompletionFailureAllowRetry (170 ms)
[----------] 1 test from HvfExecutor (170 ms total)

[==========] 1 test from 1 test suite ran. (170 ms total)
[  PASSED  ] 1 test.

Repeating all tests (iteration 8) . . .

Note: Google Test filter = HvfExecutor.Native*
[==========] Running 1 test from 1 test suite.
[----------] 1 test from HvfExecutor
[ RUN      ] HvfExecutor.NativeIntelCancellationAndCompletionFailureAllowRetry
INTEL_PROBE phase=executor_retained
INTEL_LIFECYCLE phase=vcpu_destroy_begin generation=8 owner=36073
INTEL_LIFECYCLE phase=vcpu_destroy_end generation=8 owner=36073
INTEL_LIFECYCLE phase=vm_destroy_begin generation=8 owner=36073
INTEL_LIFECYCLE phase=vm_destroy_end generation=8 owner=36073
INTEL_LIFECYCLE phase=vm_create_begin generation=9 owner=36073
INTEL_LIFECYCLE phase=vm_create_end generation=9 owner=36073
INTEL_LIFECYCLE phase=vcpu_create_begin generation=9 owner=36073
INTEL_LIFECYCLE phase=vcpu_create_end generation=9 owner=36073
[       OK ] HvfExecutor.NativeIntelCancellationAndCompletionFailureAllowRetry (353 ms)
[----------] 1 test from HvfExecutor (353 ms total)

[==========] 1 test from 1 test suite ran. (353 ms total)
[  PASSED  ] 1 test.

Repeating all tests (iteration 9) . . .

Note: Google Test filter = HvfExecutor.Native*
[==========] Running 1 test from 1 test suite.
[----------] 1 test from HvfExecutor
[ RUN      ] HvfExecutor.NativeIntelCancellationAndCompletionFailureAllowRetry
INTEL_PROBE phase=executor_retained
INTEL_LIFECYCLE phase=vcpu_destroy_begin generation=9 owner=36073
INTEL_LIFECYCLE phase=vcpu_destroy_end generation=9 owner=36073
INTEL_LIFECYCLE phase=vm_destroy_begin generation=9 owner=36073
INTEL_LIFECYCLE phase=vm_destroy_end generation=9 owner=36073
INTEL_LIFECYCLE phase=vm_create_begin generation=10 owner=36073
INTEL_LIFECYCLE phase=vm_create_end generation=10 owner=36073
INTEL_LIFECYCLE phase=vcpu_create_begin generation=10 owner=36073
INTEL_LIFECYCLE phase=vcpu_create_end generation=10 owner=36073
[       OK ] HvfExecutor.NativeIntelCancellationAndCompletionFailureAllowRetry (209 ms)
[----------] 1 test from HvfExecutor (209 ms total)

[==========] 1 test from 1 test suite ran. (209 ms total)
[  PASSED  ] 1 test.

Repeating all tests (iteration 10) . . .

Note: Google Test filter = HvfExecutor.Native*
[==========] Running 1 test from 1 test suite.
[----------] 1 test from HvfExecutor
[ RUN      ] HvfExecutor.NativeIntelCancellationAndCompletionFailureAllowRetry
INTEL_PROBE phase=executor_retained
INTEL_LIFECYCLE phase=vcpu_destroy_begin generation=10 owner=36073
INTEL_LIFECYCLE phase=vcpu_destroy_end generation=10 owner=36073
INTEL_LIFECYCLE phase=vm_destroy_begin generation=10 owner=36073
INTEL_LIFECYCLE phase=vm_destroy_end generation=10 owner=36073
INTEL_LIFECYCLE phase=vm_create_begin generation=11 owner=36073
INTEL_LIFECYCLE phase=vm_create_end generation=11 owner=36073
INTEL_LIFECYCLE phase=vcpu_create_begin generation=11 owner=36073
INTEL_LIFECYCLE phase=vcpu_create_end generation=11 owner=36073
[       OK ] HvfExecutor.NativeIntelCancellationAndCompletionFailureAllowRetry (175 ms)
[----------] 1 test from HvfExecutor (175 ms total)

[==========] 1 test from 1 test suite ran. (175 ms total)
[  PASSED  ] 1 test.

Repeating all tests (iteration 11) . . .

Note: Google Test filter = HvfExecutor.Native*
[==========] Running 1 test from 1 test suite.
[----------] 1 test from HvfExecutor
[ RUN      ] HvfExecutor.NativeIntelCancellationAndCompletionFailureAllowRetry
INTEL_PROBE phase=executor_retained
INTEL_LIFECYCLE phase=vcpu_destroy_begin generation=11 owner=36073
INTEL_LIFECYCLE phase=vcpu_destroy_end generation=11 owner=36073
INTEL_LIFECYCLE phase=vm_destroy_begin generation=11 owner=36073
INTEL_LIFECYCLE phase=vm_destroy_end generation=11 owner=36073
INTEL_LIFECYCLE phase=vm_create_begin generation=12 owner=36073
INTEL_LIFECYCLE phase=vm_create_end generation=12 owner=36073
INTEL_LIFECYCLE phase=vcpu_create_begin generation=12 owner=36073
INTEL_LIFECYCLE phase=vcpu_create_end generation=12 owner=36073
[       OK ] HvfExecutor.NativeIntelCancellationAndCompletionFailureAllowRetry (235 ms)
[----------] 1 test from HvfExecutor (235 ms total)

[==========] 1 test from 1 test suite ran. (235 ms total)
[  PASSED  ] 1 test.

Repeating all tests (iteration 12) . . .

Note: Google Test filter = HvfExecutor.Native*
[==========] Running 1 test from 1 test suite.
[----------] 1 test from HvfExecutor
[ RUN      ] HvfExecutor.NativeIntelCancellationAndCompletionFailureAllowRetry
INTEL_PROBE phase=executor_retained
INTEL_LIFECYCLE phase=vcpu_destroy_begin generation=12 owner=36073
INTEL_LIFECYCLE phase=vcpu_destroy_end generation=12 owner=36073
INTEL_LIFECYCLE phase=vm_destroy_begin generation=12 owner=36073
INTEL_LIFECYCLE phase=vm_destroy_end generation=12 owner=36073
INTEL_LIFECYCLE phase=vm_create_begin generation=13 owner=36073
INTEL_LIFECYCLE phase=vm_create_end generation=13 owner=36073
INTEL_LIFECYCLE phase=vcpu_create_begin generation=13 owner=36073
INTEL_LIFECYCLE phase=vcpu_create_end generation=13 owner=36073
[       OK ] HvfExecutor.NativeIntelCancellationAndCompletionFailureAllowRetry (431 ms)
[----------] 1 test from HvfExecutor (431 ms total)

[==========] 1 test from 1 test suite ran. (431 ms total)
[  PASSED  ] 1 test.

Repeating all tests (iteration 13) . . .

Note: Google Test filter = HvfExecutor.Native*
[==========] Running 1 test from 1 test suite.
[----------] 1 test from HvfExecutor
[ RUN      ] HvfExecutor.NativeIntelCancellationAndCompletionFailureAllowRetry
INTEL_PROBE phase=executor_retained
INTEL_LIFECYCLE phase=vcpu_destroy_begin generation=13 owner=36073
INTEL_LIFECYCLE phase=vcpu_destroy_end generation=13 owner=36073
INTEL_LIFECYCLE phase=vm_destroy_begin generation=13 owner=36073
INTEL_LIFECYCLE phase=vm_destroy_end generation=13 owner=36073
INTEL_LIFECYCLE phase=vm_create_begin generation=14 owner=36073
INTEL_LIFECYCLE phase=vm_create_end generation=14 owner=36073
INTEL_LIFECYCLE phase=vcpu_create_begin generation=14 owner=36073
INTEL_LIFECYCLE phase=vcpu_create_end generation=14 owner=36073
[       OK ] HvfExecutor.NativeIntelCancellationAndCompletionFailureAllowRetry (222 ms)
[----------] 1 test from HvfExecutor (222 ms total)

[==========] 1 test from 1 test suite ran. (223 ms total)
[  PASSED  ] 1 test.

Repeating all tests (iteration 14) . . .

Note: Google Test filter = HvfExecutor.Native*
[==========] Running 1 test from 1 test suite.
[----------] 1 test from HvfExecutor
[ RUN      ] HvfExecutor.NativeIntelCancellationAndCompletionFailureAllowRetry
INTEL_PROBE phase=executor_retained
INTEL_LIFECYCLE phase=vcpu_destroy_begin generation=14 owner=36073
INTEL_LIFECYCLE phase=vcpu_destroy_end generation=14 owner=36073
INTEL_LIFECYCLE phase=vm_destroy_begin generation=14 owner=36073
INTEL_LIFECYCLE phase=vm_destroy_end generation=14 owner=36073
INTEL_LIFECYCLE phase=vm_create_begin generation=15 owner=36073
INTEL_LIFECYCLE phase=vm_create_end generation=15 owner=36073
INTEL_LIFECYCLE phase=vcpu_create_begin generation=15 owner=36073
INTEL_LIFECYCLE phase=vcpu_create_end generation=15 owner=36073
[       OK ] HvfExecutor.NativeIntelCancellationAndCompletionFailureAllowRetry (244 ms)
[----------] 1 test from HvfExecutor (244 ms total)

[==========] 1 test from 1 test suite ran. (244 ms total)
[  PASSED  ] 1 test.

Repeating all tests (iteration 15) . . .

Note: Google Test filter = HvfExecutor.Native*
[==========] Running 1 test from 1 test suite.
[----------] 1 test from HvfExecutor
[ RUN      ] HvfExecutor.NativeIntelCancellationAndCompletionFailureAllowRetry
INTEL_PROBE phase=executor_retained
INTEL_LIFECYCLE phase=vcpu_destroy_begin generation=15 owner=36073
INTEL_LIFECYCLE phase=vcpu_destroy_end generation=15 owner=36073
INTEL_LIFECYCLE phase=vm_destroy_begin generation=15 owner=36073
INTEL_LIFECYCLE phase=vm_destroy_end generation=15 owner=36073
INTEL_LIFECYCLE phase=vm_create_begin generation=16 owner=36073
INTEL_LIFECYCLE phase=vm_create_end generation=16 owner=36073
INTEL_LIFECYCLE phase=vcpu_create_begin generation=16 owner=36073
INTEL_LIFECYCLE phase=vcpu_create_end generation=16 owner=36073
[       OK ] HvfExecutor.NativeIntelCancellationAndCompletionFailureAllowRetry (244 ms)
[----------] 1 test from HvfExecutor (244 ms total)

[==========] 1 test from 1 test suite ran. (244 ms total)
[  PASSED  ] 1 test.

Repeating all tests (iteration 16) . . .

Note: Google Test filter = HvfExecutor.Native*
[==========] Running 1 test from 1 test suite.
[----------] 1 test from HvfExecutor
[ RUN      ] HvfExecutor.NativeIntelCancellationAndCompletionFailureAllowRetry
INTEL_PROBE phase=executor_retained
INTEL_LIFECYCLE phase=vcpu_destroy_begin generation=16 owner=36073
INTEL_LIFECYCLE phase=vcpu_destroy_end generation=16 owner=36073
INTEL_LIFECYCLE phase=vm_destroy_begin generation=16 owner=36073
INTEL_LIFECYCLE phase=vm_destroy_end generation=16 owner=36073
INTEL_LIFECYCLE phase=vm_create_begin generation=17 owner=36073
INTEL_LIFECYCLE phase=vm_create_end generation=17 owner=36073
INTEL_LIFECYCLE phase=vcpu_create_begin generation=17 owner=36073
INTEL_LIFECYCLE phase=vcpu_create_end generation=17 owner=36073
[       OK ] HvfExecutor.NativeIntelCancellationAndCompletionFailureAllowRetry (365 ms)
[----------] 1 test from HvfExecutor (366 ms total)

[==========] 1 test from 1 test suite ran. (366 ms total)
[  PASSED  ] 1 test.

Repeating all tests (iteration 17) . . .

Note: Google Test filter = HvfExecutor.Native*
[==========] Running 1 test from 1 test suite.
[----------] 1 test from HvfExecutor
[ RUN      ] HvfExecutor.NativeIntelCancellationAndCompletionFailureAllowRetry
INTEL_PROBE phase=executor_retained
INTEL_LIFECYCLE phase=vcpu_destroy_begin generation=17 owner=36073
INTEL_LIFECYCLE phase=vcpu_destroy_end generation=17 owner=36073
INTEL_LIFECYCLE phase=vm_destroy_begin generation=17 owner=36073
INTEL_LIFECYCLE phase=vm_destroy_end generation=17 owner=36073
INTEL_LIFECYCLE phase=vm_create_begin generation=18 owner=36073
INTEL_LIFECYCLE phase=vm_create_end generation=18 owner=36073
INTEL_LIFECYCLE phase=vcpu_create_begin generation=18 owner=36073
INTEL_LIFECYCLE phase=vcpu_create_end generation=18 owner=36073
[       OK ] HvfExecutor.NativeIntelCancellationAndCompletionFailureAllowRetry (410 ms)
[----------] 1 test from HvfExecutor (410 ms total)

[==========] 1 test from 1 test suite ran. (410 ms total)
[  PASSED  ] 1 test.

Repeating all tests (iteration 18) . . .

Note: Google Test filter = HvfExecutor.Native*
[==========] Running 1 test from 1 test suite.
[----------] 1 test from HvfExecutor
[ RUN      ] HvfExecutor.NativeIntelCancellationAndCompletionFailureAllowRetry
INTEL_PROBE phase=executor_retained
INTEL_LIFECYCLE phase=vcpu_destroy_begin generation=18 owner=36073
INTEL_LIFECYCLE phase=vcpu_destroy_end generation=18 owner=36073
INTEL_LIFECYCLE phase=vm_destroy_begin generation=18 owner=36073
INTEL_LIFECYCLE phase=vm_destroy_end generation=18 owner=36073
INTEL_LIFECYCLE phase=vm_create_begin generation=19 owner=36073
INTEL_LIFECYCLE phase=vm_create_end generation=19 owner=36073
INTEL_LIFECYCLE phase=vcpu_create_begin generation=19 owner=36073
INTEL_LIFECYCLE phase=vcpu_create_end generation=19 owner=36073
[       OK ] HvfExecutor.NativeIntelCancellationAndCompletionFailureAllowRetry (299 ms)
[----------] 1 test from HvfExecutor (299 ms total)

[==========] 1 test from 1 test suite ran. (299 ms total)
[  PASSED  ] 1 test.

Repeating all tests (iteration 19) . . .

Note: Google Test filter = HvfExecutor.Native*
[==========] Running 1 test from 1 test suite.
[----------] 1 test from HvfExecutor
[ RUN      ] HvfExecutor.NativeIntelCancellationAndCompletionFailureAllowRetry
INTEL_PROBE phase=executor_retained
INTEL_LIFECYCLE phase=vcpu_destroy_begin generation=19 owner=36073
INTEL_LIFECYCLE phase=vcpu_destroy_end generation=19 owner=36073
INTEL_LIFECYCLE phase=vm_destroy_begin generation=19 owner=36073
INTEL_LIFECYCLE phase=vm_destroy_end generation=19 owner=36073
INTEL_LIFECYCLE phase=vm_create_begin generation=20 owner=36073
INTEL_LIFECYCLE phase=vm_create_end generation=20 owner=36073
INTEL_LIFECYCLE phase=vcpu_create_begin generation=20 owner=36073
INTEL_LIFECYCLE phase=vcpu_create_end generation=20 owner=36073
[       OK ] HvfExecutor.NativeIntelCancellationAndCompletionFailureAllowRetry (257 ms)
[----------] 1 test from HvfExecutor (257 ms total)

[==========] 1 test from 1 test suite ran. (257 ms total)
[  PASSED  ] 1 test.

Repeating all tests (iteration 20) . . .

Note: Google Test filter = HvfExecutor.Native*
[==========] Running 1 test from 1 test suite.
[----------] 1 test from HvfExecutor
[ RUN      ] HvfExecutor.NativeIntelCancellationAndCompletionFailureAllowRetry
INTEL_PROBE phase=executor_retained
INTEL_LIFECYCLE phase=vcpu_destroy_begin generation=20 owner=36073
INTEL_LIFECYCLE phase=vcpu_destroy_end generation=20 owner=36073
INTEL_LIFECYCLE phase=vm_destroy_begin generation=20 owner=36073
INTEL_LIFECYCLE phase=vm_destroy_end generation=20 owner=36073
INTEL_LIFECYCLE phase=vm_create_begin generation=21 owner=36073
INTEL_LIFECYCLE phase=vm_create_end generation=21 owner=36073
INTEL_LIFECYCLE phase=vcpu_create_begin generation=21 owner=36073
INTEL_LIFECYCLE phase=vcpu_create_end generation=21 owner=36073
[       OK ] HvfExecutor.NativeIntelCancellationAndCompletionFailureAllowRetry (228 ms)
[----------] 1 test from HvfExecutor (228 ms total)

[==========] 1 test from 1 test suite ran. (228 ms total)
[  PASSED  ] 1 test.

Repeating all tests (iteration 21) . . .

Note: Google Test filter = HvfExecutor.Native*
[==========] Running 1 test from 1 test suite.
[----------] 1 test from HvfExecutor
[ RUN      ] HvfExecutor.NativeIntelCancellationAndCompletionFailureAllowRetry
INTEL_PROBE phase=executor_retained
INTEL_LIFECYCLE phase=vcpu_destroy_begin generation=21 owner=36073
INTEL_LIFECYCLE phase=vcpu_destroy_end generation=21 owner=36073
INTEL_LIFECYCLE phase=vm_destroy_begin generation=21 owner=36073
INTEL_LIFECYCLE phase=vm_destroy_end generation=21 owner=36073
INTEL_LIFECYCLE phase=vm_create_begin generation=22 owner=36073
INTEL_LIFECYCLE phase=vm_create_end generation=22 owner=36073
INTEL_LIFECYCLE phase=vcpu_create_begin generation=22 owner=36073
INTEL_LIFECYCLE phase=vcpu_create_end generation=22 owner=36073
[       OK ] HvfExecutor.NativeIntelCancellationAndCompletionFailureAllowRetry (312 ms)
[----------] 1 test from HvfExecutor (312 ms total)

[==========] 1 test from 1 test suite ran. (312 ms total)
[  PASSED  ] 1 test.

Repeating all tests (iteration 22) . . .

Note: Google Test filter = HvfExecutor.Native*
[==========] Running 1 test from 1 test suite.
[----------] 1 test from HvfExecutor
[ RUN      ] HvfExecutor.NativeIntelCancellationAndCompletionFailureAllowRetry
INTEL_PROBE phase=executor_retained
INTEL_LIFECYCLE phase=vcpu_destroy_begin generation=22 owner=36073
INTEL_LIFECYCLE phase=vcpu_destroy_end generation=22 owner=36073
INTEL_LIFECYCLE phase=vm_destroy_begin generation=22 owner=36073
INTEL_LIFECYCLE phase=vm_destroy_end generation=22 owner=36073
INTEL_LIFECYCLE phase=vm_create_begin generation=23 owner=36073
INTEL_LIFECYCLE phase=vm_create_end generation=23 owner=36073
INTEL_LIFECYCLE phase=vcpu_create_begin generation=23 owner=36073
INTEL_LIFECYCLE phase=vcpu_create_end generation=23 owner=36073
[       OK ] HvfExecutor.NativeIntelCancellationAndCompletionFailureAllowRetry (294 ms)
[----------] 1 test from HvfExecutor (294 ms total)

[==========] 1 test from 1 test suite ran. (294 ms total)
[  PASSED  ] 1 test.

Repeating all tests (iteration 23) . . .

Note: Google Test filter = HvfExecutor.Native*
[==========] Running 1 test from 1 test suite.
[----------] 1 test from HvfExecutor
[ RUN      ] HvfExecutor.NativeIntelCancellationAndCompletionFailureAllowRetry
INTEL_PROBE phase=executor_retained
INTEL_LIFECYCLE phase=vcpu_destroy_begin generation=23 owner=36073
INTEL_LIFECYCLE phase=vcpu_destroy_end generation=23 owner=36073
INTEL_LIFECYCLE phase=vm_destroy_begin generation=23 owner=36073
INTEL_LIFECYCLE phase=vm_destroy_end generation=23 owner=36073
INTEL_LIFECYCLE phase=vm_create_begin generation=24 owner=36073
INTEL_LIFECYCLE phase=vm_create_end generation=24 owner=36073
INTEL_LIFECYCLE phase=vcpu_create_begin generation=24 owner=36073
INTEL_LIFECYCLE phase=vcpu_create_end generation=24 owner=36073
[       OK ] HvfExecutor.NativeIntelCancellationAndCompletionFailureAllowRetry (271 ms)
[----------] 1 test from HvfExecutor (271 ms total)

[==========] 1 test from 1 test suite ran. (271 ms total)
[  PASSED  ] 1 test.

Repeating all tests (iteration 24) . . .

Note: Google Test filter = HvfExecutor.Native*
[==========] Running 1 test from 1 test suite.
[----------] 1 test from HvfExecutor
[ RUN      ] HvfExecutor.NativeIntelCancellationAndCompletionFailureAllowRetry
INTEL_PROBE phase=executor_retained
INTEL_LIFECYCLE phase=vcpu_destroy_begin generation=24 owner=36073
INTEL_LIFECYCLE phase=vcpu_destroy_end generation=24 owner=36073
INTEL_LIFECYCLE phase=vm_destroy_begin generation=24 owner=36073
INTEL_LIFECYCLE phase=vm_destroy_end generation=24 owner=36073
INTEL_LIFECYCLE phase=vm_create_begin generation=25 owner=36073
INTEL_LIFECYCLE phase=vm_create_end generation=25 owner=36073
INTEL_LIFECYCLE phase=vcpu_create_begin generation=25 owner=36073
INTEL_LIFECYCLE phase=vcpu_create_end generation=25 owner=36073
[       OK ] HvfExecutor.NativeIntelCancellationAndCompletionFailureAllowRetry (133 ms)
[----------] 1 test from HvfExecutor (133 ms total)

[==========] 1 test from 1 test suite ran. (133 ms total)
[  PASSED  ] 1 test.

Repeating all tests (iteration 25) . . .

Note: Google Test filter = HvfExecutor.Native*
[==========] Running 1 test from 1 test suite.
[----------] 1 test from HvfExecutor
[ RUN      ] HvfExecutor.NativeIntelCancellationAndCompletionFailureAllowRetry
INTEL_PROBE phase=executor_retained
INTEL_LIFECYCLE phase=vcpu_destroy_begin generation=25 owner=36073
INTEL_LIFECYCLE phase=vcpu_destroy_end generation=25 owner=36073
INTEL_LIFECYCLE phase=vm_destroy_begin generation=25 owner=36073
INTEL_LIFECYCLE phase=vm_destroy_end generation=25 owner=36073
INTEL_LIFECYCLE phase=vm_create_begin generation=26 owner=36073
INTEL_LIFECYCLE phase=vm_create_end generation=26 owner=36073
INTEL_LIFECYCLE phase=vcpu_create_begin generation=26 owner=36073
INTEL_LIFECYCLE phase=vcpu_create_end generation=26 owner=36073
[       OK ] HvfExecutor.NativeIntelCancellationAndCompletionFailureAllowRetry (177 ms)
[----------] 1 test from HvfExecutor (177 ms total)

[==========] 1 test from 1 test suite ran. (178 ms total)
[  PASSED  ] 1 test.

Repeating all tests (iteration 26) . . .

Note: Google Test filter = HvfExecutor.Native*
[==========] Running 1 test from 1 test suite.
[----------] 1 test from HvfExecutor
[ RUN      ] HvfExecutor.NativeIntelCancellationAndCompletionFailureAllowRetry
INTEL_PROBE phase=executor_retained
