Running main() from /Users/runner/work/test_mac_intel/test_mac_intel/source/build-hvf/_deps/googletest-src/googletest/src/gtest_main.cc

Repeating all tests (iteration 1) . . .

Note: Google Test filter = HvfExecutor.Native*
[==========] Running 1 test from 1 test suite.
[----------] Global test environment set-up.
[----------] 1 test from HvfExecutor
[ RUN      ] HvfExecutor.NativeIntelCancellationAndCompletionFailureAllowRetry
INTEL_PROBE phase=executor_retained
INTEL_LIFECYCLE phase=vcpu_destroy_begin generation=1 owner=135309
INTEL_LIFECYCLE phase=vcpu_destroy_end generation=1 owner=135309
INTEL_LIFECYCLE phase=vcpu_create_begin generation=2 owner=135309
INTEL_LIFECYCLE phase=vcpu_create_end generation=2 owner=135309
[       OK ] HvfExecutor.NativeIntelCancellationAndCompletionFailureAllowRetry (596 ms)
[----------] 1 test from HvfExecutor (596 ms total)

[==========] 1 test from 1 test suite ran. (596 ms total)
[  PASSED  ] 1 test.

Repeating all tests (iteration 2) . . .

Note: Google Test filter = HvfExecutor.Native*
[==========] Running 1 test from 1 test suite.
[----------] 1 test from HvfExecutor
[ RUN      ] HvfExecutor.NativeIntelCancellationAndCompletionFailureAllowRetry
INTEL_PROBE phase=executor_retained
INTEL_LIFECYCLE phase=vcpu_destroy_begin generation=2 owner=135309
INTEL_LIFECYCLE phase=vcpu_destroy_end generation=2 owner=135309
INTEL_LIFECYCLE phase=vcpu_create_begin generation=3 owner=135309
INTEL_LIFECYCLE phase=vcpu_create_end generation=3 owner=135309
[       OK ] HvfExecutor.NativeIntelCancellationAndCompletionFailureAllowRetry (318 ms)
[----------] 1 test from HvfExecutor (319 ms total)

[==========] 1 test from 1 test suite ran. (319 ms total)
[  PASSED  ] 1 test.

Repeating all tests (iteration 3) . . .

Note: Google Test filter = HvfExecutor.Native*
[==========] Running 1 test from 1 test suite.
[----------] 1 test from HvfExecutor
[ RUN      ] HvfExecutor.NativeIntelCancellationAndCompletionFailureAllowRetry
INTEL_PROBE phase=executor_retained
INTEL_LIFECYCLE phase=vcpu_destroy_begin generation=3 owner=135309
INTEL_LIFECYCLE phase=vcpu_destroy_end generation=3 owner=135309
INTEL_LIFECYCLE phase=vcpu_create_begin generation=4 owner=135309
INTEL_LIFECYCLE phase=vcpu_create_end generation=4 owner=135309
[       OK ] HvfExecutor.NativeIntelCancellationAndCompletionFailureAllowRetry (197 ms)
[----------] 1 test from HvfExecutor (197 ms total)

[==========] 1 test from 1 test suite ran. (197 ms total)
[  PASSED  ] 1 test.

Repeating all tests (iteration 4) . . .

Note: Google Test filter = HvfExecutor.Native*
[==========] Running 1 test from 1 test suite.
[----------] 1 test from HvfExecutor
[ RUN      ] HvfExecutor.NativeIntelCancellationAndCompletionFailureAllowRetry
INTEL_PROBE phase=executor_retained
INTEL_LIFECYCLE phase=vcpu_destroy_begin generation=4 owner=135309
INTEL_LIFECYCLE phase=vcpu_destroy_end generation=4 owner=135309
INTEL_LIFECYCLE phase=vcpu_create_begin generation=5 owner=135309
INTEL_LIFECYCLE phase=vcpu_create_end generation=5 owner=135309
[       OK ] HvfExecutor.NativeIntelCancellationAndCompletionFailureAllowRetry (230 ms)
[----------] 1 test from HvfExecutor (230 ms total)

[==========] 1 test from 1 test suite ran. (230 ms total)
[  PASSED  ] 1 test.

Repeating all tests (iteration 5) . . .

Note: Google Test filter = HvfExecutor.Native*
[==========] Running 1 test from 1 test suite.
[----------] 1 test from HvfExecutor
[ RUN      ] HvfExecutor.NativeIntelCancellationAndCompletionFailureAllowRetry
INTEL_PROBE phase=executor_retained
INTEL_LIFECYCLE phase=vcpu_destroy_begin generation=5 owner=135309
INTEL_LIFECYCLE phase=vcpu_destroy_end generation=5 owner=135309
INTEL_LIFECYCLE phase=vcpu_create_begin generation=6 owner=135309
INTEL_LIFECYCLE phase=vcpu_create_end generation=6 owner=135309
[       OK ] HvfExecutor.NativeIntelCancellationAndCompletionFailureAllowRetry (231 ms)
[----------] 1 test from HvfExecutor (231 ms total)

[==========] 1 test from 1 test suite ran. (231 ms total)
[  PASSED  ] 1 test.

Repeating all tests (iteration 6) . . .

Note: Google Test filter = HvfExecutor.Native*
[==========] Running 1 test from 1 test suite.
[----------] 1 test from HvfExecutor
[ RUN      ] HvfExecutor.NativeIntelCancellationAndCompletionFailureAllowRetry
INTEL_PROBE phase=executor_retained
INTEL_LIFECYCLE phase=vcpu_destroy_begin generation=6 owner=135309
INTEL_LIFECYCLE phase=vcpu_destroy_end generation=6 owner=135309
INTEL_LIFECYCLE phase=vcpu_create_begin generation=7 owner=135309
INTEL_LIFECYCLE phase=vcpu_create_end generation=7 owner=135309
[       OK ] HvfExecutor.NativeIntelCancellationAndCompletionFailureAllowRetry (123 ms)
[----------] 1 test from HvfExecutor (123 ms total)

[==========] 1 test from 1 test suite ran. (124 ms total)
[  PASSED  ] 1 test.

Repeating all tests (iteration 7) . . .

Note: Google Test filter = HvfExecutor.Native*
[==========] Running 1 test from 1 test suite.
[----------] 1 test from HvfExecutor
[ RUN      ] HvfExecutor.NativeIntelCancellationAndCompletionFailureAllowRetry
INTEL_PROBE phase=executor_retained
INTEL_LIFECYCLE phase=vcpu_destroy_begin generation=7 owner=135309
INTEL_LIFECYCLE phase=vcpu_destroy_end generation=7 owner=135309
INTEL_LIFECYCLE phase=vcpu_create_begin generation=8 owner=135309
INTEL_LIFECYCLE phase=vcpu_create_end generation=8 owner=135309
[       OK ] HvfExecutor.NativeIntelCancellationAndCompletionFailureAllowRetry (252 ms)
[----------] 1 test from HvfExecutor (252 ms total)

[==========] 1 test from 1 test suite ran. (252 ms total)
[  PASSED  ] 1 test.

Repeating all tests (iteration 8) . . .

Note: Google Test filter = HvfExecutor.Native*
[==========] Running 1 test from 1 test suite.
[----------] 1 test from HvfExecutor
[ RUN      ] HvfExecutor.NativeIntelCancellationAndCompletionFailureAllowRetry
INTEL_PROBE phase=executor_retained
INTEL_LIFECYCLE phase=vcpu_destroy_begin generation=8 owner=135309
INTEL_LIFECYCLE phase=vcpu_destroy_end generation=8 owner=135309
INTEL_LIFECYCLE phase=vcpu_create_begin generation=9 owner=135309
INTEL_LIFECYCLE phase=vcpu_create_end generation=9 owner=135309
[       OK ] HvfExecutor.NativeIntelCancellationAndCompletionFailureAllowRetry (247 ms)
[----------] 1 test from HvfExecutor (247 ms total)

[==========] 1 test from 1 test suite ran. (247 ms total)
[  PASSED  ] 1 test.

Repeating all tests (iteration 9) . . .

Note: Google Test filter = HvfExecutor.Native*
[==========] Running 1 test from 1 test suite.
[----------] 1 test from HvfExecutor
[ RUN      ] HvfExecutor.NativeIntelCancellationAndCompletionFailureAllowRetry
INTEL_PROBE phase=executor_retained
INTEL_LIFECYCLE phase=vcpu_destroy_begin generation=9 owner=135309
INTEL_LIFECYCLE phase=vcpu_destroy_end generation=9 owner=135309
INTEL_LIFECYCLE phase=vcpu_create_begin generation=10 owner=135309
INTEL_LIFECYCLE phase=vcpu_create_end generation=10 owner=135309
[       OK ] HvfExecutor.NativeIntelCancellationAndCompletionFailureAllowRetry (241 ms)
[----------] 1 test from HvfExecutor (241 ms total)

[==========] 1 test from 1 test suite ran. (241 ms total)
[  PASSED  ] 1 test.

Repeating all tests (iteration 10) . . .

Note: Google Test filter = HvfExecutor.Native*
[==========] Running 1 test from 1 test suite.
[----------] 1 test from HvfExecutor
[ RUN      ] HvfExecutor.NativeIntelCancellationAndCompletionFailureAllowRetry
INTEL_PROBE phase=executor_retained
INTEL_LIFECYCLE phase=vcpu_destroy_begin generation=10 owner=135309
INTEL_LIFECYCLE phase=vcpu_destroy_end generation=10 owner=135309
INTEL_LIFECYCLE phase=vcpu_create_begin generation=11 owner=135309
INTEL_LIFECYCLE phase=vcpu_create_end generation=11 owner=135309
[       OK ] HvfExecutor.NativeIntelCancellationAndCompletionFailureAllowRetry (193 ms)
[----------] 1 test from HvfExecutor (193 ms total)

[==========] 1 test from 1 test suite ran. (193 ms total)
[  PASSED  ] 1 test.

Repeating all tests (iteration 11) . . .

Note: Google Test filter = HvfExecutor.Native*
[==========] Running 1 test from 1 test suite.
[----------] 1 test from HvfExecutor
[ RUN      ] HvfExecutor.NativeIntelCancellationAndCompletionFailureAllowRetry
INTEL_PROBE phase=executor_retained
INTEL_LIFECYCLE phase=vcpu_destroy_begin generation=11 owner=135309
INTEL_LIFECYCLE phase=vcpu_destroy_end generation=11 owner=135309
INTEL_LIFECYCLE phase=vcpu_create_begin generation=12 owner=135309
INTEL_LIFECYCLE phase=vcpu_create_end generation=12 owner=135309
[       OK ] HvfExecutor.NativeIntelCancellationAndCompletionFailureAllowRetry (284 ms)
[----------] 1 test from HvfExecutor (284 ms total)

[==========] 1 test from 1 test suite ran. (284 ms total)
[  PASSED  ] 1 test.

Repeating all tests (iteration 12) . . .

Note: Google Test filter = HvfExecutor.Native*
[==========] Running 1 test from 1 test suite.
[----------] 1 test from HvfExecutor
[ RUN      ] HvfExecutor.NativeIntelCancellationAndCompletionFailureAllowRetry
INTEL_PROBE phase=executor_retained
INTEL_LIFECYCLE phase=vcpu_destroy_begin generation=12 owner=135309
INTEL_LIFECYCLE phase=vcpu_destroy_end generation=12 owner=135309
INTEL_LIFECYCLE phase=vcpu_create_begin generation=13 owner=135309
INTEL_LIFECYCLE phase=vcpu_create_end generation=13 owner=135309
[       OK ] HvfExecutor.NativeIntelCancellationAndCompletionFailureAllowRetry (294 ms)
[----------] 1 test from HvfExecutor (294 ms total)

[==========] 1 test from 1 test suite ran. (294 ms total)
[  PASSED  ] 1 test.

Repeating all tests (iteration 13) . . .

Note: Google Test filter = HvfExecutor.Native*
[==========] Running 1 test from 1 test suite.
[----------] 1 test from HvfExecutor
[ RUN      ] HvfExecutor.NativeIntelCancellationAndCompletionFailureAllowRetry
INTEL_PROBE phase=executor_retained
INTEL_LIFECYCLE phase=vcpu_destroy_begin generation=13 owner=135309
INTEL_LIFECYCLE phase=vcpu_destroy_end generation=13 owner=135309
INTEL_LIFECYCLE phase=vcpu_create_begin generation=14 owner=135309
INTEL_LIFECYCLE phase=vcpu_create_end generation=14 owner=135309
[       OK ] HvfExecutor.NativeIntelCancellationAndCompletionFailureAllowRetry (128 ms)
[----------] 1 test from HvfExecutor (128 ms total)

[==========] 1 test from 1 test suite ran. (128 ms total)
[  PASSED  ] 1 test.

Repeating all tests (iteration 14) . . .

Note: Google Test filter = HvfExecutor.Native*
[==========] Running 1 test from 1 test suite.
[----------] 1 test from HvfExecutor
[ RUN      ] HvfExecutor.NativeIntelCancellationAndCompletionFailureAllowRetry
INTEL_PROBE phase=executor_retained
INTEL_LIFECYCLE phase=vcpu_destroy_begin generation=14 owner=135309
INTEL_LIFECYCLE phase=vcpu_destroy_end generation=14 owner=135309
INTEL_LIFECYCLE phase=vcpu_create_begin generation=15 owner=135309
INTEL_LIFECYCLE phase=vcpu_create_end generation=15 owner=135309
[       OK ] HvfExecutor.NativeIntelCancellationAndCompletionFailureAllowRetry (133 ms)
[----------] 1 test from HvfExecutor (133 ms total)

[==========] 1 test from 1 test suite ran. (133 ms total)
[  PASSED  ] 1 test.

Repeating all tests (iteration 15) . . .

Note: Google Test filter = HvfExecutor.Native*
[==========] Running 1 test from 1 test suite.
[----------] 1 test from HvfExecutor
[ RUN      ] HvfExecutor.NativeIntelCancellationAndCompletionFailureAllowRetry
INTEL_PROBE phase=executor_retained
INTEL_LIFECYCLE phase=vcpu_destroy_begin generation=15 owner=135309
INTEL_LIFECYCLE phase=vcpu_destroy_end generation=15 owner=135309
INTEL_LIFECYCLE phase=vcpu_create_begin generation=16 owner=135309
INTEL_LIFECYCLE phase=vcpu_create_end generation=16 owner=135309
[       OK ] HvfExecutor.NativeIntelCancellationAndCompletionFailureAllowRetry (342 ms)
[----------] 1 test from HvfExecutor (342 ms total)

[==========] 1 test from 1 test suite ran. (343 ms total)
[  PASSED  ] 1 test.

Repeating all tests (iteration 16) . . .

Note: Google Test filter = HvfExecutor.Native*
[==========] Running 1 test from 1 test suite.
[----------] 1 test from HvfExecutor
[ RUN      ] HvfExecutor.NativeIntelCancellationAndCompletionFailureAllowRetry
INTEL_PROBE phase=executor_retained
INTEL_LIFECYCLE phase=vcpu_destroy_begin generation=16 owner=135309
INTEL_LIFECYCLE phase=vcpu_destroy_end generation=16 owner=135309
INTEL_LIFECYCLE phase=vcpu_create_begin generation=17 owner=135309
INTEL_LIFECYCLE phase=vcpu_create_end generation=17 owner=135309
[       OK ] HvfExecutor.NativeIntelCancellationAndCompletionFailureAllowRetry (271 ms)
[----------] 1 test from HvfExecutor (271 ms total)

[==========] 1 test from 1 test suite ran. (271 ms total)
[  PASSED  ] 1 test.

Repeating all tests (iteration 17) . . .

Note: Google Test filter = HvfExecutor.Native*
[==========] Running 1 test from 1 test suite.
[----------] 1 test from HvfExecutor
[ RUN      ] HvfExecutor.NativeIntelCancellationAndCompletionFailureAllowRetry
INTEL_PROBE phase=executor_retained
INTEL_LIFECYCLE phase=vcpu_destroy_begin generation=17 owner=135309
INTEL_LIFECYCLE phase=vcpu_destroy_end generation=17 owner=135309
INTEL_LIFECYCLE phase=vcpu_create_begin generation=18 owner=135309
INTEL_LIFECYCLE phase=vcpu_create_end generation=18 owner=135309
[       OK ] HvfExecutor.NativeIntelCancellationAndCompletionFailureAllowRetry (253 ms)
[----------] 1 test from HvfExecutor (253 ms total)

[==========] 1 test from 1 test suite ran. (253 ms total)
[  PASSED  ] 1 test.

Repeating all tests (iteration 18) . . .

Note: Google Test filter = HvfExecutor.Native*
[==========] Running 1 test from 1 test suite.
[----------] 1 test from HvfExecutor
[ RUN      ] HvfExecutor.NativeIntelCancellationAndCompletionFailureAllowRetry
INTEL_PROBE phase=executor_retained
INTEL_LIFECYCLE phase=vcpu_destroy_begin generation=18 owner=135309
INTEL_LIFECYCLE phase=vcpu_destroy_end generation=18 owner=135309
INTEL_LIFECYCLE phase=vcpu_create_begin generation=19 owner=135309
INTEL_LIFECYCLE phase=vcpu_create_end generation=19 owner=135309
[       OK ] HvfExecutor.NativeIntelCancellationAndCompletionFailureAllowRetry (403 ms)
[----------] 1 test from HvfExecutor (403 ms total)

[==========] 1 test from 1 test suite ran. (403 ms total)
[  PASSED  ] 1 test.

Repeating all tests (iteration 19) . . .

Note: Google Test filter = HvfExecutor.Native*
[==========] Running 1 test from 1 test suite.
[----------] 1 test from HvfExecutor
[ RUN      ] HvfExecutor.NativeIntelCancellationAndCompletionFailureAllowRetry
INTEL_PROBE phase=executor_retained
INTEL_LIFECYCLE phase=vcpu_destroy_begin generation=19 owner=135309
INTEL_LIFECYCLE phase=vcpu_destroy_end generation=19 owner=135309
INTEL_LIFECYCLE phase=vcpu_create_begin generation=20 owner=135309
INTEL_LIFECYCLE phase=vcpu_create_end generation=20 owner=135309
[       OK ] HvfExecutor.NativeIntelCancellationAndCompletionFailureAllowRetry (132 ms)
[----------] 1 test from HvfExecutor (132 ms total)

[==========] 1 test from 1 test suite ran. (132 ms total)
[  PASSED  ] 1 test.

Repeating all tests (iteration 20) . . .

Note: Google Test filter = HvfExecutor.Native*
[==========] Running 1 test from 1 test suite.
[----------] 1 test from HvfExecutor
[ RUN      ] HvfExecutor.NativeIntelCancellationAndCompletionFailureAllowRetry
INTEL_PROBE phase=executor_retained
INTEL_LIFECYCLE phase=vcpu_destroy_begin generation=20 owner=135309
INTEL_LIFECYCLE phase=vcpu_destroy_end generation=20 owner=135309
INTEL_LIFECYCLE phase=vcpu_create_begin generation=21 owner=135309
INTEL_LIFECYCLE phase=vcpu_create_end generation=21 owner=135309
[       OK ] HvfExecutor.NativeIntelCancellationAndCompletionFailureAllowRetry (411 ms)
[----------] 1 test from HvfExecutor (411 ms total)

[==========] 1 test from 1 test suite ran. (411 ms total)
[  PASSED  ] 1 test.

Repeating all tests (iteration 21) . . .

Note: Google Test filter = HvfExecutor.Native*
[==========] Running 1 test from 1 test suite.
[----------] 1 test from HvfExecutor
[ RUN      ] HvfExecutor.NativeIntelCancellationAndCompletionFailureAllowRetry
INTEL_PROBE phase=executor_retained
INTEL_LIFECYCLE phase=vcpu_destroy_begin generation=21 owner=135309
INTEL_LIFECYCLE phase=vcpu_destroy_end generation=21 owner=135309
INTEL_LIFECYCLE phase=vcpu_create_begin generation=22 owner=135309
INTEL_LIFECYCLE phase=vcpu_create_end generation=22 owner=135309
[       OK ] HvfExecutor.NativeIntelCancellationAndCompletionFailureAllowRetry (196 ms)
[----------] 1 test from HvfExecutor (196 ms total)

[==========] 1 test from 1 test suite ran. (196 ms total)
[  PASSED  ] 1 test.

Repeating all tests (iteration 22) . . .

Note: Google Test filter = HvfExecutor.Native*
[==========] Running 1 test from 1 test suite.
[----------] 1 test from HvfExecutor
[ RUN      ] HvfExecutor.NativeIntelCancellationAndCompletionFailureAllowRetry
INTEL_PROBE phase=executor_retained
INTEL_LIFECYCLE phase=vcpu_destroy_begin generation=22 owner=135309
INTEL_LIFECYCLE phase=vcpu_destroy_end generation=22 owner=135309
INTEL_LIFECYCLE phase=vcpu_create_begin generation=23 owner=135309
INTEL_LIFECYCLE phase=vcpu_create_end generation=23 owner=135309
[       OK ] HvfExecutor.NativeIntelCancellationAndCompletionFailureAllowRetry (171 ms)
[----------] 1 test from HvfExecutor (171 ms total)

[==========] 1 test from 1 test suite ran. (171 ms total)
[  PASSED  ] 1 test.

Repeating all tests (iteration 23) . . .

Note: Google Test filter = HvfExecutor.Native*
[==========] Running 1 test from 1 test suite.
[----------] 1 test from HvfExecutor
[ RUN      ] HvfExecutor.NativeIntelCancellationAndCompletionFailureAllowRetry
INTEL_PROBE phase=executor_retained
INTEL_LIFECYCLE phase=vcpu_destroy_begin generation=23 owner=135309
INTEL_LIFECYCLE phase=vcpu_destroy_end generation=23 owner=135309
INTEL_LIFECYCLE phase=vcpu_create_begin generation=24 owner=135309
INTEL_LIFECYCLE phase=vcpu_create_end generation=24 owner=135309
[       OK ] HvfExecutor.NativeIntelCancellationAndCompletionFailureAllowRetry (203 ms)
[----------] 1 test from HvfExecutor (203 ms total)

[==========] 1 test from 1 test suite ran. (203 ms total)
[  PASSED  ] 1 test.

Repeating all tests (iteration 24) . . .

Note: Google Test filter = HvfExecutor.Native*
[==========] Running 1 test from 1 test suite.
[----------] 1 test from HvfExecutor
[ RUN      ] HvfExecutor.NativeIntelCancellationAndCompletionFailureAllowRetry
INTEL_PROBE phase=executor_retained
INTEL_LIFECYCLE phase=vcpu_destroy_begin generation=24 owner=135309
INTEL_LIFECYCLE phase=vcpu_destroy_end generation=24 owner=135309
INTEL_LIFECYCLE phase=vcpu_create_begin generation=25 owner=135309
INTEL_LIFECYCLE phase=vcpu_create_end generation=25 owner=135309
[       OK ] HvfExecutor.NativeIntelCancellationAndCompletionFailureAllowRetry (261 ms)
[----------] 1 test from HvfExecutor (261 ms total)

[==========] 1 test from 1 test suite ran. (261 ms total)
[  PASSED  ] 1 test.

Repeating all tests (iteration 25) . . .

Note: Google Test filter = HvfExecutor.Native*
[==========] Running 1 test from 1 test suite.
[----------] 1 test from HvfExecutor
[ RUN      ] HvfExecutor.NativeIntelCancellationAndCompletionFailureAllowRetry
INTEL_PROBE phase=executor_retained
INTEL_LIFECYCLE phase=vcpu_destroy_begin generation=25 owner=135309
INTEL_LIFECYCLE phase=vcpu_destroy_end generation=25 owner=135309
INTEL_LIFECYCLE phase=vcpu_create_begin generation=26 owner=135309
INTEL_LIFECYCLE phase=vcpu_create_end generation=26 owner=135309
[       OK ] HvfExecutor.NativeIntelCancellationAndCompletionFailureAllowRetry (362 ms)
[----------] 1 test from HvfExecutor (362 ms total)

[==========] 1 test from 1 test suite ran. (362 ms total)
[  PASSED  ] 1 test.

Repeating all tests (iteration 26) . . .

Note: Google Test filter = HvfExecutor.Native*
[==========] Running 1 test from 1 test suite.
[----------] 1 test from HvfExecutor
[ RUN      ] HvfExecutor.NativeIntelCancellationAndCompletionFailureAllowRetry
INTEL_PROBE phase=executor_retained
