Running main() from /Users/runner/work/test_mac_intel/test_mac_intel/source/build-hvf/_deps/googletest-src/googletest/src/gtest_main.cc

Repeating all tests (iteration 1) . . .

Note: Google Test filter = HvfIntelProbe.InstructionOnly
[==========] Running 1 test from 1 test suite.
[----------] Global test environment set-up.
[----------] 1 test from HvfIntelProbe
[ RUN      ] HvfIntelProbe.InstructionOnly
INTEL_PROBE phase=executor_initialization
INTEL_PROBE phase=executor_retained
INTEL_PROBE phase=startup_probe
INTEL_PROBE phase=ordinary_steps
INTEL_PROBE phase=instruction_retirement
INTEL_OWNER phase=replacement_parked vcpu_generation=2 owner_generation=2 owner=215683 vm_generation=1
INTEL_OWNER phase=vcpu_destroy_begin vcpu_generation=1 owner_generation=1 owner=215682 vm_generation=1
INTEL_OWNER phase=vcpu_destroy_end vcpu_generation=1 owner_generation=1 owner=215682 vm_generation=1
INTEL_OWNER phase=lease_release_end vcpu_generation=1 owner_generation=1 owner=215682 vm_generation=1
INTEL_OWNER phase=owner_join_begin vcpu_generation=1 owner_generation=1 owner=215682 vm_generation=1
INTEL_OWNER phase=owner_join_end vcpu_generation=1 owner_generation=1 owner=215682 vm_generation=1
INTEL_OWNER phase=owner_activate vcpu_generation=2 owner_generation=2 owner=215683 vm_generation=1
INTEL_OWNER phase=lease_acquire_end vcpu_generation=2 owner_generation=2 owner=215683 vm_generation=1
INTEL_OWNER phase=vcpu_create_begin vcpu_generation=2 owner_generation=2 owner=215683 vm_generation=1
INTEL_OWNER phase=vcpu_create_end vcpu_generation=2 owner_generation=2 owner=215683 vm_generation=1
[       OK ] HvfIntelProbe.InstructionOnly (20 ms)
[----------] 1 test from HvfIntelProbe (20 ms total)

[==========] 1 test from 1 test suite ran. (20 ms total)
[  PASSED  ] 1 test.

Repeating all tests (iteration 2) . . .

Note: Google Test filter = HvfIntelProbe.InstructionOnly
[==========] Running 1 test from 1 test suite.
[----------] 1 test from HvfIntelProbe
[ RUN      ] HvfIntelProbe.InstructionOnly
INTEL_PROBE phase=executor_initialization
INTEL_PROBE phase=executor_retained
INTEL_PROBE phase=startup_probe
INTEL_PROBE phase=ordinary_steps
INTEL_PROBE phase=instruction_retirement
INTEL_OWNER phase=replacement_parked vcpu_generation=3 owner_generation=3 owner=215699 vm_generation=1
INTEL_OWNER phase=vcpu_destroy_begin vcpu_generation=2 owner_generation=2 owner=215683 vm_generation=1
INTEL_OWNER phase=vcpu_destroy_end vcpu_generation=2 owner_generation=2 owner=215683 vm_generation=1
INTEL_OWNER phase=lease_release_end vcpu_generation=2 owner_generation=2 owner=215683 vm_generation=1
INTEL_OWNER phase=owner_join_begin vcpu_generation=2 owner_generation=2 owner=215683 vm_generation=1
INTEL_OWNER phase=owner_join_end vcpu_generation=2 owner_generation=2 owner=215683 vm_generation=1
INTEL_OWNER phase=owner_activate vcpu_generation=3 owner_generation=3 owner=215699 vm_generation=1
INTEL_OWNER phase=lease_acquire_end vcpu_generation=3 owner_generation=3 owner=215699 vm_generation=1
INTEL_OWNER phase=vcpu_create_begin vcpu_generation=3 owner_generation=3 owner=215699 vm_generation=1
INTEL_OWNER phase=vcpu_create_end vcpu_generation=3 owner_generation=3 owner=215699 vm_generation=1
[       OK ] HvfIntelProbe.InstructionOnly (57 ms)
[----------] 1 test from HvfIntelProbe (57 ms total)

[==========] 1 test from 1 test suite ran. (57 ms total)
[  PASSED  ] 1 test.

Repeating all tests (iteration 3) . . .

Note: Google Test filter = HvfIntelProbe.InstructionOnly
[==========] Running 1 test from 1 test suite.
[----------] 1 test from HvfIntelProbe
[ RUN      ] HvfIntelProbe.InstructionOnly
INTEL_PROBE phase=executor_initialization
INTEL_PROBE phase=executor_retained
INTEL_PROBE phase=startup_probe
