Running main() from /Users/runner/work/test_mac_intel/test_mac_intel/source/build-hvf/_deps/googletest-src/googletest/src/gtest_main.cc

Repeating all tests (iteration 1) . . .

Note: Google Test filter = HvfIntelProbe.FiniteDeadline
[==========] Running 1 test from 1 test suite.
[----------] Global test environment set-up.
[----------] 1 test from HvfIntelProbe
[ RUN      ] HvfIntelProbe.FiniteDeadline
INTEL_PROBE phase=executor_initialization
INTEL_PROBE phase=executor_retained
INTEL_PROBE phase=startup_probe
INTEL_PROBE phase=prepare_with_transport
INTEL_PROBE witness_budget mach_start=977068068778 mach_end=979067090887 remaining_ns=1999022109 timebase_numer=1 timebase_denom=1 max_calls=4096
INTEL_PROBE begin=finite_loop call=1 deadline=977073121347 rip=65537 nonce=977066731936 witness=0
INTEL_PROBE end=finite_loop call=1 status=0 mach_before=977068131465 mach_after=977069536442
INTEL_PROBE capture=finite_loop call=1 exec_before=1101053 exec_after=2332779 reason_before=37 reason=1 rip_before=65537 rip=65540 rax=977066731936 nonce=977066731936 witness=977066731936
INTEL_PROBE begin=finite_loop call=2 deadline=977073121347 rip=65540 nonce=977066731936 witness=977066731936
INTEL_PROBE end=finite_loop call=2 status=0 mach_before=977069617160 mach_after=977075812956
INTEL_PROBE capture=finite_loop call=2 exec_before=2332779 exec_after=8522385 reason_before=1 reason=52 rip_before=65540 rip=65540 rax=977066731936 nonce=977066731936 witness=977066731936
INTEL_PROBE phase=prepare_with_transport
INTEL_PROBE begin=expired_mtf call=3 deadline=0 rip=65543 nonce=977075897691 witness=0
INTEL_PROBE end=expired_mtf call=3 status=0 mach_before=977077515399 mach_after=977077560479
INTEL_PROBE capture=expired_mtf call=3 exec_before=8960323 exec_after=9002700 reason_before=37 reason=52 rip_before=65543 rip=65543 rax=977075897691 nonce=977075897691 witness=0
INTEL_PROBE phase=prepare_with_transport
INTEL_PROBE begin=finite_mtf call=4 deadline=977083469575 rip=65543 nonce=977077627600 witness=0
INTEL_PROBE end=finite_mtf call=4 status=0 mach_before=977078491806 mach_after=977078923911
INTEL_PROBE capture=finite_mtf call=4 exec_before=9340191 exec_after=9679698 reason_before=37 reason=37 rip_before=65543 rip=65546 rax=977077627601 nonce=977077627600 witness=0
INTEL_PROBE phase=verified_retry
INTEL_PROBE phase=prepare_with_transport
INTEL_PROBE phase=finite_retirement
INTEL_LIFECYCLE phase=vcpu_destroy_begin generation=1 owner=70365
INTEL_LIFECYCLE phase=vcpu_destroy_end generation=1 owner=70365
INTEL_LIFECYCLE phase=vm_destroy_begin generation=1 owner=70365
INTEL_LIFECYCLE phase=vm_destroy_end generation=1 owner=70365
INTEL_LIFECYCLE phase=vm_create_begin generation=2 owner=70365
INTEL_LIFECYCLE phase=vm_create_end generation=2 owner=70365
INTEL_LIFECYCLE phase=vcpu_create_begin generation=2 owner=70365
INTEL_LIFECYCLE phase=vcpu_create_end generation=2 owner=70365
[       OK ] HvfIntelProbe.FiniteDeadline (22 ms)
[----------] 1 test from HvfIntelProbe (22 ms total)

[==========] 1 test from 1 test suite ran. (22 ms total)
[  PASSED  ] 1 test.

Repeating all tests (iteration 2) . . .

Note: Google Test filter = HvfIntelProbe.FiniteDeadline
[==========] Running 1 test from 1 test suite.
[----------] 1 test from HvfIntelProbe
[ RUN      ] HvfIntelProbe.FiniteDeadline
INTEL_PROBE phase=executor_initialization
INTEL_PROBE phase=executor_retained
INTEL_PROBE phase=startup_probe
INTEL_PROBE phase=prepare_with_transport
INTEL_PROBE witness_budget mach_start=977088902569 mach_end=979088466328 remaining_ns=1999563759 timebase_numer=1 timebase_denom=1 max_calls=4096
INTEL_PROBE begin=finite_loop call=1 deadline=977093929527 rip=65537 nonce=977088105548 witness=0
INTEL_PROBE end=finite_loop call=1 status=0 mach_before=977088937463 mach_after=977094564176
INTEL_PROBE capture=finite_loop call=1 exec_before=1123517 exec_after=6562254 reason_before=37 reason=52 rip_before=65537 rip=65540 rax=977088105548 nonce=977088105548 witness=977088105548
INTEL_PROBE phase=prepare_with_transport
INTEL_PROBE begin=expired_mtf call=2 deadline=0 rip=65543 nonce=977094654423 witness=0
INTEL_PROBE end=expired_mtf call=2 status=0 mach_before=977096006602 mach_after=977096051486
INTEL_PROBE capture=expired_mtf call=2 exec_before=6938446 exec_after=6980758 reason_before=37 reason=52 rip_before=65543 rip=65543 rax=977094654423 nonce=977094654423 witness=0
INTEL_PROBE phase=prepare_with_transport
INTEL_PROBE begin=finite_mtf call=3 deadline=977101950338 rip=65543 nonce=977096115881 witness=0
INTEL_PROBE end=finite_mtf call=3 status=0 mach_before=977096965588 mach_after=977097385295
INTEL_PROBE capture=finite_mtf call=3 exec_before=7315546 exec_after=7647087 reason_before=37 reason=37 rip_before=65543 rip=65546 rax=977096115882 nonce=977096115881 witness=0
INTEL_PROBE phase=verified_retry
INTEL_PROBE phase=prepare_with_transport
INTEL_PROBE phase=finite_retirement
INTEL_LIFECYCLE phase=vcpu_destroy_begin generation=2 owner=70365
INTEL_LIFECYCLE phase=vcpu_destroy_end generation=2 owner=70365
INTEL_LIFECYCLE phase=vm_destroy_begin generation=2 owner=70365
INTEL_LIFECYCLE phase=vm_destroy_end generation=2 owner=70365
INTEL_LIFECYCLE phase=vm_create_begin generation=3 owner=70365
INTEL_LIFECYCLE phase=vm_create_end generation=3 owner=70365
INTEL_LIFECYCLE phase=vcpu_create_begin generation=3 owner=70365
INTEL_LIFECYCLE phase=vcpu_create_end generation=3 owner=70365
[       OK ] HvfIntelProbe.FiniteDeadline (18 ms)
[----------] 1 test from HvfIntelProbe (18 ms total)

[==========] 1 test from 1 test suite ran. (18 ms total)
[  PASSED  ] 1 test.

Repeating all tests (iteration 3) . . .

Note: Google Test filter = HvfIntelProbe.FiniteDeadline
[==========] Running 1 test from 1 test suite.
[----------] 1 test from HvfIntelProbe
[ RUN      ] HvfIntelProbe.FiniteDeadline
INTEL_PROBE phase=executor_initialization
INTEL_PROBE phase=executor_retained
INTEL_PROBE phase=startup_probe
INTEL_PROBE phase=prepare_with_transport
INTEL_PROBE witness_budget mach_start=977106784178 mach_end=979106281145 remaining_ns=1999496967 timebase_numer=1 timebase_denom=1 max_calls=4096
INTEL_PROBE begin=finite_loop call=1 deadline=977111805951 rip=65537 nonce=977105926823 witness=0
INTEL_PROBE end=finite_loop call=1 status=0 mach_before=977106812203 mach_after=977113918666
INTEL_PROBE capture=finite_loop call=1 exec_before=1004974 exec_after=7940634 reason_before=37 reason=52 rip_before=65537 rip=65540 rax=977105926823 nonce=977105926823 witness=977105926823
INTEL_PROBE phase=prepare_with_transport
INTEL_PROBE begin=expired_mtf call=2 deadline=0 rip=65543 nonce=977114002973 witness=0
INTEL_PROBE end=expired_mtf call=2 status=0 mach_before=977115345686 mach_after=977115388974
INTEL_PROBE capture=expired_mtf call=2 exec_before=8332590 exec_after=8373381 reason_before=37 reason=52 rip_before=65543 rip=65543 rax=977114002973 nonce=977114002973 witness=0
INTEL_PROBE phase=prepare_with_transport
INTEL_PROBE begin=finite_mtf call=3 deadline=977121266855 rip=65543 nonce=977115450401 witness=0
INTEL_PROBE end=finite_mtf call=3 status=0 mach_before=977116281160 mach_after=977116691686
INTEL_PROBE capture=finite_mtf call=3 exec_before=8698310 exec_after=9023838 reason_before=37 reason=37 rip_before=65543 rip=65546 rax=977115450402 nonce=977115450401 witness=0
INTEL_PROBE phase=verified_retry
INTEL_PROBE phase=prepare_with_transport
INTEL_PROBE phase=finite_retirement
INTEL_LIFECYCLE phase=vcpu_destroy_begin generation=3 owner=70365
INTEL_LIFECYCLE phase=vcpu_destroy_end generation=3 owner=70365
INTEL_LIFECYCLE phase=vm_destroy_begin generation=3 owner=70365
INTEL_LIFECYCLE phase=vm_destroy_end generation=3 owner=70365
INTEL_LIFECYCLE phase=vm_create_begin generation=4 owner=70365
INTEL_LIFECYCLE phase=vm_create_end generation=4 owner=70365
INTEL_LIFECYCLE phase=vcpu_create_begin generation=4 owner=70365
INTEL_LIFECYCLE phase=vcpu_create_end generation=4 owner=70365
[       OK ] HvfIntelProbe.FiniteDeadline (19 ms)
[----------] 1 test from HvfIntelProbe (19 ms total)

[==========] 1 test from 1 test suite ran. (19 ms total)
[  PASSED  ] 1 test.

Repeating all tests (iteration 4) . . .

Note: Google Test filter = HvfIntelProbe.FiniteDeadline
[==========] Running 1 test from 1 test suite.
[----------] 1 test from HvfIntelProbe
[ RUN      ] HvfIntelProbe.FiniteDeadline
INTEL_PROBE phase=executor_initialization
INTEL_PROBE phase=executor_retained
INTEL_PROBE phase=startup_probe
INTEL_PROBE phase=prepare_with_transport
INTEL_PROBE witness_budget mach_start=977126097303 mach_end=979125367613 remaining_ns=1999270310 timebase_numer=1 timebase_denom=1 max_calls=4096
INTEL_PROBE begin=finite_loop call=1 deadline=977131118530 rip=65537 nonce=977124998844 witness=0
INTEL_PROBE end=finite_loop call=1 status=0 mach_before=977126124628 mach_after=977131930569
INTEL_PROBE capture=finite_loop call=1 exec_before=976421 exec_after=6655164 reason_before=37 reason=52 rip_before=65537 rip=65540 rax=977124998844 nonce=977124998844 witness=977124998844
INTEL_PROBE phase=prepare_with_transport
INTEL_PROBE begin=expired_mtf call=2 deadline=0 rip=65543 nonce=977132021012 witness=0
INTEL_PROBE end=expired_mtf call=2 status=0 mach_before=977133436541 mach_after=977133481492
INTEL_PROBE capture=expired_mtf call=2 exec_before=7079598 exec_after=7121866 reason_before=37 reason=52 rip_before=65543 rip=65543 rax=977132021012 nonce=977132021012 witness=0
INTEL_PROBE phase=prepare_with_transport
INTEL_PROBE begin=finite_mtf call=3 deadline=977139558271 rip=65543 nonce=977133545914 witness=0
INTEL_PROBE end=finite_mtf call=3 status=0 mach_before=977134577456 mach_after=977134996991
INTEL_PROBE capture=finite_mtf call=3 exec_before=7517671 exec_after=7847586 reason_before=37 reason=37 rip_before=65543 rip=65546 rax=977133545915 nonce=977133545914 witness=0
INTEL_PROBE phase=verified_retry
INTEL_PROBE phase=prepare_with_transport
INTEL_PROBE phase=finite_retirement
INTEL_LIFECYCLE phase=vcpu_destroy_begin generation=4 owner=70365
INTEL_LIFECYCLE phase=vcpu_destroy_end generation=4 owner=70365
INTEL_LIFECYCLE phase=vm_destroy_begin generation=4 owner=70365
INTEL_LIFECYCLE phase=vm_destroy_end generation=4 owner=70365
INTEL_LIFECYCLE phase=vm_create_begin generation=5 owner=70365
INTEL_LIFECYCLE phase=vm_create_end generation=5 owner=70365
INTEL_LIFECYCLE phase=vcpu_create_begin generation=5 owner=70365
INTEL_LIFECYCLE phase=vcpu_create_end generation=5 owner=70365
[       OK ] HvfIntelProbe.FiniteDeadline (18 ms)
[----------] 1 test from HvfIntelProbe (18 ms total)

[==========] 1 test from 1 test suite ran. (18 ms total)
[  PASSED  ] 1 test.

Repeating all tests (iteration 5) . . .

Note: Google Test filter = HvfIntelProbe.FiniteDeadline
[==========] Running 1 test from 1 test suite.
[----------] 1 test from HvfIntelProbe
[ RUN      ] HvfIntelProbe.FiniteDeadline
INTEL_PROBE phase=executor_initialization
INTEL_PROBE phase=executor_retained
INTEL_PROBE phase=startup_probe
INTEL_PROBE phase=prepare_with_transport
INTEL_PROBE witness_budget mach_start=977144731224 mach_end=979144175192 remaining_ns=1999443968 timebase_numer=1 timebase_denom=1 max_calls=4096
INTEL_PROBE begin=finite_loop call=1 deadline=977149754977 rip=65537 nonce=977143809413 witness=0
INTEL_PROBE end=finite_loop call=1 status=0 mach_before=977144762064 mach_after=977151768884
INTEL_PROBE capture=finite_loop call=1 exec_before=1084086 exec_after=7881207 reason_before=37 reason=52 rip_before=65537 rip=65540 rax=977143809413 nonce=977143809413 witness=977143809413
INTEL_PROBE phase=prepare_with_transport
INTEL_PROBE begin=expired_mtf call=2 deadline=0 rip=65543 nonce=977151860057 witness=0
INTEL_PROBE end=expired_mtf call=2 status=0 mach_before=977153531957 mach_after=977153575081
INTEL_PROBE capture=expired_mtf call=2 exec_before=8317175 exec_after=8357829 reason_before=37 reason=52 rip_before=65543 rip=65543 rax=977151860057 nonce=977151860057 witness=0
INTEL_PROBE phase=prepare_with_transport
INTEL_PROBE begin=finite_mtf call=3 deadline=977159484299 rip=65543 nonce=977153639276 witness=0
INTEL_PROBE end=finite_mtf call=3 status=0 mach_before=977154502179 mach_after=977154931540
INTEL_PROBE capture=finite_mtf call=3 exec_before=8686285 exec_after=9025365 reason_before=37 reason=37 rip_before=65543 rip=65546 rax=977153639277 nonce=977153639276 witness=0
INTEL_PROBE phase=verified_retry
INTEL_PROBE phase=prepare_with_transport
INTEL_PROBE phase=finite_retirement
INTEL_LIFECYCLE phase=vcpu_destroy_begin generation=5 owner=70365
INTEL_LIFECYCLE phase=vcpu_destroy_end generation=5 owner=70365
INTEL_LIFECYCLE phase=vm_destroy_begin generation=5 owner=70365
INTEL_LIFECYCLE phase=vm_destroy_end generation=5 owner=70365
INTEL_LIFECYCLE phase=vm_create_begin generation=6 owner=70365
INTEL_LIFECYCLE phase=vm_create_end generation=6 owner=70365
INTEL_LIFECYCLE phase=vcpu_create_begin generation=6 owner=70365
INTEL_LIFECYCLE phase=vcpu_create_end generation=6 owner=70365
[       OK ] HvfIntelProbe.FiniteDeadline (19 ms)
[----------] 1 test from HvfIntelProbe (19 ms total)

[==========] 1 test from 1 test suite ran. (19 ms total)
[  PASSED  ] 1 test.

Repeating all tests (iteration 6) . . .

Note: Google Test filter = HvfIntelProbe.FiniteDeadline
[==========] Running 1 test from 1 test suite.
[----------] 1 test from HvfIntelProbe
[ RUN      ] HvfIntelProbe.FiniteDeadline
INTEL_PROBE phase=executor_initialization
INTEL_PROBE phase=executor_retained
INTEL_PROBE phase=startup_probe
INTEL_PROBE phase=prepare_with_transport
INTEL_PROBE witness_budget mach_start=977164794465 mach_end=979163898775 remaining_ns=1999104310 timebase_numer=1 timebase_denom=1 max_calls=4096
INTEL_PROBE begin=finite_loop call=1 deadline=977169816971 rip=65537 nonce=977163557725 witness=0
INTEL_PROBE end=finite_loop call=1 status=0 mach_before=977164823829 mach_after=977169881691
INTEL_PROBE capture=finite_loop call=1 exec_before=977648 exec_after=5923588 reason_before=37 reason=52 rip_before=65537 rip=65540 rax=977163557725 nonce=977163557725 witness=977163557725
INTEL_PROBE phase=prepare_with_transport
INTEL_PROBE begin=expired_mtf call=2 deadline=0 rip=65543 nonce=977169961302 witness=0
INTEL_PROBE end=expired_mtf call=2 status=0 mach_before=977171155576 mach_after=977171199824
INTEL_PROBE capture=expired_mtf call=2 exec_before=6254573 exec_after=6296455 reason_before=37 reason=52 rip_before=65543 rip=65543 rax=977169961302 nonce=977169961302 witness=0
INTEL_PROBE phase=prepare_with_transport
INTEL_PROBE begin=finite_mtf call=3 deadline=977177114098 rip=65543 nonce=977171261581 witness=0
INTEL_PROBE end=finite_mtf call=3 status=0 mach_before=977172127846 mach_after=977172543583
INTEL_PROBE capture=finite_mtf call=3 exec_before=6640318 exec_after=6969337 reason_before=37 reason=37 rip_before=65543 rip=65546 rax=977171261582 nonce=977171261581 witness=0
INTEL_PROBE phase=verified_retry
INTEL_PROBE phase=prepare_with_transport
INTEL_PROBE phase=finite_retirement
INTEL_LIFECYCLE phase=vcpu_destroy_begin generation=6 owner=70365
INTEL_LIFECYCLE phase=vcpu_destroy_end generation=6 owner=70365
INTEL_LIFECYCLE phase=vm_destroy_begin generation=6 owner=70365
INTEL_LIFECYCLE phase=vm_destroy_end generation=6 owner=70365
INTEL_LIFECYCLE phase=vm_create_begin generation=7 owner=70365
INTEL_LIFECYCLE phase=vm_create_end generation=7 owner=70365
INTEL_LIFECYCLE phase=vcpu_create_begin generation=7 owner=70365
INTEL_LIFECYCLE phase=vcpu_create_end generation=7 owner=70365
[       OK ] HvfIntelProbe.FiniteDeadline (17 ms)
[----------] 1 test from HvfIntelProbe (17 ms total)

[==========] 1 test from 1 test suite ran. (17 ms total)
[  PASSED  ] 1 test.

Repeating all tests (iteration 7) . . .

Note: Google Test filter = HvfIntelProbe.FiniteDeadline
[==========] Running 1 test from 1 test suite.
[----------] 1 test from HvfIntelProbe
[ RUN      ] HvfIntelProbe.FiniteDeadline
INTEL_PROBE phase=executor_initialization
INTEL_PROBE phase=executor_retained
INTEL_PROBE phase=startup_probe
INTEL_PROBE phase=prepare_with_transport
INTEL_PROBE witness_budget mach_start=977182088023 mach_end=979181539739 remaining_ns=1999451716 timebase_numer=1 timebase_denom=1 max_calls=4096
INTEL_PROBE begin=finite_loop call=1 deadline=977187107484 rip=65537 nonce=977181122008 witness=0
INTEL_PROBE end=finite_loop call=1 status=0 mach_before=977182113027 mach_after=977187173472
INTEL_PROBE capture=finite_loop call=1 exec_before=1058171 exec_after=6008270 reason_before=37 reason=52 rip_before=65537 rip=65540 rax=977181122008 nonce=977181122008 witness=977181122008
INTEL_PROBE phase=prepare_with_transport
INTEL_PROBE begin=expired_mtf call=2 deadline=0 rip=65543 nonce=977187267706 witness=0
INTEL_PROBE end=expired_mtf call=2 status=0 mach_before=977188644499 mach_after=977188729623
INTEL_PROBE capture=expired_mtf call=2 exec_before=6432455 exec_after=6501578 reason_before=37 reason=52 rip_before=65543 rip=65543 rax=977187267706 nonce=977187267706 witness=0
INTEL_PROBE phase=prepare_with_transport
INTEL_PROBE begin=finite_mtf call=3 deadline=977194669695 rip=65543 nonce=977188796614 witness=0
INTEL_PROBE end=finite_mtf call=3 status=0 mach_before=977189683383 mach_after=977190095375
INTEL_PROBE capture=finite_mtf call=3 exec_before=6836227 exec_after=7162813 reason_before=37 reason=37 rip_before=65543 rip=65546 rax=977188796615 nonce=977188796614 witness=0
INTEL_PROBE phase=verified_retry
INTEL_PROBE phase=prepare_with_transport
INTEL_PROBE phase=finite_retirement
INTEL_LIFECYCLE phase=vcpu_destroy_begin generation=7 owner=70365
INTEL_LIFECYCLE phase=vcpu_destroy_end generation=7 owner=70365
INTEL_LIFECYCLE phase=vm_destroy_begin generation=7 owner=70365
INTEL_LIFECYCLE phase=vm_destroy_end generation=7 owner=70365
INTEL_LIFECYCLE phase=vm_create_begin generation=8 owner=70365
INTEL_LIFECYCLE phase=vm_create_end generation=8 owner=70365
INTEL_LIFECYCLE phase=vcpu_create_begin generation=8 owner=70365
INTEL_LIFECYCLE phase=vcpu_create_end generation=8 owner=70365
[       OK ] HvfIntelProbe.FiniteDeadline (17 ms)
[----------] 1 test from HvfIntelProbe (17 ms total)

[==========] 1 test from 1 test suite ran. (17 ms total)
[  PASSED  ] 1 test.

Repeating all tests (iteration 8) . . .

Note: Google Test filter = HvfIntelProbe.FiniteDeadline
[==========] Running 1 test from 1 test suite.
[----------] 1 test from HvfIntelProbe
[ RUN      ] HvfIntelProbe.FiniteDeadline
INTEL_PROBE phase=executor_initialization
INTEL_PROBE phase=executor_retained
INTEL_PROBE phase=startup_probe
INTEL_PROBE phase=prepare_with_transport
INTEL_PROBE witness_budget mach_start=977199765639 mach_end=979199166387 remaining_ns=1999400748 timebase_numer=1 timebase_denom=1 max_calls=4096
INTEL_PROBE begin=finite_loop call=1 deadline=977204786251 rip=65537 nonce=977198814266 witness=0
INTEL_PROBE end=finite_loop call=1 status=0 mach_before=977199792542 mach_after=977207929225
INTEL_PROBE capture=finite_loop call=1 exec_before=1043698 exec_after=8975313 reason_before=37 reason=52 rip_before=65537 rip=65540 rax=977198814266 nonce=977198814266 witness=977198814266
INTEL_PROBE phase=prepare_with_transport
INTEL_PROBE begin=expired_mtf call=2 deadline=0 rip=65543 nonce=977208014095 witness=0
INTEL_PROBE end=expired_mtf call=2 status=0 mach_before=977209338119 mach_after=977209381376
INTEL_PROBE capture=expired_mtf call=2 exec_before=9346547 exec_after=9387247 reason_before=37 reason=52 rip_before=65543 rip=65543 rax=977208014095 nonce=977208014095 witness=0
INTEL_PROBE phase=prepare_with_transport
INTEL_PROBE begin=finite_mtf call=3 deadline=977215260901 rip=65543 nonce=977209443128 witness=0
INTEL_PROBE end=finite_mtf call=3 status=0 mach_before=977210278497 mach_after=977210695333
INTEL_PROBE capture=finite_mtf call=3 exec_before=9711835 exec_after=10043073 reason_before=37 reason=37 rip_before=65543 rip=65546 rax=977209443129 nonce=977209443128 witness=0
INTEL_PROBE phase=verified_retry
INTEL_PROBE phase=prepare_with_transport
INTEL_PROBE phase=finite_retirement
INTEL_LIFECYCLE phase=vcpu_destroy_begin generation=8 owner=70365
INTEL_LIFECYCLE phase=vcpu_destroy_end generation=8 owner=70365
INTEL_LIFECYCLE phase=vm_destroy_begin generation=8 owner=70365
INTEL_LIFECYCLE phase=vm_destroy_end generation=8 owner=70365
INTEL_LIFECYCLE phase=vm_create_begin generation=9 owner=70365
INTEL_LIFECYCLE phase=vm_create_end generation=9 owner=70365
INTEL_LIFECYCLE phase=vcpu_create_begin generation=9 owner=70365
INTEL_LIFECYCLE phase=vcpu_create_end generation=9 owner=70365
[       OK ] HvfIntelProbe.FiniteDeadline (20 ms)
[----------] 1 test from HvfIntelProbe (21 ms total)

[==========] 1 test from 1 test suite ran. (21 ms total)
[  PASSED  ] 1 test.

Repeating all tests (iteration 9) . . .

Note: Google Test filter = HvfIntelProbe.FiniteDeadline
[==========] Running 1 test from 1 test suite.
[----------] 1 test from HvfIntelProbe
[ RUN      ] HvfIntelProbe.FiniteDeadline
INTEL_PROBE phase=executor_initialization
INTEL_PROBE phase=executor_retained
INTEL_PROBE phase=startup_probe
