Running main() from /Users/runner/work/test_mac_intel/test_mac_intel/source/build-hvf/_deps/googletest-src/googletest/src/gtest_main.cc

Repeating all tests (iteration 1) . . .

Note: Google Test filter = HvfIntelProbe.FiniteDeadline
[==========] Running 1 test from 1 test suite.
[----------] Global test environment set-up.
[----------] 1 test from HvfIntelProbe
[ RUN      ] HvfIntelProbe.FiniteDeadline
INTEL_PROBE phase=executor_initialization
INTEL_PROBE phase=executor_retained
INTEL_PROBE phase=startup_probe
INTEL_PROBE phase=prepare_with_transport
INTEL_PROBE witness_budget mach_start=1887800289450 mach_end=1889799843621 remaining_ns=1999554171 timebase_numer=1 timebase_denom=1 max_calls=4096
INTEL_PROBE begin=finite_loop call=1 deadline=1887805336112 rip=65537 nonce=1887799443256 witness=0
INTEL_PROBE end=finite_loop call=1 status=0 mach_before=1887800343112 mach_after=1887805686504
INTEL_PROBE capture=finite_loop call=1 exec_before=1123558 exec_after=6330504 reason_before=37 reason=52 rip_before=65537 rip=65540 rax=1887799443256 nonce=1887799443256 witness=1887799443256
INTEL_PROBE phase=prepare_with_transport
INTEL_PROBE begin=expired_mtf call=2 deadline=0 rip=65543 nonce=1887805788928 witness=0
INTEL_PROBE end=expired_mtf call=2 status=0 mach_before=1887807011534 mach_after=1887807054821
INTEL_PROBE capture=expired_mtf call=2 exec_before=6695233 exec_after=6736284 reason_before=37 reason=52 rip_before=65543 rip=65543 rax=1887805788928 nonce=1887805788928 witness=0
INTEL_PROBE phase=prepare_with_transport
INTEL_PROBE begin=finite_mtf call=3 deadline=1887812923991 rip=65543 nonce=1887807118428 witness=0
INTEL_PROBE end=finite_mtf call=3 status=0 mach_before=1887807941151 mach_after=1887808374410
INTEL_PROBE capture=finite_mtf call=3 exec_before=7059385 exec_after=7392153 reason_before=37 reason=37 rip_before=65543 rip=65546 rax=1887807118429 nonce=1887807118428 witness=0
INTEL_PROBE phase=verified_retry
INTEL_PROBE phase=prepare_with_transport
INTEL_PROBE phase=finite_retirement
INTEL_LIFECYCLE phase=vcpu_destroy_begin generation=1 owner=98184
INTEL_LIFECYCLE phase=vcpu_destroy_end generation=1 owner=98184
INTEL_LIFECYCLE phase=vm_destroy_begin generation=1 owner=98184
INTEL_LIFECYCLE phase=vm_destroy_end generation=1 owner=98184
INTEL_LIFECYCLE phase=vm_create_begin generation=2 owner=98184
INTEL_LIFECYCLE phase=vm_create_end generation=2 owner=98184
INTEL_LIFECYCLE phase=vcpu_create_begin generation=2 owner=98184
INTEL_LIFECYCLE phase=vcpu_create_end generation=2 owner=98184
[       OK ] HvfIntelProbe.FiniteDeadline (20 ms)
[----------] 1 test from HvfIntelProbe (20 ms total)

[==========] 1 test from 1 test suite ran. (21 ms total)
[  PASSED  ] 1 test.

Repeating all tests (iteration 2) . . .

Note: Google Test filter = HvfIntelProbe.FiniteDeadline
[==========] Running 1 test from 1 test suite.
[----------] 1 test from HvfIntelProbe
[ RUN      ] HvfIntelProbe.FiniteDeadline
INTEL_PROBE phase=executor_initialization
INTEL_PROBE phase=executor_retained
INTEL_PROBE phase=startup_probe
INTEL_PROBE phase=prepare_with_transport
INTEL_PROBE witness_budget mach_start=1887817441239 mach_end=1889816880987 remaining_ns=1999439748 timebase_numer=1 timebase_denom=1 max_calls=4096
INTEL_PROBE begin=finite_loop call=1 deadline=1887822464715 rip=65537 nonce=1887816532877 witness=0
INTEL_PROBE end=finite_loop call=1 status=0 mach_before=1887817471801 mach_after=1887827768564
INTEL_PROBE capture=finite_loop call=1 exec_before=930845 exec_after=11001904 reason_before=37 reason=52 rip_before=65537 rip=65540 rax=1887816532877 nonce=1887816532877 witness=1887816532877
INTEL_PROBE phase=prepare_with_transport
INTEL_PROBE begin=expired_mtf call=2 deadline=0 rip=65543 nonce=1887827857354 witness=0
INTEL_PROBE end=expired_mtf call=2 status=0 mach_before=1887829088863 mach_after=1887829135183
INTEL_PROBE capture=expired_mtf call=2 exec_before=11327996 exec_after=11371990 reason_before=37 reason=52 rip_before=65543 rip=65543 rax=1887827857354 nonce=1887827857354 witness=0
INTEL_PROBE phase=prepare_with_transport
INTEL_PROBE begin=finite_mtf call=3 deadline=1887835242341 rip=65543 nonce=1887829199633 witness=0
INTEL_PROBE end=finite_mtf call=3 status=0 mach_before=1887830273515 mach_after=1887830690545
INTEL_PROBE capture=finite_mtf call=3 exec_before=11784976 exec_after=12117135 reason_before=37 reason=37 rip_before=65543 rip=65546 rax=1887829199634 nonce=1887829199633 witness=0
INTEL_PROBE phase=verified_retry
INTEL_PROBE phase=prepare_with_transport
INTEL_PROBE phase=finite_retirement
INTEL_LIFECYCLE phase=vcpu_destroy_begin generation=2 owner=98184
INTEL_LIFECYCLE phase=vcpu_destroy_end generation=2 owner=98184
INTEL_LIFECYCLE phase=vm_destroy_begin generation=2 owner=98184
INTEL_LIFECYCLE phase=vm_destroy_end generation=2 owner=98184
INTEL_LIFECYCLE phase=vm_create_begin generation=3 owner=98184
INTEL_LIFECYCLE phase=vm_create_end generation=3 owner=98184
INTEL_LIFECYCLE phase=vcpu_create_begin generation=3 owner=98184
INTEL_LIFECYCLE phase=vcpu_create_end generation=3 owner=98184
[       OK ] HvfIntelProbe.FiniteDeadline (21 ms)
[----------] 1 test from HvfIntelProbe (21 ms total)

[==========] 1 test from 1 test suite ran. (21 ms total)
[  PASSED  ] 1 test.

Repeating all tests (iteration 3) . . .

Note: Google Test filter = HvfIntelProbe.FiniteDeadline
[==========] Running 1 test from 1 test suite.
[----------] 1 test from HvfIntelProbe
[ RUN      ] HvfIntelProbe.FiniteDeadline
INTEL_PROBE phase=executor_initialization
INTEL_PROBE phase=executor_retained
INTEL_PROBE phase=startup_probe
INTEL_PROBE phase=prepare_with_transport
INTEL_PROBE witness_budget mach_start=1887839311850 mach_end=1889838755924 remaining_ns=1999444074 timebase_numer=1 timebase_denom=1 max_calls=4096
INTEL_PROBE begin=finite_loop call=1 deadline=1887844329358 rip=65537 nonce=1887838381198 witness=0
INTEL_PROBE end=finite_loop call=1 status=0 mach_before=1887839334333 mach_after=1887848382970
INTEL_PROBE capture=finite_loop call=1 exec_before=937312 exec_after=9781717 reason_before=37 reason=52 rip_before=65537 rip=65540 rax=1887838381198 nonce=1887838381198 witness=1887838381198
INTEL_PROBE phase=prepare_with_transport
INTEL_PROBE begin=expired_mtf call=2 deadline=0 rip=65543 nonce=1887848459470 witness=0
INTEL_PROBE end=expired_mtf call=2 status=0 mach_before=1887849905167 mach_after=1887849975267
INTEL_PROBE capture=expired_mtf call=2 exec_before=10198112 exec_after=10265126 reason_before=37 reason=52 rip_before=65543 rip=65543 rax=1887848459470 nonce=1887848459470 witness=0
INTEL_PROBE phase=prepare_with_transport
INTEL_PROBE begin=finite_mtf call=3 deadline=1887855878384 rip=65543 nonce=1887850036251 witness=0
INTEL_PROBE end=finite_mtf call=3 status=0 mach_before=1887850890303 mach_after=1887851294892
INTEL_PROBE capture=finite_mtf call=3 exec_before=10596995 exec_after=10920035 reason_before=37 reason=37 rip_before=65543 rip=65546 rax=1887850036252 nonce=1887850036251 witness=0
INTEL_PROBE phase=verified_retry
INTEL_PROBE phase=prepare_with_transport
INTEL_PROBE phase=finite_retirement
INTEL_LIFECYCLE phase=vcpu_destroy_begin generation=3 owner=98184
INTEL_LIFECYCLE phase=vcpu_destroy_end generation=3 owner=98184
INTEL_LIFECYCLE phase=vm_destroy_begin generation=3 owner=98184
INTEL_LIFECYCLE phase=vm_destroy_end generation=3 owner=98184
INTEL_LIFECYCLE phase=vm_create_begin generation=4 owner=98184
INTEL_LIFECYCLE phase=vm_create_end generation=4 owner=98184
INTEL_LIFECYCLE phase=vcpu_create_begin generation=4 owner=98184
INTEL_LIFECYCLE phase=vcpu_create_end generation=4 owner=98184
[       OK ] HvfIntelProbe.FiniteDeadline (20 ms)
[----------] 1 test from HvfIntelProbe (20 ms total)

[==========] 1 test from 1 test suite ran. (20 ms total)
[  PASSED  ] 1 test.

Repeating all tests (iteration 4) . . .

Note: Google Test filter = HvfIntelProbe.FiniteDeadline
[==========] Running 1 test from 1 test suite.
[----------] 1 test from HvfIntelProbe
[ RUN      ] HvfIntelProbe.FiniteDeadline
INTEL_PROBE phase=executor_initialization
INTEL_PROBE phase=executor_retained
INTEL_PROBE phase=startup_probe
INTEL_PROBE phase=prepare_with_transport
INTEL_PROBE witness_budget mach_start=1887859970873 mach_end=1889859375284 remaining_ns=1999404411 timebase_numer=1 timebase_denom=1 max_calls=4096
INTEL_PROBE begin=finite_loop call=1 deadline=1887865003382 rip=65537 nonce=1887859028405 witness=0
INTEL_PROBE end=finite_loop call=1 status=0 mach_before=1887860008189 mach_after=1887867748555
INTEL_PROBE capture=finite_loop call=1 exec_before=927632 exec_after=8525572 reason_before=37 reason=52 rip_before=65537 rip=65540 rax=1887859028405 nonce=1887859028405 witness=1887859028405
INTEL_PROBE phase=prepare_with_transport
INTEL_PROBE begin=expired_mtf call=2 deadline=0 rip=65543 nonce=1887867825853 witness=0
INTEL_PROBE end=expired_mtf call=2 status=0 mach_before=1887869098053 mach_after=1887869142046
INTEL_PROBE capture=expired_mtf call=2 exec_before=8857053 exec_after=8898717 reason_before=37 reason=52 rip_before=65543 rip=65543 rax=1887867825853 nonce=1887867825853 witness=0
INTEL_PROBE phase=prepare_with_transport
INTEL_PROBE begin=finite_mtf call=3 deadline=1887875035366 rip=65543 nonce=1887869199813 witness=0
INTEL_PROBE end=finite_mtf call=3 status=0 mach_before=1887870047752 mach_after=1887870460357
INTEL_PROBE capture=finite_mtf call=3 exec_before=9226645 exec_after=9555232 reason_before=37 reason=37 rip_before=65543 rip=65546 rax=1887869199814 nonce=1887869199813 witness=0
INTEL_PROBE phase=verified_retry
INTEL_PROBE phase=prepare_with_transport
INTEL_PROBE phase=finite_retirement
INTEL_LIFECYCLE phase=vcpu_destroy_begin generation=4 owner=98184
INTEL_LIFECYCLE phase=vcpu_destroy_end generation=4 owner=98184
INTEL_LIFECYCLE phase=vm_destroy_begin generation=4 owner=98184
INTEL_LIFECYCLE phase=vm_destroy_end generation=4 owner=98184
INTEL_LIFECYCLE phase=vm_create_begin generation=5 owner=98184
INTEL_LIFECYCLE phase=vm_create_end generation=5 owner=98184
INTEL_LIFECYCLE phase=vcpu_create_begin generation=5 owner=98184
INTEL_LIFECYCLE phase=vcpu_create_end generation=5 owner=98184
[       OK ] HvfIntelProbe.FiniteDeadline (19 ms)
[----------] 1 test from HvfIntelProbe (19 ms total)

[==========] 1 test from 1 test suite ran. (19 ms total)
[  PASSED  ] 1 test.

Repeating all tests (iteration 5) . . .

Note: Google Test filter = HvfIntelProbe.FiniteDeadline
[==========] Running 1 test from 1 test suite.
[----------] 1 test from HvfIntelProbe
[ RUN      ] HvfIntelProbe.FiniteDeadline
INTEL_PROBE phase=executor_initialization
INTEL_PROBE phase=executor_retained
INTEL_PROBE phase=startup_probe
INTEL_PROBE phase=prepare_with_transport
INTEL_PROBE witness_budget mach_start=1887880410754 mach_end=1889879874429 remaining_ns=1999463675 timebase_numer=1 timebase_denom=1 max_calls=4096
INTEL_PROBE begin=finite_loop call=1 deadline=1887885427917 rip=65537 nonce=1887879335347 witness=0
INTEL_PROBE end=finite_loop call=1 status=0 mach_before=1887880432532 mach_after=1887885472160
INTEL_PROBE capture=finite_loop call=1 exec_before=1156393 exec_after=6066252 reason_before=37 reason=52 rip_before=65537 rip=65540 rax=1887879335347 nonce=1887879335347 witness=1887879335347
INTEL_PROBE phase=prepare_with_transport
INTEL_PROBE begin=expired_mtf call=2 deadline=0 rip=65543 nonce=1887885544941 witness=0
INTEL_PROBE end=expired_mtf call=2 status=0 mach_before=1887886795476 mach_after=1887886839882
INTEL_PROBE capture=expired_mtf call=2 exec_before=6397665 exec_after=6439627 reason_before=37 reason=52 rip_before=65543 rip=65543 rax=1887885544941 nonce=1887885544941 witness=0
INTEL_PROBE phase=prepare_with_transport
INTEL_PROBE begin=finite_mtf call=3 deadline=1887892693446 rip=65543 nonce=1887886898254 witness=0
INTEL_PROBE end=finite_mtf call=3 status=0 mach_before=1887887705672 mach_after=1887888112287
INTEL_PROBE capture=finite_mtf call=3 exec_before=6765927 exec_after=7090534 reason_before=37 reason=37 rip_before=65543 rip=65546 rax=1887886898255 nonce=1887886898254 witness=0
INTEL_PROBE phase=verified_retry
INTEL_PROBE phase=prepare_with_transport
INTEL_PROBE phase=finite_retirement
INTEL_LIFECYCLE phase=vcpu_destroy_begin generation=5 owner=98184
INTEL_LIFECYCLE phase=vcpu_destroy_end generation=5 owner=98184
INTEL_LIFECYCLE phase=vm_destroy_begin generation=5 owner=98184
INTEL_LIFECYCLE phase=vm_destroy_end generation=5 owner=98184
INTEL_LIFECYCLE phase=vm_create_begin generation=6 owner=98184
INTEL_LIFECYCLE phase=vm_create_end generation=6 owner=98184
INTEL_LIFECYCLE phase=vcpu_create_begin generation=6 owner=98184
INTEL_LIFECYCLE phase=vcpu_create_end generation=6 owner=98184
[       OK ] HvfIntelProbe.FiniteDeadline (17 ms)
[----------] 1 test from HvfIntelProbe (17 ms total)

[==========] 1 test from 1 test suite ran. (17 ms total)
[  PASSED  ] 1 test.

Repeating all tests (iteration 6) . . .

Note: Google Test filter = HvfIntelProbe.FiniteDeadline
[==========] Running 1 test from 1 test suite.
[----------] 1 test from HvfIntelProbe
[ RUN      ] HvfIntelProbe.FiniteDeadline
INTEL_PROBE phase=executor_initialization
INTEL_PROBE phase=executor_retained
INTEL_PROBE phase=startup_probe
INTEL_PROBE phase=prepare_with_transport
INTEL_PROBE witness_budget mach_start=1887897186219 mach_end=1889896726800 remaining_ns=1999540581 timebase_numer=1 timebase_denom=1 max_calls=4096
INTEL_PROBE begin=finite_loop call=1 deadline=1887902203518 rip=65537 nonce=1887896367475 witness=0
