Running main() from /Users/runner/work/test_mac_intel/test_mac_intel/source/build-hvf/_deps/googletest-src/googletest/src/gtest_main.cc

Repeating all tests (iteration 1) . . .

Note: Google Test filter = HvfExecutor.Native*
[==========] Running 1 test from 1 test suite.
[----------] Global test environment set-up.
[----------] 1 test from HvfExecutor
[ RUN      ] HvfExecutor.NativeIntelCancellationAndCompletionFailureAllowRetry
INTEL_PROBE phase=executor_retained
INTEL_LIFECYCLE phase=vcpu_destroy_begin generation=1 owner=77081
INTEL_LIFECYCLE phase=vcpu_destroy_end generation=1 owner=77081
INTEL_LIFECYCLE phase=vm_destroy_begin generation=1 owner=77081
INTEL_LIFECYCLE phase=vm_destroy_end generation=1 owner=77081
INTEL_LIFECYCLE phase=vm_create_begin generation=2 owner=77081
INTEL_LIFECYCLE phase=vm_create_end generation=2 owner=77081
INTEL_LIFECYCLE phase=vcpu_create_begin generation=2 owner=77081
INTEL_LIFECYCLE phase=vcpu_create_end generation=2 owner=77081
[       OK ] HvfExecutor.NativeIntelCancellationAndCompletionFailureAllowRetry (192 ms)
[----------] 1 test from HvfExecutor (192 ms total)

[==========] 1 test from 1 test suite ran. (192 ms total)
[  PASSED  ] 1 test.

Repeating all tests (iteration 2) . . .

Note: Google Test filter = HvfExecutor.Native*
[==========] Running 1 test from 1 test suite.
[----------] 1 test from HvfExecutor
[ RUN      ] HvfExecutor.NativeIntelCancellationAndCompletionFailureAllowRetry
INTEL_PROBE phase=executor_retained
INTEL_LIFECYCLE phase=vcpu_destroy_begin generation=2 owner=77081
INTEL_LIFECYCLE phase=vcpu_destroy_end generation=2 owner=77081
INTEL_LIFECYCLE phase=vm_destroy_begin generation=2 owner=77081
INTEL_LIFECYCLE phase=vm_destroy_end generation=2 owner=77081
INTEL_LIFECYCLE phase=vm_create_begin generation=3 owner=77081
INTEL_LIFECYCLE phase=vm_create_end generation=3 owner=77081
INTEL_LIFECYCLE phase=vcpu_create_begin generation=3 owner=77081
INTEL_LIFECYCLE phase=vcpu_create_end generation=3 owner=77081
[       OK ] HvfExecutor.NativeIntelCancellationAndCompletionFailureAllowRetry (246 ms)
[----------] 1 test from HvfExecutor (246 ms total)

[==========] 1 test from 1 test suite ran. (246 ms total)
[  PASSED  ] 1 test.

Repeating all tests (iteration 3) . . .

Note: Google Test filter = HvfExecutor.Native*
[==========] Running 1 test from 1 test suite.
[----------] 1 test from HvfExecutor
[ RUN      ] HvfExecutor.NativeIntelCancellationAndCompletionFailureAllowRetry
INTEL_PROBE phase=executor_retained
INTEL_LIFECYCLE phase=vcpu_destroy_begin generation=3 owner=77081
INTEL_LIFECYCLE phase=vcpu_destroy_end generation=3 owner=77081
INTEL_LIFECYCLE phase=vm_destroy_begin generation=3 owner=77081
INTEL_LIFECYCLE phase=vm_destroy_end generation=3 owner=77081
INTEL_LIFECYCLE phase=vm_create_begin generation=4 owner=77081
INTEL_LIFECYCLE phase=vm_create_end generation=4 owner=77081
INTEL_LIFECYCLE phase=vcpu_create_begin generation=4 owner=77081
INTEL_LIFECYCLE phase=vcpu_create_end generation=4 owner=77081
[       OK ] HvfExecutor.NativeIntelCancellationAndCompletionFailureAllowRetry (502 ms)
[----------] 1 test from HvfExecutor (502 ms total)

[==========] 1 test from 1 test suite ran. (502 ms total)
[  PASSED  ] 1 test.

Repeating all tests (iteration 4) . . .

Note: Google Test filter = HvfExecutor.Native*
[==========] Running 1 test from 1 test suite.
[----------] 1 test from HvfExecutor
[ RUN      ] HvfExecutor.NativeIntelCancellationAndCompletionFailureAllowRetry
INTEL_PROBE phase=executor_retained
INTEL_LIFECYCLE phase=vcpu_destroy_begin generation=4 owner=77081
INTEL_LIFECYCLE phase=vcpu_destroy_end generation=4 owner=77081
INTEL_LIFECYCLE phase=vm_destroy_begin generation=4 owner=77081
INTEL_LIFECYCLE phase=vm_destroy_end generation=4 owner=77081
INTEL_LIFECYCLE phase=vm_create_begin generation=5 owner=77081
INTEL_LIFECYCLE phase=vm_create_end generation=5 owner=77081
INTEL_LIFECYCLE phase=vcpu_create_begin generation=5 owner=77081
INTEL_LIFECYCLE phase=vcpu_create_end generation=5 owner=77081
[       OK ] HvfExecutor.NativeIntelCancellationAndCompletionFailureAllowRetry (271 ms)
[----------] 1 test from HvfExecutor (271 ms total)

[==========] 1 test from 1 test suite ran. (271 ms total)
[  PASSED  ] 1 test.

Repeating all tests (iteration 5) . . .

Note: Google Test filter = HvfExecutor.Native*
[==========] Running 1 test from 1 test suite.
[----------] 1 test from HvfExecutor
[ RUN      ] HvfExecutor.NativeIntelCancellationAndCompletionFailureAllowRetry
INTEL_PROBE phase=executor_retained
INTEL_LIFECYCLE phase=vcpu_destroy_begin generation=5 owner=77081
INTEL_LIFECYCLE phase=vcpu_destroy_end generation=5 owner=77081
INTEL_LIFECYCLE phase=vm_destroy_begin generation=5 owner=77081
INTEL_LIFECYCLE phase=vm_destroy_end generation=5 owner=77081
INTEL_LIFECYCLE phase=vm_create_begin generation=6 owner=77081
INTEL_LIFECYCLE phase=vm_create_end generation=6 owner=77081
INTEL_LIFECYCLE phase=vcpu_create_begin generation=6 owner=77081
INTEL_LIFECYCLE phase=vcpu_create_end generation=6 owner=77081
[       OK ] HvfExecutor.NativeIntelCancellationAndCompletionFailureAllowRetry (211 ms)
[----------] 1 test from HvfExecutor (211 ms total)

[==========] 1 test from 1 test suite ran. (211 ms total)
[  PASSED  ] 1 test.

Repeating all tests (iteration 6) . . .

Note: Google Test filter = HvfExecutor.Native*
[==========] Running 1 test from 1 test suite.
[----------] 1 test from HvfExecutor
[ RUN      ] HvfExecutor.NativeIntelCancellationAndCompletionFailureAllowRetry
INTEL_PROBE phase=executor_retained
INTEL_LIFECYCLE phase=vcpu_destroy_begin generation=6 owner=77081
INTEL_LIFECYCLE phase=vcpu_destroy_end generation=6 owner=77081
INTEL_LIFECYCLE phase=vm_destroy_begin generation=6 owner=77081
INTEL_LIFECYCLE phase=vm_destroy_end generation=6 owner=77081
INTEL_LIFECYCLE phase=vm_create_begin generation=7 owner=77081
INTEL_LIFECYCLE phase=vm_create_end generation=7 owner=77081
INTEL_LIFECYCLE phase=vcpu_create_begin generation=7 owner=77081
INTEL_LIFECYCLE phase=vcpu_create_end generation=7 owner=77081
[       OK ] HvfExecutor.NativeIntelCancellationAndCompletionFailureAllowRetry (144 ms)
[----------] 1 test from HvfExecutor (144 ms total)

[==========] 1 test from 1 test suite ran. (144 ms total)
[  PASSED  ] 1 test.

Repeating all tests (iteration 7) . . .

Note: Google Test filter = HvfExecutor.Native*
[==========] Running 1 test from 1 test suite.
[----------] 1 test from HvfExecutor
[ RUN      ] HvfExecutor.NativeIntelCancellationAndCompletionFailureAllowRetry
INTEL_PROBE phase=executor_retained
INTEL_LIFECYCLE phase=vcpu_destroy_begin generation=7 owner=77081
INTEL_LIFECYCLE phase=vcpu_destroy_end generation=7 owner=77081
INTEL_LIFECYCLE phase=vm_destroy_begin generation=7 owner=77081
INTEL_LIFECYCLE phase=vm_destroy_end generation=7 owner=77081
INTEL_LIFECYCLE phase=vm_create_begin generation=8 owner=77081
INTEL_LIFECYCLE phase=vm_create_end generation=8 owner=77081
INTEL_LIFECYCLE phase=vcpu_create_begin generation=8 owner=77081
INTEL_LIFECYCLE phase=vcpu_create_end generation=8 owner=77081
[       OK ] HvfExecutor.NativeIntelCancellationAndCompletionFailureAllowRetry (249 ms)
[----------] 1 test from HvfExecutor (249 ms total)

[==========] 1 test from 1 test suite ran. (249 ms total)
[  PASSED  ] 1 test.

Repeating all tests (iteration 8) . . .

Note: Google Test filter = HvfExecutor.Native*
[==========] Running 1 test from 1 test suite.
[----------] 1 test from HvfExecutor
[ RUN      ] HvfExecutor.NativeIntelCancellationAndCompletionFailureAllowRetry
INTEL_PROBE phase=executor_retained
INTEL_LIFECYCLE phase=vcpu_destroy_begin generation=8 owner=77081
INTEL_LIFECYCLE phase=vcpu_destroy_end generation=8 owner=77081
INTEL_LIFECYCLE phase=vm_destroy_begin generation=8 owner=77081
INTEL_LIFECYCLE phase=vm_destroy_end generation=8 owner=77081
INTEL_LIFECYCLE phase=vm_create_begin generation=9 owner=77081
INTEL_LIFECYCLE phase=vm_create_end generation=9 owner=77081
INTEL_LIFECYCLE phase=vcpu_create_begin generation=9 owner=77081
INTEL_LIFECYCLE phase=vcpu_create_end generation=9 owner=77081
[       OK ] HvfExecutor.NativeIntelCancellationAndCompletionFailureAllowRetry (129 ms)
[----------] 1 test from HvfExecutor (129 ms total)

[==========] 1 test from 1 test suite ran. (129 ms total)
[  PASSED  ] 1 test.

Repeating all tests (iteration 9) . . .

Note: Google Test filter = HvfExecutor.Native*
[==========] Running 1 test from 1 test suite.
[----------] 1 test from HvfExecutor
[ RUN      ] HvfExecutor.NativeIntelCancellationAndCompletionFailureAllowRetry
INTEL_PROBE phase=executor_retained
INTEL_LIFECYCLE phase=vcpu_destroy_begin generation=9 owner=77081
INTEL_LIFECYCLE phase=vcpu_destroy_end generation=9 owner=77081
INTEL_LIFECYCLE phase=vm_destroy_begin generation=9 owner=77081
INTEL_LIFECYCLE phase=vm_destroy_end generation=9 owner=77081
INTEL_LIFECYCLE phase=vm_create_begin generation=10 owner=77081
INTEL_LIFECYCLE phase=vm_create_end generation=10 owner=77081
INTEL_LIFECYCLE phase=vcpu_create_begin generation=10 owner=77081
INTEL_LIFECYCLE phase=vcpu_create_end generation=10 owner=77081
[       OK ] HvfExecutor.NativeIntelCancellationAndCompletionFailureAllowRetry (262 ms)
[----------] 1 test from HvfExecutor (262 ms total)

[==========] 1 test from 1 test suite ran. (262 ms total)
[  PASSED  ] 1 test.

Repeating all tests (iteration 10) . . .

Note: Google Test filter = HvfExecutor.Native*
[==========] Running 1 test from 1 test suite.
[----------] 1 test from HvfExecutor
[ RUN      ] HvfExecutor.NativeIntelCancellationAndCompletionFailureAllowRetry
INTEL_PROBE phase=executor_retained
INTEL_LIFECYCLE phase=vcpu_destroy_begin generation=10 owner=77081
INTEL_LIFECYCLE phase=vcpu_destroy_end generation=10 owner=77081
INTEL_LIFECYCLE phase=vm_destroy_begin generation=10 owner=77081
INTEL_LIFECYCLE phase=vm_destroy_end generation=10 owner=77081
INTEL_LIFECYCLE phase=vm_create_begin generation=11 owner=77081
INTEL_LIFECYCLE phase=vm_create_end generation=11 owner=77081
INTEL_LIFECYCLE phase=vcpu_create_begin generation=11 owner=77081
INTEL_LIFECYCLE phase=vcpu_create_end generation=11 owner=77081
[       OK ] HvfExecutor.NativeIntelCancellationAndCompletionFailureAllowRetry (260 ms)
[----------] 1 test from HvfExecutor (260 ms total)

[==========] 1 test from 1 test suite ran. (260 ms total)
[  PASSED  ] 1 test.

Repeating all tests (iteration 11) . . .

Note: Google Test filter = HvfExecutor.Native*
[==========] Running 1 test from 1 test suite.
[----------] 1 test from HvfExecutor
[ RUN      ] HvfExecutor.NativeIntelCancellationAndCompletionFailureAllowRetry
INTEL_PROBE phase=executor_retained
INTEL_LIFECYCLE phase=vcpu_destroy_begin generation=11 owner=77081
INTEL_LIFECYCLE phase=vcpu_destroy_end generation=11 owner=77081
INTEL_LIFECYCLE phase=vm_destroy_begin generation=11 owner=77081
INTEL_LIFECYCLE phase=vm_destroy_end generation=11 owner=77081
INTEL_LIFECYCLE phase=vm_create_begin generation=12 owner=77081
INTEL_LIFECYCLE phase=vm_create_end generation=12 owner=77081
INTEL_LIFECYCLE phase=vcpu_create_begin generation=12 owner=77081
INTEL_LIFECYCLE phase=vcpu_create_end generation=12 owner=77081
[       OK ] HvfExecutor.NativeIntelCancellationAndCompletionFailureAllowRetry (263 ms)
[----------] 1 test from HvfExecutor (263 ms total)

[==========] 1 test from 1 test suite ran. (263 ms total)
[  PASSED  ] 1 test.

Repeating all tests (iteration 12) . . .

Note: Google Test filter = HvfExecutor.Native*
[==========] Running 1 test from 1 test suite.
[----------] 1 test from HvfExecutor
[ RUN      ] HvfExecutor.NativeIntelCancellationAndCompletionFailureAllowRetry
INTEL_PROBE phase=executor_retained
INTEL_LIFECYCLE phase=vcpu_destroy_begin generation=12 owner=77081
INTEL_LIFECYCLE phase=vcpu_destroy_end generation=12 owner=77081
INTEL_LIFECYCLE phase=vm_destroy_begin generation=12 owner=77081
INTEL_LIFECYCLE phase=vm_destroy_end generation=12 owner=77081
INTEL_LIFECYCLE phase=vm_create_begin generation=13 owner=77081
INTEL_LIFECYCLE phase=vm_create_end generation=13 owner=77081
INTEL_LIFECYCLE phase=vcpu_create_begin generation=13 owner=77081
INTEL_LIFECYCLE phase=vcpu_create_end generation=13 owner=77081
[       OK ] HvfExecutor.NativeIntelCancellationAndCompletionFailureAllowRetry (282 ms)
[----------] 1 test from HvfExecutor (282 ms total)

[==========] 1 test from 1 test suite ran. (282 ms total)
[  PASSED  ] 1 test.

Repeating all tests (iteration 13) . . .

Note: Google Test filter = HvfExecutor.Native*
[==========] Running 1 test from 1 test suite.
[----------] 1 test from HvfExecutor
[ RUN      ] HvfExecutor.NativeIntelCancellationAndCompletionFailureAllowRetry
INTEL_PROBE phase=executor_retained
INTEL_LIFECYCLE phase=vcpu_destroy_begin generation=13 owner=77081
INTEL_LIFECYCLE phase=vcpu_destroy_end generation=13 owner=77081
INTEL_LIFECYCLE phase=vm_destroy_begin generation=13 owner=77081
INTEL_LIFECYCLE phase=vm_destroy_end generation=13 owner=77081
INTEL_LIFECYCLE phase=vm_create_begin generation=14 owner=77081
INTEL_LIFECYCLE phase=vm_create_end generation=14 owner=77081
INTEL_LIFECYCLE phase=vcpu_create_begin generation=14 owner=77081
INTEL_LIFECYCLE phase=vcpu_create_end generation=14 owner=77081
[       OK ] HvfExecutor.NativeIntelCancellationAndCompletionFailureAllowRetry (365 ms)
[----------] 1 test from HvfExecutor (365 ms total)

[==========] 1 test from 1 test suite ran. (365 ms total)
[  PASSED  ] 1 test.

Repeating all tests (iteration 14) . . .

Note: Google Test filter = HvfExecutor.Native*
[==========] Running 1 test from 1 test suite.
[----------] 1 test from HvfExecutor
[ RUN      ] HvfExecutor.NativeIntelCancellationAndCompletionFailureAllowRetry
INTEL_PROBE phase=executor_retained
INTEL_LIFECYCLE phase=vcpu_destroy_begin generation=14 owner=77081
INTEL_LIFECYCLE phase=vcpu_destroy_end generation=14 owner=77081
INTEL_LIFECYCLE phase=vm_destroy_begin generation=14 owner=77081
INTEL_LIFECYCLE phase=vm_destroy_end generation=14 owner=77081
INTEL_LIFECYCLE phase=vm_create_begin generation=15 owner=77081
INTEL_LIFECYCLE phase=vm_create_end generation=15 owner=77081
INTEL_LIFECYCLE phase=vcpu_create_begin generation=15 owner=77081
INTEL_LIFECYCLE phase=vcpu_create_end generation=15 owner=77081
[       OK ] HvfExecutor.NativeIntelCancellationAndCompletionFailureAllowRetry (206 ms)
[----------] 1 test from HvfExecutor (206 ms total)

[==========] 1 test from 1 test suite ran. (206 ms total)
[  PASSED  ] 1 test.

Repeating all tests (iteration 15) . . .

Note: Google Test filter = HvfExecutor.Native*
[==========] Running 1 test from 1 test suite.
[----------] 1 test from HvfExecutor
[ RUN      ] HvfExecutor.NativeIntelCancellationAndCompletionFailureAllowRetry
INTEL_PROBE phase=executor_retained
INTEL_LIFECYCLE phase=vcpu_destroy_begin generation=15 owner=77081
INTEL_LIFECYCLE phase=vcpu_destroy_end generation=15 owner=77081
INTEL_LIFECYCLE phase=vm_destroy_begin generation=15 owner=77081
INTEL_LIFECYCLE phase=vm_destroy_end generation=15 owner=77081
INTEL_LIFECYCLE phase=vm_create_begin generation=16 owner=77081
INTEL_LIFECYCLE phase=vm_create_end generation=16 owner=77081
INTEL_LIFECYCLE phase=vcpu_create_begin generation=16 owner=77081
INTEL_LIFECYCLE phase=vcpu_create_end generation=16 owner=77081
[       OK ] HvfExecutor.NativeIntelCancellationAndCompletionFailureAllowRetry (180 ms)
[----------] 1 test from HvfExecutor (180 ms total)

[==========] 1 test from 1 test suite ran. (180 ms total)
[  PASSED  ] 1 test.

Repeating all tests (iteration 16) . . .

Note: Google Test filter = HvfExecutor.Native*
[==========] Running 1 test from 1 test suite.
[----------] 1 test from HvfExecutor
[ RUN      ] HvfExecutor.NativeIntelCancellationAndCompletionFailureAllowRetry
INTEL_PROBE phase=executor_retained
INTEL_LIFECYCLE phase=vcpu_destroy_begin generation=16 owner=77081
INTEL_LIFECYCLE phase=vcpu_destroy_end generation=16 owner=77081
INTEL_LIFECYCLE phase=vm_destroy_begin generation=16 owner=77081
INTEL_LIFECYCLE phase=vm_destroy_end generation=16 owner=77081
INTEL_LIFECYCLE phase=vm_create_begin generation=17 owner=77081
INTEL_LIFECYCLE phase=vm_create_end generation=17 owner=77081
INTEL_LIFECYCLE phase=vcpu_create_begin generation=17 owner=77081
INTEL_LIFECYCLE phase=vcpu_create_end generation=17 owner=77081
[       OK ] HvfExecutor.NativeIntelCancellationAndCompletionFailureAllowRetry (377 ms)
[----------] 1 test from HvfExecutor (377 ms total)

[==========] 1 test from 1 test suite ran. (377 ms total)
[  PASSED  ] 1 test.

Repeating all tests (iteration 17) . . .

Note: Google Test filter = HvfExecutor.Native*
[==========] Running 1 test from 1 test suite.
[----------] 1 test from HvfExecutor
[ RUN      ] HvfExecutor.NativeIntelCancellationAndCompletionFailureAllowRetry
INTEL_PROBE phase=executor_retained
INTEL_LIFECYCLE phase=vcpu_destroy_begin generation=17 owner=77081
INTEL_LIFECYCLE phase=vcpu_destroy_end generation=17 owner=77081
INTEL_LIFECYCLE phase=vm_destroy_begin generation=17 owner=77081
INTEL_LIFECYCLE phase=vm_destroy_end generation=17 owner=77081
INTEL_LIFECYCLE phase=vm_create_begin generation=18 owner=77081
INTEL_LIFECYCLE phase=vm_create_end generation=18 owner=77081
INTEL_LIFECYCLE phase=vcpu_create_begin generation=18 owner=77081
INTEL_LIFECYCLE phase=vcpu_create_end generation=18 owner=77081
[       OK ] HvfExecutor.NativeIntelCancellationAndCompletionFailureAllowRetry (268 ms)
[----------] 1 test from HvfExecutor (268 ms total)

[==========] 1 test from 1 test suite ran. (268 ms total)
[  PASSED  ] 1 test.

Repeating all tests (iteration 18) . . .

Note: Google Test filter = HvfExecutor.Native*
[==========] Running 1 test from 1 test suite.
[----------] 1 test from HvfExecutor
[ RUN      ] HvfExecutor.NativeIntelCancellationAndCompletionFailureAllowRetry
INTEL_PROBE phase=executor_retained
INTEL_LIFECYCLE phase=vcpu_destroy_begin generation=18 owner=77081
INTEL_LIFECYCLE phase=vcpu_destroy_end generation=18 owner=77081
INTEL_LIFECYCLE phase=vm_destroy_begin generation=18 owner=77081
INTEL_LIFECYCLE phase=vm_destroy_end generation=18 owner=77081
INTEL_LIFECYCLE phase=vm_create_begin generation=19 owner=77081
INTEL_LIFECYCLE phase=vm_create_end generation=19 owner=77081
INTEL_LIFECYCLE phase=vcpu_create_begin generation=19 owner=77081
INTEL_LIFECYCLE phase=vcpu_create_end generation=19 owner=77081
[       OK ] HvfExecutor.NativeIntelCancellationAndCompletionFailureAllowRetry (391 ms)
[----------] 1 test from HvfExecutor (391 ms total)

[==========] 1 test from 1 test suite ran. (391 ms total)
[  PASSED  ] 1 test.

Repeating all tests (iteration 19) . . .

Note: Google Test filter = HvfExecutor.Native*
[==========] Running 1 test from 1 test suite.
[----------] 1 test from HvfExecutor
[ RUN      ] HvfExecutor.NativeIntelCancellationAndCompletionFailureAllowRetry
INTEL_PROBE phase=executor_retained
INTEL_LIFECYCLE phase=vcpu_destroy_begin generation=19 owner=77081
INTEL_LIFECYCLE phase=vcpu_destroy_end generation=19 owner=77081
INTEL_LIFECYCLE phase=vm_destroy_begin generation=19 owner=77081
INTEL_LIFECYCLE phase=vm_destroy_end generation=19 owner=77081
INTEL_LIFECYCLE phase=vm_create_begin generation=20 owner=77081
INTEL_LIFECYCLE phase=vm_create_end generation=20 owner=77081
INTEL_LIFECYCLE phase=vcpu_create_begin generation=20 owner=77081
INTEL_LIFECYCLE phase=vcpu_create_end generation=20 owner=77081
[       OK ] HvfExecutor.NativeIntelCancellationAndCompletionFailureAllowRetry (138 ms)
[----------] 1 test from HvfExecutor (138 ms total)

[==========] 1 test from 1 test suite ran. (138 ms total)
[  PASSED  ] 1 test.

Repeating all tests (iteration 20) . . .

Note: Google Test filter = HvfExecutor.Native*
[==========] Running 1 test from 1 test suite.
[----------] 1 test from HvfExecutor
[ RUN      ] HvfExecutor.NativeIntelCancellationAndCompletionFailureAllowRetry
INTEL_PROBE phase=executor_retained
INTEL_LIFECYCLE phase=vcpu_destroy_begin generation=20 owner=77081
INTEL_LIFECYCLE phase=vcpu_destroy_end generation=20 owner=77081
INTEL_LIFECYCLE phase=vm_destroy_begin generation=20 owner=77081
INTEL_LIFECYCLE phase=vm_destroy_end generation=20 owner=77081
INTEL_LIFECYCLE phase=vm_create_begin generation=21 owner=77081
INTEL_LIFECYCLE phase=vm_create_end generation=21 owner=77081
INTEL_LIFECYCLE phase=vcpu_create_begin generation=21 owner=77081
INTEL_LIFECYCLE phase=vcpu_create_end generation=21 owner=77081
[       OK ] HvfExecutor.NativeIntelCancellationAndCompletionFailureAllowRetry (402 ms)
[----------] 1 test from HvfExecutor (402 ms total)

[==========] 1 test from 1 test suite ran. (402 ms total)
[  PASSED  ] 1 test.

Repeating all tests (iteration 21) . . .

Note: Google Test filter = HvfExecutor.Native*
[==========] Running 1 test from 1 test suite.
[----------] 1 test from HvfExecutor
[ RUN      ] HvfExecutor.NativeIntelCancellationAndCompletionFailureAllowRetry
INTEL_PROBE phase=executor_retained
INTEL_LIFECYCLE phase=vcpu_destroy_begin generation=21 owner=77081
INTEL_LIFECYCLE phase=vcpu_destroy_end generation=21 owner=77081
INTEL_LIFECYCLE phase=vm_destroy_begin generation=21 owner=77081
INTEL_LIFECYCLE phase=vm_destroy_end generation=21 owner=77081
INTEL_LIFECYCLE phase=vm_create_begin generation=22 owner=77081
INTEL_LIFECYCLE phase=vm_create_end generation=22 owner=77081
INTEL_LIFECYCLE phase=vcpu_create_begin generation=22 owner=77081
INTEL_LIFECYCLE phase=vcpu_create_end generation=22 owner=77081
[       OK ] HvfExecutor.NativeIntelCancellationAndCompletionFailureAllowRetry (154 ms)
[----------] 1 test from HvfExecutor (154 ms total)

[==========] 1 test from 1 test suite ran. (154 ms total)
[  PASSED  ] 1 test.

Repeating all tests (iteration 22) . . .

Note: Google Test filter = HvfExecutor.Native*
[==========] Running 1 test from 1 test suite.
[----------] 1 test from HvfExecutor
[ RUN      ] HvfExecutor.NativeIntelCancellationAndCompletionFailureAllowRetry
INTEL_PROBE phase=executor_retained
INTEL_LIFECYCLE phase=vcpu_destroy_begin generation=22 owner=77081
INTEL_LIFECYCLE phase=vcpu_destroy_end generation=22 owner=77081
INTEL_LIFECYCLE phase=vm_destroy_begin generation=22 owner=77081
INTEL_LIFECYCLE phase=vm_destroy_end generation=22 owner=77081
INTEL_LIFECYCLE phase=vm_create_begin generation=23 owner=77081
INTEL_LIFECYCLE phase=vm_create_end generation=23 owner=77081
INTEL_LIFECYCLE phase=vcpu_create_begin generation=23 owner=77081
INTEL_LIFECYCLE phase=vcpu_create_end generation=23 owner=77081
[       OK ] HvfExecutor.NativeIntelCancellationAndCompletionFailureAllowRetry (344 ms)
[----------] 1 test from HvfExecutor (344 ms total)

[==========] 1 test from 1 test suite ran. (344 ms total)
[  PASSED  ] 1 test.

Repeating all tests (iteration 23) . . .

Note: Google Test filter = HvfExecutor.Native*
[==========] Running 1 test from 1 test suite.
[----------] 1 test from HvfExecutor
[ RUN      ] HvfExecutor.NativeIntelCancellationAndCompletionFailureAllowRetry
INTEL_PROBE phase=executor_retained
INTEL_LIFECYCLE phase=vcpu_destroy_begin generation=23 owner=77081
INTEL_LIFECYCLE phase=vcpu_destroy_end generation=23 owner=77081
INTEL_LIFECYCLE phase=vm_destroy_begin generation=23 owner=77081
INTEL_LIFECYCLE phase=vm_destroy_end generation=23 owner=77081
INTEL_LIFECYCLE phase=vm_create_begin generation=24 owner=77081
INTEL_LIFECYCLE phase=vm_create_end generation=24 owner=77081
INTEL_LIFECYCLE phase=vcpu_create_begin generation=24 owner=77081
INTEL_LIFECYCLE phase=vcpu_create_end generation=24 owner=77081
[       OK ] HvfExecutor.NativeIntelCancellationAndCompletionFailureAllowRetry (293 ms)
[----------] 1 test from HvfExecutor (293 ms total)

[==========] 1 test from 1 test suite ran. (293 ms total)
[  PASSED  ] 1 test.

Repeating all tests (iteration 24) . . .

Note: Google Test filter = HvfExecutor.Native*
[==========] Running 1 test from 1 test suite.
[----------] 1 test from HvfExecutor
[ RUN      ] HvfExecutor.NativeIntelCancellationAndCompletionFailureAllowRetry
INTEL_PROBE phase=executor_retained
INTEL_LIFECYCLE phase=vcpu_destroy_begin generation=24 owner=77081
INTEL_LIFECYCLE phase=vcpu_destroy_end generation=24 owner=77081
INTEL_LIFECYCLE phase=vm_destroy_begin generation=24 owner=77081
INTEL_LIFECYCLE phase=vm_destroy_end generation=24 owner=77081
INTEL_LIFECYCLE phase=vm_create_begin generation=25 owner=77081
INTEL_LIFECYCLE phase=vm_create_end generation=25 owner=77081
INTEL_LIFECYCLE phase=vcpu_create_begin generation=25 owner=77081
INTEL_LIFECYCLE phase=vcpu_create_end generation=25 owner=77081
[       OK ] HvfExecutor.NativeIntelCancellationAndCompletionFailureAllowRetry (161 ms)
[----------] 1 test from HvfExecutor (161 ms total)

[==========] 1 test from 1 test suite ran. (161 ms total)
[  PASSED  ] 1 test.

Repeating all tests (iteration 25) . . .

Note: Google Test filter = HvfExecutor.Native*
[==========] Running 1 test from 1 test suite.
[----------] 1 test from HvfExecutor
[ RUN      ] HvfExecutor.NativeIntelCancellationAndCompletionFailureAllowRetry
INTEL_PROBE phase=executor_retained
INTEL_LIFECYCLE phase=vcpu_destroy_begin generation=25 owner=77081
INTEL_LIFECYCLE phase=vcpu_destroy_end generation=25 owner=77081
INTEL_LIFECYCLE phase=vm_destroy_begin generation=25 owner=77081
INTEL_LIFECYCLE phase=vm_destroy_end generation=25 owner=77081
INTEL_LIFECYCLE phase=vm_create_begin generation=26 owner=77081
INTEL_LIFECYCLE phase=vm_create_end generation=26 owner=77081
INTEL_LIFECYCLE phase=vcpu_create_begin generation=26 owner=77081
INTEL_LIFECYCLE phase=vcpu_create_end generation=26 owner=77081
[       OK ] HvfExecutor.NativeIntelCancellationAndCompletionFailureAllowRetry (228 ms)
[----------] 1 test from HvfExecutor (228 ms total)

[==========] 1 test from 1 test suite ran. (228 ms total)
[  PASSED  ] 1 test.

Repeating all tests (iteration 26) . . .

Note: Google Test filter = HvfExecutor.Native*
[==========] Running 1 test from 1 test suite.
[----------] 1 test from HvfExecutor
[ RUN      ] HvfExecutor.NativeIntelCancellationAndCompletionFailureAllowRetry
INTEL_PROBE phase=executor_retained
INTEL_LIFECYCLE phase=vcpu_destroy_begin generation=26 owner=77081
INTEL_LIFECYCLE phase=vcpu_destroy_end generation=26 owner=77081
INTEL_LIFECYCLE phase=vm_destroy_begin generation=26 owner=77081
INTEL_LIFECYCLE phase=vm_destroy_end generation=26 owner=77081
INTEL_LIFECYCLE phase=vm_create_begin generation=27 owner=77081
INTEL_LIFECYCLE phase=vm_create_end generation=27 owner=77081
INTEL_LIFECYCLE phase=vcpu_create_begin generation=27 owner=77081
INTEL_LIFECYCLE phase=vcpu_create_end generation=27 owner=77081
[       OK ] HvfExecutor.NativeIntelCancellationAndCompletionFailureAllowRetry (261 ms)
[----------] 1 test from HvfExecutor (261 ms total)

[==========] 1 test from 1 test suite ran. (261 ms total)
[  PASSED  ] 1 test.

Repeating all tests (iteration 27) . . .

Note: Google Test filter = HvfExecutor.Native*
[==========] Running 1 test from 1 test suite.
[----------] 1 test from HvfExecutor
[ RUN      ] HvfExecutor.NativeIntelCancellationAndCompletionFailureAllowRetry
INTEL_PROBE phase=executor_retained
INTEL_LIFECYCLE phase=vcpu_destroy_begin generation=27 owner=77081
INTEL_LIFECYCLE phase=vcpu_destroy_end generation=27 owner=77081
INTEL_LIFECYCLE phase=vm_destroy_begin generation=27 owner=77081
INTEL_LIFECYCLE phase=vm_destroy_end generation=27 owner=77081
INTEL_LIFECYCLE phase=vm_create_begin generation=28 owner=77081
INTEL_LIFECYCLE phase=vm_create_end generation=28 owner=77081
INTEL_LIFECYCLE phase=vcpu_create_begin generation=28 owner=77081
INTEL_LIFECYCLE phase=vcpu_create_end generation=28 owner=77081
[       OK ] HvfExecutor.NativeIntelCancellationAndCompletionFailureAllowRetry (294 ms)
[----------] 1 test from HvfExecutor (294 ms total)

[==========] 1 test from 1 test suite ran. (294 ms total)
[  PASSED  ] 1 test.

Repeating all tests (iteration 28) . . .

Note: Google Test filter = HvfExecutor.Native*
[==========] Running 1 test from 1 test suite.
[----------] 1 test from HvfExecutor
[ RUN      ] HvfExecutor.NativeIntelCancellationAndCompletionFailureAllowRetry
INTEL_PROBE phase=executor_retained
INTEL_LIFECYCLE phase=vcpu_destroy_begin generation=28 owner=77081
INTEL_LIFECYCLE phase=vcpu_destroy_end generation=28 owner=77081
INTEL_LIFECYCLE phase=vm_destroy_begin generation=28 owner=77081
INTEL_LIFECYCLE phase=vm_destroy_end generation=28 owner=77081
INTEL_LIFECYCLE phase=vm_create_begin generation=29 owner=77081
INTEL_LIFECYCLE phase=vm_create_end generation=29 owner=77081
INTEL_LIFECYCLE phase=vcpu_create_begin generation=29 owner=77081
INTEL_LIFECYCLE phase=vcpu_create_end generation=29 owner=77081
[       OK ] HvfExecutor.NativeIntelCancellationAndCompletionFailureAllowRetry (298 ms)
[----------] 1 test from HvfExecutor (298 ms total)

[==========] 1 test from 1 test suite ran. (298 ms total)
[  PASSED  ] 1 test.

Repeating all tests (iteration 29) . . .

Note: Google Test filter = HvfExecutor.Native*
[==========] Running 1 test from 1 test suite.
[----------] 1 test from HvfExecutor
[ RUN      ] HvfExecutor.NativeIntelCancellationAndCompletionFailureAllowRetry
INTEL_PROBE phase=executor_retained
INTEL_LIFECYCLE phase=vcpu_destroy_begin generation=29 owner=77081
INTEL_LIFECYCLE phase=vcpu_destroy_end generation=29 owner=77081
INTEL_LIFECYCLE phase=vm_destroy_begin generation=29 owner=77081
INTEL_LIFECYCLE phase=vm_destroy_end generation=29 owner=77081
INTEL_LIFECYCLE phase=vm_create_begin generation=30 owner=77081
INTEL_LIFECYCLE phase=vm_create_end generation=30 owner=77081
INTEL_LIFECYCLE phase=vcpu_create_begin generation=30 owner=77081
INTEL_LIFECYCLE phase=vcpu_create_end generation=30 owner=77081
[       OK ] HvfExecutor.NativeIntelCancellationAndCompletionFailureAllowRetry (294 ms)
[----------] 1 test from HvfExecutor (294 ms total)

[==========] 1 test from 1 test suite ran. (294 ms total)
[  PASSED  ] 1 test.

Repeating all tests (iteration 30) . . .

Note: Google Test filter = HvfExecutor.Native*
[==========] Running 1 test from 1 test suite.
[----------] 1 test from HvfExecutor
[ RUN      ] HvfExecutor.NativeIntelCancellationAndCompletionFailureAllowRetry
INTEL_PROBE phase=executor_retained
INTEL_LIFECYCLE phase=vcpu_destroy_begin generation=30 owner=77081
INTEL_LIFECYCLE phase=vcpu_destroy_end generation=30 owner=77081
INTEL_LIFECYCLE phase=vm_destroy_begin generation=30 owner=77081
INTEL_LIFECYCLE phase=vm_destroy_end generation=30 owner=77081
INTEL_LIFECYCLE phase=vm_create_begin generation=31 owner=77081
INTEL_LIFECYCLE phase=vm_create_end generation=31 owner=77081
INTEL_LIFECYCLE phase=vcpu_create_begin generation=31 owner=77081
INTEL_LIFECYCLE phase=vcpu_create_end generation=31 owner=77081
[       OK ] HvfExecutor.NativeIntelCancellationAndCompletionFailureAllowRetry (301 ms)
[----------] 1 test from HvfExecutor (301 ms total)

[==========] 1 test from 1 test suite ran. (301 ms total)
[  PASSED  ] 1 test.

Repeating all tests (iteration 31) . . .

Note: Google Test filter = HvfExecutor.Native*
[==========] Running 1 test from 1 test suite.
[----------] 1 test from HvfExecutor
[ RUN      ] HvfExecutor.NativeIntelCancellationAndCompletionFailureAllowRetry
INTEL_PROBE phase=executor_retained
INTEL_LIFECYCLE phase=vcpu_destroy_begin generation=31 owner=77081
INTEL_LIFECYCLE phase=vcpu_destroy_end generation=31 owner=77081
INTEL_LIFECYCLE phase=vm_destroy_begin generation=31 owner=77081
INTEL_LIFECYCLE phase=vm_destroy_end generation=31 owner=77081
INTEL_LIFECYCLE phase=vm_create_begin generation=32 owner=77081
INTEL_LIFECYCLE phase=vm_create_end generation=32 owner=77081
INTEL_LIFECYCLE phase=vcpu_create_begin generation=32 owner=77081
INTEL_LIFECYCLE phase=vcpu_create_end generation=32 owner=77081
[       OK ] HvfExecutor.NativeIntelCancellationAndCompletionFailureAllowRetry (269 ms)
[----------] 1 test from HvfExecutor (269 ms total)

[==========] 1 test from 1 test suite ran. (269 ms total)
[  PASSED  ] 1 test.

Repeating all tests (iteration 32) . . .

Note: Google Test filter = HvfExecutor.Native*
[==========] Running 1 test from 1 test suite.
[----------] 1 test from HvfExecutor
[ RUN      ] HvfExecutor.NativeIntelCancellationAndCompletionFailureAllowRetry
INTEL_PROBE phase=executor_retained
INTEL_LIFECYCLE phase=vcpu_destroy_begin generation=32 owner=77081
INTEL_LIFECYCLE phase=vcpu_destroy_end generation=32 owner=77081
INTEL_LIFECYCLE phase=vm_destroy_begin generation=32 owner=77081
INTEL_LIFECYCLE phase=vm_destroy_end generation=32 owner=77081
INTEL_LIFECYCLE phase=vm_create_begin generation=33 owner=77081
INTEL_LIFECYCLE phase=vm_create_end generation=33 owner=77081
INTEL_LIFECYCLE phase=vcpu_create_begin generation=33 owner=77081
INTEL_LIFECYCLE phase=vcpu_create_end generation=33 owner=77081
[       OK ] HvfExecutor.NativeIntelCancellationAndCompletionFailureAllowRetry (332 ms)
[----------] 1 test from HvfExecutor (332 ms total)

[==========] 1 test from 1 test suite ran. (332 ms total)
[  PASSED  ] 1 test.

Repeating all tests (iteration 33) . . .

Note: Google Test filter = HvfExecutor.Native*
[==========] Running 1 test from 1 test suite.
[----------] 1 test from HvfExecutor
[ RUN      ] HvfExecutor.NativeIntelCancellationAndCompletionFailureAllowRetry
INTEL_PROBE phase=executor_retained
INTEL_LIFECYCLE phase=vcpu_destroy_begin generation=33 owner=77081
INTEL_LIFECYCLE phase=vcpu_destroy_end generation=33 owner=77081
INTEL_LIFECYCLE phase=vm_destroy_begin generation=33 owner=77081
INTEL_LIFECYCLE phase=vm_destroy_end generation=33 owner=77081
INTEL_LIFECYCLE phase=vm_create_begin generation=34 owner=77081
INTEL_LIFECYCLE phase=vm_create_end generation=34 owner=77081
INTEL_LIFECYCLE phase=vcpu_create_begin generation=34 owner=77081
INTEL_LIFECYCLE phase=vcpu_create_end generation=34 owner=77081
[       OK ] HvfExecutor.NativeIntelCancellationAndCompletionFailureAllowRetry (223 ms)
[----------] 1 test from HvfExecutor (223 ms total)

[==========] 1 test from 1 test suite ran. (223 ms total)
[  PASSED  ] 1 test.

Repeating all tests (iteration 34) . . .

Note: Google Test filter = HvfExecutor.Native*
[==========] Running 1 test from 1 test suite.
[----------] 1 test from HvfExecutor
[ RUN      ] HvfExecutor.NativeIntelCancellationAndCompletionFailureAllowRetry
INTEL_PROBE phase=executor_retained
INTEL_LIFECYCLE phase=vcpu_destroy_begin generation=34 owner=77081
INTEL_LIFECYCLE phase=vcpu_destroy_end generation=34 owner=77081
INTEL_LIFECYCLE phase=vm_destroy_begin generation=34 owner=77081
INTEL_LIFECYCLE phase=vm_destroy_end generation=34 owner=77081
INTEL_LIFECYCLE phase=vm_create_begin generation=35 owner=77081
INTEL_LIFECYCLE phase=vm_create_end generation=35 owner=77081
INTEL_LIFECYCLE phase=vcpu_create_begin generation=35 owner=77081
INTEL_LIFECYCLE phase=vcpu_create_end generation=35 owner=77081
[       OK ] HvfExecutor.NativeIntelCancellationAndCompletionFailureAllowRetry (202 ms)
[----------] 1 test from HvfExecutor (202 ms total)

[==========] 1 test from 1 test suite ran. (202 ms total)
[  PASSED  ] 1 test.

Repeating all tests (iteration 35) . . .

Note: Google Test filter = HvfExecutor.Native*
[==========] Running 1 test from 1 test suite.
[----------] 1 test from HvfExecutor
[ RUN      ] HvfExecutor.NativeIntelCancellationAndCompletionFailureAllowRetry
INTEL_PROBE phase=executor_retained
INTEL_LIFECYCLE phase=vcpu_destroy_begin generation=35 owner=77081
INTEL_LIFECYCLE phase=vcpu_destroy_end generation=35 owner=77081
INTEL_LIFECYCLE phase=vm_destroy_begin generation=35 owner=77081
INTEL_LIFECYCLE phase=vm_destroy_end generation=35 owner=77081
INTEL_LIFECYCLE phase=vm_create_begin generation=36 owner=77081
INTEL_LIFECYCLE phase=vm_create_end generation=36 owner=77081
INTEL_LIFECYCLE phase=vcpu_create_begin generation=36 owner=77081
INTEL_LIFECYCLE phase=vcpu_create_end generation=36 owner=77081
[       OK ] HvfExecutor.NativeIntelCancellationAndCompletionFailureAllowRetry (248 ms)
[----------] 1 test from HvfExecutor (248 ms total)

[==========] 1 test from 1 test suite ran. (248 ms total)
[  PASSED  ] 1 test.

Repeating all tests (iteration 36) . . .

Note: Google Test filter = HvfExecutor.Native*
[==========] Running 1 test from 1 test suite.
[----------] 1 test from HvfExecutor
[ RUN      ] HvfExecutor.NativeIntelCancellationAndCompletionFailureAllowRetry
INTEL_PROBE phase=executor_retained
INTEL_LIFECYCLE phase=vcpu_destroy_begin generation=36 owner=77081
INTEL_LIFECYCLE phase=vcpu_destroy_end generation=36 owner=77081
INTEL_LIFECYCLE phase=vm_destroy_begin generation=36 owner=77081
INTEL_LIFECYCLE phase=vm_destroy_end generation=36 owner=77081
INTEL_LIFECYCLE phase=vm_create_begin generation=37 owner=77081
INTEL_LIFECYCLE phase=vm_create_end generation=37 owner=77081
INTEL_LIFECYCLE phase=vcpu_create_begin generation=37 owner=77081
INTEL_LIFECYCLE phase=vcpu_create_end generation=37 owner=77081
[       OK ] HvfExecutor.NativeIntelCancellationAndCompletionFailureAllowRetry (282 ms)
[----------] 1 test from HvfExecutor (282 ms total)

[==========] 1 test from 1 test suite ran. (282 ms total)
[  PASSED  ] 1 test.

Repeating all tests (iteration 37) . . .

Note: Google Test filter = HvfExecutor.Native*
[==========] Running 1 test from 1 test suite.
[----------] 1 test from HvfExecutor
[ RUN      ] HvfExecutor.NativeIntelCancellationAndCompletionFailureAllowRetry
INTEL_PROBE phase=executor_retained
INTEL_LIFECYCLE phase=vcpu_destroy_begin generation=37 owner=77081
INTEL_LIFECYCLE phase=vcpu_destroy_end generation=37 owner=77081
INTEL_LIFECYCLE phase=vm_destroy_begin generation=37 owner=77081
INTEL_LIFECYCLE phase=vm_destroy_end generation=37 owner=77081
INTEL_LIFECYCLE phase=vm_create_begin generation=38 owner=77081
INTEL_LIFECYCLE phase=vm_create_end generation=38 owner=77081
INTEL_LIFECYCLE phase=vcpu_create_begin generation=38 owner=77081
INTEL_LIFECYCLE phase=vcpu_create_end generation=38 owner=77081
[       OK ] HvfExecutor.NativeIntelCancellationAndCompletionFailureAllowRetry (292 ms)
[----------] 1 test from HvfExecutor (292 ms total)

[==========] 1 test from 1 test suite ran. (292 ms total)
[  PASSED  ] 1 test.

Repeating all tests (iteration 38) . . .

Note: Google Test filter = HvfExecutor.Native*
[==========] Running 1 test from 1 test suite.
[----------] 1 test from HvfExecutor
[ RUN      ] HvfExecutor.NativeIntelCancellationAndCompletionFailureAllowRetry
INTEL_PROBE phase=executor_retained
INTEL_LIFECYCLE phase=vcpu_destroy_begin generation=38 owner=77081
INTEL_LIFECYCLE phase=vcpu_destroy_end generation=38 owner=77081
INTEL_LIFECYCLE phase=vm_destroy_begin generation=38 owner=77081
INTEL_LIFECYCLE phase=vm_destroy_end generation=38 owner=77081
INTEL_LIFECYCLE phase=vm_create_begin generation=39 owner=77081
INTEL_LIFECYCLE phase=vm_create_end generation=39 owner=77081
INTEL_LIFECYCLE phase=vcpu_create_begin generation=39 owner=77081
INTEL_LIFECYCLE phase=vcpu_create_end generation=39 owner=77081
[       OK ] HvfExecutor.NativeIntelCancellationAndCompletionFailureAllowRetry (248 ms)
[----------] 1 test from HvfExecutor (248 ms total)

[==========] 1 test from 1 test suite ran. (248 ms total)
[  PASSED  ] 1 test.

Repeating all tests (iteration 39) . . .

Note: Google Test filter = HvfExecutor.Native*
[==========] Running 1 test from 1 test suite.
[----------] 1 test from HvfExecutor
[ RUN      ] HvfExecutor.NativeIntelCancellationAndCompletionFailureAllowRetry
INTEL_PROBE phase=executor_retained
INTEL_LIFECYCLE phase=vcpu_destroy_begin generation=39 owner=77081
INTEL_LIFECYCLE phase=vcpu_destroy_end generation=39 owner=77081
INTEL_LIFECYCLE phase=vm_destroy_begin generation=39 owner=77081
INTEL_LIFECYCLE phase=vm_destroy_end generation=39 owner=77081
INTEL_LIFECYCLE phase=vm_create_begin generation=40 owner=77081
INTEL_LIFECYCLE phase=vm_create_end generation=40 owner=77081
INTEL_LIFECYCLE phase=vcpu_create_begin generation=40 owner=77081
INTEL_LIFECYCLE phase=vcpu_create_end generation=40 owner=77081
[       OK ] HvfExecutor.NativeIntelCancellationAndCompletionFailureAllowRetry (132 ms)
[----------] 1 test from HvfExecutor (132 ms total)

[==========] 1 test from 1 test suite ran. (133 ms total)
[  PASSED  ] 1 test.

Repeating all tests (iteration 40) . . .

Note: Google Test filter = HvfExecutor.Native*
[==========] Running 1 test from 1 test suite.
[----------] 1 test from HvfExecutor
[ RUN      ] HvfExecutor.NativeIntelCancellationAndCompletionFailureAllowRetry
INTEL_PROBE phase=executor_retained
INTEL_LIFECYCLE phase=vcpu_destroy_begin generation=40 owner=77081
INTEL_LIFECYCLE phase=vcpu_destroy_end generation=40 owner=77081
INTEL_LIFECYCLE phase=vm_destroy_begin generation=40 owner=77081
INTEL_LIFECYCLE phase=vm_destroy_end generation=40 owner=77081
INTEL_LIFECYCLE phase=vm_create_begin generation=41 owner=77081
INTEL_LIFECYCLE phase=vm_create_end generation=41 owner=77081
INTEL_LIFECYCLE phase=vcpu_create_begin generation=41 owner=77081
INTEL_LIFECYCLE phase=vcpu_create_end generation=41 owner=77081
[       OK ] HvfExecutor.NativeIntelCancellationAndCompletionFailureAllowRetry (166 ms)
[----------] 1 test from HvfExecutor (166 ms total)

[==========] 1 test from 1 test suite ran. (166 ms total)
[  PASSED  ] 1 test.

Repeating all tests (iteration 41) . . .

Note: Google Test filter = HvfExecutor.Native*
[==========] Running 1 test from 1 test suite.
[----------] 1 test from HvfExecutor
[ RUN      ] HvfExecutor.NativeIntelCancellationAndCompletionFailureAllowRetry
INTEL_PROBE phase=executor_retained
INTEL_LIFECYCLE phase=vcpu_destroy_begin generation=41 owner=77081
INTEL_LIFECYCLE phase=vcpu_destroy_end generation=41 owner=77081
INTEL_LIFECYCLE phase=vm_destroy_begin generation=41 owner=77081
INTEL_LIFECYCLE phase=vm_destroy_end generation=41 owner=77081
INTEL_LIFECYCLE phase=vm_create_begin generation=42 owner=77081
INTEL_LIFECYCLE phase=vm_create_end generation=42 owner=77081
INTEL_LIFECYCLE phase=vcpu_create_begin generation=42 owner=77081
INTEL_LIFECYCLE phase=vcpu_create_end generation=42 owner=77081
[       OK ] HvfExecutor.NativeIntelCancellationAndCompletionFailureAllowRetry (398 ms)
[----------] 1 test from HvfExecutor (398 ms total)

[==========] 1 test from 1 test suite ran. (398 ms total)
[  PASSED  ] 1 test.

Repeating all tests (iteration 42) . . .

Note: Google Test filter = HvfExecutor.Native*
[==========] Running 1 test from 1 test suite.
[----------] 1 test from HvfExecutor
[ RUN      ] HvfExecutor.NativeIntelCancellationAndCompletionFailureAllowRetry
INTEL_PROBE phase=executor_retained
INTEL_LIFECYCLE phase=vcpu_destroy_begin generation=42 owner=77081
INTEL_LIFECYCLE phase=vcpu_destroy_end generation=42 owner=77081
INTEL_LIFECYCLE phase=vm_destroy_begin generation=42 owner=77081
INTEL_LIFECYCLE phase=vm_destroy_end generation=42 owner=77081
INTEL_LIFECYCLE phase=vm_create_begin generation=43 owner=77081
INTEL_LIFECYCLE phase=vm_create_end generation=43 owner=77081
INTEL_LIFECYCLE phase=vcpu_create_begin generation=43 owner=77081
INTEL_LIFECYCLE phase=vcpu_create_end generation=43 owner=77081
[       OK ] HvfExecutor.NativeIntelCancellationAndCompletionFailureAllowRetry (233 ms)
[----------] 1 test from HvfExecutor (233 ms total)

[==========] 1 test from 1 test suite ran. (233 ms total)
[  PASSED  ] 1 test.

Repeating all tests (iteration 43) . . .

Note: Google Test filter = HvfExecutor.Native*
[==========] Running 1 test from 1 test suite.
[----------] 1 test from HvfExecutor
[ RUN      ] HvfExecutor.NativeIntelCancellationAndCompletionFailureAllowRetry
INTEL_PROBE phase=executor_retained
INTEL_LIFECYCLE phase=vcpu_destroy_begin generation=43 owner=77081
INTEL_LIFECYCLE phase=vcpu_destroy_end generation=43 owner=77081
INTEL_LIFECYCLE phase=vm_destroy_begin generation=43 owner=77081
INTEL_LIFECYCLE phase=vm_destroy_end generation=43 owner=77081
INTEL_LIFECYCLE phase=vm_create_begin generation=44 owner=77081
INTEL_LIFECYCLE phase=vm_create_end generation=44 owner=77081
INTEL_LIFECYCLE phase=vcpu_create_begin generation=44 owner=77081
INTEL_LIFECYCLE phase=vcpu_create_end generation=44 owner=77081
[       OK ] HvfExecutor.NativeIntelCancellationAndCompletionFailureAllowRetry (322 ms)
[----------] 1 test from HvfExecutor (322 ms total)

[==========] 1 test from 1 test suite ran. (322 ms total)
[  PASSED  ] 1 test.

Repeating all tests (iteration 44) . . .

Note: Google Test filter = HvfExecutor.Native*
[==========] Running 1 test from 1 test suite.
[----------] 1 test from HvfExecutor
[ RUN      ] HvfExecutor.NativeIntelCancellationAndCompletionFailureAllowRetry
INTEL_PROBE phase=executor_retained
INTEL_LIFECYCLE phase=vcpu_destroy_begin generation=44 owner=77081
INTEL_LIFECYCLE phase=vcpu_destroy_end generation=44 owner=77081
INTEL_LIFECYCLE phase=vm_destroy_begin generation=44 owner=77081
INTEL_LIFECYCLE phase=vm_destroy_end generation=44 owner=77081
INTEL_LIFECYCLE phase=vm_create_begin generation=45 owner=77081
INTEL_LIFECYCLE phase=vm_create_end generation=45 owner=77081
INTEL_LIFECYCLE phase=vcpu_create_begin generation=45 owner=77081
INTEL_LIFECYCLE phase=vcpu_create_end generation=45 owner=77081
[       OK ] HvfExecutor.NativeIntelCancellationAndCompletionFailureAllowRetry (275 ms)
[----------] 1 test from HvfExecutor (275 ms total)

[==========] 1 test from 1 test suite ran. (275 ms total)
[  PASSED  ] 1 test.

Repeating all tests (iteration 45) . . .

Note: Google Test filter = HvfExecutor.Native*
[==========] Running 1 test from 1 test suite.
[----------] 1 test from HvfExecutor
[ RUN      ] HvfExecutor.NativeIntelCancellationAndCompletionFailureAllowRetry
INTEL_PROBE phase=executor_retained
INTEL_LIFECYCLE phase=vcpu_destroy_begin generation=45 owner=77081
INTEL_LIFECYCLE phase=vcpu_destroy_end generation=45 owner=77081
INTEL_LIFECYCLE phase=vm_destroy_begin generation=45 owner=77081
INTEL_LIFECYCLE phase=vm_destroy_end generation=45 owner=77081
INTEL_LIFECYCLE phase=vm_create_begin generation=46 owner=77081
INTEL_LIFECYCLE phase=vm_create_end generation=46 owner=77081
INTEL_LIFECYCLE phase=vcpu_create_begin generation=46 owner=77081
INTEL_LIFECYCLE phase=vcpu_create_end generation=46 owner=77081
[       OK ] HvfExecutor.NativeIntelCancellationAndCompletionFailureAllowRetry (205 ms)
[----------] 1 test from HvfExecutor (205 ms total)

[==========] 1 test from 1 test suite ran. (205 ms total)
[  PASSED  ] 1 test.

Repeating all tests (iteration 46) . . .

Note: Google Test filter = HvfExecutor.Native*
[==========] Running 1 test from 1 test suite.
[----------] 1 test from HvfExecutor
[ RUN      ] HvfExecutor.NativeIntelCancellationAndCompletionFailureAllowRetry
INTEL_PROBE phase=executor_retained
INTEL_LIFECYCLE phase=vcpu_destroy_begin generation=46 owner=77081
INTEL_LIFECYCLE phase=vcpu_destroy_end generation=46 owner=77081
INTEL_LIFECYCLE phase=vm_destroy_begin generation=46 owner=77081
INTEL_LIFECYCLE phase=vm_destroy_end generation=46 owner=77081
INTEL_LIFECYCLE phase=vm_create_begin generation=47 owner=77081
INTEL_LIFECYCLE phase=vm_create_end generation=47 owner=77081
INTEL_LIFECYCLE phase=vcpu_create_begin generation=47 owner=77081
INTEL_LIFECYCLE phase=vcpu_create_end generation=47 owner=77081
[       OK ] HvfExecutor.NativeIntelCancellationAndCompletionFailureAllowRetry (315 ms)
[----------] 1 test from HvfExecutor (315 ms total)

[==========] 1 test from 1 test suite ran. (315 ms total)
[  PASSED  ] 1 test.

Repeating all tests (iteration 47) . . .

Note: Google Test filter = HvfExecutor.Native*
[==========] Running 1 test from 1 test suite.
[----------] 1 test from HvfExecutor
[ RUN      ] HvfExecutor.NativeIntelCancellationAndCompletionFailureAllowRetry
INTEL_PROBE phase=executor_retained
INTEL_LIFECYCLE phase=vcpu_destroy_begin generation=47 owner=77081
INTEL_LIFECYCLE phase=vcpu_destroy_end generation=47 owner=77081
INTEL_LIFECYCLE phase=vm_destroy_begin generation=47 owner=77081
INTEL_LIFECYCLE phase=vm_destroy_end generation=47 owner=77081
INTEL_LIFECYCLE phase=vm_create_begin generation=48 owner=77081
INTEL_LIFECYCLE phase=vm_create_end generation=48 owner=77081
INTEL_LIFECYCLE phase=vcpu_create_begin generation=48 owner=77081
INTEL_LIFECYCLE phase=vcpu_create_end generation=48 owner=77081
[       OK ] HvfExecutor.NativeIntelCancellationAndCompletionFailureAllowRetry (232 ms)
[----------] 1 test from HvfExecutor (232 ms total)

[==========] 1 test from 1 test suite ran. (232 ms total)
[  PASSED  ] 1 test.

Repeating all tests (iteration 48) . . .

Note: Google Test filter = HvfExecutor.Native*
[==========] Running 1 test from 1 test suite.
[----------] 1 test from HvfExecutor
[ RUN      ] HvfExecutor.NativeIntelCancellationAndCompletionFailureAllowRetry
INTEL_PROBE phase=executor_retained
INTEL_LIFECYCLE phase=vcpu_destroy_begin generation=48 owner=77081
INTEL_LIFECYCLE phase=vcpu_destroy_end generation=48 owner=77081
INTEL_LIFECYCLE phase=vm_destroy_begin generation=48 owner=77081
INTEL_LIFECYCLE phase=vm_destroy_end generation=48 owner=77081
INTEL_LIFECYCLE phase=vm_create_begin generation=49 owner=77081
INTEL_LIFECYCLE phase=vm_create_end generation=49 owner=77081
INTEL_LIFECYCLE phase=vcpu_create_begin generation=49 owner=77081
INTEL_LIFECYCLE phase=vcpu_create_end generation=49 owner=77081
[       OK ] HvfExecutor.NativeIntelCancellationAndCompletionFailureAllowRetry (125 ms)
[----------] 1 test from HvfExecutor (125 ms total)

[==========] 1 test from 1 test suite ran. (125 ms total)
[  PASSED  ] 1 test.

Repeating all tests (iteration 49) . . .

Note: Google Test filter = HvfExecutor.Native*
[==========] Running 1 test from 1 test suite.
[----------] 1 test from HvfExecutor
[ RUN      ] HvfExecutor.NativeIntelCancellationAndCompletionFailureAllowRetry
INTEL_PROBE phase=executor_retained
INTEL_LIFECYCLE phase=vcpu_destroy_begin generation=49 owner=77081
INTEL_LIFECYCLE phase=vcpu_destroy_end generation=49 owner=77081
INTEL_LIFECYCLE phase=vm_destroy_begin generation=49 owner=77081
INTEL_LIFECYCLE phase=vm_destroy_end generation=49 owner=77081
INTEL_LIFECYCLE phase=vm_create_begin generation=50 owner=77081
INTEL_LIFECYCLE phase=vm_create_end generation=50 owner=77081
INTEL_LIFECYCLE phase=vcpu_create_begin generation=50 owner=77081
INTEL_LIFECYCLE phase=vcpu_create_end generation=50 owner=77081
[       OK ] HvfExecutor.NativeIntelCancellationAndCompletionFailureAllowRetry (249 ms)
[----------] 1 test from HvfExecutor (249 ms total)

[==========] 1 test from 1 test suite ran. (249 ms total)
[  PASSED  ] 1 test.

Repeating all tests (iteration 50) . . .

Note: Google Test filter = HvfExecutor.Native*
[==========] Running 1 test from 1 test suite.
[----------] 1 test from HvfExecutor
[ RUN      ] HvfExecutor.NativeIntelCancellationAndCompletionFailureAllowRetry
INTEL_PROBE phase=executor_retained
INTEL_LIFECYCLE phase=vcpu_destroy_begin generation=50 owner=77081
INTEL_LIFECYCLE phase=vcpu_destroy_end generation=50 owner=77081
INTEL_LIFECYCLE phase=vm_destroy_begin generation=50 owner=77081
INTEL_LIFECYCLE phase=vm_destroy_end generation=50 owner=77081
INTEL_LIFECYCLE phase=vm_create_begin generation=51 owner=77081
INTEL_LIFECYCLE phase=vm_create_end generation=51 owner=77081
INTEL_LIFECYCLE phase=vcpu_create_begin generation=51 owner=77081
INTEL_LIFECYCLE phase=vcpu_create_end generation=51 owner=77081
[       OK ] HvfExecutor.NativeIntelCancellationAndCompletionFailureAllowRetry (302 ms)
[----------] 1 test from HvfExecutor (302 ms total)

[==========] 1 test from 1 test suite ran. (302 ms total)
[  PASSED  ] 1 test.

Repeating all tests (iteration 51) . . .

Note: Google Test filter = HvfExecutor.Native*
[==========] Running 1 test from 1 test suite.
[----------] 1 test from HvfExecutor
[ RUN      ] HvfExecutor.NativeIntelCancellationAndCompletionFailureAllowRetry
INTEL_PROBE phase=executor_retained
