Running main() from /Users/runner/work/test_mac_intel/test_mac_intel/source/build-hvf/_deps/googletest-src/googletest/src/gtest_main.cc

Repeating all tests (iteration 1) . . .

Note: Google Test filter = HvfIntelRecoveryProbe.WithoutHostKick
[==========] Running 1 test from 1 test suite.
[----------] Global test environment set-up.
[----------] 1 test from HvfIntelRecoveryProbe
[ RUN      ] HvfIntelRecoveryProbe.WithoutHostKick
INTEL_PROBE phase=executor_retained
INTEL_RECOVERY host_kick=omitted
INTEL_LIFECYCLE phase=vcpu_destroy_begin generation=1 owner=57960
INTEL_LIFECYCLE phase=vcpu_destroy_end generation=1 owner=57960
INTEL_LIFECYCLE phase=vm_destroy_begin generation=1 owner=57960
INTEL_LIFECYCLE phase=vm_destroy_end generation=1 owner=57960
INTEL_LIFECYCLE phase=vm_create_begin generation=2 owner=57960
INTEL_LIFECYCLE phase=vm_create_end generation=2 owner=57960
INTEL_LIFECYCLE phase=vcpu_create_begin generation=2 owner=57960
INTEL_LIFECYCLE phase=vcpu_create_end generation=2 owner=57960
[       OK ] HvfIntelRecoveryProbe.WithoutHostKick (337 ms)
[----------] 1 test from HvfIntelRecoveryProbe (338 ms total)

[==========] 1 test from 1 test suite ran. (338 ms total)
[  PASSED  ] 1 test.

Repeating all tests (iteration 2) . . .

Note: Google Test filter = HvfIntelRecoveryProbe.WithoutHostKick
[==========] Running 1 test from 1 test suite.
[----------] 1 test from HvfIntelRecoveryProbe
[ RUN      ] HvfIntelRecoveryProbe.WithoutHostKick
INTEL_PROBE phase=executor_retained
INTEL_RECOVERY host_kick=omitted
INTEL_LIFECYCLE phase=vcpu_destroy_begin generation=2 owner=57960
INTEL_LIFECYCLE phase=vcpu_destroy_end generation=2 owner=57960
INTEL_LIFECYCLE phase=vm_destroy_begin generation=2 owner=57960
INTEL_LIFECYCLE phase=vm_destroy_end generation=2 owner=57960
INTEL_LIFECYCLE phase=vm_create_begin generation=3 owner=57960
INTEL_LIFECYCLE phase=vm_create_end generation=3 owner=57960
INTEL_LIFECYCLE phase=vcpu_create_begin generation=3 owner=57960
INTEL_LIFECYCLE phase=vcpu_create_end generation=3 owner=57960
[       OK ] HvfIntelRecoveryProbe.WithoutHostKick (373 ms)
[----------] 1 test from HvfIntelRecoveryProbe (374 ms total)

[==========] 1 test from 1 test suite ran. (374 ms total)
[  PASSED  ] 1 test.

Repeating all tests (iteration 3) . . .

Note: Google Test filter = HvfIntelRecoveryProbe.WithoutHostKick
[==========] Running 1 test from 1 test suite.
[----------] 1 test from HvfIntelRecoveryProbe
[ RUN      ] HvfIntelRecoveryProbe.WithoutHostKick
INTEL_PROBE phase=executor_retained
INTEL_RECOVERY host_kick=omitted
INTEL_LIFECYCLE phase=vcpu_destroy_begin generation=3 owner=57960
INTEL_LIFECYCLE phase=vcpu_destroy_end generation=3 owner=57960
INTEL_LIFECYCLE phase=vm_destroy_begin generation=3 owner=57960
INTEL_LIFECYCLE phase=vm_destroy_end generation=3 owner=57960
INTEL_LIFECYCLE phase=vm_create_begin generation=4 owner=57960
INTEL_LIFECYCLE phase=vm_create_end generation=4 owner=57960
INTEL_LIFECYCLE phase=vcpu_create_begin generation=4 owner=57960
INTEL_LIFECYCLE phase=vcpu_create_end generation=4 owner=57960
[       OK ] HvfIntelRecoveryProbe.WithoutHostKick (353 ms)
[----------] 1 test from HvfIntelRecoveryProbe (353 ms total)

[==========] 1 test from 1 test suite ran. (353 ms total)
[  PASSED  ] 1 test.

Repeating all tests (iteration 4) . . .

Note: Google Test filter = HvfIntelRecoveryProbe.WithoutHostKick
[==========] Running 1 test from 1 test suite.
[----------] 1 test from HvfIntelRecoveryProbe
[ RUN      ] HvfIntelRecoveryProbe.WithoutHostKick
INTEL_PROBE phase=executor_retained
INTEL_RECOVERY host_kick=omitted
INTEL_LIFECYCLE phase=vcpu_destroy_begin generation=4 owner=57960
INTEL_LIFECYCLE phase=vcpu_destroy_end generation=4 owner=57960
INTEL_LIFECYCLE phase=vm_destroy_begin generation=4 owner=57960
INTEL_LIFECYCLE phase=vm_destroy_end generation=4 owner=57960
INTEL_LIFECYCLE phase=vm_create_begin generation=5 owner=57960
INTEL_LIFECYCLE phase=vm_create_end generation=5 owner=57960
INTEL_LIFECYCLE phase=vcpu_create_begin generation=5 owner=57960
INTEL_LIFECYCLE phase=vcpu_create_end generation=5 owner=57960
[       OK ] HvfIntelRecoveryProbe.WithoutHostKick (219 ms)
[----------] 1 test from HvfIntelRecoveryProbe (219 ms total)

[==========] 1 test from 1 test suite ran. (219 ms total)
[  PASSED  ] 1 test.

Repeating all tests (iteration 5) . . .

Note: Google Test filter = HvfIntelRecoveryProbe.WithoutHostKick
[==========] Running 1 test from 1 test suite.
[----------] 1 test from HvfIntelRecoveryProbe
[ RUN      ] HvfIntelRecoveryProbe.WithoutHostKick
INTEL_PROBE phase=executor_retained
INTEL_RECOVERY host_kick=omitted
INTEL_LIFECYCLE phase=vcpu_destroy_begin generation=5 owner=57960
INTEL_LIFECYCLE phase=vcpu_destroy_end generation=5 owner=57960
INTEL_LIFECYCLE phase=vm_destroy_begin generation=5 owner=57960
INTEL_LIFECYCLE phase=vm_destroy_end generation=5 owner=57960
INTEL_LIFECYCLE phase=vm_create_begin generation=6 owner=57960
INTEL_LIFECYCLE phase=vm_create_end generation=6 owner=57960
INTEL_LIFECYCLE phase=vcpu_create_begin generation=6 owner=57960
INTEL_LIFECYCLE phase=vcpu_create_end generation=6 owner=57960
[       OK ] HvfIntelRecoveryProbe.WithoutHostKick (316 ms)
[----------] 1 test from HvfIntelRecoveryProbe (316 ms total)

[==========] 1 test from 1 test suite ran. (316 ms total)
[  PASSED  ] 1 test.

Repeating all tests (iteration 6) . . .

Note: Google Test filter = HvfIntelRecoveryProbe.WithoutHostKick
[==========] Running 1 test from 1 test suite.
[----------] 1 test from HvfIntelRecoveryProbe
[ RUN      ] HvfIntelRecoveryProbe.WithoutHostKick
INTEL_PROBE phase=executor_retained
INTEL_RECOVERY host_kick=omitted
INTEL_LIFECYCLE phase=vcpu_destroy_begin generation=6 owner=57960
INTEL_LIFECYCLE phase=vcpu_destroy_end generation=6 owner=57960
INTEL_LIFECYCLE phase=vm_destroy_begin generation=6 owner=57960
INTEL_LIFECYCLE phase=vm_destroy_end generation=6 owner=57960
INTEL_LIFECYCLE phase=vm_create_begin generation=7 owner=57960
INTEL_LIFECYCLE phase=vm_create_end generation=7 owner=57960
INTEL_LIFECYCLE phase=vcpu_create_begin generation=7 owner=57960
INTEL_LIFECYCLE phase=vcpu_create_end generation=7 owner=57960
[       OK ] HvfIntelRecoveryProbe.WithoutHostKick (300 ms)
[----------] 1 test from HvfIntelRecoveryProbe (300 ms total)

[==========] 1 test from 1 test suite ran. (301 ms total)
[  PASSED  ] 1 test.

Repeating all tests (iteration 7) . . .

Note: Google Test filter = HvfIntelRecoveryProbe.WithoutHostKick
[==========] Running 1 test from 1 test suite.
[----------] 1 test from HvfIntelRecoveryProbe
[ RUN      ] HvfIntelRecoveryProbe.WithoutHostKick
INTEL_PROBE phase=executor_retained
INTEL_RECOVERY host_kick=omitted
INTEL_LIFECYCLE phase=vcpu_destroy_begin generation=7 owner=57960
INTEL_LIFECYCLE phase=vcpu_destroy_end generation=7 owner=57960
INTEL_LIFECYCLE phase=vm_destroy_begin generation=7 owner=57960
INTEL_LIFECYCLE phase=vm_destroy_end generation=7 owner=57960
INTEL_LIFECYCLE phase=vm_create_begin generation=8 owner=57960
INTEL_LIFECYCLE phase=vm_create_end generation=8 owner=57960
INTEL_LIFECYCLE phase=vcpu_create_begin generation=8 owner=57960
INTEL_LIFECYCLE phase=vcpu_create_end generation=8 owner=57960
[       OK ] HvfIntelRecoveryProbe.WithoutHostKick (204 ms)
[----------] 1 test from HvfIntelRecoveryProbe (204 ms total)

[==========] 1 test from 1 test suite ran. (205 ms total)
[  PASSED  ] 1 test.

Repeating all tests (iteration 8) . . .

Note: Google Test filter = HvfIntelRecoveryProbe.WithoutHostKick
[==========] Running 1 test from 1 test suite.
[----------] 1 test from HvfIntelRecoveryProbe
[ RUN      ] HvfIntelRecoveryProbe.WithoutHostKick
INTEL_PROBE phase=executor_retained
INTEL_RECOVERY host_kick=omitted
INTEL_LIFECYCLE phase=vcpu_destroy_begin generation=8 owner=57960
INTEL_LIFECYCLE phase=vcpu_destroy_end generation=8 owner=57960
INTEL_LIFECYCLE phase=vm_destroy_begin generation=8 owner=57960
INTEL_LIFECYCLE phase=vm_destroy_end generation=8 owner=57960
INTEL_LIFECYCLE phase=vm_create_begin generation=9 owner=57960
INTEL_LIFECYCLE phase=vm_create_end generation=9 owner=57960
INTEL_LIFECYCLE phase=vcpu_create_begin generation=9 owner=57960
INTEL_LIFECYCLE phase=vcpu_create_end generation=9 owner=57960
[       OK ] HvfIntelRecoveryProbe.WithoutHostKick (283 ms)
[----------] 1 test from HvfIntelRecoveryProbe (283 ms total)

[==========] 1 test from 1 test suite ran. (283 ms total)
[  PASSED  ] 1 test.

Repeating all tests (iteration 9) . . .

Note: Google Test filter = HvfIntelRecoveryProbe.WithoutHostKick
[==========] Running 1 test from 1 test suite.
[----------] 1 test from HvfIntelRecoveryProbe
[ RUN      ] HvfIntelRecoveryProbe.WithoutHostKick
INTEL_PROBE phase=executor_retained
INTEL_RECOVERY host_kick=omitted
INTEL_LIFECYCLE phase=vcpu_destroy_begin generation=9 owner=57960
INTEL_LIFECYCLE phase=vcpu_destroy_end generation=9 owner=57960
INTEL_LIFECYCLE phase=vm_destroy_begin generation=9 owner=57960
INTEL_LIFECYCLE phase=vm_destroy_end generation=9 owner=57960
INTEL_LIFECYCLE phase=vm_create_begin generation=10 owner=57960
INTEL_LIFECYCLE phase=vm_create_end generation=10 owner=57960
INTEL_LIFECYCLE phase=vcpu_create_begin generation=10 owner=57960
INTEL_LIFECYCLE phase=vcpu_create_end generation=10 owner=57960
[       OK ] HvfIntelRecoveryProbe.WithoutHostKick (147 ms)
[----------] 1 test from HvfIntelRecoveryProbe (147 ms total)

[==========] 1 test from 1 test suite ran. (147 ms total)
[  PASSED  ] 1 test.

Repeating all tests (iteration 10) . . .

Note: Google Test filter = HvfIntelRecoveryProbe.WithoutHostKick
[==========] Running 1 test from 1 test suite.
[----------] 1 test from HvfIntelRecoveryProbe
[ RUN      ] HvfIntelRecoveryProbe.WithoutHostKick
INTEL_PROBE phase=executor_retained
INTEL_RECOVERY host_kick=omitted
INTEL_LIFECYCLE phase=vcpu_destroy_begin generation=10 owner=57960
INTEL_LIFECYCLE phase=vcpu_destroy_end generation=10 owner=57960
INTEL_LIFECYCLE phase=vm_destroy_begin generation=10 owner=57960
INTEL_LIFECYCLE phase=vm_destroy_end generation=10 owner=57960
INTEL_LIFECYCLE phase=vm_create_begin generation=11 owner=57960
INTEL_LIFECYCLE phase=vm_create_end generation=11 owner=57960
INTEL_LIFECYCLE phase=vcpu_create_begin generation=11 owner=57960
INTEL_LIFECYCLE phase=vcpu_create_end generation=11 owner=57960
[       OK ] HvfIntelRecoveryProbe.WithoutHostKick (270 ms)
[----------] 1 test from HvfIntelRecoveryProbe (270 ms total)

[==========] 1 test from 1 test suite ran. (270 ms total)
[  PASSED  ] 1 test.

Repeating all tests (iteration 11) . . .

Note: Google Test filter = HvfIntelRecoveryProbe.WithoutHostKick
[==========] Running 1 test from 1 test suite.
[----------] 1 test from HvfIntelRecoveryProbe
[ RUN      ] HvfIntelRecoveryProbe.WithoutHostKick
INTEL_PROBE phase=executor_retained
INTEL_RECOVERY host_kick=omitted
INTEL_LIFECYCLE phase=vcpu_destroy_begin generation=11 owner=57960
INTEL_LIFECYCLE phase=vcpu_destroy_end generation=11 owner=57960
INTEL_LIFECYCLE phase=vm_destroy_begin generation=11 owner=57960
INTEL_LIFECYCLE phase=vm_destroy_end generation=11 owner=57960
INTEL_LIFECYCLE phase=vm_create_begin generation=12 owner=57960
INTEL_LIFECYCLE phase=vm_create_end generation=12 owner=57960
INTEL_LIFECYCLE phase=vcpu_create_begin generation=12 owner=57960
INTEL_LIFECYCLE phase=vcpu_create_end generation=12 owner=57960
[       OK ] HvfIntelRecoveryProbe.WithoutHostKick (337 ms)
[----------] 1 test from HvfIntelRecoveryProbe (338 ms total)

[==========] 1 test from 1 test suite ran. (338 ms total)
[  PASSED  ] 1 test.

Repeating all tests (iteration 12) . . .

Note: Google Test filter = HvfIntelRecoveryProbe.WithoutHostKick
[==========] Running 1 test from 1 test suite.
[----------] 1 test from HvfIntelRecoveryProbe
[ RUN      ] HvfIntelRecoveryProbe.WithoutHostKick
INTEL_PROBE phase=executor_retained
INTEL_RECOVERY host_kick=omitted
INTEL_LIFECYCLE phase=vcpu_destroy_begin generation=12 owner=57960
INTEL_LIFECYCLE phase=vcpu_destroy_end generation=12 owner=57960
INTEL_LIFECYCLE phase=vm_destroy_begin generation=12 owner=57960
INTEL_LIFECYCLE phase=vm_destroy_end generation=12 owner=57960
INTEL_LIFECYCLE phase=vm_create_begin generation=13 owner=57960
INTEL_LIFECYCLE phase=vm_create_end generation=13 owner=57960
INTEL_LIFECYCLE phase=vcpu_create_begin generation=13 owner=57960
INTEL_LIFECYCLE phase=vcpu_create_end generation=13 owner=57960
[       OK ] HvfIntelRecoveryProbe.WithoutHostKick (257 ms)
[----------] 1 test from HvfIntelRecoveryProbe (257 ms total)

[==========] 1 test from 1 test suite ran. (257 ms total)
[  PASSED  ] 1 test.

Repeating all tests (iteration 13) . . .

Note: Google Test filter = HvfIntelRecoveryProbe.WithoutHostKick
[==========] Running 1 test from 1 test suite.
[----------] 1 test from HvfIntelRecoveryProbe
[ RUN      ] HvfIntelRecoveryProbe.WithoutHostKick
INTEL_PROBE phase=executor_retained
INTEL_RECOVERY host_kick=omitted
INTEL_LIFECYCLE phase=vcpu_destroy_begin generation=13 owner=57960
INTEL_LIFECYCLE phase=vcpu_destroy_end generation=13 owner=57960
INTEL_LIFECYCLE phase=vm_destroy_begin generation=13 owner=57960
INTEL_LIFECYCLE phase=vm_destroy_end generation=13 owner=57960
INTEL_LIFECYCLE phase=vm_create_begin generation=14 owner=57960
INTEL_LIFECYCLE phase=vm_create_end generation=14 owner=57960
INTEL_LIFECYCLE phase=vcpu_create_begin generation=14 owner=57960
INTEL_LIFECYCLE phase=vcpu_create_end generation=14 owner=57960
[       OK ] HvfIntelRecoveryProbe.WithoutHostKick (253 ms)
[----------] 1 test from HvfIntelRecoveryProbe (253 ms total)

[==========] 1 test from 1 test suite ran. (253 ms total)
[  PASSED  ] 1 test.

Repeating all tests (iteration 14) . . .

Note: Google Test filter = HvfIntelRecoveryProbe.WithoutHostKick
[==========] Running 1 test from 1 test suite.
[----------] 1 test from HvfIntelRecoveryProbe
[ RUN      ] HvfIntelRecoveryProbe.WithoutHostKick
INTEL_PROBE phase=executor_retained
INTEL_RECOVERY host_kick=omitted
INTEL_LIFECYCLE phase=vcpu_destroy_begin generation=14 owner=57960
INTEL_LIFECYCLE phase=vcpu_destroy_end generation=14 owner=57960
INTEL_LIFECYCLE phase=vm_destroy_begin generation=14 owner=57960
INTEL_LIFECYCLE phase=vm_destroy_end generation=14 owner=57960
INTEL_LIFECYCLE phase=vm_create_begin generation=15 owner=57960
INTEL_LIFECYCLE phase=vm_create_end generation=15 owner=57960
INTEL_LIFECYCLE phase=vcpu_create_begin generation=15 owner=57960
INTEL_LIFECYCLE phase=vcpu_create_end generation=15 owner=57960
[       OK ] HvfIntelRecoveryProbe.WithoutHostKick (335 ms)
[----------] 1 test from HvfIntelRecoveryProbe (336 ms total)

[==========] 1 test from 1 test suite ran. (336 ms total)
[  PASSED  ] 1 test.

Repeating all tests (iteration 15) . . .

Note: Google Test filter = HvfIntelRecoveryProbe.WithoutHostKick
[==========] Running 1 test from 1 test suite.
[----------] 1 test from HvfIntelRecoveryProbe
[ RUN      ] HvfIntelRecoveryProbe.WithoutHostKick
INTEL_PROBE phase=executor_retained
INTEL_RECOVERY host_kick=omitted
INTEL_LIFECYCLE phase=vcpu_destroy_begin generation=15 owner=57960
INTEL_LIFECYCLE phase=vcpu_destroy_end generation=15 owner=57960
INTEL_LIFECYCLE phase=vm_destroy_begin generation=15 owner=57960
INTEL_LIFECYCLE phase=vm_destroy_end generation=15 owner=57960
INTEL_LIFECYCLE phase=vm_create_begin generation=16 owner=57960
INTEL_LIFECYCLE phase=vm_create_end generation=16 owner=57960
INTEL_LIFECYCLE phase=vcpu_create_begin generation=16 owner=57960
INTEL_LIFECYCLE phase=vcpu_create_end generation=16 owner=57960
[       OK ] HvfIntelRecoveryProbe.WithoutHostKick (255 ms)
[----------] 1 test from HvfIntelRecoveryProbe (256 ms total)

[==========] 1 test from 1 test suite ran. (256 ms total)
[  PASSED  ] 1 test.

Repeating all tests (iteration 16) . . .

Note: Google Test filter = HvfIntelRecoveryProbe.WithoutHostKick
[==========] Running 1 test from 1 test suite.
[----------] 1 test from HvfIntelRecoveryProbe
[ RUN      ] HvfIntelRecoveryProbe.WithoutHostKick
INTEL_PROBE phase=executor_retained
INTEL_RECOVERY host_kick=omitted
INTEL_LIFECYCLE phase=vcpu_destroy_begin generation=16 owner=57960
INTEL_LIFECYCLE phase=vcpu_destroy_end generation=16 owner=57960
INTEL_LIFECYCLE phase=vm_destroy_begin generation=16 owner=57960
INTEL_LIFECYCLE phase=vm_destroy_end generation=16 owner=57960
INTEL_LIFECYCLE phase=vm_create_begin generation=17 owner=57960
INTEL_LIFECYCLE phase=vm_create_end generation=17 owner=57960
INTEL_LIFECYCLE phase=vcpu_create_begin generation=17 owner=57960
INTEL_LIFECYCLE phase=vcpu_create_end generation=17 owner=57960
[       OK ] HvfIntelRecoveryProbe.WithoutHostKick (162 ms)
[----------] 1 test from HvfIntelRecoveryProbe (162 ms total)

[==========] 1 test from 1 test suite ran. (162 ms total)
[  PASSED  ] 1 test.

Repeating all tests (iteration 17) . . .

Note: Google Test filter = HvfIntelRecoveryProbe.WithoutHostKick
[==========] Running 1 test from 1 test suite.
[----------] 1 test from HvfIntelRecoveryProbe
[ RUN      ] HvfIntelRecoveryProbe.WithoutHostKick
INTEL_PROBE phase=executor_retained
INTEL_RECOVERY host_kick=omitted
INTEL_LIFECYCLE phase=vcpu_destroy_begin generation=17 owner=57960
INTEL_LIFECYCLE phase=vcpu_destroy_end generation=17 owner=57960
INTEL_LIFECYCLE phase=vm_destroy_begin generation=17 owner=57960
INTEL_LIFECYCLE phase=vm_destroy_end generation=17 owner=57960
INTEL_LIFECYCLE phase=vm_create_begin generation=18 owner=57960
INTEL_LIFECYCLE phase=vm_create_end generation=18 owner=57960
INTEL_LIFECYCLE phase=vcpu_create_begin generation=18 owner=57960
INTEL_LIFECYCLE phase=vcpu_create_end generation=18 owner=57960
[       OK ] HvfIntelRecoveryProbe.WithoutHostKick (433 ms)
[----------] 1 test from HvfIntelRecoveryProbe (433 ms total)

[==========] 1 test from 1 test suite ran. (433 ms total)
[  PASSED  ] 1 test.

Repeating all tests (iteration 18) . . .

Note: Google Test filter = HvfIntelRecoveryProbe.WithoutHostKick
[==========] Running 1 test from 1 test suite.
[----------] 1 test from HvfIntelRecoveryProbe
[ RUN      ] HvfIntelRecoveryProbe.WithoutHostKick
INTEL_PROBE phase=executor_retained
INTEL_RECOVERY host_kick=omitted
INTEL_LIFECYCLE phase=vcpu_destroy_begin generation=18 owner=57960
INTEL_LIFECYCLE phase=vcpu_destroy_end generation=18 owner=57960
INTEL_LIFECYCLE phase=vm_destroy_begin generation=18 owner=57960
INTEL_LIFECYCLE phase=vm_destroy_end generation=18 owner=57960
INTEL_LIFECYCLE phase=vm_create_begin generation=19 owner=57960
INTEL_LIFECYCLE phase=vm_create_end generation=19 owner=57960
INTEL_LIFECYCLE phase=vcpu_create_begin generation=19 owner=57960
INTEL_LIFECYCLE phase=vcpu_create_end generation=19 owner=57960
[       OK ] HvfIntelRecoveryProbe.WithoutHostKick (317 ms)
[----------] 1 test from HvfIntelRecoveryProbe (317 ms total)

[==========] 1 test from 1 test suite ran. (317 ms total)
[  PASSED  ] 1 test.

Repeating all tests (iteration 19) . . .

Note: Google Test filter = HvfIntelRecoveryProbe.WithoutHostKick
[==========] Running 1 test from 1 test suite.
[----------] 1 test from HvfIntelRecoveryProbe
[ RUN      ] HvfIntelRecoveryProbe.WithoutHostKick
INTEL_PROBE phase=executor_retained
INTEL_RECOVERY host_kick=omitted
INTEL_LIFECYCLE phase=vcpu_destroy_begin generation=19 owner=57960
INTEL_LIFECYCLE phase=vcpu_destroy_end generation=19 owner=57960
INTEL_LIFECYCLE phase=vm_destroy_begin generation=19 owner=57960
INTEL_LIFECYCLE phase=vm_destroy_end generation=19 owner=57960
INTEL_LIFECYCLE phase=vm_create_begin generation=20 owner=57960
INTEL_LIFECYCLE phase=vm_create_end generation=20 owner=57960
INTEL_LIFECYCLE phase=vcpu_create_begin generation=20 owner=57960
INTEL_LIFECYCLE phase=vcpu_create_end generation=20 owner=57960
[       OK ] HvfIntelRecoveryProbe.WithoutHostKick (254 ms)
[----------] 1 test from HvfIntelRecoveryProbe (254 ms total)

[==========] 1 test from 1 test suite ran. (254 ms total)
[  PASSED  ] 1 test.

Repeating all tests (iteration 20) . . .

Note: Google Test filter = HvfIntelRecoveryProbe.WithoutHostKick
[==========] Running 1 test from 1 test suite.
[----------] 1 test from HvfIntelRecoveryProbe
[ RUN      ] HvfIntelRecoveryProbe.WithoutHostKick
INTEL_PROBE phase=executor_retained
INTEL_RECOVERY host_kick=omitted
INTEL_LIFECYCLE phase=vcpu_destroy_begin generation=20 owner=57960
INTEL_LIFECYCLE phase=vcpu_destroy_end generation=20 owner=57960
INTEL_LIFECYCLE phase=vm_destroy_begin generation=20 owner=57960
INTEL_LIFECYCLE phase=vm_destroy_end generation=20 owner=57960
INTEL_LIFECYCLE phase=vm_create_begin generation=21 owner=57960
INTEL_LIFECYCLE phase=vm_create_end generation=21 owner=57960
INTEL_LIFECYCLE phase=vcpu_create_begin generation=21 owner=57960
INTEL_LIFECYCLE phase=vcpu_create_end generation=21 owner=57960
[       OK ] HvfIntelRecoveryProbe.WithoutHostKick (223 ms)
[----------] 1 test from HvfIntelRecoveryProbe (223 ms total)

[==========] 1 test from 1 test suite ran. (223 ms total)
[  PASSED  ] 1 test.

Repeating all tests (iteration 21) . . .

Note: Google Test filter = HvfIntelRecoveryProbe.WithoutHostKick
[==========] Running 1 test from 1 test suite.
[----------] 1 test from HvfIntelRecoveryProbe
[ RUN      ] HvfIntelRecoveryProbe.WithoutHostKick
INTEL_PROBE phase=executor_retained
INTEL_RECOVERY host_kick=omitted
INTEL_LIFECYCLE phase=vcpu_destroy_begin generation=21 owner=57960
INTEL_LIFECYCLE phase=vcpu_destroy_end generation=21 owner=57960
INTEL_LIFECYCLE phase=vm_destroy_begin generation=21 owner=57960
INTEL_LIFECYCLE phase=vm_destroy_end generation=21 owner=57960
INTEL_LIFECYCLE phase=vm_create_begin generation=22 owner=57960
INTEL_LIFECYCLE phase=vm_create_end generation=22 owner=57960
INTEL_LIFECYCLE phase=vcpu_create_begin generation=22 owner=57960
INTEL_LIFECYCLE phase=vcpu_create_end generation=22 owner=57960
[       OK ] HvfIntelRecoveryProbe.WithoutHostKick (166 ms)
[----------] 1 test from HvfIntelRecoveryProbe (166 ms total)

[==========] 1 test from 1 test suite ran. (166 ms total)
[  PASSED  ] 1 test.

Repeating all tests (iteration 22) . . .

Note: Google Test filter = HvfIntelRecoveryProbe.WithoutHostKick
[==========] Running 1 test from 1 test suite.
[----------] 1 test from HvfIntelRecoveryProbe
[ RUN      ] HvfIntelRecoveryProbe.WithoutHostKick
INTEL_PROBE phase=executor_retained
INTEL_RECOVERY host_kick=omitted
INTEL_LIFECYCLE phase=vcpu_destroy_begin generation=22 owner=57960
INTEL_LIFECYCLE phase=vcpu_destroy_end generation=22 owner=57960
INTEL_LIFECYCLE phase=vm_destroy_begin generation=22 owner=57960
INTEL_LIFECYCLE phase=vm_destroy_end generation=22 owner=57960
INTEL_LIFECYCLE phase=vm_create_begin generation=23 owner=57960
INTEL_LIFECYCLE phase=vm_create_end generation=23 owner=57960
INTEL_LIFECYCLE phase=vcpu_create_begin generation=23 owner=57960
INTEL_LIFECYCLE phase=vcpu_create_end generation=23 owner=57960
[       OK ] HvfIntelRecoveryProbe.WithoutHostKick (174 ms)
[----------] 1 test from HvfIntelRecoveryProbe (174 ms total)

[==========] 1 test from 1 test suite ran. (174 ms total)
[  PASSED  ] 1 test.

Repeating all tests (iteration 23) . . .

Note: Google Test filter = HvfIntelRecoveryProbe.WithoutHostKick
[==========] Running 1 test from 1 test suite.
[----------] 1 test from HvfIntelRecoveryProbe
[ RUN      ] HvfIntelRecoveryProbe.WithoutHostKick
INTEL_PROBE phase=executor_retained
INTEL_RECOVERY host_kick=omitted
INTEL_LIFECYCLE phase=vcpu_destroy_begin generation=23 owner=57960
INTEL_LIFECYCLE phase=vcpu_destroy_end generation=23 owner=57960
INTEL_LIFECYCLE phase=vm_destroy_begin generation=23 owner=57960
INTEL_LIFECYCLE phase=vm_destroy_end generation=23 owner=57960
INTEL_LIFECYCLE phase=vm_create_begin generation=24 owner=57960
INTEL_LIFECYCLE phase=vm_create_end generation=24 owner=57960
INTEL_LIFECYCLE phase=vcpu_create_begin generation=24 owner=57960
INTEL_LIFECYCLE phase=vcpu_create_end generation=24 owner=57960
[       OK ] HvfIntelRecoveryProbe.WithoutHostKick (297 ms)
[----------] 1 test from HvfIntelRecoveryProbe (297 ms total)

[==========] 1 test from 1 test suite ran. (297 ms total)
[  PASSED  ] 1 test.

Repeating all tests (iteration 24) . . .

Note: Google Test filter = HvfIntelRecoveryProbe.WithoutHostKick
[==========] Running 1 test from 1 test suite.
[----------] 1 test from HvfIntelRecoveryProbe
[ RUN      ] HvfIntelRecoveryProbe.WithoutHostKick
INTEL_PROBE phase=executor_retained
INTEL_RECOVERY host_kick=omitted
INTEL_LIFECYCLE phase=vcpu_destroy_begin generation=24 owner=57960
INTEL_LIFECYCLE phase=vcpu_destroy_end generation=24 owner=57960
INTEL_LIFECYCLE phase=vm_destroy_begin generation=24 owner=57960
INTEL_LIFECYCLE phase=vm_destroy_end generation=24 owner=57960
INTEL_LIFECYCLE phase=vm_create_begin generation=25 owner=57960
INTEL_LIFECYCLE phase=vm_create_end generation=25 owner=57960
INTEL_LIFECYCLE phase=vcpu_create_begin generation=25 owner=57960
INTEL_LIFECYCLE phase=vcpu_create_end generation=25 owner=57960
[       OK ] HvfIntelRecoveryProbe.WithoutHostKick (430 ms)
[----------] 1 test from HvfIntelRecoveryProbe (430 ms total)

[==========] 1 test from 1 test suite ran. (430 ms total)
[  PASSED  ] 1 test.

Repeating all tests (iteration 25) . . .

Note: Google Test filter = HvfIntelRecoveryProbe.WithoutHostKick
[==========] Running 1 test from 1 test suite.
[----------] 1 test from HvfIntelRecoveryProbe
[ RUN      ] HvfIntelRecoveryProbe.WithoutHostKick
INTEL_PROBE phase=executor_retained
INTEL_RECOVERY host_kick=omitted
INTEL_LIFECYCLE phase=vcpu_destroy_begin generation=25 owner=57960
INTEL_LIFECYCLE phase=vcpu_destroy_end generation=25 owner=57960
INTEL_LIFECYCLE phase=vm_destroy_begin generation=25 owner=57960
INTEL_LIFECYCLE phase=vm_destroy_end generation=25 owner=57960
INTEL_LIFECYCLE phase=vm_create_begin generation=26 owner=57960
INTEL_LIFECYCLE phase=vm_create_end generation=26 owner=57960
INTEL_LIFECYCLE phase=vcpu_create_begin generation=26 owner=57960
INTEL_LIFECYCLE phase=vcpu_create_end generation=26 owner=57960
[       OK ] HvfIntelRecoveryProbe.WithoutHostKick (425 ms)
[----------] 1 test from HvfIntelRecoveryProbe (425 ms total)

[==========] 1 test from 1 test suite ran. (426 ms total)
[  PASSED  ] 1 test.

Repeating all tests (iteration 26) . . .

Note: Google Test filter = HvfIntelRecoveryProbe.WithoutHostKick
[==========] Running 1 test from 1 test suite.
[----------] 1 test from HvfIntelRecoveryProbe
[ RUN      ] HvfIntelRecoveryProbe.WithoutHostKick
INTEL_PROBE phase=executor_retained
INTEL_RECOVERY host_kick=omitted
INTEL_LIFECYCLE phase=vcpu_destroy_begin generation=26 owner=57960
INTEL_LIFECYCLE phase=vcpu_destroy_end generation=26 owner=57960
INTEL_LIFECYCLE phase=vm_destroy_begin generation=26 owner=57960
INTEL_LIFECYCLE phase=vm_destroy_end generation=26 owner=57960
INTEL_LIFECYCLE phase=vm_create_begin generation=27 owner=57960
INTEL_LIFECYCLE phase=vm_create_end generation=27 owner=57960
INTEL_LIFECYCLE phase=vcpu_create_begin generation=27 owner=57960
INTEL_LIFECYCLE phase=vcpu_create_end generation=27 owner=57960
[       OK ] HvfIntelRecoveryProbe.WithoutHostKick (348 ms)
[----------] 1 test from HvfIntelRecoveryProbe (348 ms total)

[==========] 1 test from 1 test suite ran. (348 ms total)
[  PASSED  ] 1 test.

Repeating all tests (iteration 27) . . .

Note: Google Test filter = HvfIntelRecoveryProbe.WithoutHostKick
[==========] Running 1 test from 1 test suite.
[----------] 1 test from HvfIntelRecoveryProbe
[ RUN      ] HvfIntelRecoveryProbe.WithoutHostKick
INTEL_PROBE phase=executor_retained
INTEL_RECOVERY host_kick=omitted
INTEL_LIFECYCLE phase=vcpu_destroy_begin generation=27 owner=57960
INTEL_LIFECYCLE phase=vcpu_destroy_end generation=27 owner=57960
INTEL_LIFECYCLE phase=vm_destroy_begin generation=27 owner=57960
INTEL_LIFECYCLE phase=vm_destroy_end generation=27 owner=57960
INTEL_LIFECYCLE phase=vm_create_begin generation=28 owner=57960
INTEL_LIFECYCLE phase=vm_create_end generation=28 owner=57960
INTEL_LIFECYCLE phase=vcpu_create_begin generation=28 owner=57960
INTEL_LIFECYCLE phase=vcpu_create_end generation=28 owner=57960
[       OK ] HvfIntelRecoveryProbe.WithoutHostKick (215 ms)
[----------] 1 test from HvfIntelRecoveryProbe (215 ms total)

[==========] 1 test from 1 test suite ran. (215 ms total)
[  PASSED  ] 1 test.

Repeating all tests (iteration 28) . . .

Note: Google Test filter = HvfIntelRecoveryProbe.WithoutHostKick
[==========] Running 1 test from 1 test suite.
[----------] 1 test from HvfIntelRecoveryProbe
[ RUN      ] HvfIntelRecoveryProbe.WithoutHostKick
INTEL_PROBE phase=executor_retained
INTEL_RECOVERY host_kick=omitted
INTEL_LIFECYCLE phase=vcpu_destroy_begin generation=28 owner=57960
INTEL_LIFECYCLE phase=vcpu_destroy_end generation=28 owner=57960
INTEL_LIFECYCLE phase=vm_destroy_begin generation=28 owner=57960
INTEL_LIFECYCLE phase=vm_destroy_end generation=28 owner=57960
INTEL_LIFECYCLE phase=vm_create_begin generation=29 owner=57960
INTEL_LIFECYCLE phase=vm_create_end generation=29 owner=57960
INTEL_LIFECYCLE phase=vcpu_create_begin generation=29 owner=57960
INTEL_LIFECYCLE phase=vcpu_create_end generation=29 owner=57960
[       OK ] HvfIntelRecoveryProbe.WithoutHostKick (179 ms)
[----------] 1 test from HvfIntelRecoveryProbe (180 ms total)

[==========] 1 test from 1 test suite ran. (180 ms total)
[  PASSED  ] 1 test.

Repeating all tests (iteration 29) . . .

Note: Google Test filter = HvfIntelRecoveryProbe.WithoutHostKick
[==========] Running 1 test from 1 test suite.
[----------] 1 test from HvfIntelRecoveryProbe
[ RUN      ] HvfIntelRecoveryProbe.WithoutHostKick
INTEL_PROBE phase=executor_retained
INTEL_RECOVERY host_kick=omitted
INTEL_LIFECYCLE phase=vcpu_destroy_begin generation=29 owner=57960
INTEL_LIFECYCLE phase=vcpu_destroy_end generation=29 owner=57960
INTEL_LIFECYCLE phase=vm_destroy_begin generation=29 owner=57960
INTEL_LIFECYCLE phase=vm_destroy_end generation=29 owner=57960
INTEL_LIFECYCLE phase=vm_create_begin generation=30 owner=57960
INTEL_LIFECYCLE phase=vm_create_end generation=30 owner=57960
INTEL_LIFECYCLE phase=vcpu_create_begin generation=30 owner=57960
INTEL_LIFECYCLE phase=vcpu_create_end generation=30 owner=57960
[       OK ] HvfIntelRecoveryProbe.WithoutHostKick (190 ms)
[----------] 1 test from HvfIntelRecoveryProbe (190 ms total)

[==========] 1 test from 1 test suite ran. (190 ms total)
[  PASSED  ] 1 test.

Repeating all tests (iteration 30) . . .

Note: Google Test filter = HvfIntelRecoveryProbe.WithoutHostKick
[==========] Running 1 test from 1 test suite.
[----------] 1 test from HvfIntelRecoveryProbe
[ RUN      ] HvfIntelRecoveryProbe.WithoutHostKick
INTEL_PROBE phase=executor_retained
INTEL_RECOVERY host_kick=omitted
INTEL_LIFECYCLE phase=vcpu_destroy_begin generation=30 owner=57960
INTEL_LIFECYCLE phase=vcpu_destroy_end generation=30 owner=57960
INTEL_LIFECYCLE phase=vm_destroy_begin generation=30 owner=57960
INTEL_LIFECYCLE phase=vm_destroy_end generation=30 owner=57960
INTEL_LIFECYCLE phase=vm_create_begin generation=31 owner=57960
INTEL_LIFECYCLE phase=vm_create_end generation=31 owner=57960
INTEL_LIFECYCLE phase=vcpu_create_begin generation=31 owner=57960
INTEL_LIFECYCLE phase=vcpu_create_end generation=31 owner=57960
[       OK ] HvfIntelRecoveryProbe.WithoutHostKick (160 ms)
[----------] 1 test from HvfIntelRecoveryProbe (161 ms total)

[==========] 1 test from 1 test suite ran. (161 ms total)
[  PASSED  ] 1 test.

Repeating all tests (iteration 31) . . .

Note: Google Test filter = HvfIntelRecoveryProbe.WithoutHostKick
[==========] Running 1 test from 1 test suite.
[----------] 1 test from HvfIntelRecoveryProbe
[ RUN      ] HvfIntelRecoveryProbe.WithoutHostKick
INTEL_PROBE phase=executor_retained
INTEL_RECOVERY host_kick=omitted
INTEL_LIFECYCLE phase=vcpu_destroy_begin generation=31 owner=57960
INTEL_LIFECYCLE phase=vcpu_destroy_end generation=31 owner=57960
INTEL_LIFECYCLE phase=vm_destroy_begin generation=31 owner=57960
INTEL_LIFECYCLE phase=vm_destroy_end generation=31 owner=57960
INTEL_LIFECYCLE phase=vm_create_begin generation=32 owner=57960
INTEL_LIFECYCLE phase=vm_create_end generation=32 owner=57960
INTEL_LIFECYCLE phase=vcpu_create_begin generation=32 owner=57960
INTEL_LIFECYCLE phase=vcpu_create_end generation=32 owner=57960
[       OK ] HvfIntelRecoveryProbe.WithoutHostKick (278 ms)
[----------] 1 test from HvfIntelRecoveryProbe (278 ms total)

[==========] 1 test from 1 test suite ran. (278 ms total)
[  PASSED  ] 1 test.

Repeating all tests (iteration 32) . . .

Note: Google Test filter = HvfIntelRecoveryProbe.WithoutHostKick
[==========] Running 1 test from 1 test suite.
[----------] 1 test from HvfIntelRecoveryProbe
[ RUN      ] HvfIntelRecoveryProbe.WithoutHostKick
INTEL_PROBE phase=executor_retained
INTEL_RECOVERY host_kick=omitted
INTEL_LIFECYCLE phase=vcpu_destroy_begin generation=32 owner=57960
INTEL_LIFECYCLE phase=vcpu_destroy_end generation=32 owner=57960
INTEL_LIFECYCLE phase=vm_destroy_begin generation=32 owner=57960
INTEL_LIFECYCLE phase=vm_destroy_end generation=32 owner=57960
INTEL_LIFECYCLE phase=vm_create_begin generation=33 owner=57960
INTEL_LIFECYCLE phase=vm_create_end generation=33 owner=57960
INTEL_LIFECYCLE phase=vcpu_create_begin generation=33 owner=57960
INTEL_LIFECYCLE phase=vcpu_create_end generation=33 owner=57960
[       OK ] HvfIntelRecoveryProbe.WithoutHostKick (328 ms)
[----------] 1 test from HvfIntelRecoveryProbe (328 ms total)

[==========] 1 test from 1 test suite ran. (328 ms total)
[  PASSED  ] 1 test.

Repeating all tests (iteration 33) . . .

Note: Google Test filter = HvfIntelRecoveryProbe.WithoutHostKick
[==========] Running 1 test from 1 test suite.
[----------] 1 test from HvfIntelRecoveryProbe
[ RUN      ] HvfIntelRecoveryProbe.WithoutHostKick
INTEL_PROBE phase=executor_retained
INTEL_RECOVERY host_kick=omitted
INTEL_LIFECYCLE phase=vcpu_destroy_begin generation=33 owner=57960
INTEL_LIFECYCLE phase=vcpu_destroy_end generation=33 owner=57960
INTEL_LIFECYCLE phase=vm_destroy_begin generation=33 owner=57960
INTEL_LIFECYCLE phase=vm_destroy_end generation=33 owner=57960
INTEL_LIFECYCLE phase=vm_create_begin generation=34 owner=57960
INTEL_LIFECYCLE phase=vm_create_end generation=34 owner=57960
INTEL_LIFECYCLE phase=vcpu_create_begin generation=34 owner=57960
INTEL_LIFECYCLE phase=vcpu_create_end generation=34 owner=57960
[       OK ] HvfIntelRecoveryProbe.WithoutHostKick (399 ms)
[----------] 1 test from HvfIntelRecoveryProbe (399 ms total)

[==========] 1 test from 1 test suite ran. (399 ms total)
[  PASSED  ] 1 test.

Repeating all tests (iteration 34) . . .

Note: Google Test filter = HvfIntelRecoveryProbe.WithoutHostKick
[==========] Running 1 test from 1 test suite.
[----------] 1 test from HvfIntelRecoveryProbe
[ RUN      ] HvfIntelRecoveryProbe.WithoutHostKick
INTEL_PROBE phase=executor_retained
INTEL_RECOVERY host_kick=omitted
INTEL_LIFECYCLE phase=vcpu_destroy_begin generation=34 owner=57960
INTEL_LIFECYCLE phase=vcpu_destroy_end generation=34 owner=57960
INTEL_LIFECYCLE phase=vm_destroy_begin generation=34 owner=57960
INTEL_LIFECYCLE phase=vm_destroy_end generation=34 owner=57960
INTEL_LIFECYCLE phase=vm_create_begin generation=35 owner=57960
INTEL_LIFECYCLE phase=vm_create_end generation=35 owner=57960
INTEL_LIFECYCLE phase=vcpu_create_begin generation=35 owner=57960
INTEL_LIFECYCLE phase=vcpu_create_end generation=35 owner=57960
[       OK ] HvfIntelRecoveryProbe.WithoutHostKick (428 ms)
[----------] 1 test from HvfIntelRecoveryProbe (428 ms total)

[==========] 1 test from 1 test suite ran. (428 ms total)
[  PASSED  ] 1 test.

Repeating all tests (iteration 35) . . .

Note: Google Test filter = HvfIntelRecoveryProbe.WithoutHostKick
[==========] Running 1 test from 1 test suite.
[----------] 1 test from HvfIntelRecoveryProbe
[ RUN      ] HvfIntelRecoveryProbe.WithoutHostKick
INTEL_PROBE phase=executor_retained
INTEL_RECOVERY host_kick=omitted
INTEL_LIFECYCLE phase=vcpu_destroy_begin generation=35 owner=57960
INTEL_LIFECYCLE phase=vcpu_destroy_end generation=35 owner=57960
INTEL_LIFECYCLE phase=vm_destroy_begin generation=35 owner=57960
INTEL_LIFECYCLE phase=vm_destroy_end generation=35 owner=57960
INTEL_LIFECYCLE phase=vm_create_begin generation=36 owner=57960
INTEL_LIFECYCLE phase=vm_create_end generation=36 owner=57960
INTEL_LIFECYCLE phase=vcpu_create_begin generation=36 owner=57960
INTEL_LIFECYCLE phase=vcpu_create_end generation=36 owner=57960
[       OK ] HvfIntelRecoveryProbe.WithoutHostKick (275 ms)
[----------] 1 test from HvfIntelRecoveryProbe (275 ms total)

[==========] 1 test from 1 test suite ran. (275 ms total)
[  PASSED  ] 1 test.

Repeating all tests (iteration 36) . . .

Note: Google Test filter = HvfIntelRecoveryProbe.WithoutHostKick
[==========] Running 1 test from 1 test suite.
[----------] 1 test from HvfIntelRecoveryProbe
[ RUN      ] HvfIntelRecoveryProbe.WithoutHostKick
INTEL_PROBE phase=executor_retained
INTEL_RECOVERY host_kick=omitted
INTEL_LIFECYCLE phase=vcpu_destroy_begin generation=36 owner=57960
INTEL_LIFECYCLE phase=vcpu_destroy_end generation=36 owner=57960
INTEL_LIFECYCLE phase=vm_destroy_begin generation=36 owner=57960
INTEL_LIFECYCLE phase=vm_destroy_end generation=36 owner=57960
INTEL_LIFECYCLE phase=vm_create_begin generation=37 owner=57960
INTEL_LIFECYCLE phase=vm_create_end generation=37 owner=57960
INTEL_LIFECYCLE phase=vcpu_create_begin generation=37 owner=57960
INTEL_LIFECYCLE phase=vcpu_create_end generation=37 owner=57960
[       OK ] HvfIntelRecoveryProbe.WithoutHostKick (382 ms)
[----------] 1 test from HvfIntelRecoveryProbe (382 ms total)

[==========] 1 test from 1 test suite ran. (382 ms total)
[  PASSED  ] 1 test.

Repeating all tests (iteration 37) . . .

Note: Google Test filter = HvfIntelRecoveryProbe.WithoutHostKick
[==========] Running 1 test from 1 test suite.
[----------] 1 test from HvfIntelRecoveryProbe
[ RUN      ] HvfIntelRecoveryProbe.WithoutHostKick
INTEL_PROBE phase=executor_retained
INTEL_RECOVERY host_kick=omitted
INTEL_LIFECYCLE phase=vcpu_destroy_begin generation=37 owner=57960
INTEL_LIFECYCLE phase=vcpu_destroy_end generation=37 owner=57960
INTEL_LIFECYCLE phase=vm_destroy_begin generation=37 owner=57960
INTEL_LIFECYCLE phase=vm_destroy_end generation=37 owner=57960
INTEL_LIFECYCLE phase=vm_create_begin generation=38 owner=57960
INTEL_LIFECYCLE phase=vm_create_end generation=38 owner=57960
INTEL_LIFECYCLE phase=vcpu_create_begin generation=38 owner=57960
INTEL_LIFECYCLE phase=vcpu_create_end generation=38 owner=57960
[       OK ] HvfIntelRecoveryProbe.WithoutHostKick (293 ms)
[----------] 1 test from HvfIntelRecoveryProbe (293 ms total)

[==========] 1 test from 1 test suite ran. (293 ms total)
[  PASSED  ] 1 test.

Repeating all tests (iteration 38) . . .

Note: Google Test filter = HvfIntelRecoveryProbe.WithoutHostKick
[==========] Running 1 test from 1 test suite.
[----------] 1 test from HvfIntelRecoveryProbe
[ RUN      ] HvfIntelRecoveryProbe.WithoutHostKick
INTEL_PROBE phase=executor_retained
INTEL_RECOVERY host_kick=omitted
INTEL_LIFECYCLE phase=vcpu_destroy_begin generation=38 owner=57960
INTEL_LIFECYCLE phase=vcpu_destroy_end generation=38 owner=57960
INTEL_LIFECYCLE phase=vm_destroy_begin generation=38 owner=57960
INTEL_LIFECYCLE phase=vm_destroy_end generation=38 owner=57960
INTEL_LIFECYCLE phase=vm_create_begin generation=39 owner=57960
INTEL_LIFECYCLE phase=vm_create_end generation=39 owner=57960
INTEL_LIFECYCLE phase=vcpu_create_begin generation=39 owner=57960
INTEL_LIFECYCLE phase=vcpu_create_end generation=39 owner=57960
[       OK ] HvfIntelRecoveryProbe.WithoutHostKick (467 ms)
[----------] 1 test from HvfIntelRecoveryProbe (467 ms total)

[==========] 1 test from 1 test suite ran. (467 ms total)
[  PASSED  ] 1 test.

Repeating all tests (iteration 39) . . .

Note: Google Test filter = HvfIntelRecoveryProbe.WithoutHostKick
[==========] Running 1 test from 1 test suite.
[----------] 1 test from HvfIntelRecoveryProbe
[ RUN      ] HvfIntelRecoveryProbe.WithoutHostKick
INTEL_PROBE phase=executor_retained
INTEL_RECOVERY host_kick=omitted
INTEL_LIFECYCLE phase=vcpu_destroy_begin generation=39 owner=57960
INTEL_LIFECYCLE phase=vcpu_destroy_end generation=39 owner=57960
INTEL_LIFECYCLE phase=vm_destroy_begin generation=39 owner=57960
INTEL_LIFECYCLE phase=vm_destroy_end generation=39 owner=57960
INTEL_LIFECYCLE phase=vm_create_begin generation=40 owner=57960
INTEL_LIFECYCLE phase=vm_create_end generation=40 owner=57960
INTEL_LIFECYCLE phase=vcpu_create_begin generation=40 owner=57960
INTEL_LIFECYCLE phase=vcpu_create_end generation=40 owner=57960
[       OK ] HvfIntelRecoveryProbe.WithoutHostKick (222 ms)
[----------] 1 test from HvfIntelRecoveryProbe (222 ms total)

[==========] 1 test from 1 test suite ran. (222 ms total)
[  PASSED  ] 1 test.

Repeating all tests (iteration 40) . . .

Note: Google Test filter = HvfIntelRecoveryProbe.WithoutHostKick
[==========] Running 1 test from 1 test suite.
[----------] 1 test from HvfIntelRecoveryProbe
[ RUN      ] HvfIntelRecoveryProbe.WithoutHostKick
INTEL_PROBE phase=executor_retained
INTEL_RECOVERY host_kick=omitted
INTEL_LIFECYCLE phase=vcpu_destroy_begin generation=40 owner=57960
INTEL_LIFECYCLE phase=vcpu_destroy_end generation=40 owner=57960
INTEL_LIFECYCLE phase=vm_destroy_begin generation=40 owner=57960
INTEL_LIFECYCLE phase=vm_destroy_end generation=40 owner=57960
INTEL_LIFECYCLE phase=vm_create_begin generation=41 owner=57960
INTEL_LIFECYCLE phase=vm_create_end generation=41 owner=57960
INTEL_LIFECYCLE phase=vcpu_create_begin generation=41 owner=57960
INTEL_LIFECYCLE phase=vcpu_create_end generation=41 owner=57960
[       OK ] HvfIntelRecoveryProbe.WithoutHostKick (192 ms)
[----------] 1 test from HvfIntelRecoveryProbe (192 ms total)

[==========] 1 test from 1 test suite ran. (192 ms total)
[  PASSED  ] 1 test.

Repeating all tests (iteration 41) . . .

Note: Google Test filter = HvfIntelRecoveryProbe.WithoutHostKick
[==========] Running 1 test from 1 test suite.
[----------] 1 test from HvfIntelRecoveryProbe
[ RUN      ] HvfIntelRecoveryProbe.WithoutHostKick
INTEL_PROBE phase=executor_retained
INTEL_RECOVERY host_kick=omitted
INTEL_LIFECYCLE phase=vcpu_destroy_begin generation=41 owner=57960
INTEL_LIFECYCLE phase=vcpu_destroy_end generation=41 owner=57960
INTEL_LIFECYCLE phase=vm_destroy_begin generation=41 owner=57960
INTEL_LIFECYCLE phase=vm_destroy_end generation=41 owner=57960
INTEL_LIFECYCLE phase=vm_create_begin generation=42 owner=57960
INTEL_LIFECYCLE phase=vm_create_end generation=42 owner=57960
INTEL_LIFECYCLE phase=vcpu_create_begin generation=42 owner=57960
INTEL_LIFECYCLE phase=vcpu_create_end generation=42 owner=57960
[       OK ] HvfIntelRecoveryProbe.WithoutHostKick (287 ms)
[----------] 1 test from HvfIntelRecoveryProbe (287 ms total)

[==========] 1 test from 1 test suite ran. (287 ms total)
[  PASSED  ] 1 test.

Repeating all tests (iteration 42) . . .

Note: Google Test filter = HvfIntelRecoveryProbe.WithoutHostKick
[==========] Running 1 test from 1 test suite.
[----------] 1 test from HvfIntelRecoveryProbe
[ RUN      ] HvfIntelRecoveryProbe.WithoutHostKick
INTEL_PROBE phase=executor_retained
INTEL_RECOVERY host_kick=omitted
INTEL_LIFECYCLE phase=vcpu_destroy_begin generation=42 owner=57960
INTEL_LIFECYCLE phase=vcpu_destroy_end generation=42 owner=57960
INTEL_LIFECYCLE phase=vm_destroy_begin generation=42 owner=57960
INTEL_LIFECYCLE phase=vm_destroy_end generation=42 owner=57960
INTEL_LIFECYCLE phase=vm_create_begin generation=43 owner=57960
INTEL_LIFECYCLE phase=vm_create_end generation=43 owner=57960
INTEL_LIFECYCLE phase=vcpu_create_begin generation=43 owner=57960
INTEL_LIFECYCLE phase=vcpu_create_end generation=43 owner=57960
[       OK ] HvfIntelRecoveryProbe.WithoutHostKick (574 ms)
[----------] 1 test from HvfIntelRecoveryProbe (574 ms total)

[==========] 1 test from 1 test suite ran. (574 ms total)
[  PASSED  ] 1 test.

Repeating all tests (iteration 43) . . .

Note: Google Test filter = HvfIntelRecoveryProbe.WithoutHostKick
[==========] Running 1 test from 1 test suite.
[----------] 1 test from HvfIntelRecoveryProbe
[ RUN      ] HvfIntelRecoveryProbe.WithoutHostKick
INTEL_PROBE phase=executor_retained
INTEL_RECOVERY host_kick=omitted
INTEL_LIFECYCLE phase=vcpu_destroy_begin generation=43 owner=57960
INTEL_LIFECYCLE phase=vcpu_destroy_end generation=43 owner=57960
INTEL_LIFECYCLE phase=vm_destroy_begin generation=43 owner=57960
INTEL_LIFECYCLE phase=vm_destroy_end generation=43 owner=57960
INTEL_LIFECYCLE phase=vm_create_begin generation=44 owner=57960
INTEL_LIFECYCLE phase=vm_create_end generation=44 owner=57960
INTEL_LIFECYCLE phase=vcpu_create_begin generation=44 owner=57960
INTEL_LIFECYCLE phase=vcpu_create_end generation=44 owner=57960
[       OK ] HvfIntelRecoveryProbe.WithoutHostKick (461 ms)
[----------] 1 test from HvfIntelRecoveryProbe (461 ms total)

[==========] 1 test from 1 test suite ran. (461 ms total)
[  PASSED  ] 1 test.

Repeating all tests (iteration 44) . . .

Note: Google Test filter = HvfIntelRecoveryProbe.WithoutHostKick
[==========] Running 1 test from 1 test suite.
[----------] 1 test from HvfIntelRecoveryProbe
[ RUN      ] HvfIntelRecoveryProbe.WithoutHostKick
INTEL_PROBE phase=executor_retained
INTEL_RECOVERY host_kick=omitted
INTEL_LIFECYCLE phase=vcpu_destroy_begin generation=44 owner=57960
INTEL_LIFECYCLE phase=vcpu_destroy_end generation=44 owner=57960
INTEL_LIFECYCLE phase=vm_destroy_begin generation=44 owner=57960
INTEL_LIFECYCLE phase=vm_destroy_end generation=44 owner=57960
INTEL_LIFECYCLE phase=vm_create_begin generation=45 owner=57960
INTEL_LIFECYCLE phase=vm_create_end generation=45 owner=57960
INTEL_LIFECYCLE phase=vcpu_create_begin generation=45 owner=57960
INTEL_LIFECYCLE phase=vcpu_create_end generation=45 owner=57960
[       OK ] HvfIntelRecoveryProbe.WithoutHostKick (411 ms)
[----------] 1 test from HvfIntelRecoveryProbe (411 ms total)

[==========] 1 test from 1 test suite ran. (411 ms total)
[  PASSED  ] 1 test.

Repeating all tests (iteration 45) . . .

Note: Google Test filter = HvfIntelRecoveryProbe.WithoutHostKick
[==========] Running 1 test from 1 test suite.
[----------] 1 test from HvfIntelRecoveryProbe
[ RUN      ] HvfIntelRecoveryProbe.WithoutHostKick
INTEL_PROBE phase=executor_retained
INTEL_RECOVERY host_kick=omitted
INTEL_LIFECYCLE phase=vcpu_destroy_begin generation=45 owner=57960
INTEL_LIFECYCLE phase=vcpu_destroy_end generation=45 owner=57960
INTEL_LIFECYCLE phase=vm_destroy_begin generation=45 owner=57960
INTEL_LIFECYCLE phase=vm_destroy_end generation=45 owner=57960
INTEL_LIFECYCLE phase=vm_create_begin generation=46 owner=57960
INTEL_LIFECYCLE phase=vm_create_end generation=46 owner=57960
INTEL_LIFECYCLE phase=vcpu_create_begin generation=46 owner=57960
INTEL_LIFECYCLE phase=vcpu_create_end generation=46 owner=57960
[       OK ] HvfIntelRecoveryProbe.WithoutHostKick (232 ms)
[----------] 1 test from HvfIntelRecoveryProbe (232 ms total)

[==========] 1 test from 1 test suite ran. (233 ms total)
[  PASSED  ] 1 test.

Repeating all tests (iteration 46) . . .

Note: Google Test filter = HvfIntelRecoveryProbe.WithoutHostKick
[==========] Running 1 test from 1 test suite.
[----------] 1 test from HvfIntelRecoveryProbe
[ RUN      ] HvfIntelRecoveryProbe.WithoutHostKick
INTEL_PROBE phase=executor_retained
INTEL_RECOVERY host_kick=omitted
INTEL_LIFECYCLE phase=vcpu_destroy_begin generation=46 owner=57960
INTEL_LIFECYCLE phase=vcpu_destroy_end generation=46 owner=57960
INTEL_LIFECYCLE phase=vm_destroy_begin generation=46 owner=57960
INTEL_LIFECYCLE phase=vm_destroy_end generation=46 owner=57960
INTEL_LIFECYCLE phase=vm_create_begin generation=47 owner=57960
INTEL_LIFECYCLE phase=vm_create_end generation=47 owner=57960
INTEL_LIFECYCLE phase=vcpu_create_begin generation=47 owner=57960
INTEL_LIFECYCLE phase=vcpu_create_end generation=47 owner=57960
[       OK ] HvfIntelRecoveryProbe.WithoutHostKick (490 ms)
[----------] 1 test from HvfIntelRecoveryProbe (491 ms total)

[==========] 1 test from 1 test suite ran. (491 ms total)
[  PASSED  ] 1 test.

Repeating all tests (iteration 47) . . .

Note: Google Test filter = HvfIntelRecoveryProbe.WithoutHostKick
[==========] Running 1 test from 1 test suite.
[----------] 1 test from HvfIntelRecoveryProbe
[ RUN      ] HvfIntelRecoveryProbe.WithoutHostKick
INTEL_PROBE phase=executor_retained
INTEL_RECOVERY host_kick=omitted
INTEL_LIFECYCLE phase=vcpu_destroy_begin generation=47 owner=57960
INTEL_LIFECYCLE phase=vcpu_destroy_end generation=47 owner=57960
INTEL_LIFECYCLE phase=vm_destroy_begin generation=47 owner=57960
INTEL_LIFECYCLE phase=vm_destroy_end generation=47 owner=57960
INTEL_LIFECYCLE phase=vm_create_begin generation=48 owner=57960
INTEL_LIFECYCLE phase=vm_create_end generation=48 owner=57960
INTEL_LIFECYCLE phase=vcpu_create_begin generation=48 owner=57960
INTEL_LIFECYCLE phase=vcpu_create_end generation=48 owner=57960
[       OK ] HvfIntelRecoveryProbe.WithoutHostKick (409 ms)
[----------] 1 test from HvfIntelRecoveryProbe (409 ms total)

[==========] 1 test from 1 test suite ran. (409 ms total)
[  PASSED  ] 1 test.

Repeating all tests (iteration 48) . . .

Note: Google Test filter = HvfIntelRecoveryProbe.WithoutHostKick
[==========] Running 1 test from 1 test suite.
[----------] 1 test from HvfIntelRecoveryProbe
[ RUN      ] HvfIntelRecoveryProbe.WithoutHostKick
INTEL_PROBE phase=executor_retained
INTEL_RECOVERY host_kick=omitted
INTEL_LIFECYCLE phase=vcpu_destroy_begin generation=48 owner=57960
INTEL_LIFECYCLE phase=vcpu_destroy_end generation=48 owner=57960
INTEL_LIFECYCLE phase=vm_destroy_begin generation=48 owner=57960
INTEL_LIFECYCLE phase=vm_destroy_end generation=48 owner=57960
INTEL_LIFECYCLE phase=vm_create_begin generation=49 owner=57960
INTEL_LIFECYCLE phase=vm_create_end generation=49 owner=57960
INTEL_LIFECYCLE phase=vcpu_create_begin generation=49 owner=57960
INTEL_LIFECYCLE phase=vcpu_create_end generation=49 owner=57960
[       OK ] HvfIntelRecoveryProbe.WithoutHostKick (341 ms)
[----------] 1 test from HvfIntelRecoveryProbe (341 ms total)

[==========] 1 test from 1 test suite ran. (341 ms total)
[  PASSED  ] 1 test.

Repeating all tests (iteration 49) . . .

Note: Google Test filter = HvfIntelRecoveryProbe.WithoutHostKick
[==========] Running 1 test from 1 test suite.
[----------] 1 test from HvfIntelRecoveryProbe
[ RUN      ] HvfIntelRecoveryProbe.WithoutHostKick
INTEL_PROBE phase=executor_retained
INTEL_RECOVERY host_kick=omitted
INTEL_LIFECYCLE phase=vcpu_destroy_begin generation=49 owner=57960
INTEL_LIFECYCLE phase=vcpu_destroy_end generation=49 owner=57960
INTEL_LIFECYCLE phase=vm_destroy_begin generation=49 owner=57960
INTEL_LIFECYCLE phase=vm_destroy_end generation=49 owner=57960
INTEL_LIFECYCLE phase=vm_create_begin generation=50 owner=57960
INTEL_LIFECYCLE phase=vm_create_end generation=50 owner=57960
INTEL_LIFECYCLE phase=vcpu_create_begin generation=50 owner=57960
INTEL_LIFECYCLE phase=vcpu_create_end generation=50 owner=57960
[       OK ] HvfIntelRecoveryProbe.WithoutHostKick (171 ms)
[----------] 1 test from HvfIntelRecoveryProbe (171 ms total)

[==========] 1 test from 1 test suite ran. (171 ms total)
[  PASSED  ] 1 test.

Repeating all tests (iteration 50) . . .

Note: Google Test filter = HvfIntelRecoveryProbe.WithoutHostKick
[==========] Running 1 test from 1 test suite.
[----------] 1 test from HvfIntelRecoveryProbe
[ RUN      ] HvfIntelRecoveryProbe.WithoutHostKick
INTEL_PROBE phase=executor_retained
INTEL_RECOVERY host_kick=omitted
INTEL_LIFECYCLE phase=vcpu_destroy_begin generation=50 owner=57960
INTEL_LIFECYCLE phase=vcpu_destroy_end generation=50 owner=57960
INTEL_LIFECYCLE phase=vm_destroy_begin generation=50 owner=57960
INTEL_LIFECYCLE phase=vm_destroy_end generation=50 owner=57960
INTEL_LIFECYCLE phase=vm_create_begin generation=51 owner=57960
INTEL_LIFECYCLE phase=vm_create_end generation=51 owner=57960
INTEL_LIFECYCLE phase=vcpu_create_begin generation=51 owner=57960
INTEL_LIFECYCLE phase=vcpu_create_end generation=51 owner=57960
[       OK ] HvfIntelRecoveryProbe.WithoutHostKick (129 ms)
[----------] 1 test from HvfIntelRecoveryProbe (129 ms total)

[==========] 1 test from 1 test suite ran. (129 ms total)
[  PASSED  ] 1 test.

Repeating all tests (iteration 51) . . .

Note: Google Test filter = HvfIntelRecoveryProbe.WithoutHostKick
[==========] Running 1 test from 1 test suite.
[----------] 1 test from HvfIntelRecoveryProbe
[ RUN      ] HvfIntelRecoveryProbe.WithoutHostKick
INTEL_PROBE phase=executor_retained
INTEL_RECOVERY host_kick=omitted
INTEL_LIFECYCLE phase=vcpu_destroy_begin generation=51 owner=57960
INTEL_LIFECYCLE phase=vcpu_destroy_end generation=51 owner=57960
INTEL_LIFECYCLE phase=vm_destroy_begin generation=51 owner=57960
INTEL_LIFECYCLE phase=vm_destroy_end generation=51 owner=57960
INTEL_LIFECYCLE phase=vm_create_begin generation=52 owner=57960
INTEL_LIFECYCLE phase=vm_create_end generation=52 owner=57960
INTEL_LIFECYCLE phase=vcpu_create_begin generation=52 owner=57960
INTEL_LIFECYCLE phase=vcpu_create_end generation=52 owner=57960
[       OK ] HvfIntelRecoveryProbe.WithoutHostKick (289 ms)
[----------] 1 test from HvfIntelRecoveryProbe (289 ms total)

[==========] 1 test from 1 test suite ran. (289 ms total)
[  PASSED  ] 1 test.

Repeating all tests (iteration 52) . . .

Note: Google Test filter = HvfIntelRecoveryProbe.WithoutHostKick
[==========] Running 1 test from 1 test suite.
[----------] 1 test from HvfIntelRecoveryProbe
[ RUN      ] HvfIntelRecoveryProbe.WithoutHostKick
INTEL_PROBE phase=executor_retained
INTEL_RECOVERY host_kick=omitted
INTEL_LIFECYCLE phase=vcpu_destroy_begin generation=52 owner=57960
INTEL_LIFECYCLE phase=vcpu_destroy_end generation=52 owner=57960
INTEL_LIFECYCLE phase=vm_destroy_begin generation=52 owner=57960
INTEL_LIFECYCLE phase=vm_destroy_end generation=52 owner=57960
INTEL_LIFECYCLE phase=vm_create_begin generation=53 owner=57960
INTEL_LIFECYCLE phase=vm_create_end generation=53 owner=57960
INTEL_LIFECYCLE phase=vcpu_create_begin generation=53 owner=57960
INTEL_LIFECYCLE phase=vcpu_create_end generation=53 owner=57960
[       OK ] HvfIntelRecoveryProbe.WithoutHostKick (169 ms)
[----------] 1 test from HvfIntelRecoveryProbe (169 ms total)

[==========] 1 test from 1 test suite ran. (169 ms total)
[  PASSED  ] 1 test.

Repeating all tests (iteration 53) . . .

Note: Google Test filter = HvfIntelRecoveryProbe.WithoutHostKick
[==========] Running 1 test from 1 test suite.
[----------] 1 test from HvfIntelRecoveryProbe
[ RUN      ] HvfIntelRecoveryProbe.WithoutHostKick
INTEL_PROBE phase=executor_retained
INTEL_RECOVERY host_kick=omitted
INTEL_LIFECYCLE phase=vcpu_destroy_begin generation=53 owner=57960
INTEL_LIFECYCLE phase=vcpu_destroy_end generation=53 owner=57960
INTEL_LIFECYCLE phase=vm_destroy_begin generation=53 owner=57960
INTEL_LIFECYCLE phase=vm_destroy_end generation=53 owner=57960
INTEL_LIFECYCLE phase=vm_create_begin generation=54 owner=57960
INTEL_LIFECYCLE phase=vm_create_end generation=54 owner=57960
INTEL_LIFECYCLE phase=vcpu_create_begin generation=54 owner=57960
INTEL_LIFECYCLE phase=vcpu_create_end generation=54 owner=57960
[       OK ] HvfIntelRecoveryProbe.WithoutHostKick (284 ms)
[----------] 1 test from HvfIntelRecoveryProbe (284 ms total)

[==========] 1 test from 1 test suite ran. (284 ms total)
[  PASSED  ] 1 test.

Repeating all tests (iteration 54) . . .

Note: Google Test filter = HvfIntelRecoveryProbe.WithoutHostKick
[==========] Running 1 test from 1 test suite.
[----------] 1 test from HvfIntelRecoveryProbe
[ RUN      ] HvfIntelRecoveryProbe.WithoutHostKick
INTEL_PROBE phase=executor_retained
INTEL_RECOVERY host_kick=omitted
INTEL_LIFECYCLE phase=vcpu_destroy_begin generation=54 owner=57960
INTEL_LIFECYCLE phase=vcpu_destroy_end generation=54 owner=57960
INTEL_LIFECYCLE phase=vm_destroy_begin generation=54 owner=57960
INTEL_LIFECYCLE phase=vm_destroy_end generation=54 owner=57960
INTEL_LIFECYCLE phase=vm_create_begin generation=55 owner=57960
INTEL_LIFECYCLE phase=vm_create_end generation=55 owner=57960
INTEL_LIFECYCLE phase=vcpu_create_begin generation=55 owner=57960
INTEL_LIFECYCLE phase=vcpu_create_end generation=55 owner=57960
[       OK ] HvfIntelRecoveryProbe.WithoutHostKick (333 ms)
[----------] 1 test from HvfIntelRecoveryProbe (333 ms total)

[==========] 1 test from 1 test suite ran. (333 ms total)
[  PASSED  ] 1 test.

Repeating all tests (iteration 55) . . .

Note: Google Test filter = HvfIntelRecoveryProbe.WithoutHostKick
[==========] Running 1 test from 1 test suite.
[----------] 1 test from HvfIntelRecoveryProbe
[ RUN      ] HvfIntelRecoveryProbe.WithoutHostKick
INTEL_PROBE phase=executor_retained
INTEL_RECOVERY host_kick=omitted
INTEL_LIFECYCLE phase=vcpu_destroy_begin generation=55 owner=57960
INTEL_LIFECYCLE phase=vcpu_destroy_end generation=55 owner=57960
INTEL_LIFECYCLE phase=vm_destroy_begin generation=55 owner=57960
INTEL_LIFECYCLE phase=vm_destroy_end generation=55 owner=57960
INTEL_LIFECYCLE phase=vm_create_begin generation=56 owner=57960
INTEL_LIFECYCLE phase=vm_create_end generation=56 owner=57960
INTEL_LIFECYCLE phase=vcpu_create_begin generation=56 owner=57960
INTEL_LIFECYCLE phase=vcpu_create_end generation=56 owner=57960
[       OK ] HvfIntelRecoveryProbe.WithoutHostKick (320 ms)
[----------] 1 test from HvfIntelRecoveryProbe (320 ms total)

[==========] 1 test from 1 test suite ran. (320 ms total)
[  PASSED  ] 1 test.

Repeating all tests (iteration 56) . . .

Note: Google Test filter = HvfIntelRecoveryProbe.WithoutHostKick
[==========] Running 1 test from 1 test suite.
[----------] 1 test from HvfIntelRecoveryProbe
[ RUN      ] HvfIntelRecoveryProbe.WithoutHostKick
INTEL_PROBE phase=executor_retained
INTEL_RECOVERY host_kick=omitted
INTEL_LIFECYCLE phase=vcpu_destroy_begin generation=56 owner=57960
INTEL_LIFECYCLE phase=vcpu_destroy_end generation=56 owner=57960
INTEL_LIFECYCLE phase=vm_destroy_begin generation=56 owner=57960
INTEL_LIFECYCLE phase=vm_destroy_end generation=56 owner=57960
INTEL_LIFECYCLE phase=vm_create_begin generation=57 owner=57960
INTEL_LIFECYCLE phase=vm_create_end generation=57 owner=57960
INTEL_LIFECYCLE phase=vcpu_create_begin generation=57 owner=57960
INTEL_LIFECYCLE phase=vcpu_create_end generation=57 owner=57960
[       OK ] HvfIntelRecoveryProbe.WithoutHostKick (173 ms)
[----------] 1 test from HvfIntelRecoveryProbe (173 ms total)

[==========] 1 test from 1 test suite ran. (173 ms total)
[  PASSED  ] 1 test.

Repeating all tests (iteration 57) . . .

Note: Google Test filter = HvfIntelRecoveryProbe.WithoutHostKick
[==========] Running 1 test from 1 test suite.
[----------] 1 test from HvfIntelRecoveryProbe
[ RUN      ] HvfIntelRecoveryProbe.WithoutHostKick
INTEL_PROBE phase=executor_retained
INTEL_RECOVERY host_kick=omitted
INTEL_LIFECYCLE phase=vcpu_destroy_begin generation=57 owner=57960
INTEL_LIFECYCLE phase=vcpu_destroy_end generation=57 owner=57960
INTEL_LIFECYCLE phase=vm_destroy_begin generation=57 owner=57960
INTEL_LIFECYCLE phase=vm_destroy_end generation=57 owner=57960
INTEL_LIFECYCLE phase=vm_create_begin generation=58 owner=57960
INTEL_LIFECYCLE phase=vm_create_end generation=58 owner=57960
INTEL_LIFECYCLE phase=vcpu_create_begin generation=58 owner=57960
INTEL_LIFECYCLE phase=vcpu_create_end generation=58 owner=57960
[       OK ] HvfIntelRecoveryProbe.WithoutHostKick (330 ms)
[----------] 1 test from HvfIntelRecoveryProbe (330 ms total)

[==========] 1 test from 1 test suite ran. (334 ms total)
[  PASSED  ] 1 test.

Repeating all tests (iteration 58) . . .

Note: Google Test filter = HvfIntelRecoveryProbe.WithoutHostKick
[==========] Running 1 test from 1 test suite.
[----------] 1 test from HvfIntelRecoveryProbe
[ RUN      ] HvfIntelRecoveryProbe.WithoutHostKick
INTEL_PROBE phase=executor_retained
INTEL_RECOVERY host_kick=omitted
INTEL_LIFECYCLE phase=vcpu_destroy_begin generation=58 owner=57960
INTEL_LIFECYCLE phase=vcpu_destroy_end generation=58 owner=57960
INTEL_LIFECYCLE phase=vm_destroy_begin generation=58 owner=57960
INTEL_LIFECYCLE phase=vm_destroy_end generation=58 owner=57960
INTEL_LIFECYCLE phase=vm_create_begin generation=59 owner=57960
INTEL_LIFECYCLE phase=vm_create_end generation=59 owner=57960
INTEL_LIFECYCLE phase=vcpu_create_begin generation=59 owner=57960
INTEL_LIFECYCLE phase=vcpu_create_end generation=59 owner=57960
[       OK ] HvfIntelRecoveryProbe.WithoutHostKick (291 ms)
[----------] 1 test from HvfIntelRecoveryProbe (292 ms total)

[==========] 1 test from 1 test suite ran. (292 ms total)
[  PASSED  ] 1 test.

Repeating all tests (iteration 59) . . .

Note: Google Test filter = HvfIntelRecoveryProbe.WithoutHostKick
[==========] Running 1 test from 1 test suite.
[----------] 1 test from HvfIntelRecoveryProbe
[ RUN      ] HvfIntelRecoveryProbe.WithoutHostKick
INTEL_PROBE phase=executor_retained
INTEL_RECOVERY host_kick=omitted
INTEL_LIFECYCLE phase=vcpu_destroy_begin generation=59 owner=57960
INTEL_LIFECYCLE phase=vcpu_destroy_end generation=59 owner=57960
INTEL_LIFECYCLE phase=vm_destroy_begin generation=59 owner=57960
INTEL_LIFECYCLE phase=vm_destroy_end generation=59 owner=57960
INTEL_LIFECYCLE phase=vm_create_begin generation=60 owner=57960
INTEL_LIFECYCLE phase=vm_create_end generation=60 owner=57960
INTEL_LIFECYCLE phase=vcpu_create_begin generation=60 owner=57960
INTEL_LIFECYCLE phase=vcpu_create_end generation=60 owner=57960
[       OK ] HvfIntelRecoveryProbe.WithoutHostKick (290 ms)
[----------] 1 test from HvfIntelRecoveryProbe (290 ms total)

[==========] 1 test from 1 test suite ran. (290 ms total)
[  PASSED  ] 1 test.

Repeating all tests (iteration 60) . . .

Note: Google Test filter = HvfIntelRecoveryProbe.WithoutHostKick
[==========] Running 1 test from 1 test suite.
[----------] 1 test from HvfIntelRecoveryProbe
[ RUN      ] HvfIntelRecoveryProbe.WithoutHostKick
INTEL_PROBE phase=executor_retained
INTEL_RECOVERY host_kick=omitted
INTEL_LIFECYCLE phase=vcpu_destroy_begin generation=60 owner=57960
INTEL_LIFECYCLE phase=vcpu_destroy_end generation=60 owner=57960
INTEL_LIFECYCLE phase=vm_destroy_begin generation=60 owner=57960
INTEL_LIFECYCLE phase=vm_destroy_end generation=60 owner=57960
INTEL_LIFECYCLE phase=vm_create_begin generation=61 owner=57960
INTEL_LIFECYCLE phase=vm_create_end generation=61 owner=57960
INTEL_LIFECYCLE phase=vcpu_create_begin generation=61 owner=57960
INTEL_LIFECYCLE phase=vcpu_create_end generation=61 owner=57960
[       OK ] HvfIntelRecoveryProbe.WithoutHostKick (332 ms)
[----------] 1 test from HvfIntelRecoveryProbe (332 ms total)

[==========] 1 test from 1 test suite ran. (332 ms total)
[  PASSED  ] 1 test.

Repeating all tests (iteration 61) . . .

Note: Google Test filter = HvfIntelRecoveryProbe.WithoutHostKick
[==========] Running 1 test from 1 test suite.
[----------] 1 test from HvfIntelRecoveryProbe
[ RUN      ] HvfIntelRecoveryProbe.WithoutHostKick
INTEL_PROBE phase=executor_retained
INTEL_RECOVERY host_kick=omitted
INTEL_LIFECYCLE phase=vcpu_destroy_begin generation=61 owner=57960
INTEL_LIFECYCLE phase=vcpu_destroy_end generation=61 owner=57960
INTEL_LIFECYCLE phase=vm_destroy_begin generation=61 owner=57960
INTEL_LIFECYCLE phase=vm_destroy_end generation=61 owner=57960
INTEL_LIFECYCLE phase=vm_create_begin generation=62 owner=57960
INTEL_LIFECYCLE phase=vm_create_end generation=62 owner=57960
INTEL_LIFECYCLE phase=vcpu_create_begin generation=62 owner=57960
INTEL_LIFECYCLE phase=vcpu_create_end generation=62 owner=57960
[       OK ] HvfIntelRecoveryProbe.WithoutHostKick (220 ms)
[----------] 1 test from HvfIntelRecoveryProbe (220 ms total)

[==========] 1 test from 1 test suite ran. (220 ms total)
[  PASSED  ] 1 test.

Repeating all tests (iteration 62) . . .

Note: Google Test filter = HvfIntelRecoveryProbe.WithoutHostKick
[==========] Running 1 test from 1 test suite.
[----------] 1 test from HvfIntelRecoveryProbe
[ RUN      ] HvfIntelRecoveryProbe.WithoutHostKick
INTEL_PROBE phase=executor_retained
INTEL_RECOVERY host_kick=omitted
INTEL_LIFECYCLE phase=vcpu_destroy_begin generation=62 owner=57960
INTEL_LIFECYCLE phase=vcpu_destroy_end generation=62 owner=57960
INTEL_LIFECYCLE phase=vm_destroy_begin generation=62 owner=57960
INTEL_LIFECYCLE phase=vm_destroy_end generation=62 owner=57960
INTEL_LIFECYCLE phase=vm_create_begin generation=63 owner=57960
INTEL_LIFECYCLE phase=vm_create_end generation=63 owner=57960
INTEL_LIFECYCLE phase=vcpu_create_begin generation=63 owner=57960
INTEL_LIFECYCLE phase=vcpu_create_end generation=63 owner=57960
[       OK ] HvfIntelRecoveryProbe.WithoutHostKick (282 ms)
[----------] 1 test from HvfIntelRecoveryProbe (282 ms total)

[==========] 1 test from 1 test suite ran. (282 ms total)
[  PASSED  ] 1 test.

Repeating all tests (iteration 63) . . .

Note: Google Test filter = HvfIntelRecoveryProbe.WithoutHostKick
[==========] Running 1 test from 1 test suite.
[----------] 1 test from HvfIntelRecoveryProbe
[ RUN      ] HvfIntelRecoveryProbe.WithoutHostKick
INTEL_PROBE phase=executor_retained
INTEL_RECOVERY host_kick=omitted
INTEL_LIFECYCLE phase=vcpu_destroy_begin generation=63 owner=57960
INTEL_LIFECYCLE phase=vcpu_destroy_end generation=63 owner=57960
INTEL_LIFECYCLE phase=vm_destroy_begin generation=63 owner=57960
INTEL_LIFECYCLE phase=vm_destroy_end generation=63 owner=57960
INTEL_LIFECYCLE phase=vm_create_begin generation=64 owner=57960
INTEL_LIFECYCLE phase=vm_create_end generation=64 owner=57960
INTEL_LIFECYCLE phase=vcpu_create_begin generation=64 owner=57960
INTEL_LIFECYCLE phase=vcpu_create_end generation=64 owner=57960
[       OK ] HvfIntelRecoveryProbe.WithoutHostKick (322 ms)
[----------] 1 test from HvfIntelRecoveryProbe (322 ms total)

[==========] 1 test from 1 test suite ran. (322 ms total)
[  PASSED  ] 1 test.

Repeating all tests (iteration 64) . . .

Note: Google Test filter = HvfIntelRecoveryProbe.WithoutHostKick
[==========] Running 1 test from 1 test suite.
[----------] 1 test from HvfIntelRecoveryProbe
[ RUN      ] HvfIntelRecoveryProbe.WithoutHostKick
INTEL_PROBE phase=executor_retained
INTEL_RECOVERY host_kick=omitted
INTEL_LIFECYCLE phase=vcpu_destroy_begin generation=64 owner=57960
INTEL_LIFECYCLE phase=vcpu_destroy_end generation=64 owner=57960
INTEL_LIFECYCLE phase=vm_destroy_begin generation=64 owner=57960
INTEL_LIFECYCLE phase=vm_destroy_end generation=64 owner=57960
INTEL_LIFECYCLE phase=vm_create_begin generation=65 owner=57960
INTEL_LIFECYCLE phase=vm_create_end generation=65 owner=57960
INTEL_LIFECYCLE phase=vcpu_create_begin generation=65 owner=57960
INTEL_LIFECYCLE phase=vcpu_create_end generation=65 owner=57960
[       OK ] HvfIntelRecoveryProbe.WithoutHostKick (203 ms)
[----------] 1 test from HvfIntelRecoveryProbe (203 ms total)

[==========] 1 test from 1 test suite ran. (203 ms total)
[  PASSED  ] 1 test.

Repeating all tests (iteration 65) . . .

Note: Google Test filter = HvfIntelRecoveryProbe.WithoutHostKick
[==========] Running 1 test from 1 test suite.
[----------] 1 test from HvfIntelRecoveryProbe
[ RUN      ] HvfIntelRecoveryProbe.WithoutHostKick
INTEL_PROBE phase=executor_retained
INTEL_RECOVERY host_kick=omitted
INTEL_LIFECYCLE phase=vcpu_destroy_begin generation=65 owner=57960
INTEL_LIFECYCLE phase=vcpu_destroy_end generation=65 owner=57960
INTEL_LIFECYCLE phase=vm_destroy_begin generation=65 owner=57960
INTEL_LIFECYCLE phase=vm_destroy_end generation=65 owner=57960
INTEL_LIFECYCLE phase=vm_create_begin generation=66 owner=57960
INTEL_LIFECYCLE phase=vm_create_end generation=66 owner=57960
INTEL_LIFECYCLE phase=vcpu_create_begin generation=66 owner=57960
INTEL_LIFECYCLE phase=vcpu_create_end generation=66 owner=57960
[       OK ] HvfIntelRecoveryProbe.WithoutHostKick (136 ms)
[----------] 1 test from HvfIntelRecoveryProbe (136 ms total)

[==========] 1 test from 1 test suite ran. (136 ms total)
[  PASSED  ] 1 test.

Repeating all tests (iteration 66) . . .

Note: Google Test filter = HvfIntelRecoveryProbe.WithoutHostKick
[==========] Running 1 test from 1 test suite.
[----------] 1 test from HvfIntelRecoveryProbe
[ RUN      ] HvfIntelRecoveryProbe.WithoutHostKick
INTEL_PROBE phase=executor_retained
INTEL_RECOVERY host_kick=omitted
INTEL_LIFECYCLE phase=vcpu_destroy_begin generation=66 owner=57960
INTEL_LIFECYCLE phase=vcpu_destroy_end generation=66 owner=57960
INTEL_LIFECYCLE phase=vm_destroy_begin generation=66 owner=57960
INTEL_LIFECYCLE phase=vm_destroy_end generation=66 owner=57960
INTEL_LIFECYCLE phase=vm_create_begin generation=67 owner=57960
INTEL_LIFECYCLE phase=vm_create_end generation=67 owner=57960
INTEL_LIFECYCLE phase=vcpu_create_begin generation=67 owner=57960
INTEL_LIFECYCLE phase=vcpu_create_end generation=67 owner=57960
[       OK ] HvfIntelRecoveryProbe.WithoutHostKick (368 ms)
[----------] 1 test from HvfIntelRecoveryProbe (368 ms total)

[==========] 1 test from 1 test suite ran. (369 ms total)
[  PASSED  ] 1 test.

Repeating all tests (iteration 67) . . .

Note: Google Test filter = HvfIntelRecoveryProbe.WithoutHostKick
[==========] Running 1 test from 1 test suite.
[----------] 1 test from HvfIntelRecoveryProbe
[ RUN      ] HvfIntelRecoveryProbe.WithoutHostKick
INTEL_PROBE phase=executor_retained
INTEL_RECOVERY host_kick=omitted
INTEL_LIFECYCLE phase=vcpu_destroy_begin generation=67 owner=57960
INTEL_LIFECYCLE phase=vcpu_destroy_end generation=67 owner=57960
INTEL_LIFECYCLE phase=vm_destroy_begin generation=67 owner=57960
INTEL_LIFECYCLE phase=vm_destroy_end generation=67 owner=57960
INTEL_LIFECYCLE phase=vm_create_begin generation=68 owner=57960
INTEL_LIFECYCLE phase=vm_create_end generation=68 owner=57960
INTEL_LIFECYCLE phase=vcpu_create_begin generation=68 owner=57960
INTEL_LIFECYCLE phase=vcpu_create_end generation=68 owner=57960
[       OK ] HvfIntelRecoveryProbe.WithoutHostKick (290 ms)
[----------] 1 test from HvfIntelRecoveryProbe (290 ms total)

[==========] 1 test from 1 test suite ran. (290 ms total)
[  PASSED  ] 1 test.

Repeating all tests (iteration 68) . . .

Note: Google Test filter = HvfIntelRecoveryProbe.WithoutHostKick
[==========] Running 1 test from 1 test suite.
[----------] 1 test from HvfIntelRecoveryProbe
[ RUN      ] HvfIntelRecoveryProbe.WithoutHostKick
INTEL_PROBE phase=executor_retained
INTEL_RECOVERY host_kick=omitted
INTEL_LIFECYCLE phase=vcpu_destroy_begin generation=68 owner=57960
INTEL_LIFECYCLE phase=vcpu_destroy_end generation=68 owner=57960
INTEL_LIFECYCLE phase=vm_destroy_begin generation=68 owner=57960
INTEL_LIFECYCLE phase=vm_destroy_end generation=68 owner=57960
INTEL_LIFECYCLE phase=vm_create_begin generation=69 owner=57960
INTEL_LIFECYCLE phase=vm_create_end generation=69 owner=57960
INTEL_LIFECYCLE phase=vcpu_create_begin generation=69 owner=57960
INTEL_LIFECYCLE phase=vcpu_create_end generation=69 owner=57960
[       OK ] HvfIntelRecoveryProbe.WithoutHostKick (307 ms)
[----------] 1 test from HvfIntelRecoveryProbe (307 ms total)

[==========] 1 test from 1 test suite ran. (307 ms total)
[  PASSED  ] 1 test.

Repeating all tests (iteration 69) . . .

Note: Google Test filter = HvfIntelRecoveryProbe.WithoutHostKick
[==========] Running 1 test from 1 test suite.
[----------] 1 test from HvfIntelRecoveryProbe
[ RUN      ] HvfIntelRecoveryProbe.WithoutHostKick
INTEL_PROBE phase=executor_retained
INTEL_RECOVERY host_kick=omitted
INTEL_LIFECYCLE phase=vcpu_destroy_begin generation=69 owner=57960
INTEL_LIFECYCLE phase=vcpu_destroy_end generation=69 owner=57960
INTEL_LIFECYCLE phase=vm_destroy_begin generation=69 owner=57960
INTEL_LIFECYCLE phase=vm_destroy_end generation=69 owner=57960
INTEL_LIFECYCLE phase=vm_create_begin generation=70 owner=57960
INTEL_LIFECYCLE phase=vm_create_end generation=70 owner=57960
INTEL_LIFECYCLE phase=vcpu_create_begin generation=70 owner=57960
INTEL_LIFECYCLE phase=vcpu_create_end generation=70 owner=57960
[       OK ] HvfIntelRecoveryProbe.WithoutHostKick (191 ms)
[----------] 1 test from HvfIntelRecoveryProbe (192 ms total)

[==========] 1 test from 1 test suite ran. (192 ms total)
[  PASSED  ] 1 test.

Repeating all tests (iteration 70) . . .

Note: Google Test filter = HvfIntelRecoveryProbe.WithoutHostKick
[==========] Running 1 test from 1 test suite.
[----------] 1 test from HvfIntelRecoveryProbe
[ RUN      ] HvfIntelRecoveryProbe.WithoutHostKick
INTEL_PROBE phase=executor_retained
INTEL_RECOVERY host_kick=omitted
INTEL_LIFECYCLE phase=vcpu_destroy_begin generation=70 owner=57960
INTEL_LIFECYCLE phase=vcpu_destroy_end generation=70 owner=57960
INTEL_LIFECYCLE phase=vm_destroy_begin generation=70 owner=57960
INTEL_LIFECYCLE phase=vm_destroy_end generation=70 owner=57960
INTEL_LIFECYCLE phase=vm_create_begin generation=71 owner=57960
INTEL_LIFECYCLE phase=vm_create_end generation=71 owner=57960
INTEL_LIFECYCLE phase=vcpu_create_begin generation=71 owner=57960
INTEL_LIFECYCLE phase=vcpu_create_end generation=71 owner=57960
[       OK ] HvfIntelRecoveryProbe.WithoutHostKick (301 ms)
[----------] 1 test from HvfIntelRecoveryProbe (301 ms total)

[==========] 1 test from 1 test suite ran. (301 ms total)
[  PASSED  ] 1 test.

Repeating all tests (iteration 71) . . .

Note: Google Test filter = HvfIntelRecoveryProbe.WithoutHostKick
[==========] Running 1 test from 1 test suite.
[----------] 1 test from HvfIntelRecoveryProbe
[ RUN      ] HvfIntelRecoveryProbe.WithoutHostKick
INTEL_PROBE phase=executor_retained
INTEL_RECOVERY host_kick=omitted
INTEL_LIFECYCLE phase=vcpu_destroy_begin generation=71 owner=57960
INTEL_LIFECYCLE phase=vcpu_destroy_end generation=71 owner=57960
INTEL_LIFECYCLE phase=vm_destroy_begin generation=71 owner=57960
INTEL_LIFECYCLE phase=vm_destroy_end generation=71 owner=57960
INTEL_LIFECYCLE phase=vm_create_begin generation=72 owner=57960
INTEL_LIFECYCLE phase=vm_create_end generation=72 owner=57960
INTEL_LIFECYCLE phase=vcpu_create_begin generation=72 owner=57960
INTEL_LIFECYCLE phase=vcpu_create_end generation=72 owner=57960
[       OK ] HvfIntelRecoveryProbe.WithoutHostKick (202 ms)
[----------] 1 test from HvfIntelRecoveryProbe (202 ms total)

[==========] 1 test from 1 test suite ran. (202 ms total)
[  PASSED  ] 1 test.

Repeating all tests (iteration 72) . . .

Note: Google Test filter = HvfIntelRecoveryProbe.WithoutHostKick
[==========] Running 1 test from 1 test suite.
[----------] 1 test from HvfIntelRecoveryProbe
[ RUN      ] HvfIntelRecoveryProbe.WithoutHostKick
INTEL_PROBE phase=executor_retained
INTEL_RECOVERY host_kick=omitted
INTEL_LIFECYCLE phase=vcpu_destroy_begin generation=72 owner=57960
INTEL_LIFECYCLE phase=vcpu_destroy_end generation=72 owner=57960
INTEL_LIFECYCLE phase=vm_destroy_begin generation=72 owner=57960
INTEL_LIFECYCLE phase=vm_destroy_end generation=72 owner=57960
INTEL_LIFECYCLE phase=vm_create_begin generation=73 owner=57960
INTEL_LIFECYCLE phase=vm_create_end generation=73 owner=57960
INTEL_LIFECYCLE phase=vcpu_create_begin generation=73 owner=57960
INTEL_LIFECYCLE phase=vcpu_create_end generation=73 owner=57960
[       OK ] HvfIntelRecoveryProbe.WithoutHostKick (403 ms)
[----------] 1 test from HvfIntelRecoveryProbe (403 ms total)

[==========] 1 test from 1 test suite ran. (403 ms total)
[  PASSED  ] 1 test.

Repeating all tests (iteration 73) . . .

Note: Google Test filter = HvfIntelRecoveryProbe.WithoutHostKick
[==========] Running 1 test from 1 test suite.
[----------] 1 test from HvfIntelRecoveryProbe
[ RUN      ] HvfIntelRecoveryProbe.WithoutHostKick
INTEL_PROBE phase=executor_retained
INTEL_RECOVERY host_kick=omitted
INTEL_LIFECYCLE phase=vcpu_destroy_begin generation=73 owner=57960
INTEL_LIFECYCLE phase=vcpu_destroy_end generation=73 owner=57960
INTEL_LIFECYCLE phase=vm_destroy_begin generation=73 owner=57960
INTEL_LIFECYCLE phase=vm_destroy_end generation=73 owner=57960
INTEL_LIFECYCLE phase=vm_create_begin generation=74 owner=57960
INTEL_LIFECYCLE phase=vm_create_end generation=74 owner=57960
INTEL_LIFECYCLE phase=vcpu_create_begin generation=74 owner=57960
INTEL_LIFECYCLE phase=vcpu_create_end generation=74 owner=57960
[       OK ] HvfIntelRecoveryProbe.WithoutHostKick (282 ms)
[----------] 1 test from HvfIntelRecoveryProbe (282 ms total)

[==========] 1 test from 1 test suite ran. (282 ms total)
[  PASSED  ] 1 test.

Repeating all tests (iteration 74) . . .

Note: Google Test filter = HvfIntelRecoveryProbe.WithoutHostKick
[==========] Running 1 test from 1 test suite.
[----------] 1 test from HvfIntelRecoveryProbe
[ RUN      ] HvfIntelRecoveryProbe.WithoutHostKick
INTEL_PROBE phase=executor_retained
INTEL_RECOVERY host_kick=omitted
INTEL_LIFECYCLE phase=vcpu_destroy_begin generation=74 owner=57960
INTEL_LIFECYCLE phase=vcpu_destroy_end generation=74 owner=57960
INTEL_LIFECYCLE phase=vm_destroy_begin generation=74 owner=57960
INTEL_LIFECYCLE phase=vm_destroy_end generation=74 owner=57960
INTEL_LIFECYCLE phase=vm_create_begin generation=75 owner=57960
INTEL_LIFECYCLE phase=vm_create_end generation=75 owner=57960
INTEL_LIFECYCLE phase=vcpu_create_begin generation=75 owner=57960
INTEL_LIFECYCLE phase=vcpu_create_end generation=75 owner=57960
[       OK ] HvfIntelRecoveryProbe.WithoutHostKick (391 ms)
[----------] 1 test from HvfIntelRecoveryProbe (391 ms total)

[==========] 1 test from 1 test suite ran. (391 ms total)
[  PASSED  ] 1 test.

Repeating all tests (iteration 75) . . .

Note: Google Test filter = HvfIntelRecoveryProbe.WithoutHostKick
[==========] Running 1 test from 1 test suite.
[----------] 1 test from HvfIntelRecoveryProbe
[ RUN      ] HvfIntelRecoveryProbe.WithoutHostKick
INTEL_PROBE phase=executor_retained
INTEL_RECOVERY host_kick=omitted
INTEL_LIFECYCLE phase=vcpu_destroy_begin generation=75 owner=57960
INTEL_LIFECYCLE phase=vcpu_destroy_end generation=75 owner=57960
INTEL_LIFECYCLE phase=vm_destroy_begin generation=75 owner=57960
INTEL_LIFECYCLE phase=vm_destroy_end generation=75 owner=57960
INTEL_LIFECYCLE phase=vm_create_begin generation=76 owner=57960
INTEL_LIFECYCLE phase=vm_create_end generation=76 owner=57960
INTEL_LIFECYCLE phase=vcpu_create_begin generation=76 owner=57960
INTEL_LIFECYCLE phase=vcpu_create_end generation=76 owner=57960
[       OK ] HvfIntelRecoveryProbe.WithoutHostKick (264 ms)
[----------] 1 test from HvfIntelRecoveryProbe (264 ms total)

[==========] 1 test from 1 test suite ran. (265 ms total)
[  PASSED  ] 1 test.

Repeating all tests (iteration 76) . . .

Note: Google Test filter = HvfIntelRecoveryProbe.WithoutHostKick
[==========] Running 1 test from 1 test suite.
[----------] 1 test from HvfIntelRecoveryProbe
[ RUN      ] HvfIntelRecoveryProbe.WithoutHostKick
INTEL_PROBE phase=executor_retained
