Running main() from /Users/runner/work/test_mac_intel/test_mac_intel/source/build-hvf/_deps/googletest-src/googletest/src/gtest_main.cc

Repeating all tests (iteration 1) . . .

Note: Google Test filter = HvfExecutor.Native*
[==========] Running 1 test from 1 test suite.
[----------] Global test environment set-up.
[----------] 1 test from HvfExecutor
[ RUN      ] HvfExecutor.NativeIntelCancellationAndCompletionFailureAllowRetry
INTEL_PROBE phase=executor_retained
INTEL_LIFECYCLE phase=vcpu_destroy_begin generation=1 owner=135309
INTEL_LIFECYCLE phase=vcpu_destroy_end generation=1 owner=135309
INTEL_LIFECYCLE phase=vcpu_create_begin generation=2 owner=135309
INTEL_LIFECYCLE phase=vcpu_create_end generation=2 owner=135309
[       OK ] HvfExecutor.NativeIntelCancellationAndCompletionFailureAllowRetry (596 ms)
[----------] 1 test from HvfExecutor (596 ms total)

[==========] 1 test from 1 test suite ran. (596 ms total)
[  PASSED  ] 1 test.

Repeating all tests (iteration 2) . . .

Note: Google Test filter = HvfExecutor.Native*
[==========] Running 1 test from 1 test suite.
[----------] 1 test from HvfExecutor
[ RUN      ] HvfExecutor.NativeIntelCancellationAndCompletionFailureAllowRetry
INTEL_PROBE phase=executor_retained
INTEL_LIFECYCLE phase=vcpu_destroy_begin generation=2 owner=135309
INTEL_LIFECYCLE phase=vcpu_destroy_end generation=2 owner=135309
INTEL_LIFECYCLE phase=vcpu_create_begin generation=3 owner=135309
INTEL_LIFECYCLE phase=vcpu_create_end generation=3 owner=135309
[       OK ] HvfExecutor.NativeIntelCancellationAndCompletionFailureAllowRetry (318 ms)
[----------] 1 test from HvfExecutor (319 ms total)

[==========] 1 test from 1 test suite ran. (319 ms total)
[  PASSED  ] 1 test.

Repeating all tests (iteration 3) . . .

Note: Google Test filter = HvfExecutor.Native*
[==========] Running 1 test from 1 test suite.
[----------] 1 test from HvfExecutor
[ RUN      ] HvfExecutor.NativeIntelCancellationAndCompletionFailureAllowRetry
INTEL_PROBE phase=executor_retained
INTEL_LIFECYCLE phase=vcpu_destroy_begin generation=3 owner=135309
INTEL_LIFECYCLE phase=vcpu_destroy_end generation=3 owner=135309
INTEL_LIFECYCLE phase=vcpu_create_begin generation=4 owner=135309
INTEL_LIFECYCLE phase=vcpu_create_end generation=4 owner=135309
[       OK ] HvfExecutor.NativeIntelCancellationAndCompletionFailureAllowRetry (197 ms)
[----------] 1 test from HvfExecutor (197 ms total)

[==========] 1 test from 1 test suite ran. (197 ms total)
[  PASSED  ] 1 test.

Repeating all tests (iteration 4) . . .

Note: Google Test filter = HvfExecutor.Native*
[==========] Running 1 test from 1 test suite.
[----------] 1 test from HvfExecutor
[ RUN      ] HvfExecutor.NativeIntelCancellationAndCompletionFailureAllowRetry
INTEL_PROBE phase=executor_retained
INTEL_LIFECYCLE phase=vcpu_destroy_begin generation=4 owner=135309
INTEL_LIFECYCLE phase=vcpu_destroy_end generation=4 owner=135309
INTEL_LIFECYCLE phase=vcpu_create_begin generation=5 owner=135309
INTEL_LIFECYCLE phase=vcpu_create_end generation=5 owner=135309
[       OK ] HvfExecutor.NativeIntelCancellationAndCompletionFailureAllowRetry (230 ms)
[----------] 1 test from HvfExecutor (230 ms total)

[==========] 1 test from 1 test suite ran. (230 ms total)
[  PASSED  ] 1 test.

Repeating all tests (iteration 5) . . .

Note: Google Test filter = HvfExecutor.Native*
[==========] Running 1 test from 1 test suite.
[----------] 1 test from HvfExecutor
[ RUN      ] HvfExecutor.NativeIntelCancellationAndCompletionFailureAllowRetry
INTEL_PROBE phase=executor_retained
INTEL_LIFECYCLE phase=vcpu_destroy_begin generation=5 owner=135309
INTEL_LIFECYCLE phase=vcpu_destroy_end generation=5 owner=135309
INTEL_LIFECYCLE phase=vcpu_create_begin generation=6 owner=135309
INTEL_LIFECYCLE phase=vcpu_create_end generation=6 owner=135309
[       OK ] HvfExecutor.NativeIntelCancellationAndCompletionFailureAllowRetry (231 ms)
[----------] 1 test from HvfExecutor (231 ms total)

[==========] 1 test from 1 test suite ran. (231 ms total)
[  PASSED  ] 1 test.

Repeating all tests (iteration 6) . . .

Note: Google Test filter = HvfExecutor.Native*
[==========] Running 1 test from 1 test suite.
[----------] 1 test from HvfExecutor
[ RUN      ] HvfExecutor.NativeIntelCancellationAndCompletionFailureAllowRetry
INTEL_PROBE phase=executor_retained
INTEL_LIFECYCLE phase=vcpu_destroy_begin generation=6 owner=135309
INTEL_LIFECYCLE phase=vcpu_destroy_end generation=6 owner=135309
INTEL_LIFECYCLE phase=vcpu_create_begin generation=7 owner=135309
INTEL_LIFECYCLE phase=vcpu_create_end generation=7 owner=135309
[       OK ] HvfExecutor.NativeIntelCancellationAndCompletionFailureAllowRetry (123 ms)
[----------] 1 test from HvfExecutor (123 ms total)

[==========] 1 test from 1 test suite ran. (124 ms total)
[  PASSED  ] 1 test.

Repeating all tests (iteration 7) . . .

Note: Google Test filter = HvfExecutor.Native*
[==========] Running 1 test from 1 test suite.
[----------] 1 test from HvfExecutor
[ RUN      ] HvfExecutor.NativeIntelCancellationAndCompletionFailureAllowRetry
INTEL_PROBE phase=executor_retained
INTEL_LIFECYCLE phase=vcpu_destroy_begin generation=7 owner=135309
INTEL_LIFECYCLE phase=vcpu_destroy_end generation=7 owner=135309
INTEL_LIFECYCLE phase=vcpu_create_begin generation=8 owner=135309
INTEL_LIFECYCLE phase=vcpu_create_end generation=8 owner=135309
[       OK ] HvfExecutor.NativeIntelCancellationAndCompletionFailureAllowRetry (252 ms)
[----------] 1 test from HvfExecutor (252 ms total)

[==========] 1 test from 1 test suite ran. (252 ms total)
[  PASSED  ] 1 test.

Repeating all tests (iteration 8) . . .

Note: Google Test filter = HvfExecutor.Native*
[==========] Running 1 test from 1 test suite.
[----------] 1 test from HvfExecutor
[ RUN      ] HvfExecutor.NativeIntelCancellationAndCompletionFailureAllowRetry
INTEL_PROBE phase=executor_retained
INTEL_LIFECYCLE phase=vcpu_destroy_begin generation=8 owner=135309
INTEL_LIFECYCLE phase=vcpu_destroy_end generation=8 owner=135309
INTEL_LIFECYCLE phase=vcpu_create_begin generation=9 owner=135309
INTEL_LIFECYCLE phase=vcpu_create_end generation=9 owner=135309
[       OK ] HvfExecutor.NativeIntelCancellationAndCompletionFailureAllowRetry (247 ms)
[----------] 1 test from HvfExecutor (247 ms total)

[==========] 1 test from 1 test suite ran. (247 ms total)
[  PASSED  ] 1 test.

Repeating all tests (iteration 9) . . .

Note: Google Test filter = HvfExecutor.Native*
[==========] Running 1 test from 1 test suite.
[----------] 1 test from HvfExecutor
[ RUN      ] HvfExecutor.NativeIntelCancellationAndCompletionFailureAllowRetry
INTEL_PROBE phase=executor_retained
INTEL_LIFECYCLE phase=vcpu_destroy_begin generation=9 owner=135309
INTEL_LIFECYCLE phase=vcpu_destroy_end generation=9 owner=135309
INTEL_LIFECYCLE phase=vcpu_create_begin generation=10 owner=135309
INTEL_LIFECYCLE phase=vcpu_create_end generation=10 owner=135309
[       OK ] HvfExecutor.NativeIntelCancellationAndCompletionFailureAllowRetry (241 ms)
[----------] 1 test from HvfExecutor (241 ms total)

[==========] 1 test from 1 test suite ran. (241 ms total)
[  PASSED  ] 1 test.

Repeating all tests (iteration 10) . . .

Note: Google Test filter = HvfExecutor.Native*
[==========] Running 1 test from 1 test suite.
[----------] 1 test from HvfExecutor
[ RUN      ] HvfExecutor.NativeIntelCancellationAndCompletionFailureAllowRetry
INTEL_PROBE phase=executor_retained
INTEL_LIFECYCLE phase=vcpu_destroy_begin generation=10 owner=135309
INTEL_LIFECYCLE phase=vcpu_destroy_end generation=10 owner=135309
INTEL_LIFECYCLE phase=vcpu_create_begin generation=11 owner=135309
INTEL_LIFECYCLE phase=vcpu_create_end generation=11 owner=135309
[       OK ] HvfExecutor.NativeIntelCancellationAndCompletionFailureAllowRetry (193 ms)
[----------] 1 test from HvfExecutor (193 ms total)

[==========] 1 test from 1 test suite ran. (193 ms total)
[  PASSED  ] 1 test.

Repeating all tests (iteration 11) . . .

Note: Google Test filter = HvfExecutor.Native*
[==========] Running 1 test from 1 test suite.
[----------] 1 test from HvfExecutor
[ RUN      ] HvfExecutor.NativeIntelCancellationAndCompletionFailureAllowRetry
INTEL_PROBE phase=executor_retained
INTEL_LIFECYCLE phase=vcpu_destroy_begin generation=11 owner=135309
INTEL_LIFECYCLE phase=vcpu_destroy_end generation=11 owner=135309
INTEL_LIFECYCLE phase=vcpu_create_begin generation=12 owner=135309
INTEL_LIFECYCLE phase=vcpu_create_end generation=12 owner=135309
[       OK ] HvfExecutor.NativeIntelCancellationAndCompletionFailureAllowRetry (284 ms)
[----------] 1 test from HvfExecutor (284 ms total)

[==========] 1 test from 1 test suite ran. (284 ms total)
[  PASSED  ] 1 test.

Repeating all tests (iteration 12) . . .

Note: Google Test filter = HvfExecutor.Native*
[==========] Running 1 test from 1 test suite.
[----------] 1 test from HvfExecutor
[ RUN      ] HvfExecutor.NativeIntelCancellationAndCompletionFailureAllowRetry
INTEL_PROBE phase=executor_retained
INTEL_LIFECYCLE phase=vcpu_destroy_begin generation=12 owner=135309
INTEL_LIFECYCLE phase=vcpu_destroy_end generation=12 owner=135309
INTEL_LIFECYCLE phase=vcpu_create_begin generation=13 owner=135309
INTEL_LIFECYCLE phase=vcpu_create_end generation=13 owner=135309
[       OK ] HvfExecutor.NativeIntelCancellationAndCompletionFailureAllowRetry (294 ms)
[----------] 1 test from HvfExecutor (294 ms total)

[==========] 1 test from 1 test suite ran. (294 ms total)
[  PASSED  ] 1 test.

Repeating all tests (iteration 13) . . .

Note: Google Test filter = HvfExecutor.Native*
[==========] Running 1 test from 1 test suite.
[----------] 1 test from HvfExecutor
[ RUN      ] HvfExecutor.NativeIntelCancellationAndCompletionFailureAllowRetry
INTEL_PROBE phase=executor_retained
INTEL_LIFECYCLE phase=vcpu_destroy_begin generation=13 owner=135309
INTEL_LIFECYCLE phase=vcpu_destroy_end generation=13 owner=135309
INTEL_LIFECYCLE phase=vcpu_create_begin generation=14 owner=135309
INTEL_LIFECYCLE phase=vcpu_create_end generation=14 owner=135309
[       OK ] HvfExecutor.NativeIntelCancellationAndCompletionFailureAllowRetry (128 ms)
[----------] 1 test from HvfExecutor (128 ms total)

[==========] 1 test from 1 test suite ran. (128 ms total)
[  PASSED  ] 1 test.

Repeating all tests (iteration 14) . . .

Note: Google Test filter = HvfExecutor.Native*
[==========] Running 1 test from 1 test suite.
[----------] 1 test from HvfExecutor
[ RUN      ] HvfExecutor.NativeIntelCancellationAndCompletionFailureAllowRetry
INTEL_PROBE phase=executor_retained
INTEL_LIFECYCLE phase=vcpu_destroy_begin generation=14 owner=135309
INTEL_LIFECYCLE phase=vcpu_destroy_end generation=14 owner=135309
INTEL_LIFECYCLE phase=vcpu_create_begin generation=15 owner=135309
INTEL_LIFECYCLE phase=vcpu_create_end generation=15 owner=135309
[       OK ] HvfExecutor.NativeIntelCancellationAndCompletionFailureAllowRetry (133 ms)
[----------] 1 test from HvfExecutor (133 ms total)

[==========] 1 test from 1 test suite ran. (133 ms total)
[  PASSED  ] 1 test.

Repeating all tests (iteration 15) . . .

Note: Google Test filter = HvfExecutor.Native*
[==========] Running 1 test from 1 test suite.
[----------] 1 test from HvfExecutor
[ RUN      ] HvfExecutor.NativeIntelCancellationAndCompletionFailureAllowRetry
INTEL_PROBE phase=executor_retained
INTEL_LIFECYCLE phase=vcpu_destroy_begin generation=15 owner=135309
INTEL_LIFECYCLE phase=vcpu_destroy_end generation=15 owner=135309
INTEL_LIFECYCLE phase=vcpu_create_begin generation=16 owner=135309
INTEL_LIFECYCLE phase=vcpu_create_end generation=16 owner=135309
[       OK ] HvfExecutor.NativeIntelCancellationAndCompletionFailureAllowRetry (342 ms)
[----------] 1 test from HvfExecutor (342 ms total)

[==========] 1 test from 1 test suite ran. (343 ms total)
[  PASSED  ] 1 test.

Repeating all tests (iteration 16) . . .

Note: Google Test filter = HvfExecutor.Native*
[==========] Running 1 test from 1 test suite.
[----------] 1 test from HvfExecutor
[ RUN      ] HvfExecutor.NativeIntelCancellationAndCompletionFailureAllowRetry
INTEL_PROBE phase=executor_retained
INTEL_LIFECYCLE phase=vcpu_destroy_begin generation=16 owner=135309
INTEL_LIFECYCLE phase=vcpu_destroy_end generation=16 owner=135309
INTEL_LIFECYCLE phase=vcpu_create_begin generation=17 owner=135309
INTEL_LIFECYCLE phase=vcpu_create_end generation=17 owner=135309
[       OK ] HvfExecutor.NativeIntelCancellationAndCompletionFailureAllowRetry (271 ms)
[----------] 1 test from HvfExecutor (271 ms total)

[==========] 1 test from 1 test suite ran. (271 ms total)
[  PASSED  ] 1 test.

Repeating all tests (iteration 17) . . .

Note: Google Test filter = HvfExecutor.Native*
[==========] Running 1 test from 1 test suite.
[----------] 1 test from HvfExecutor
[ RUN      ] HvfExecutor.NativeIntelCancellationAndCompletionFailureAllowRetry
INTEL_PROBE phase=executor_retained
INTEL_LIFECYCLE phase=vcpu_destroy_begin generation=17 owner=135309
INTEL_LIFECYCLE phase=vcpu_destroy_end generation=17 owner=135309
INTEL_LIFECYCLE phase=vcpu_create_begin generation=18 owner=135309
INTEL_LIFECYCLE phase=vcpu_create_end generation=18 owner=135309
[       OK ] HvfExecutor.NativeIntelCancellationAndCompletionFailureAllowRetry (253 ms)
[----------] 1 test from HvfExecutor (253 ms total)

[==========] 1 test from 1 test suite ran. (253 ms total)
[  PASSED  ] 1 test.

Repeating all tests (iteration 18) . . .

Note: Google Test filter = HvfExecutor.Native*
[==========] Running 1 test from 1 test suite.
[----------] 1 test from HvfExecutor
[ RUN      ] HvfExecutor.NativeIntelCancellationAndCompletionFailureAllowRetry
INTEL_PROBE phase=executor_retained
INTEL_LIFECYCLE phase=vcpu_destroy_begin generation=18 owner=135309
INTEL_LIFECYCLE phase=vcpu_destroy_end generation=18 owner=135309
INTEL_LIFECYCLE phase=vcpu_create_begin generation=19 owner=135309
INTEL_LIFECYCLE phase=vcpu_create_end generation=19 owner=135309
[       OK ] HvfExecutor.NativeIntelCancellationAndCompletionFailureAllowRetry (403 ms)
[----------] 1 test from HvfExecutor (403 ms total)

[==========] 1 test from 1 test suite ran. (403 ms total)
[  PASSED  ] 1 test.

Repeating all tests (iteration 19) . . .

Note: Google Test filter = HvfExecutor.Native*
[==========] Running 1 test from 1 test suite.
[----------] 1 test from HvfExecutor
[ RUN      ] HvfExecutor.NativeIntelCancellationAndCompletionFailureAllowRetry
INTEL_PROBE phase=executor_retained
INTEL_LIFECYCLE phase=vcpu_destroy_begin generation=19 owner=135309
INTEL_LIFECYCLE phase=vcpu_destroy_end generation=19 owner=135309
INTEL_LIFECYCLE phase=vcpu_create_begin generation=20 owner=135309
INTEL_LIFECYCLE phase=vcpu_create_end generation=20 owner=135309
[       OK ] HvfExecutor.NativeIntelCancellationAndCompletionFailureAllowRetry (132 ms)
[----------] 1 test from HvfExecutor (132 ms total)

[==========] 1 test from 1 test suite ran. (132 ms total)
[  PASSED  ] 1 test.

Repeating all tests (iteration 20) . . .

Note: Google Test filter = HvfExecutor.Native*
[==========] Running 1 test from 1 test suite.
[----------] 1 test from HvfExecutor
[ RUN      ] HvfExecutor.NativeIntelCancellationAndCompletionFailureAllowRetry
INTEL_PROBE phase=executor_retained
INTEL_LIFECYCLE phase=vcpu_destroy_begin generation=20 owner=135309
INTEL_LIFECYCLE phase=vcpu_destroy_end generation=20 owner=135309
INTEL_LIFECYCLE phase=vcpu_create_begin generation=21 owner=135309
INTEL_LIFECYCLE phase=vcpu_create_end generation=21 owner=135309
[       OK ] HvfExecutor.NativeIntelCancellationAndCompletionFailureAllowRetry (411 ms)
[----------] 1 test from HvfExecutor (411 ms total)

[==========] 1 test from 1 test suite ran. (411 ms total)
[  PASSED  ] 1 test.

Repeating all tests (iteration 21) . . .

Note: Google Test filter = HvfExecutor.Native*
[==========] Running 1 test from 1 test suite.
[----------] 1 test from HvfExecutor
[ RUN      ] HvfExecutor.NativeIntelCancellationAndCompletionFailureAllowRetry
INTEL_PROBE phase=executor_retained
INTEL_LIFECYCLE phase=vcpu_destroy_begin generation=21 owner=135309
INTEL_LIFECYCLE phase=vcpu_destroy_end generation=21 owner=135309
INTEL_LIFECYCLE phase=vcpu_create_begin generation=22 owner=135309
INTEL_LIFECYCLE phase=vcpu_create_end generation=22 owner=135309
[       OK ] HvfExecutor.NativeIntelCancellationAndCompletionFailureAllowRetry (196 ms)
[----------] 1 test from HvfExecutor (196 ms total)

[==========] 1 test from 1 test suite ran. (196 ms total)
[  PASSED  ] 1 test.

Repeating all tests (iteration 22) . . .

Note: Google Test filter = HvfExecutor.Native*
[==========] Running 1 test from 1 test suite.
[----------] 1 test from HvfExecutor
[ RUN      ] HvfExecutor.NativeIntelCancellationAndCompletionFailureAllowRetry
INTEL_PROBE phase=executor_retained
INTEL_LIFECYCLE phase=vcpu_destroy_begin generation=22 owner=135309
INTEL_LIFECYCLE phase=vcpu_destroy_end generation=22 owner=135309
INTEL_LIFECYCLE phase=vcpu_create_begin generation=23 owner=135309
INTEL_LIFECYCLE phase=vcpu_create_end generation=23 owner=135309
[       OK ] HvfExecutor.NativeIntelCancellationAndCompletionFailureAllowRetry (171 ms)
[----------] 1 test from HvfExecutor (171 ms total)

[==========] 1 test from 1 test suite ran. (171 ms total)
[  PASSED  ] 1 test.

Repeating all tests (iteration 23) . . .

Note: Google Test filter = HvfExecutor.Native*
[==========] Running 1 test from 1 test suite.
[----------] 1 test from HvfExecutor
[ RUN      ] HvfExecutor.NativeIntelCancellationAndCompletionFailureAllowRetry
INTEL_PROBE phase=executor_retained
INTEL_LIFECYCLE phase=vcpu_destroy_begin generation=23 owner=135309
INTEL_LIFECYCLE phase=vcpu_destroy_end generation=23 owner=135309
INTEL_LIFECYCLE phase=vcpu_create_begin generation=24 owner=135309
INTEL_LIFECYCLE phase=vcpu_create_end generation=24 owner=135309
[       OK ] HvfExecutor.NativeIntelCancellationAndCompletionFailureAllowRetry (203 ms)
[----------] 1 test from HvfExecutor (203 ms total)

[==========] 1 test from 1 test suite ran. (203 ms total)
[  PASSED  ] 1 test.

Repeating all tests (iteration 24) . . .

Note: Google Test filter = HvfExecutor.Native*
[==========] Running 1 test from 1 test suite.
[----------] 1 test from HvfExecutor
[ RUN      ] HvfExecutor.NativeIntelCancellationAndCompletionFailureAllowRetry
INTEL_PROBE phase=executor_retained
INTEL_LIFECYCLE phase=vcpu_destroy_begin generation=24 owner=135309
INTEL_LIFECYCLE phase=vcpu_destroy_end generation=24 owner=135309
INTEL_LIFECYCLE phase=vcpu_create_begin generation=25 owner=135309
INTEL_LIFECYCLE phase=vcpu_create_end generation=25 owner=135309
[       OK ] HvfExecutor.NativeIntelCancellationAndCompletionFailureAllowRetry (261 ms)
[----------] 1 test from HvfExecutor (261 ms total)

[==========] 1 test from 1 test suite ran. (261 ms total)
[  PASSED  ] 1 test.

Repeating all tests (iteration 25) . . .

Note: Google Test filter = HvfExecutor.Native*
[==========] Running 1 test from 1 test suite.
[----------] 1 test from HvfExecutor
[ RUN      ] HvfExecutor.NativeIntelCancellationAndCompletionFailureAllowRetry
INTEL_PROBE phase=executor_retained
INTEL_LIFECYCLE phase=vcpu_destroy_begin generation=25 owner=135309
INTEL_LIFECYCLE phase=vcpu_destroy_end generation=25 owner=135309
INTEL_LIFECYCLE phase=vcpu_create_begin generation=26 owner=135309
INTEL_LIFECYCLE phase=vcpu_create_end generation=26 owner=135309
[       OK ] HvfExecutor.NativeIntelCancellationAndCompletionFailureAllowRetry (362 ms)
[----------] 1 test from HvfExecutor (362 ms total)

[==========] 1 test from 1 test suite ran. (362 ms total)
[  PASSED  ] 1 test.

Repeating all tests (iteration 26) . . .

Note: Google Test filter = HvfExecutor.Native*
[==========] Running 1 test from 1 test suite.
[----------] 1 test from HvfExecutor
[ RUN      ] HvfExecutor.NativeIntelCancellationAndCompletionFailureAllowRetry
INTEL_PROBE phase=executor_retained
INTEL_LIFECYCLE phase=vcpu_destroy_begin generation=26 owner=135309
INTEL_LIFECYCLE phase=vcpu_destroy_end generation=26 owner=135309
INTEL_LIFECYCLE phase=vcpu_create_begin generation=27 owner=135309
INTEL_LIFECYCLE phase=vcpu_create_end generation=27 owner=135309
[       OK ] HvfExecutor.NativeIntelCancellationAndCompletionFailureAllowRetry (192 ms)
[----------] 1 test from HvfExecutor (192 ms total)

[==========] 1 test from 1 test suite ran. (192 ms total)
[  PASSED  ] 1 test.

Repeating all tests (iteration 27) . . .

Note: Google Test filter = HvfExecutor.Native*
[==========] Running 1 test from 1 test suite.
[----------] 1 test from HvfExecutor
[ RUN      ] HvfExecutor.NativeIntelCancellationAndCompletionFailureAllowRetry
INTEL_PROBE phase=executor_retained
INTEL_LIFECYCLE phase=vcpu_destroy_begin generation=27 owner=135309
INTEL_LIFECYCLE phase=vcpu_destroy_end generation=27 owner=135309
INTEL_LIFECYCLE phase=vcpu_create_begin generation=28 owner=135309
INTEL_LIFECYCLE phase=vcpu_create_end generation=28 owner=135309
[       OK ] HvfExecutor.NativeIntelCancellationAndCompletionFailureAllowRetry (395 ms)
[----------] 1 test from HvfExecutor (395 ms total)

[==========] 1 test from 1 test suite ran. (395 ms total)
[  PASSED  ] 1 test.

Repeating all tests (iteration 28) . . .

Note: Google Test filter = HvfExecutor.Native*
[==========] Running 1 test from 1 test suite.
[----------] 1 test from HvfExecutor
[ RUN      ] HvfExecutor.NativeIntelCancellationAndCompletionFailureAllowRetry
INTEL_PROBE phase=executor_retained
INTEL_LIFECYCLE phase=vcpu_destroy_begin generation=28 owner=135309
INTEL_LIFECYCLE phase=vcpu_destroy_end generation=28 owner=135309
INTEL_LIFECYCLE phase=vcpu_create_begin generation=29 owner=135309
INTEL_LIFECYCLE phase=vcpu_create_end generation=29 owner=135309
[       OK ] HvfExecutor.NativeIntelCancellationAndCompletionFailureAllowRetry (294 ms)
[----------] 1 test from HvfExecutor (294 ms total)

[==========] 1 test from 1 test suite ran. (294 ms total)
[  PASSED  ] 1 test.

Repeating all tests (iteration 29) . . .

Note: Google Test filter = HvfExecutor.Native*
[==========] Running 1 test from 1 test suite.
[----------] 1 test from HvfExecutor
[ RUN      ] HvfExecutor.NativeIntelCancellationAndCompletionFailureAllowRetry
INTEL_PROBE phase=executor_retained
INTEL_LIFECYCLE phase=vcpu_destroy_begin generation=29 owner=135309
INTEL_LIFECYCLE phase=vcpu_destroy_end generation=29 owner=135309
INTEL_LIFECYCLE phase=vcpu_create_begin generation=30 owner=135309
INTEL_LIFECYCLE phase=vcpu_create_end generation=30 owner=135309
[       OK ] HvfExecutor.NativeIntelCancellationAndCompletionFailureAllowRetry (455 ms)
[----------] 1 test from HvfExecutor (455 ms total)

[==========] 1 test from 1 test suite ran. (455 ms total)
[  PASSED  ] 1 test.

Repeating all tests (iteration 30) . . .

Note: Google Test filter = HvfExecutor.Native*
[==========] Running 1 test from 1 test suite.
[----------] 1 test from HvfExecutor
[ RUN      ] HvfExecutor.NativeIntelCancellationAndCompletionFailureAllowRetry
INTEL_PROBE phase=executor_retained
INTEL_LIFECYCLE phase=vcpu_destroy_begin generation=30 owner=135309
INTEL_LIFECYCLE phase=vcpu_destroy_end generation=30 owner=135309
INTEL_LIFECYCLE phase=vcpu_create_begin generation=31 owner=135309
INTEL_LIFECYCLE phase=vcpu_create_end generation=31 owner=135309
[       OK ] HvfExecutor.NativeIntelCancellationAndCompletionFailureAllowRetry (409 ms)
[----------] 1 test from HvfExecutor (409 ms total)

[==========] 1 test from 1 test suite ran. (409 ms total)
[  PASSED  ] 1 test.

Repeating all tests (iteration 31) . . .

Note: Google Test filter = HvfExecutor.Native*
[==========] Running 1 test from 1 test suite.
[----------] 1 test from HvfExecutor
[ RUN      ] HvfExecutor.NativeIntelCancellationAndCompletionFailureAllowRetry
INTEL_PROBE phase=executor_retained
INTEL_LIFECYCLE phase=vcpu_destroy_begin generation=31 owner=135309
INTEL_LIFECYCLE phase=vcpu_destroy_end generation=31 owner=135309
INTEL_LIFECYCLE phase=vcpu_create_begin generation=32 owner=135309
INTEL_LIFECYCLE phase=vcpu_create_end generation=32 owner=135309
[       OK ] HvfExecutor.NativeIntelCancellationAndCompletionFailureAllowRetry (298 ms)
[----------] 1 test from HvfExecutor (298 ms total)

[==========] 1 test from 1 test suite ran. (298 ms total)
[  PASSED  ] 1 test.

Repeating all tests (iteration 32) . . .

Note: Google Test filter = HvfExecutor.Native*
[==========] Running 1 test from 1 test suite.
[----------] 1 test from HvfExecutor
[ RUN      ] HvfExecutor.NativeIntelCancellationAndCompletionFailureAllowRetry
INTEL_PROBE phase=executor_retained
INTEL_LIFECYCLE phase=vcpu_destroy_begin generation=32 owner=135309
INTEL_LIFECYCLE phase=vcpu_destroy_end generation=32 owner=135309
INTEL_LIFECYCLE phase=vcpu_create_begin generation=33 owner=135309
INTEL_LIFECYCLE phase=vcpu_create_end generation=33 owner=135309
[       OK ] HvfExecutor.NativeIntelCancellationAndCompletionFailureAllowRetry (315 ms)
[----------] 1 test from HvfExecutor (316 ms total)

[==========] 1 test from 1 test suite ran. (316 ms total)
[  PASSED  ] 1 test.

Repeating all tests (iteration 33) . . .

Note: Google Test filter = HvfExecutor.Native*
[==========] Running 1 test from 1 test suite.
[----------] 1 test from HvfExecutor
[ RUN      ] HvfExecutor.NativeIntelCancellationAndCompletionFailureAllowRetry
INTEL_PROBE phase=executor_retained
INTEL_LIFECYCLE phase=vcpu_destroy_begin generation=33 owner=135309
INTEL_LIFECYCLE phase=vcpu_destroy_end generation=33 owner=135309
INTEL_LIFECYCLE phase=vcpu_create_begin generation=34 owner=135309
INTEL_LIFECYCLE phase=vcpu_create_end generation=34 owner=135309
[       OK ] HvfExecutor.NativeIntelCancellationAndCompletionFailureAllowRetry (159 ms)
[----------] 1 test from HvfExecutor (159 ms total)

[==========] 1 test from 1 test suite ran. (159 ms total)
[  PASSED  ] 1 test.

Repeating all tests (iteration 34) . . .

Note: Google Test filter = HvfExecutor.Native*
[==========] Running 1 test from 1 test suite.
[----------] 1 test from HvfExecutor
[ RUN      ] HvfExecutor.NativeIntelCancellationAndCompletionFailureAllowRetry
INTEL_PROBE phase=executor_retained
INTEL_LIFECYCLE phase=vcpu_destroy_begin generation=34 owner=135309
INTEL_LIFECYCLE phase=vcpu_destroy_end generation=34 owner=135309
INTEL_LIFECYCLE phase=vcpu_create_begin generation=35 owner=135309
INTEL_LIFECYCLE phase=vcpu_create_end generation=35 owner=135309
[       OK ] HvfExecutor.NativeIntelCancellationAndCompletionFailureAllowRetry (266 ms)
[----------] 1 test from HvfExecutor (266 ms total)

[==========] 1 test from 1 test suite ran. (266 ms total)
[  PASSED  ] 1 test.

Repeating all tests (iteration 35) . . .

Note: Google Test filter = HvfExecutor.Native*
[==========] Running 1 test from 1 test suite.
[----------] 1 test from HvfExecutor
[ RUN      ] HvfExecutor.NativeIntelCancellationAndCompletionFailureAllowRetry
INTEL_PROBE phase=executor_retained
INTEL_LIFECYCLE phase=vcpu_destroy_begin generation=35 owner=135309
INTEL_LIFECYCLE phase=vcpu_destroy_end generation=35 owner=135309
INTEL_LIFECYCLE phase=vcpu_create_begin generation=36 owner=135309
INTEL_LIFECYCLE phase=vcpu_create_end generation=36 owner=135309
[       OK ] HvfExecutor.NativeIntelCancellationAndCompletionFailureAllowRetry (258 ms)
[----------] 1 test from HvfExecutor (258 ms total)

[==========] 1 test from 1 test suite ran. (258 ms total)
[  PASSED  ] 1 test.

Repeating all tests (iteration 36) . . .

Note: Google Test filter = HvfExecutor.Native*
[==========] Running 1 test from 1 test suite.
[----------] 1 test from HvfExecutor
[ RUN      ] HvfExecutor.NativeIntelCancellationAndCompletionFailureAllowRetry
INTEL_PROBE phase=executor_retained
INTEL_LIFECYCLE phase=vcpu_destroy_begin generation=36 owner=135309
INTEL_LIFECYCLE phase=vcpu_destroy_end generation=36 owner=135309
INTEL_LIFECYCLE phase=vcpu_create_begin generation=37 owner=135309
INTEL_LIFECYCLE phase=vcpu_create_end generation=37 owner=135309
[       OK ] HvfExecutor.NativeIntelCancellationAndCompletionFailureAllowRetry (242 ms)
[----------] 1 test from HvfExecutor (242 ms total)

[==========] 1 test from 1 test suite ran. (242 ms total)
[  PASSED  ] 1 test.

Repeating all tests (iteration 37) . . .

Note: Google Test filter = HvfExecutor.Native*
[==========] Running 1 test from 1 test suite.
[----------] 1 test from HvfExecutor
[ RUN      ] HvfExecutor.NativeIntelCancellationAndCompletionFailureAllowRetry
INTEL_PROBE phase=executor_retained
INTEL_LIFECYCLE phase=vcpu_destroy_begin generation=37 owner=135309
INTEL_LIFECYCLE phase=vcpu_destroy_end generation=37 owner=135309
INTEL_LIFECYCLE phase=vcpu_create_begin generation=38 owner=135309
INTEL_LIFECYCLE phase=vcpu_create_end generation=38 owner=135309
[       OK ] HvfExecutor.NativeIntelCancellationAndCompletionFailureAllowRetry (245 ms)
[----------] 1 test from HvfExecutor (245 ms total)

[==========] 1 test from 1 test suite ran. (245 ms total)
[  PASSED  ] 1 test.

Repeating all tests (iteration 38) . . .

Note: Google Test filter = HvfExecutor.Native*
[==========] Running 1 test from 1 test suite.
[----------] 1 test from HvfExecutor
[ RUN      ] HvfExecutor.NativeIntelCancellationAndCompletionFailureAllowRetry
INTEL_PROBE phase=executor_retained
INTEL_LIFECYCLE phase=vcpu_destroy_begin generation=38 owner=135309
INTEL_LIFECYCLE phase=vcpu_destroy_end generation=38 owner=135309
INTEL_LIFECYCLE phase=vcpu_create_begin generation=39 owner=135309
INTEL_LIFECYCLE phase=vcpu_create_end generation=39 owner=135309
[       OK ] HvfExecutor.NativeIntelCancellationAndCompletionFailureAllowRetry (115 ms)
[----------] 1 test from HvfExecutor (115 ms total)

[==========] 1 test from 1 test suite ran. (115 ms total)
[  PASSED  ] 1 test.

Repeating all tests (iteration 39) . . .

Note: Google Test filter = HvfExecutor.Native*
[==========] Running 1 test from 1 test suite.
[----------] 1 test from HvfExecutor
[ RUN      ] HvfExecutor.NativeIntelCancellationAndCompletionFailureAllowRetry
INTEL_PROBE phase=executor_retained
INTEL_LIFECYCLE phase=vcpu_destroy_begin generation=39 owner=135309
INTEL_LIFECYCLE phase=vcpu_destroy_end generation=39 owner=135309
INTEL_LIFECYCLE phase=vcpu_create_begin generation=40 owner=135309
INTEL_LIFECYCLE phase=vcpu_create_end generation=40 owner=135309
[       OK ] HvfExecutor.NativeIntelCancellationAndCompletionFailureAllowRetry (174 ms)
[----------] 1 test from HvfExecutor (174 ms total)

[==========] 1 test from 1 test suite ran. (174 ms total)
[  PASSED  ] 1 test.

Repeating all tests (iteration 40) . . .

Note: Google Test filter = HvfExecutor.Native*
[==========] Running 1 test from 1 test suite.
[----------] 1 test from HvfExecutor
[ RUN      ] HvfExecutor.NativeIntelCancellationAndCompletionFailureAllowRetry
INTEL_PROBE phase=executor_retained
INTEL_LIFECYCLE phase=vcpu_destroy_begin generation=40 owner=135309
INTEL_LIFECYCLE phase=vcpu_destroy_end generation=40 owner=135309
INTEL_LIFECYCLE phase=vcpu_create_begin generation=41 owner=135309
INTEL_LIFECYCLE phase=vcpu_create_end generation=41 owner=135309
[       OK ] HvfExecutor.NativeIntelCancellationAndCompletionFailureAllowRetry (163 ms)
[----------] 1 test from HvfExecutor (163 ms total)

[==========] 1 test from 1 test suite ran. (163 ms total)
[  PASSED  ] 1 test.

Repeating all tests (iteration 41) . . .

Note: Google Test filter = HvfExecutor.Native*
[==========] Running 1 test from 1 test suite.
[----------] 1 test from HvfExecutor
[ RUN      ] HvfExecutor.NativeIntelCancellationAndCompletionFailureAllowRetry
INTEL_PROBE phase=executor_retained
INTEL_LIFECYCLE phase=vcpu_destroy_begin generation=41 owner=135309
INTEL_LIFECYCLE phase=vcpu_destroy_end generation=41 owner=135309
INTEL_LIFECYCLE phase=vcpu_create_begin generation=42 owner=135309
INTEL_LIFECYCLE phase=vcpu_create_end generation=42 owner=135309
[       OK ] HvfExecutor.NativeIntelCancellationAndCompletionFailureAllowRetry (276 ms)
[----------] 1 test from HvfExecutor (276 ms total)

[==========] 1 test from 1 test suite ran. (276 ms total)
[  PASSED  ] 1 test.

Repeating all tests (iteration 42) . . .

Note: Google Test filter = HvfExecutor.Native*
[==========] Running 1 test from 1 test suite.
[----------] 1 test from HvfExecutor
[ RUN      ] HvfExecutor.NativeIntelCancellationAndCompletionFailureAllowRetry
INTEL_PROBE phase=executor_retained
INTEL_LIFECYCLE phase=vcpu_destroy_begin generation=42 owner=135309
INTEL_LIFECYCLE phase=vcpu_destroy_end generation=42 owner=135309
INTEL_LIFECYCLE phase=vcpu_create_begin generation=43 owner=135309
INTEL_LIFECYCLE phase=vcpu_create_end generation=43 owner=135309
[       OK ] HvfExecutor.NativeIntelCancellationAndCompletionFailureAllowRetry (259 ms)
[----------] 1 test from HvfExecutor (259 ms total)

[==========] 1 test from 1 test suite ran. (259 ms total)
[  PASSED  ] 1 test.

Repeating all tests (iteration 43) . . .

Note: Google Test filter = HvfExecutor.Native*
[==========] Running 1 test from 1 test suite.
[----------] 1 test from HvfExecutor
[ RUN      ] HvfExecutor.NativeIntelCancellationAndCompletionFailureAllowRetry
INTEL_PROBE phase=executor_retained
INTEL_LIFECYCLE phase=vcpu_destroy_begin generation=43 owner=135309
INTEL_LIFECYCLE phase=vcpu_destroy_end generation=43 owner=135309
INTEL_LIFECYCLE phase=vcpu_create_begin generation=44 owner=135309
INTEL_LIFECYCLE phase=vcpu_create_end generation=44 owner=135309
[       OK ] HvfExecutor.NativeIntelCancellationAndCompletionFailureAllowRetry (197 ms)
[----------] 1 test from HvfExecutor (197 ms total)

[==========] 1 test from 1 test suite ran. (197 ms total)
[  PASSED  ] 1 test.

Repeating all tests (iteration 44) . . .

Note: Google Test filter = HvfExecutor.Native*
[==========] Running 1 test from 1 test suite.
[----------] 1 test from HvfExecutor
[ RUN      ] HvfExecutor.NativeIntelCancellationAndCompletionFailureAllowRetry
INTEL_PROBE phase=executor_retained
INTEL_LIFECYCLE phase=vcpu_destroy_begin generation=44 owner=135309
INTEL_LIFECYCLE phase=vcpu_destroy_end generation=44 owner=135309
INTEL_LIFECYCLE phase=vcpu_create_begin generation=45 owner=135309
INTEL_LIFECYCLE phase=vcpu_create_end generation=45 owner=135309
[       OK ] HvfExecutor.NativeIntelCancellationAndCompletionFailureAllowRetry (187 ms)
[----------] 1 test from HvfExecutor (187 ms total)

[==========] 1 test from 1 test suite ran. (187 ms total)
[  PASSED  ] 1 test.

Repeating all tests (iteration 45) . . .

Note: Google Test filter = HvfExecutor.Native*
[==========] Running 1 test from 1 test suite.
[----------] 1 test from HvfExecutor
[ RUN      ] HvfExecutor.NativeIntelCancellationAndCompletionFailureAllowRetry
INTEL_PROBE phase=executor_retained
INTEL_LIFECYCLE phase=vcpu_destroy_begin generation=45 owner=135309
INTEL_LIFECYCLE phase=vcpu_destroy_end generation=45 owner=135309
INTEL_LIFECYCLE phase=vcpu_create_begin generation=46 owner=135309
INTEL_LIFECYCLE phase=vcpu_create_end generation=46 owner=135309
[       OK ] HvfExecutor.NativeIntelCancellationAndCompletionFailureAllowRetry (200 ms)
[----------] 1 test from HvfExecutor (200 ms total)

[==========] 1 test from 1 test suite ran. (200 ms total)
[  PASSED  ] 1 test.

Repeating all tests (iteration 46) . . .

Note: Google Test filter = HvfExecutor.Native*
[==========] Running 1 test from 1 test suite.
[----------] 1 test from HvfExecutor
[ RUN      ] HvfExecutor.NativeIntelCancellationAndCompletionFailureAllowRetry
INTEL_PROBE phase=executor_retained
INTEL_LIFECYCLE phase=vcpu_destroy_begin generation=46 owner=135309
INTEL_LIFECYCLE phase=vcpu_destroy_end generation=46 owner=135309
INTEL_LIFECYCLE phase=vcpu_create_begin generation=47 owner=135309
INTEL_LIFECYCLE phase=vcpu_create_end generation=47 owner=135309
[       OK ] HvfExecutor.NativeIntelCancellationAndCompletionFailureAllowRetry (189 ms)
[----------] 1 test from HvfExecutor (189 ms total)

[==========] 1 test from 1 test suite ran. (189 ms total)
[  PASSED  ] 1 test.

Repeating all tests (iteration 47) . . .

Note: Google Test filter = HvfExecutor.Native*
[==========] Running 1 test from 1 test suite.
[----------] 1 test from HvfExecutor
[ RUN      ] HvfExecutor.NativeIntelCancellationAndCompletionFailureAllowRetry
INTEL_PROBE phase=executor_retained
INTEL_LIFECYCLE phase=vcpu_destroy_begin generation=47 owner=135309
INTEL_LIFECYCLE phase=vcpu_destroy_end generation=47 owner=135309
INTEL_LIFECYCLE phase=vcpu_create_begin generation=48 owner=135309
INTEL_LIFECYCLE phase=vcpu_create_end generation=48 owner=135309
[       OK ] HvfExecutor.NativeIntelCancellationAndCompletionFailureAllowRetry (307 ms)
[----------] 1 test from HvfExecutor (307 ms total)

[==========] 1 test from 1 test suite ran. (307 ms total)
[  PASSED  ] 1 test.

Repeating all tests (iteration 48) . . .

Note: Google Test filter = HvfExecutor.Native*
[==========] Running 1 test from 1 test suite.
[----------] 1 test from HvfExecutor
[ RUN      ] HvfExecutor.NativeIntelCancellationAndCompletionFailureAllowRetry
INTEL_PROBE phase=executor_retained
INTEL_LIFECYCLE phase=vcpu_destroy_begin generation=48 owner=135309
INTEL_LIFECYCLE phase=vcpu_destroy_end generation=48 owner=135309
INTEL_LIFECYCLE phase=vcpu_create_begin generation=49 owner=135309
INTEL_LIFECYCLE phase=vcpu_create_end generation=49 owner=135309
[       OK ] HvfExecutor.NativeIntelCancellationAndCompletionFailureAllowRetry (228 ms)
[----------] 1 test from HvfExecutor (228 ms total)

[==========] 1 test from 1 test suite ran. (228 ms total)
[  PASSED  ] 1 test.

Repeating all tests (iteration 49) . . .

Note: Google Test filter = HvfExecutor.Native*
[==========] Running 1 test from 1 test suite.
[----------] 1 test from HvfExecutor
[ RUN      ] HvfExecutor.NativeIntelCancellationAndCompletionFailureAllowRetry
INTEL_PROBE phase=executor_retained
INTEL_LIFECYCLE phase=vcpu_destroy_begin generation=49 owner=135309
INTEL_LIFECYCLE phase=vcpu_destroy_end generation=49 owner=135309
INTEL_LIFECYCLE phase=vcpu_create_begin generation=50 owner=135309
INTEL_LIFECYCLE phase=vcpu_create_end generation=50 owner=135309
[       OK ] HvfExecutor.NativeIntelCancellationAndCompletionFailureAllowRetry (339 ms)
[----------] 1 test from HvfExecutor (339 ms total)

[==========] 1 test from 1 test suite ran. (339 ms total)
[  PASSED  ] 1 test.

Repeating all tests (iteration 50) . . .

Note: Google Test filter = HvfExecutor.Native*
[==========] Running 1 test from 1 test suite.
[----------] 1 test from HvfExecutor
[ RUN      ] HvfExecutor.NativeIntelCancellationAndCompletionFailureAllowRetry
INTEL_PROBE phase=executor_retained
INTEL_LIFECYCLE phase=vcpu_destroy_begin generation=50 owner=135309
INTEL_LIFECYCLE phase=vcpu_destroy_end generation=50 owner=135309
INTEL_LIFECYCLE phase=vcpu_create_begin generation=51 owner=135309
INTEL_LIFECYCLE phase=vcpu_create_end generation=51 owner=135309
[       OK ] HvfExecutor.NativeIntelCancellationAndCompletionFailureAllowRetry (300 ms)
[----------] 1 test from HvfExecutor (300 ms total)

[==========] 1 test from 1 test suite ran. (300 ms total)
[  PASSED  ] 1 test.

Repeating all tests (iteration 51) . . .

Note: Google Test filter = HvfExecutor.Native*
[==========] Running 1 test from 1 test suite.
[----------] 1 test from HvfExecutor
[ RUN      ] HvfExecutor.NativeIntelCancellationAndCompletionFailureAllowRetry
INTEL_PROBE phase=executor_retained
INTEL_LIFECYCLE phase=vcpu_destroy_begin generation=51 owner=135309
INTEL_LIFECYCLE phase=vcpu_destroy_end generation=51 owner=135309
INTEL_LIFECYCLE phase=vcpu_create_begin generation=52 owner=135309
INTEL_LIFECYCLE phase=vcpu_create_end generation=52 owner=135309
[       OK ] HvfExecutor.NativeIntelCancellationAndCompletionFailureAllowRetry (180 ms)
[----------] 1 test from HvfExecutor (180 ms total)

[==========] 1 test from 1 test suite ran. (180 ms total)
[  PASSED  ] 1 test.

Repeating all tests (iteration 52) . . .

Note: Google Test filter = HvfExecutor.Native*
[==========] Running 1 test from 1 test suite.
[----------] 1 test from HvfExecutor
[ RUN      ] HvfExecutor.NativeIntelCancellationAndCompletionFailureAllowRetry
INTEL_PROBE phase=executor_retained
INTEL_LIFECYCLE phase=vcpu_destroy_begin generation=52 owner=135309
INTEL_LIFECYCLE phase=vcpu_destroy_end generation=52 owner=135309
INTEL_LIFECYCLE phase=vcpu_create_begin generation=53 owner=135309
INTEL_LIFECYCLE phase=vcpu_create_end generation=53 owner=135309
[       OK ] HvfExecutor.NativeIntelCancellationAndCompletionFailureAllowRetry (351 ms)
[----------] 1 test from HvfExecutor (351 ms total)

[==========] 1 test from 1 test suite ran. (351 ms total)
[  PASSED  ] 1 test.

Repeating all tests (iteration 53) . . .

Note: Google Test filter = HvfExecutor.Native*
[==========] Running 1 test from 1 test suite.
[----------] 1 test from HvfExecutor
[ RUN      ] HvfExecutor.NativeIntelCancellationAndCompletionFailureAllowRetry
INTEL_PROBE phase=executor_retained
INTEL_LIFECYCLE phase=vcpu_destroy_begin generation=53 owner=135309
INTEL_LIFECYCLE phase=vcpu_destroy_end generation=53 owner=135309
INTEL_LIFECYCLE phase=vcpu_create_begin generation=54 owner=135309
INTEL_LIFECYCLE phase=vcpu_create_end generation=54 owner=135309
[       OK ] HvfExecutor.NativeIntelCancellationAndCompletionFailureAllowRetry (252 ms)
[----------] 1 test from HvfExecutor (252 ms total)

[==========] 1 test from 1 test suite ran. (252 ms total)
[  PASSED  ] 1 test.

Repeating all tests (iteration 54) . . .

Note: Google Test filter = HvfExecutor.Native*
[==========] Running 1 test from 1 test suite.
[----------] 1 test from HvfExecutor
[ RUN      ] HvfExecutor.NativeIntelCancellationAndCompletionFailureAllowRetry
INTEL_PROBE phase=executor_retained
INTEL_LIFECYCLE phase=vcpu_destroy_begin generation=54 owner=135309
INTEL_LIFECYCLE phase=vcpu_destroy_end generation=54 owner=135309
INTEL_LIFECYCLE phase=vcpu_create_begin generation=55 owner=135309
INTEL_LIFECYCLE phase=vcpu_create_end generation=55 owner=135309
[       OK ] HvfExecutor.NativeIntelCancellationAndCompletionFailureAllowRetry (288 ms)
[----------] 1 test from HvfExecutor (288 ms total)

[==========] 1 test from 1 test suite ran. (288 ms total)
[  PASSED  ] 1 test.

Repeating all tests (iteration 55) . . .

Note: Google Test filter = HvfExecutor.Native*
[==========] Running 1 test from 1 test suite.
[----------] 1 test from HvfExecutor
[ RUN      ] HvfExecutor.NativeIntelCancellationAndCompletionFailureAllowRetry
INTEL_PROBE phase=executor_retained
INTEL_LIFECYCLE phase=vcpu_destroy_begin generation=55 owner=135309
INTEL_LIFECYCLE phase=vcpu_destroy_end generation=55 owner=135309
INTEL_LIFECYCLE phase=vcpu_create_begin generation=56 owner=135309
INTEL_LIFECYCLE phase=vcpu_create_end generation=56 owner=135309
[       OK ] HvfExecutor.NativeIntelCancellationAndCompletionFailureAllowRetry (261 ms)
[----------] 1 test from HvfExecutor (261 ms total)

[==========] 1 test from 1 test suite ran. (261 ms total)
[  PASSED  ] 1 test.

Repeating all tests (iteration 56) . . .

Note: Google Test filter = HvfExecutor.Native*
[==========] Running 1 test from 1 test suite.
[----------] 1 test from HvfExecutor
[ RUN      ] HvfExecutor.NativeIntelCancellationAndCompletionFailureAllowRetry
INTEL_PROBE phase=executor_retained
INTEL_LIFECYCLE phase=vcpu_destroy_begin generation=56 owner=135309
INTEL_LIFECYCLE phase=vcpu_destroy_end generation=56 owner=135309
INTEL_LIFECYCLE phase=vcpu_create_begin generation=57 owner=135309
INTEL_LIFECYCLE phase=vcpu_create_end generation=57 owner=135309
[       OK ] HvfExecutor.NativeIntelCancellationAndCompletionFailureAllowRetry (194 ms)
[----------] 1 test from HvfExecutor (194 ms total)

[==========] 1 test from 1 test suite ran. (194 ms total)
[  PASSED  ] 1 test.

Repeating all tests (iteration 57) . . .

Note: Google Test filter = HvfExecutor.Native*
[==========] Running 1 test from 1 test suite.
[----------] 1 test from HvfExecutor
[ RUN      ] HvfExecutor.NativeIntelCancellationAndCompletionFailureAllowRetry
INTEL_PROBE phase=executor_retained
INTEL_LIFECYCLE phase=vcpu_destroy_begin generation=57 owner=135309
INTEL_LIFECYCLE phase=vcpu_destroy_end generation=57 owner=135309
INTEL_LIFECYCLE phase=vcpu_create_begin generation=58 owner=135309
INTEL_LIFECYCLE phase=vcpu_create_end generation=58 owner=135309
[       OK ] HvfExecutor.NativeIntelCancellationAndCompletionFailureAllowRetry (152 ms)
[----------] 1 test from HvfExecutor (152 ms total)

[==========] 1 test from 1 test suite ran. (152 ms total)
[  PASSED  ] 1 test.

Repeating all tests (iteration 58) . . .

Note: Google Test filter = HvfExecutor.Native*
[==========] Running 1 test from 1 test suite.
[----------] 1 test from HvfExecutor
[ RUN      ] HvfExecutor.NativeIntelCancellationAndCompletionFailureAllowRetry
INTEL_PROBE phase=executor_retained
INTEL_LIFECYCLE phase=vcpu_destroy_begin generation=58 owner=135309
INTEL_LIFECYCLE phase=vcpu_destroy_end generation=58 owner=135309
INTEL_LIFECYCLE phase=vcpu_create_begin generation=59 owner=135309
INTEL_LIFECYCLE phase=vcpu_create_end generation=59 owner=135309
[       OK ] HvfExecutor.NativeIntelCancellationAndCompletionFailureAllowRetry (230 ms)
[----------] 1 test from HvfExecutor (230 ms total)

[==========] 1 test from 1 test suite ran. (230 ms total)
[  PASSED  ] 1 test.

Repeating all tests (iteration 59) . . .

Note: Google Test filter = HvfExecutor.Native*
[==========] Running 1 test from 1 test suite.
[----------] 1 test from HvfExecutor
[ RUN      ] HvfExecutor.NativeIntelCancellationAndCompletionFailureAllowRetry
INTEL_PROBE phase=executor_retained
INTEL_LIFECYCLE phase=vcpu_destroy_begin generation=59 owner=135309
INTEL_LIFECYCLE phase=vcpu_destroy_end generation=59 owner=135309
INTEL_LIFECYCLE phase=vcpu_create_begin generation=60 owner=135309
INTEL_LIFECYCLE phase=vcpu_create_end generation=60 owner=135309
[       OK ] HvfExecutor.NativeIntelCancellationAndCompletionFailureAllowRetry (346 ms)
[----------] 1 test from HvfExecutor (346 ms total)

[==========] 1 test from 1 test suite ran. (346 ms total)
[  PASSED  ] 1 test.

Repeating all tests (iteration 60) . . .

Note: Google Test filter = HvfExecutor.Native*
[==========] Running 1 test from 1 test suite.
[----------] 1 test from HvfExecutor
[ RUN      ] HvfExecutor.NativeIntelCancellationAndCompletionFailureAllowRetry
INTEL_PROBE phase=executor_retained
INTEL_LIFECYCLE phase=vcpu_destroy_begin generation=60 owner=135309
INTEL_LIFECYCLE phase=vcpu_destroy_end generation=60 owner=135309
INTEL_LIFECYCLE phase=vcpu_create_begin generation=61 owner=135309
INTEL_LIFECYCLE phase=vcpu_create_end generation=61 owner=135309
[       OK ] HvfExecutor.NativeIntelCancellationAndCompletionFailureAllowRetry (255 ms)
[----------] 1 test from HvfExecutor (255 ms total)

[==========] 1 test from 1 test suite ran. (255 ms total)
[  PASSED  ] 1 test.

Repeating all tests (iteration 61) . . .

Note: Google Test filter = HvfExecutor.Native*
[==========] Running 1 test from 1 test suite.
[----------] 1 test from HvfExecutor
[ RUN      ] HvfExecutor.NativeIntelCancellationAndCompletionFailureAllowRetry
INTEL_PROBE phase=executor_retained
INTEL_LIFECYCLE phase=vcpu_destroy_begin generation=61 owner=135309
INTEL_LIFECYCLE phase=vcpu_destroy_end generation=61 owner=135309
INTEL_LIFECYCLE phase=vcpu_create_begin generation=62 owner=135309
INTEL_LIFECYCLE phase=vcpu_create_end generation=62 owner=135309
[       OK ] HvfExecutor.NativeIntelCancellationAndCompletionFailureAllowRetry (134 ms)
[----------] 1 test from HvfExecutor (134 ms total)

[==========] 1 test from 1 test suite ran. (134 ms total)
[  PASSED  ] 1 test.

Repeating all tests (iteration 62) . . .

Note: Google Test filter = HvfExecutor.Native*
[==========] Running 1 test from 1 test suite.
[----------] 1 test from HvfExecutor
[ RUN      ] HvfExecutor.NativeIntelCancellationAndCompletionFailureAllowRetry
INTEL_PROBE phase=executor_retained
INTEL_LIFECYCLE phase=vcpu_destroy_begin generation=62 owner=135309
INTEL_LIFECYCLE phase=vcpu_destroy_end generation=62 owner=135309
INTEL_LIFECYCLE phase=vcpu_create_begin generation=63 owner=135309
INTEL_LIFECYCLE phase=vcpu_create_end generation=63 owner=135309
[       OK ] HvfExecutor.NativeIntelCancellationAndCompletionFailureAllowRetry (118 ms)
[----------] 1 test from HvfExecutor (118 ms total)

[==========] 1 test from 1 test suite ran. (118 ms total)
[  PASSED  ] 1 test.

Repeating all tests (iteration 63) . . .

Note: Google Test filter = HvfExecutor.Native*
[==========] Running 1 test from 1 test suite.
[----------] 1 test from HvfExecutor
[ RUN      ] HvfExecutor.NativeIntelCancellationAndCompletionFailureAllowRetry
INTEL_PROBE phase=executor_retained
INTEL_LIFECYCLE phase=vcpu_destroy_begin generation=63 owner=135309
INTEL_LIFECYCLE phase=vcpu_destroy_end generation=63 owner=135309
INTEL_LIFECYCLE phase=vcpu_create_begin generation=64 owner=135309
INTEL_LIFECYCLE phase=vcpu_create_end generation=64 owner=135309
[       OK ] HvfExecutor.NativeIntelCancellationAndCompletionFailureAllowRetry (305 ms)
[----------] 1 test from HvfExecutor (305 ms total)

[==========] 1 test from 1 test suite ran. (305 ms total)
[  PASSED  ] 1 test.

Repeating all tests (iteration 64) . . .

Note: Google Test filter = HvfExecutor.Native*
[==========] Running 1 test from 1 test suite.
[----------] 1 test from HvfExecutor
[ RUN      ] HvfExecutor.NativeIntelCancellationAndCompletionFailureAllowRetry
INTEL_PROBE phase=executor_retained
INTEL_LIFECYCLE phase=vcpu_destroy_begin generation=64 owner=135309
INTEL_LIFECYCLE phase=vcpu_destroy_end generation=64 owner=135309
INTEL_LIFECYCLE phase=vcpu_create_begin generation=65 owner=135309
INTEL_LIFECYCLE phase=vcpu_create_end generation=65 owner=135309
[       OK ] HvfExecutor.NativeIntelCancellationAndCompletionFailureAllowRetry (348 ms)
[----------] 1 test from HvfExecutor (348 ms total)

[==========] 1 test from 1 test suite ran. (348 ms total)
[  PASSED  ] 1 test.

Repeating all tests (iteration 65) . . .

Note: Google Test filter = HvfExecutor.Native*
[==========] Running 1 test from 1 test suite.
[----------] 1 test from HvfExecutor
[ RUN      ] HvfExecutor.NativeIntelCancellationAndCompletionFailureAllowRetry
INTEL_PROBE phase=executor_retained
INTEL_LIFECYCLE phase=vcpu_destroy_begin generation=65 owner=135309
INTEL_LIFECYCLE phase=vcpu_destroy_end generation=65 owner=135309
INTEL_LIFECYCLE phase=vcpu_create_begin generation=66 owner=135309
INTEL_LIFECYCLE phase=vcpu_create_end generation=66 owner=135309
[       OK ] HvfExecutor.NativeIntelCancellationAndCompletionFailureAllowRetry (150 ms)
[----------] 1 test from HvfExecutor (150 ms total)

[==========] 1 test from 1 test suite ran. (150 ms total)
[  PASSED  ] 1 test.

Repeating all tests (iteration 66) . . .

Note: Google Test filter = HvfExecutor.Native*
[==========] Running 1 test from 1 test suite.
[----------] 1 test from HvfExecutor
[ RUN      ] HvfExecutor.NativeIntelCancellationAndCompletionFailureAllowRetry
INTEL_PROBE phase=executor_retained
INTEL_LIFECYCLE phase=vcpu_destroy_begin generation=66 owner=135309
INTEL_LIFECYCLE phase=vcpu_destroy_end generation=66 owner=135309
INTEL_LIFECYCLE phase=vcpu_create_begin generation=67 owner=135309
INTEL_LIFECYCLE phase=vcpu_create_end generation=67 owner=135309
[       OK ] HvfExecutor.NativeIntelCancellationAndCompletionFailureAllowRetry (275 ms)
[----------] 1 test from HvfExecutor (275 ms total)

[==========] 1 test from 1 test suite ran. (275 ms total)
[  PASSED  ] 1 test.

Repeating all tests (iteration 67) . . .

Note: Google Test filter = HvfExecutor.Native*
[==========] Running 1 test from 1 test suite.
[----------] 1 test from HvfExecutor
[ RUN      ] HvfExecutor.NativeIntelCancellationAndCompletionFailureAllowRetry
INTEL_PROBE phase=executor_retained
INTEL_LIFECYCLE phase=vcpu_destroy_begin generation=67 owner=135309
INTEL_LIFECYCLE phase=vcpu_destroy_end generation=67 owner=135309
INTEL_LIFECYCLE phase=vcpu_create_begin generation=68 owner=135309
INTEL_LIFECYCLE phase=vcpu_create_end generation=68 owner=135309
[       OK ] HvfExecutor.NativeIntelCancellationAndCompletionFailureAllowRetry (141 ms)
[----------] 1 test from HvfExecutor (141 ms total)

[==========] 1 test from 1 test suite ran. (141 ms total)
[  PASSED  ] 1 test.

Repeating all tests (iteration 68) . . .

Note: Google Test filter = HvfExecutor.Native*
[==========] Running 1 test from 1 test suite.
[----------] 1 test from HvfExecutor
[ RUN      ] HvfExecutor.NativeIntelCancellationAndCompletionFailureAllowRetry
INTEL_PROBE phase=executor_retained
INTEL_LIFECYCLE phase=vcpu_destroy_begin generation=68 owner=135309
INTEL_LIFECYCLE phase=vcpu_destroy_end generation=68 owner=135309
INTEL_LIFECYCLE phase=vcpu_create_begin generation=69 owner=135309
INTEL_LIFECYCLE phase=vcpu_create_end generation=69 owner=135309
[       OK ] HvfExecutor.NativeIntelCancellationAndCompletionFailureAllowRetry (122 ms)
[----------] 1 test from HvfExecutor (122 ms total)

[==========] 1 test from 1 test suite ran. (122 ms total)
[  PASSED  ] 1 test.

Repeating all tests (iteration 69) . . .

Note: Google Test filter = HvfExecutor.Native*
[==========] Running 1 test from 1 test suite.
[----------] 1 test from HvfExecutor
[ RUN      ] HvfExecutor.NativeIntelCancellationAndCompletionFailureAllowRetry
INTEL_PROBE phase=executor_retained
INTEL_LIFECYCLE phase=vcpu_destroy_begin generation=69 owner=135309
INTEL_LIFECYCLE phase=vcpu_destroy_end generation=69 owner=135309
INTEL_LIFECYCLE phase=vcpu_create_begin generation=70 owner=135309
INTEL_LIFECYCLE phase=vcpu_create_end generation=70 owner=135309
[       OK ] HvfExecutor.NativeIntelCancellationAndCompletionFailureAllowRetry (335 ms)
[----------] 1 test from HvfExecutor (335 ms total)

[==========] 1 test from 1 test suite ran. (335 ms total)
[  PASSED  ] 1 test.

Repeating all tests (iteration 70) . . .

Note: Google Test filter = HvfExecutor.Native*
[==========] Running 1 test from 1 test suite.
[----------] 1 test from HvfExecutor
[ RUN      ] HvfExecutor.NativeIntelCancellationAndCompletionFailureAllowRetry
INTEL_PROBE phase=executor_retained
INTEL_LIFECYCLE phase=vcpu_destroy_begin generation=70 owner=135309
INTEL_LIFECYCLE phase=vcpu_destroy_end generation=70 owner=135309
INTEL_LIFECYCLE phase=vcpu_create_begin generation=71 owner=135309
INTEL_LIFECYCLE phase=vcpu_create_end generation=71 owner=135309
[       OK ] HvfExecutor.NativeIntelCancellationAndCompletionFailureAllowRetry (374 ms)
[----------] 1 test from HvfExecutor (374 ms total)

[==========] 1 test from 1 test suite ran. (374 ms total)
[  PASSED  ] 1 test.

Repeating all tests (iteration 71) . . .

Note: Google Test filter = HvfExecutor.Native*
[==========] Running 1 test from 1 test suite.
[----------] 1 test from HvfExecutor
[ RUN      ] HvfExecutor.NativeIntelCancellationAndCompletionFailureAllowRetry
INTEL_PROBE phase=executor_retained
INTEL_LIFECYCLE phase=vcpu_destroy_begin generation=71 owner=135309
INTEL_LIFECYCLE phase=vcpu_destroy_end generation=71 owner=135309
INTEL_LIFECYCLE phase=vcpu_create_begin generation=72 owner=135309
INTEL_LIFECYCLE phase=vcpu_create_end generation=72 owner=135309
[       OK ] HvfExecutor.NativeIntelCancellationAndCompletionFailureAllowRetry (116 ms)
[----------] 1 test from HvfExecutor (116 ms total)

[==========] 1 test from 1 test suite ran. (116 ms total)
[  PASSED  ] 1 test.

Repeating all tests (iteration 72) . . .

Note: Google Test filter = HvfExecutor.Native*
[==========] Running 1 test from 1 test suite.
[----------] 1 test from HvfExecutor
[ RUN      ] HvfExecutor.NativeIntelCancellationAndCompletionFailureAllowRetry
INTEL_PROBE phase=executor_retained
INTEL_LIFECYCLE phase=vcpu_destroy_begin generation=72 owner=135309
INTEL_LIFECYCLE phase=vcpu_destroy_end generation=72 owner=135309
INTEL_LIFECYCLE phase=vcpu_create_begin generation=73 owner=135309
INTEL_LIFECYCLE phase=vcpu_create_end generation=73 owner=135309
[       OK ] HvfExecutor.NativeIntelCancellationAndCompletionFailureAllowRetry (342 ms)
[----------] 1 test from HvfExecutor (342 ms total)

[==========] 1 test from 1 test suite ran. (342 ms total)
[  PASSED  ] 1 test.

Repeating all tests (iteration 73) . . .

Note: Google Test filter = HvfExecutor.Native*
[==========] Running 1 test from 1 test suite.
[----------] 1 test from HvfExecutor
[ RUN      ] HvfExecutor.NativeIntelCancellationAndCompletionFailureAllowRetry
INTEL_PROBE phase=executor_retained
INTEL_LIFECYCLE phase=vcpu_destroy_begin generation=73 owner=135309
INTEL_LIFECYCLE phase=vcpu_destroy_end generation=73 owner=135309
INTEL_LIFECYCLE phase=vcpu_create_begin generation=74 owner=135309
INTEL_LIFECYCLE phase=vcpu_create_end generation=74 owner=135309
[       OK ] HvfExecutor.NativeIntelCancellationAndCompletionFailureAllowRetry (165 ms)
[----------] 1 test from HvfExecutor (165 ms total)

[==========] 1 test from 1 test suite ran. (165 ms total)
[  PASSED  ] 1 test.

Repeating all tests (iteration 74) . . .

Note: Google Test filter = HvfExecutor.Native*
[==========] Running 1 test from 1 test suite.
[----------] 1 test from HvfExecutor
[ RUN      ] HvfExecutor.NativeIntelCancellationAndCompletionFailureAllowRetry
INTEL_PROBE phase=executor_retained
INTEL_LIFECYCLE phase=vcpu_destroy_begin generation=74 owner=135309
INTEL_LIFECYCLE phase=vcpu_destroy_end generation=74 owner=135309
INTEL_LIFECYCLE phase=vcpu_create_begin generation=75 owner=135309
INTEL_LIFECYCLE phase=vcpu_create_end generation=75 owner=135309
[       OK ] HvfExecutor.NativeIntelCancellationAndCompletionFailureAllowRetry (116 ms)
[----------] 1 test from HvfExecutor (116 ms total)

[==========] 1 test from 1 test suite ran. (116 ms total)
[  PASSED  ] 1 test.

Repeating all tests (iteration 75) . . .

Note: Google Test filter = HvfExecutor.Native*
[==========] Running 1 test from 1 test suite.
[----------] 1 test from HvfExecutor
[ RUN      ] HvfExecutor.NativeIntelCancellationAndCompletionFailureAllowRetry
INTEL_PROBE phase=executor_retained
INTEL_LIFECYCLE phase=vcpu_destroy_begin generation=75 owner=135309
INTEL_LIFECYCLE phase=vcpu_destroy_end generation=75 owner=135309
INTEL_LIFECYCLE phase=vcpu_create_begin generation=76 owner=135309
INTEL_LIFECYCLE phase=vcpu_create_end generation=76 owner=135309
[       OK ] HvfExecutor.NativeIntelCancellationAndCompletionFailureAllowRetry (133 ms)
[----------] 1 test from HvfExecutor (133 ms total)

[==========] 1 test from 1 test suite ran. (133 ms total)
[  PASSED  ] 1 test.

Repeating all tests (iteration 76) . . .

Note: Google Test filter = HvfExecutor.Native*
[==========] Running 1 test from 1 test suite.
[----------] 1 test from HvfExecutor
[ RUN      ] HvfExecutor.NativeIntelCancellationAndCompletionFailureAllowRetry
INTEL_PROBE phase=executor_retained
