Running main() from /Users/runner/work/test_mac_intel/test_mac_intel/source/build-hvf/_deps/googletest-src/googletest/src/gtest_main.cc

Repeating all tests (iteration 1) . . .

Note: Google Test filter = HvfIntelRecoveryProbe.WithoutHostKick
[==========] Running 1 test from 1 test suite.
[----------] Global test environment set-up.
[----------] 1 test from HvfIntelRecoveryProbe
[ RUN      ] HvfIntelRecoveryProbe.WithoutHostKick
INTEL_PROBE phase=executor_retained
INTEL_RECOVERY host_kick=omitted
INTEL_LIFECYCLE phase=vcpu_destroy_begin generation=1 owner=57960
INTEL_LIFECYCLE phase=vcpu_destroy_end generation=1 owner=57960
INTEL_LIFECYCLE phase=vm_destroy_begin generation=1 owner=57960
INTEL_LIFECYCLE phase=vm_destroy_end generation=1 owner=57960
INTEL_LIFECYCLE phase=vm_create_begin generation=2 owner=57960
INTEL_LIFECYCLE phase=vm_create_end generation=2 owner=57960
INTEL_LIFECYCLE phase=vcpu_create_begin generation=2 owner=57960
INTEL_LIFECYCLE phase=vcpu_create_end generation=2 owner=57960
[       OK ] HvfIntelRecoveryProbe.WithoutHostKick (337 ms)
[----------] 1 test from HvfIntelRecoveryProbe (338 ms total)

[==========] 1 test from 1 test suite ran. (338 ms total)
[  PASSED  ] 1 test.

Repeating all tests (iteration 2) . . .

Note: Google Test filter = HvfIntelRecoveryProbe.WithoutHostKick
[==========] Running 1 test from 1 test suite.
[----------] 1 test from HvfIntelRecoveryProbe
[ RUN      ] HvfIntelRecoveryProbe.WithoutHostKick
INTEL_PROBE phase=executor_retained
INTEL_RECOVERY host_kick=omitted
INTEL_LIFECYCLE phase=vcpu_destroy_begin generation=2 owner=57960
INTEL_LIFECYCLE phase=vcpu_destroy_end generation=2 owner=57960
INTEL_LIFECYCLE phase=vm_destroy_begin generation=2 owner=57960
INTEL_LIFECYCLE phase=vm_destroy_end generation=2 owner=57960
INTEL_LIFECYCLE phase=vm_create_begin generation=3 owner=57960
INTEL_LIFECYCLE phase=vm_create_end generation=3 owner=57960
INTEL_LIFECYCLE phase=vcpu_create_begin generation=3 owner=57960
INTEL_LIFECYCLE phase=vcpu_create_end generation=3 owner=57960
[       OK ] HvfIntelRecoveryProbe.WithoutHostKick (373 ms)
[----------] 1 test from HvfIntelRecoveryProbe (374 ms total)

[==========] 1 test from 1 test suite ran. (374 ms total)
[  PASSED  ] 1 test.

Repeating all tests (iteration 3) . . .

Note: Google Test filter = HvfIntelRecoveryProbe.WithoutHostKick
[==========] Running 1 test from 1 test suite.
[----------] 1 test from HvfIntelRecoveryProbe
[ RUN      ] HvfIntelRecoveryProbe.WithoutHostKick
INTEL_PROBE phase=executor_retained
INTEL_RECOVERY host_kick=omitted
INTEL_LIFECYCLE phase=vcpu_destroy_begin generation=3 owner=57960
INTEL_LIFECYCLE phase=vcpu_destroy_end generation=3 owner=57960
INTEL_LIFECYCLE phase=vm_destroy_begin generation=3 owner=57960
INTEL_LIFECYCLE phase=vm_destroy_end generation=3 owner=57960
INTEL_LIFECYCLE phase=vm_create_begin generation=4 owner=57960
INTEL_LIFECYCLE phase=vm_create_end generation=4 owner=57960
INTEL_LIFECYCLE phase=vcpu_create_begin generation=4 owner=57960
INTEL_LIFECYCLE phase=vcpu_create_end generation=4 owner=57960
[       OK ] HvfIntelRecoveryProbe.WithoutHostKick (353 ms)
[----------] 1 test from HvfIntelRecoveryProbe (353 ms total)

[==========] 1 test from 1 test suite ran. (353 ms total)
[  PASSED  ] 1 test.

Repeating all tests (iteration 4) . . .

Note: Google Test filter = HvfIntelRecoveryProbe.WithoutHostKick
[==========] Running 1 test from 1 test suite.
[----------] 1 test from HvfIntelRecoveryProbe
[ RUN      ] HvfIntelRecoveryProbe.WithoutHostKick
INTEL_PROBE phase=executor_retained
INTEL_RECOVERY host_kick=omitted
INTEL_LIFECYCLE phase=vcpu_destroy_begin generation=4 owner=57960
INTEL_LIFECYCLE phase=vcpu_destroy_end generation=4 owner=57960
INTEL_LIFECYCLE phase=vm_destroy_begin generation=4 owner=57960
INTEL_LIFECYCLE phase=vm_destroy_end generation=4 owner=57960
INTEL_LIFECYCLE phase=vm_create_begin generation=5 owner=57960
INTEL_LIFECYCLE phase=vm_create_end generation=5 owner=57960
INTEL_LIFECYCLE phase=vcpu_create_begin generation=5 owner=57960
INTEL_LIFECYCLE phase=vcpu_create_end generation=5 owner=57960
[       OK ] HvfIntelRecoveryProbe.WithoutHostKick (219 ms)
[----------] 1 test from HvfIntelRecoveryProbe (219 ms total)

[==========] 1 test from 1 test suite ran. (219 ms total)
[  PASSED  ] 1 test.

Repeating all tests (iteration 5) . . .

Note: Google Test filter = HvfIntelRecoveryProbe.WithoutHostKick
[==========] Running 1 test from 1 test suite.
[----------] 1 test from HvfIntelRecoveryProbe
[ RUN      ] HvfIntelRecoveryProbe.WithoutHostKick
INTEL_PROBE phase=executor_retained
INTEL_RECOVERY host_kick=omitted
INTEL_LIFECYCLE phase=vcpu_destroy_begin generation=5 owner=57960
INTEL_LIFECYCLE phase=vcpu_destroy_end generation=5 owner=57960
INTEL_LIFECYCLE phase=vm_destroy_begin generation=5 owner=57960
INTEL_LIFECYCLE phase=vm_destroy_end generation=5 owner=57960
INTEL_LIFECYCLE phase=vm_create_begin generation=6 owner=57960
INTEL_LIFECYCLE phase=vm_create_end generation=6 owner=57960
INTEL_LIFECYCLE phase=vcpu_create_begin generation=6 owner=57960
INTEL_LIFECYCLE phase=vcpu_create_end generation=6 owner=57960
[       OK ] HvfIntelRecoveryProbe.WithoutHostKick (316 ms)
[----------] 1 test from HvfIntelRecoveryProbe (316 ms total)

[==========] 1 test from 1 test suite ran. (316 ms total)
[  PASSED  ] 1 test.

Repeating all tests (iteration 6) . . .

Note: Google Test filter = HvfIntelRecoveryProbe.WithoutHostKick
[==========] Running 1 test from 1 test suite.
[----------] 1 test from HvfIntelRecoveryProbe
[ RUN      ] HvfIntelRecoveryProbe.WithoutHostKick
INTEL_PROBE phase=executor_retained
INTEL_RECOVERY host_kick=omitted
INTEL_LIFECYCLE phase=vcpu_destroy_begin generation=6 owner=57960
INTEL_LIFECYCLE phase=vcpu_destroy_end generation=6 owner=57960
INTEL_LIFECYCLE phase=vm_destroy_begin generation=6 owner=57960
INTEL_LIFECYCLE phase=vm_destroy_end generation=6 owner=57960
INTEL_LIFECYCLE phase=vm_create_begin generation=7 owner=57960
INTEL_LIFECYCLE phase=vm_create_end generation=7 owner=57960
INTEL_LIFECYCLE phase=vcpu_create_begin generation=7 owner=57960
INTEL_LIFECYCLE phase=vcpu_create_end generation=7 owner=57960
[       OK ] HvfIntelRecoveryProbe.WithoutHostKick (300 ms)
[----------] 1 test from HvfIntelRecoveryProbe (300 ms total)

[==========] 1 test from 1 test suite ran. (301 ms total)
[  PASSED  ] 1 test.

Repeating all tests (iteration 7) . . .

Note: Google Test filter = HvfIntelRecoveryProbe.WithoutHostKick
[==========] Running 1 test from 1 test suite.
[----------] 1 test from HvfIntelRecoveryProbe
[ RUN      ] HvfIntelRecoveryProbe.WithoutHostKick
INTEL_PROBE phase=executor_retained
INTEL_RECOVERY host_kick=omitted
INTEL_LIFECYCLE phase=vcpu_destroy_begin generation=7 owner=57960
INTEL_LIFECYCLE phase=vcpu_destroy_end generation=7 owner=57960
INTEL_LIFECYCLE phase=vm_destroy_begin generation=7 owner=57960
INTEL_LIFECYCLE phase=vm_destroy_end generation=7 owner=57960
INTEL_LIFECYCLE phase=vm_create_begin generation=8 owner=57960
INTEL_LIFECYCLE phase=vm_create_end generation=8 owner=57960
INTEL_LIFECYCLE phase=vcpu_create_begin generation=8 owner=57960
INTEL_LIFECYCLE phase=vcpu_create_end generation=8 owner=57960
[       OK ] HvfIntelRecoveryProbe.WithoutHostKick (204 ms)
[----------] 1 test from HvfIntelRecoveryProbe (204 ms total)

[==========] 1 test from 1 test suite ran. (205 ms total)
[  PASSED  ] 1 test.

Repeating all tests (iteration 8) . . .

Note: Google Test filter = HvfIntelRecoveryProbe.WithoutHostKick
[==========] Running 1 test from 1 test suite.
[----------] 1 test from HvfIntelRecoveryProbe
[ RUN      ] HvfIntelRecoveryProbe.WithoutHostKick
INTEL_PROBE phase=executor_retained
INTEL_RECOVERY host_kick=omitted
INTEL_LIFECYCLE phase=vcpu_destroy_begin generation=8 owner=57960
INTEL_LIFECYCLE phase=vcpu_destroy_end generation=8 owner=57960
INTEL_LIFECYCLE phase=vm_destroy_begin generation=8 owner=57960
INTEL_LIFECYCLE phase=vm_destroy_end generation=8 owner=57960
INTEL_LIFECYCLE phase=vm_create_begin generation=9 owner=57960
INTEL_LIFECYCLE phase=vm_create_end generation=9 owner=57960
INTEL_LIFECYCLE phase=vcpu_create_begin generation=9 owner=57960
INTEL_LIFECYCLE phase=vcpu_create_end generation=9 owner=57960
[       OK ] HvfIntelRecoveryProbe.WithoutHostKick (283 ms)
[----------] 1 test from HvfIntelRecoveryProbe (283 ms total)

[==========] 1 test from 1 test suite ran. (283 ms total)
[  PASSED  ] 1 test.

Repeating all tests (iteration 9) . . .

Note: Google Test filter = HvfIntelRecoveryProbe.WithoutHostKick
[==========] Running 1 test from 1 test suite.
[----------] 1 test from HvfIntelRecoveryProbe
[ RUN      ] HvfIntelRecoveryProbe.WithoutHostKick
INTEL_PROBE phase=executor_retained
INTEL_RECOVERY host_kick=omitted
INTEL_LIFECYCLE phase=vcpu_destroy_begin generation=9 owner=57960
INTEL_LIFECYCLE phase=vcpu_destroy_end generation=9 owner=57960
INTEL_LIFECYCLE phase=vm_destroy_begin generation=9 owner=57960
INTEL_LIFECYCLE phase=vm_destroy_end generation=9 owner=57960
INTEL_LIFECYCLE phase=vm_create_begin generation=10 owner=57960
INTEL_LIFECYCLE phase=vm_create_end generation=10 owner=57960
INTEL_LIFECYCLE phase=vcpu_create_begin generation=10 owner=57960
INTEL_LIFECYCLE phase=vcpu_create_end generation=10 owner=57960
[       OK ] HvfIntelRecoveryProbe.WithoutHostKick (147 ms)
[----------] 1 test from HvfIntelRecoveryProbe (147 ms total)

[==========] 1 test from 1 test suite ran. (147 ms total)
[  PASSED  ] 1 test.

Repeating all tests (iteration 10) . . .

Note: Google Test filter = HvfIntelRecoveryProbe.WithoutHostKick
[==========] Running 1 test from 1 test suite.
[----------] 1 test from HvfIntelRecoveryProbe
[ RUN      ] HvfIntelRecoveryProbe.WithoutHostKick
INTEL_PROBE phase=executor_retained
INTEL_RECOVERY host_kick=omitted
INTEL_LIFECYCLE phase=vcpu_destroy_begin generation=10 owner=57960
INTEL_LIFECYCLE phase=vcpu_destroy_end generation=10 owner=57960
INTEL_LIFECYCLE phase=vm_destroy_begin generation=10 owner=57960
INTEL_LIFECYCLE phase=vm_destroy_end generation=10 owner=57960
INTEL_LIFECYCLE phase=vm_create_begin generation=11 owner=57960
INTEL_LIFECYCLE phase=vm_create_end generation=11 owner=57960
INTEL_LIFECYCLE phase=vcpu_create_begin generation=11 owner=57960
INTEL_LIFECYCLE phase=vcpu_create_end generation=11 owner=57960
[       OK ] HvfIntelRecoveryProbe.WithoutHostKick (270 ms)
[----------] 1 test from HvfIntelRecoveryProbe (270 ms total)

[==========] 1 test from 1 test suite ran. (270 ms total)
[  PASSED  ] 1 test.

Repeating all tests (iteration 11) . . .

Note: Google Test filter = HvfIntelRecoveryProbe.WithoutHostKick
[==========] Running 1 test from 1 test suite.
[----------] 1 test from HvfIntelRecoveryProbe
[ RUN      ] HvfIntelRecoveryProbe.WithoutHostKick
INTEL_PROBE phase=executor_retained
INTEL_RECOVERY host_kick=omitted
INTEL_LIFECYCLE phase=vcpu_destroy_begin generation=11 owner=57960
INTEL_LIFECYCLE phase=vcpu_destroy_end generation=11 owner=57960
INTEL_LIFECYCLE phase=vm_destroy_begin generation=11 owner=57960
INTEL_LIFECYCLE phase=vm_destroy_end generation=11 owner=57960
INTEL_LIFECYCLE phase=vm_create_begin generation=12 owner=57960
INTEL_LIFECYCLE phase=vm_create_end generation=12 owner=57960
INTEL_LIFECYCLE phase=vcpu_create_begin generation=12 owner=57960
INTEL_LIFECYCLE phase=vcpu_create_end generation=12 owner=57960
[       OK ] HvfIntelRecoveryProbe.WithoutHostKick (337 ms)
[----------] 1 test from HvfIntelRecoveryProbe (338 ms total)

[==========] 1 test from 1 test suite ran. (338 ms total)
[  PASSED  ] 1 test.

Repeating all tests (iteration 12) . . .

Note: Google Test filter = HvfIntelRecoveryProbe.WithoutHostKick
[==========] Running 1 test from 1 test suite.
[----------] 1 test from HvfIntelRecoveryProbe
[ RUN      ] HvfIntelRecoveryProbe.WithoutHostKick
INTEL_PROBE phase=executor_retained
INTEL_RECOVERY host_kick=omitted
INTEL_LIFECYCLE phase=vcpu_destroy_begin generation=12 owner=57960
INTEL_LIFECYCLE phase=vcpu_destroy_end generation=12 owner=57960
INTEL_LIFECYCLE phase=vm_destroy_begin generation=12 owner=57960
INTEL_LIFECYCLE phase=vm_destroy_end generation=12 owner=57960
INTEL_LIFECYCLE phase=vm_create_begin generation=13 owner=57960
INTEL_LIFECYCLE phase=vm_create_end generation=13 owner=57960
INTEL_LIFECYCLE phase=vcpu_create_begin generation=13 owner=57960
INTEL_LIFECYCLE phase=vcpu_create_end generation=13 owner=57960
[       OK ] HvfIntelRecoveryProbe.WithoutHostKick (257 ms)
[----------] 1 test from HvfIntelRecoveryProbe (257 ms total)

[==========] 1 test from 1 test suite ran. (257 ms total)
[  PASSED  ] 1 test.

Repeating all tests (iteration 13) . . .

Note: Google Test filter = HvfIntelRecoveryProbe.WithoutHostKick
[==========] Running 1 test from 1 test suite.
[----------] 1 test from HvfIntelRecoveryProbe
[ RUN      ] HvfIntelRecoveryProbe.WithoutHostKick
INTEL_PROBE phase=executor_retained
INTEL_RECOVERY host_kick=omitted
INTEL_LIFECYCLE phase=vcpu_destroy_begin generation=13 owner=57960
INTEL_LIFECYCLE phase=vcpu_destroy_end generation=13 owner=57960
INTEL_LIFECYCLE phase=vm_destroy_begin generation=13 owner=57960
INTEL_LIFECYCLE phase=vm_destroy_end generation=13 owner=57960
INTEL_LIFECYCLE phase=vm_create_begin generation=14 owner=57960
INTEL_LIFECYCLE phase=vm_create_end generation=14 owner=57960
INTEL_LIFECYCLE phase=vcpu_create_begin generation=14 owner=57960
INTEL_LIFECYCLE phase=vcpu_create_end generation=14 owner=57960
[       OK ] HvfIntelRecoveryProbe.WithoutHostKick (253 ms)
[----------] 1 test from HvfIntelRecoveryProbe (253 ms total)

[==========] 1 test from 1 test suite ran. (253 ms total)
[  PASSED  ] 1 test.

Repeating all tests (iteration 14) . . .

Note: Google Test filter = HvfIntelRecoveryProbe.WithoutHostKick
[==========] Running 1 test from 1 test suite.
[----------] 1 test from HvfIntelRecoveryProbe
[ RUN      ] HvfIntelRecoveryProbe.WithoutHostKick
INTEL_PROBE phase=executor_retained
INTEL_RECOVERY host_kick=omitted
INTEL_LIFECYCLE phase=vcpu_destroy_begin generation=14 owner=57960
INTEL_LIFECYCLE phase=vcpu_destroy_end generation=14 owner=57960
INTEL_LIFECYCLE phase=vm_destroy_begin generation=14 owner=57960
INTEL_LIFECYCLE phase=vm_destroy_end generation=14 owner=57960
INTEL_LIFECYCLE phase=vm_create_begin generation=15 owner=57960
INTEL_LIFECYCLE phase=vm_create_end generation=15 owner=57960
INTEL_LIFECYCLE phase=vcpu_create_begin generation=15 owner=57960
INTEL_LIFECYCLE phase=vcpu_create_end generation=15 owner=57960
[       OK ] HvfIntelRecoveryProbe.WithoutHostKick (335 ms)
[----------] 1 test from HvfIntelRecoveryProbe (336 ms total)

[==========] 1 test from 1 test suite ran. (336 ms total)
[  PASSED  ] 1 test.

Repeating all tests (iteration 15) . . .

Note: Google Test filter = HvfIntelRecoveryProbe.WithoutHostKick
[==========] Running 1 test from 1 test suite.
[----------] 1 test from HvfIntelRecoveryProbe
[ RUN      ] HvfIntelRecoveryProbe.WithoutHostKick
INTEL_PROBE phase=executor_retained
INTEL_RECOVERY host_kick=omitted
INTEL_LIFECYCLE phase=vcpu_destroy_begin generation=15 owner=57960
INTEL_LIFECYCLE phase=vcpu_destroy_end generation=15 owner=57960
INTEL_LIFECYCLE phase=vm_destroy_begin generation=15 owner=57960
INTEL_LIFECYCLE phase=vm_destroy_end generation=15 owner=57960
INTEL_LIFECYCLE phase=vm_create_begin generation=16 owner=57960
INTEL_LIFECYCLE phase=vm_create_end generation=16 owner=57960
INTEL_LIFECYCLE phase=vcpu_create_begin generation=16 owner=57960
INTEL_LIFECYCLE phase=vcpu_create_end generation=16 owner=57960
[       OK ] HvfIntelRecoveryProbe.WithoutHostKick (255 ms)
[----------] 1 test from HvfIntelRecoveryProbe (256 ms total)

[==========] 1 test from 1 test suite ran. (256 ms total)
[  PASSED  ] 1 test.

Repeating all tests (iteration 16) . . .

Note: Google Test filter = HvfIntelRecoveryProbe.WithoutHostKick
[==========] Running 1 test from 1 test suite.
[----------] 1 test from HvfIntelRecoveryProbe
[ RUN      ] HvfIntelRecoveryProbe.WithoutHostKick
INTEL_PROBE phase=executor_retained
INTEL_RECOVERY host_kick=omitted
INTEL_LIFECYCLE phase=vcpu_destroy_begin generation=16 owner=57960
INTEL_LIFECYCLE phase=vcpu_destroy_end generation=16 owner=57960
INTEL_LIFECYCLE phase=vm_destroy_begin generation=16 owner=57960
INTEL_LIFECYCLE phase=vm_destroy_end generation=16 owner=57960
INTEL_LIFECYCLE phase=vm_create_begin generation=17 owner=57960
INTEL_LIFECYCLE phase=vm_create_end generation=17 owner=57960
INTEL_LIFECYCLE phase=vcpu_create_begin generation=17 owner=57960
INTEL_LIFECYCLE phase=vcpu_create_end generation=17 owner=57960
[       OK ] HvfIntelRecoveryProbe.WithoutHostKick (162 ms)
[----------] 1 test from HvfIntelRecoveryProbe (162 ms total)

[==========] 1 test from 1 test suite ran. (162 ms total)
[  PASSED  ] 1 test.

Repeating all tests (iteration 17) . . .

Note: Google Test filter = HvfIntelRecoveryProbe.WithoutHostKick
[==========] Running 1 test from 1 test suite.
[----------] 1 test from HvfIntelRecoveryProbe
[ RUN      ] HvfIntelRecoveryProbe.WithoutHostKick
INTEL_PROBE phase=executor_retained
INTEL_RECOVERY host_kick=omitted
INTEL_LIFECYCLE phase=vcpu_destroy_begin generation=17 owner=57960
INTEL_LIFECYCLE phase=vcpu_destroy_end generation=17 owner=57960
INTEL_LIFECYCLE phase=vm_destroy_begin generation=17 owner=57960
INTEL_LIFECYCLE phase=vm_destroy_end generation=17 owner=57960
INTEL_LIFECYCLE phase=vm_create_begin generation=18 owner=57960
INTEL_LIFECYCLE phase=vm_create_end generation=18 owner=57960
INTEL_LIFECYCLE phase=vcpu_create_begin generation=18 owner=57960
INTEL_LIFECYCLE phase=vcpu_create_end generation=18 owner=57960
[       OK ] HvfIntelRecoveryProbe.WithoutHostKick (433 ms)
[----------] 1 test from HvfIntelRecoveryProbe (433 ms total)

[==========] 1 test from 1 test suite ran. (433 ms total)
[  PASSED  ] 1 test.

Repeating all tests (iteration 18) . . .

Note: Google Test filter = HvfIntelRecoveryProbe.WithoutHostKick
[==========] Running 1 test from 1 test suite.
[----------] 1 test from HvfIntelRecoveryProbe
[ RUN      ] HvfIntelRecoveryProbe.WithoutHostKick
INTEL_PROBE phase=executor_retained
INTEL_RECOVERY host_kick=omitted
INTEL_LIFECYCLE phase=vcpu_destroy_begin generation=18 owner=57960
INTEL_LIFECYCLE phase=vcpu_destroy_end generation=18 owner=57960
INTEL_LIFECYCLE phase=vm_destroy_begin generation=18 owner=57960
INTEL_LIFECYCLE phase=vm_destroy_end generation=18 owner=57960
INTEL_LIFECYCLE phase=vm_create_begin generation=19 owner=57960
INTEL_LIFECYCLE phase=vm_create_end generation=19 owner=57960
INTEL_LIFECYCLE phase=vcpu_create_begin generation=19 owner=57960
INTEL_LIFECYCLE phase=vcpu_create_end generation=19 owner=57960
[       OK ] HvfIntelRecoveryProbe.WithoutHostKick (317 ms)
[----------] 1 test from HvfIntelRecoveryProbe (317 ms total)

[==========] 1 test from 1 test suite ran. (317 ms total)
[  PASSED  ] 1 test.

Repeating all tests (iteration 19) . . .

Note: Google Test filter = HvfIntelRecoveryProbe.WithoutHostKick
[==========] Running 1 test from 1 test suite.
[----------] 1 test from HvfIntelRecoveryProbe
[ RUN      ] HvfIntelRecoveryProbe.WithoutHostKick
INTEL_PROBE phase=executor_retained
INTEL_RECOVERY host_kick=omitted
INTEL_LIFECYCLE phase=vcpu_destroy_begin generation=19 owner=57960
INTEL_LIFECYCLE phase=vcpu_destroy_end generation=19 owner=57960
INTEL_LIFECYCLE phase=vm_destroy_begin generation=19 owner=57960
INTEL_LIFECYCLE phase=vm_destroy_end generation=19 owner=57960
INTEL_LIFECYCLE phase=vm_create_begin generation=20 owner=57960
INTEL_LIFECYCLE phase=vm_create_end generation=20 owner=57960
INTEL_LIFECYCLE phase=vcpu_create_begin generation=20 owner=57960
INTEL_LIFECYCLE phase=vcpu_create_end generation=20 owner=57960
[       OK ] HvfIntelRecoveryProbe.WithoutHostKick (254 ms)
[----------] 1 test from HvfIntelRecoveryProbe (254 ms total)

[==========] 1 test from 1 test suite ran. (254 ms total)
[  PASSED  ] 1 test.

Repeating all tests (iteration 20) . . .

Note: Google Test filter = HvfIntelRecoveryProbe.WithoutHostKick
[==========] Running 1 test from 1 test suite.
[----------] 1 test from HvfIntelRecoveryProbe
[ RUN      ] HvfIntelRecoveryProbe.WithoutHostKick
INTEL_PROBE phase=executor_retained
INTEL_RECOVERY host_kick=omitted
INTEL_LIFECYCLE phase=vcpu_destroy_begin generation=20 owner=57960
INTEL_LIFECYCLE phase=vcpu_destroy_end generation=20 owner=57960
INTEL_LIFECYCLE phase=vm_destroy_begin generation=20 owner=57960
INTEL_LIFECYCLE phase=vm_destroy_end generation=20 owner=57960
INTEL_LIFECYCLE phase=vm_create_begin generation=21 owner=57960
INTEL_LIFECYCLE phase=vm_create_end generation=21 owner=57960
INTEL_LIFECYCLE phase=vcpu_create_begin generation=21 owner=57960
INTEL_LIFECYCLE phase=vcpu_create_end generation=21 owner=57960
[       OK ] HvfIntelRecoveryProbe.WithoutHostKick (223 ms)
[----------] 1 test from HvfIntelRecoveryProbe (223 ms total)

[==========] 1 test from 1 test suite ran. (223 ms total)
[  PASSED  ] 1 test.

Repeating all tests (iteration 21) . . .

Note: Google Test filter = HvfIntelRecoveryProbe.WithoutHostKick
[==========] Running 1 test from 1 test suite.
[----------] 1 test from HvfIntelRecoveryProbe
[ RUN      ] HvfIntelRecoveryProbe.WithoutHostKick
INTEL_PROBE phase=executor_retained
INTEL_RECOVERY host_kick=omitted
INTEL_LIFECYCLE phase=vcpu_destroy_begin generation=21 owner=57960
INTEL_LIFECYCLE phase=vcpu_destroy_end generation=21 owner=57960
INTEL_LIFECYCLE phase=vm_destroy_begin generation=21 owner=57960
INTEL_LIFECYCLE phase=vm_destroy_end generation=21 owner=57960
INTEL_LIFECYCLE phase=vm_create_begin generation=22 owner=57960
INTEL_LIFECYCLE phase=vm_create_end generation=22 owner=57960
INTEL_LIFECYCLE phase=vcpu_create_begin generation=22 owner=57960
INTEL_LIFECYCLE phase=vcpu_create_end generation=22 owner=57960
[       OK ] HvfIntelRecoveryProbe.WithoutHostKick (166 ms)
[----------] 1 test from HvfIntelRecoveryProbe (166 ms total)

[==========] 1 test from 1 test suite ran. (166 ms total)
[  PASSED  ] 1 test.

Repeating all tests (iteration 22) . . .

Note: Google Test filter = HvfIntelRecoveryProbe.WithoutHostKick
[==========] Running 1 test from 1 test suite.
[----------] 1 test from HvfIntelRecoveryProbe
[ RUN      ] HvfIntelRecoveryProbe.WithoutHostKick
INTEL_PROBE phase=executor_retained
INTEL_RECOVERY host_kick=omitted
INTEL_LIFECYCLE phase=vcpu_destroy_begin generation=22 owner=57960
INTEL_LIFECYCLE phase=vcpu_destroy_end generation=22 owner=57960
INTEL_LIFECYCLE phase=vm_destroy_begin generation=22 owner=57960
INTEL_LIFECYCLE phase=vm_destroy_end generation=22 owner=57960
INTEL_LIFECYCLE phase=vm_create_begin generation=23 owner=57960
INTEL_LIFECYCLE phase=vm_create_end generation=23 owner=57960
INTEL_LIFECYCLE phase=vcpu_create_begin generation=23 owner=57960
INTEL_LIFECYCLE phase=vcpu_create_end generation=23 owner=57960
[       OK ] HvfIntelRecoveryProbe.WithoutHostKick (174 ms)
[----------] 1 test from HvfIntelRecoveryProbe (174 ms total)

[==========] 1 test from 1 test suite ran. (174 ms total)
[  PASSED  ] 1 test.

Repeating all tests (iteration 23) . . .

Note: Google Test filter = HvfIntelRecoveryProbe.WithoutHostKick
[==========] Running 1 test from 1 test suite.
[----------] 1 test from HvfIntelRecoveryProbe
[ RUN      ] HvfIntelRecoveryProbe.WithoutHostKick
INTEL_PROBE phase=executor_retained
INTEL_RECOVERY host_kick=omitted
INTEL_LIFECYCLE phase=vcpu_destroy_begin generation=23 owner=57960
INTEL_LIFECYCLE phase=vcpu_destroy_end generation=23 owner=57960
INTEL_LIFECYCLE phase=vm_destroy_begin generation=23 owner=57960
INTEL_LIFECYCLE phase=vm_destroy_end generation=23 owner=57960
INTEL_LIFECYCLE phase=vm_create_begin generation=24 owner=57960
INTEL_LIFECYCLE phase=vm_create_end generation=24 owner=57960
INTEL_LIFECYCLE phase=vcpu_create_begin generation=24 owner=57960
INTEL_LIFECYCLE phase=vcpu_create_end generation=24 owner=57960
[       OK ] HvfIntelRecoveryProbe.WithoutHostKick (297 ms)
[----------] 1 test from HvfIntelRecoveryProbe (297 ms total)

[==========] 1 test from 1 test suite ran. (297 ms total)
[  PASSED  ] 1 test.

Repeating all tests (iteration 24) . . .

Note: Google Test filter = HvfIntelRecoveryProbe.WithoutHostKick
[==========] Running 1 test from 1 test suite.
[----------] 1 test from HvfIntelRecoveryProbe
[ RUN      ] HvfIntelRecoveryProbe.WithoutHostKick
INTEL_PROBE phase=executor_retained
INTEL_RECOVERY host_kick=omitted
INTEL_LIFECYCLE phase=vcpu_destroy_begin generation=24 owner=57960
INTEL_LIFECYCLE phase=vcpu_destroy_end generation=24 owner=57960
INTEL_LIFECYCLE phase=vm_destroy_begin generation=24 owner=57960
INTEL_LIFECYCLE phase=vm_destroy_end generation=24 owner=57960
INTEL_LIFECYCLE phase=vm_create_begin generation=25 owner=57960
INTEL_LIFECYCLE phase=vm_create_end generation=25 owner=57960
INTEL_LIFECYCLE phase=vcpu_create_begin generation=25 owner=57960
INTEL_LIFECYCLE phase=vcpu_create_end generation=25 owner=57960
[       OK ] HvfIntelRecoveryProbe.WithoutHostKick (430 ms)
[----------] 1 test from HvfIntelRecoveryProbe (430 ms total)

[==========] 1 test from 1 test suite ran. (430 ms total)
[  PASSED  ] 1 test.

Repeating all tests (iteration 25) . . .

Note: Google Test filter = HvfIntelRecoveryProbe.WithoutHostKick
[==========] Running 1 test from 1 test suite.
[----------] 1 test from HvfIntelRecoveryProbe
[ RUN      ] HvfIntelRecoveryProbe.WithoutHostKick
INTEL_PROBE phase=executor_retained
INTEL_RECOVERY host_kick=omitted
INTEL_LIFECYCLE phase=vcpu_destroy_begin generation=25 owner=57960
INTEL_LIFECYCLE phase=vcpu_destroy_end generation=25 owner=57960
INTEL_LIFECYCLE phase=vm_destroy_begin generation=25 owner=57960
INTEL_LIFECYCLE phase=vm_destroy_end generation=25 owner=57960
INTEL_LIFECYCLE phase=vm_create_begin generation=26 owner=57960
INTEL_LIFECYCLE phase=vm_create_end generation=26 owner=57960
INTEL_LIFECYCLE phase=vcpu_create_begin generation=26 owner=57960
INTEL_LIFECYCLE phase=vcpu_create_end generation=26 owner=57960
[       OK ] HvfIntelRecoveryProbe.WithoutHostKick (425 ms)
[----------] 1 test from HvfIntelRecoveryProbe (425 ms total)

[==========] 1 test from 1 test suite ran. (426 ms total)
[  PASSED  ] 1 test.

Repeating all tests (iteration 26) . . .

Note: Google Test filter = HvfIntelRecoveryProbe.WithoutHostKick
[==========] Running 1 test from 1 test suite.
[----------] 1 test from HvfIntelRecoveryProbe
[ RUN      ] HvfIntelRecoveryProbe.WithoutHostKick
INTEL_PROBE phase=executor_retained
